
Running 164 tests using 8 workers

[WebServer] [vite:css][postcss] @import must precede all other statements (besides @charset or empty @layer)
[WebServer] 3817 |    }
[WebServer] 3818 |  }
[WebServer] 3819 |  @import url('https://fonts.googleapis.com/css2?family=Space+Grotesk:wght@300;400;500;600;700&family=Inter:wght@300;40...
[WebServer]      |  ^^^^^^^^^^^^^^^^^^^^^^^^^^^^^^^^^^^^^^^^^^^^^^^^^^^^^^^^^^^^^^^^^^^^^^^^^^^^^^^^^^^^^^^^^^^^^^^^^^^^^^^^^^^^^^^^^^^^^^^^
[WebServer] 3820 |  .nano-mesh-bg {
[WebServer] 3821 |    position: absolute;
[WebServer] [vite:css][postcss] @import must precede all other statements (besides @charset or empty @layer)
[WebServer] 3817 |    }
[WebServer] 3818 |  }
[WebServer] 3819 |  @import url('https://fonts.googleapis.com/css2?family=Space+Grotesk:wght@300;400;500;600;700&family=Inter:wght@300;40...
[WebServer]      |  ^^^^^^^^^^^^^^^^^^^^^^^^^^^^^^^^^^^^^^^^^^^^^^^^^^^^^^^^^^^^^^^^^^^^^^^^^^^^^^^^^^^^^^^^^^^^^^^^^^^^^^^^^^^^^^^^^^^^^^^^
[WebServer] 3820 |  .nano-mesh-bg {
[WebServer] 3821 |    position: absolute;
[WebServer] [vite:css][postcss] @import must precede all other statements (besides @charset or empty @layer)
[WebServer] 3817 |    }
[WebServer] 3818 |  }
[WebServer] 3819 |  @import url('https://fonts.googleapis.com/css2?family=Space+Grotesk:wght@300;400;500;600;700&family=Inter:wght@300;40...
[WebServer]      |  ^^^^^^^^^^^^^^^^^^^^^^^^^^^^^^^^^^^^^^^^^^^^^^^^^^^^^^^^^^^^^^^^^^^^^^^^^^^^^^^^^^^^^^^^^^^^^^^^^^^^^^^^^^^^^^^^^^^^^^^^
[WebServer] 3820 |  .nano-mesh-bg {
[WebServer] 3821 |    position: absolute;
  Ô£ô    2 [chromium] ÔÇ║ e2e\app.spec.ts:52:5 ÔÇ║ AC-01: Onboarding Modal ÔÇ║ does not show onboarding on subsequent visits (2.4s)
  Ô£ÿ    3 [chromium] ÔÇ║ e2e\app.spec.ts:29:5 ÔÇ║ AC-01: Onboarding Modal ÔÇ║ advances through all 3 steps and closes (2.1s)
  Ô£ÿ    5 [chromium] ÔÇ║ e2e\app.spec.ts:24:5 ÔÇ║ AC-01: Onboarding Modal ÔÇ║ shows onboarding modal on first visit (2.1s)
  Ô£ÿ    6 [chromium] ÔÇ║ e2e\app.spec.ts:75:5 ÔÇ║ Core Navigation ÔÇ║ navigates to Privacy view via sidebar (2.2s)
[WebServer] [vite:css][postcss] @import must precede all other statements (besides @charset or empty @layer)
[WebServer] 3817 |    }
[WebServer] 3818 |  }
[WebServer] 3819 |  @import url('https://fonts.googleapis.com/css2?family=Space+Grotesk:wght@300;400;500;600;700&family=Inter:wght@300;40...
[WebServer]      |  ^^^^^^^^^^^^^^^^^^^^^^^^^^^^^^^^^^^^^^^^^^^^^^^^^^^^^^^^^^^^^^^^^^^^^^^^^^^^^^^^^^^^^^^^^^^^^^^^^^^^^^^^^^^^^^^^^^^^^^^^
[WebServer] 3820 |  .nano-mesh-bg {
[WebServer] 3821 |    position: absolute;
[WebServer] [vite:css][postcss] @import must precede all other statements (besides @charset or empty @layer)
[WebServer] 3817 |    }
[WebServer] 3818 |  }
[WebServer] 3819 |  @import url('https://fonts.googleapis.com/css2?family=Space+Grotesk:wght@300;400;500;600;700&family=Inter:wght@300;40...
[WebServer]      |  ^^^^^^^^^^^^^^^^^^^^^^^^^^^^^^^^^^^^^^^^^^^^^^^^^^^^^^^^^^^^^^^^^^^^^^^^^^^^^^^^^^^^^^^^^^^^^^^^^^^^^^^^^^^^^^^^^^^^^^^^
[WebServer] 3820 |  .nano-mesh-bg {
[WebServer] 3821 |    position: absolute;
[WebServer] [vite:css][postcss] @import must precede all other statements (besides @charset or empty @layer)
[WebServer] 3817 |    }
[WebServer] 3818 |  }
[WebServer] 3819 |  @import url('https://fonts.googleapis.com/css2?family=Space+Grotesk:wght@300;400;500;600;700&family=Inter:wght@300;40...
[WebServer]      |  ^^^^^^^^^^^^^^^^^^^^^^^^^^^^^^^^^^^^^^^^^^^^^^^^^^^^^^^^^^^^^^^^^^^^^^^^^^^^^^^^^^^^^^^^^^^^^^^^^^^^^^^^^^^^^^^^^^^^^^^^
[WebServer] 3820 |  .nano-mesh-bg {
[WebServer] 3821 |    position: absolute;
  Ô£ô    8 [chromium] ÔÇ║ e2e\app.spec.ts:65:5 ÔÇ║ Core Navigation ÔÇ║ loads the dashboard view by default (3.4s)
[WebServer] [vite:css][postcss] @import must precede all other statements (besides @charset or empty @layer)
[WebServer] 3817 |    }
[WebServer] 3818 |  }
[WebServer] 3819 |  @import url('https://fonts.googleapis.com/css2?family=Space+Grotesk:wght@300;400;500;600;700&family=Inter:wght@300;40...
[WebServer]      |  ^^^^^^^^^^^^^^^^^^^^^^^^^^^^^^^^^^^^^^^^^^^^^^^^^^^^^^^^^^^^^^^^^^^^^^^^^^^^^^^^^^^^^^^^^^^^^^^^^^^^^^^^^^^^^^^^^^^^^^^^
[WebServer] 3820 |  .nano-mesh-bg {
[WebServer] 3821 |    position: absolute;
[WebServer] [vite:css][postcss] @import must precede all other statements (besides @charset or empty @layer)
[WebServer] 3817 |    }
[WebServer] 3818 |  }
[WebServer] 3819 |  @import url('https://fonts.googleapis.com/css2?family=Space+Grotesk:wght@300;400;500;600;700&family=Inter:wght@300;40...
[WebServer]      |  ^^^^^^^^^^^^^^^^^^^^^^^^^^^^^^^^^^^^^^^^^^^^^^^^^^^^^^^^^^^^^^^^^^^^^^^^^^^^^^^^^^^^^^^^^^^^^^^^^^^^^^^^^^^^^^^^^^^^^^^^
[WebServer] 3820 |  .nano-mesh-bg {
[WebServer] 3821 |    position: absolute;
[WebServer] [vite:css][postcss] @import must precede all other statements (besides @charset or empty @layer)
[WebServer] 3817 |    }
[WebServer] 3818 |  }
[WebServer] 3819 |  @import url('https://fonts.googleapis.com/css2?family=Space+Grotesk:wght@300;400;500;600;700&family=Inter:wght@300;40...
[WebServer]      |  ^^^^^^^^^^^^^^^^^^^^^^^^^^^^^^^^^^^^^^^^^^^^^^^^^^^^^^^^^^^^^^^^^^^^^^^^^^^^^^^^^^^^^^^^^^^^^^^^^^^^^^^^^^^^^^^^^^^^^^^^
[WebServer] 3820 |  .nano-mesh-bg {
[WebServer] 3821 |    position: absolute;
[WebServer] [vite:css][postcss] @import must precede all other statements (besides @charset or empty @layer)
[WebServer] 3817 |    }
[WebServer] 3818 |  }
[WebServer] 3819 |  @import url('https://fonts.googleapis.com/css2?family=Space+Grotesk:wght@300;400;500;600;700&family=Inter:wght@300;40...
[WebServer]      |  ^^^^^^^^^^^^^^^^^^^^^^^^^^^^^^^^^^^^^^^^^^^^^^^^^^^^^^^^^^^^^^^^^^^^^^^^^^^^^^^^^^^^^^^^^^^^^^^^^^^^^^^^^^^^^^^^^^^^^^^^
[WebServer] 3820 |  .nano-mesh-bg {
[WebServer] 3821 |    position: absolute;
[WebServer] [vite:css][postcss] @import must precede all other statements (besides @charset or empty @layer)
[WebServer] 3817 |    }
[WebServer] 3818 |  }
[WebServer] 3819 |  @import url('https://fonts.googleapis.com/css2?family=Space+Grotesk:wght@300;400;500;600;700&family=Inter:wght@300;40...
[WebServer]      |  ^^^^^^^^^^^^^^^^^^^^^^^^^^^^^^^^^^^^^^^^^^^^^^^^^^^^^^^^^^^^^^^^^^^^^^^^^^^^^^^^^^^^^^^^^^^^^^^^^^^^^^^^^^^^^^^^^^^^^^^^
[WebServer] 3820 |  .nano-mesh-bg {
[WebServer] 3821 |    position: absolute;
  Ô£ô    4 [chromium] ÔÇ║ e2e\app.spec.ts:80:5 ÔÇ║ Core Navigation ÔÇ║ navigates to Gaming view via sidebar (5.8s)
[WebServer] [vite:css][postcss] @import must precede all other statements (besides @charset or empty @layer)
[WebServer] 3817 |    }
[WebServer] 3818 |  }
[WebServer] 3819 |  @import url('https://fonts.googleapis.com/css2?family=Space+Grotesk:wght@300;400;500;600;700&family=Inter:wght@300;40...
[WebServer]      |  ^^^^^^^^^^^^^^^^^^^^^^^^^^^^^^^^^^^^^^^^^^^^^^^^^^^^^^^^^^^^^^^^^^^^^^^^^^^^^^^^^^^^^^^^^^^^^^^^^^^^^^^^^^^^^^^^^^^^^^^^
[WebServer] 3820 |  .nano-mesh-bg {
[WebServer] 3821 |    position: absolute;
[WebServer] [vite:css][postcss] @import must precede all other statements (besides @charset or empty @layer)
[WebServer] 3817 |    }
[WebServer] 3818 |  }
[WebServer] 3819 |  @import url('https://fonts.googleapis.com/css2?family=Space+Grotesk:wght@300;400;500;600;700&family=Inter:wght@300;40...
[WebServer]      |  ^^^^^^^^^^^^^^^^^^^^^^^^^^^^^^^^^^^^^^^^^^^^^^^^^^^^^^^^^^^^^^^^^^^^^^^^^^^^^^^^^^^^^^^^^^^^^^^^^^^^^^^^^^^^^^^^^^^^^^^^
[WebServer] 3820 |  .nano-mesh-bg {
[WebServer] 3821 |    position: absolute;
[WebServer] [vite:css][postcss] @import must precede all other statements (besides @charset or empty @layer)
[WebServer] 3817 |    }
[WebServer] 3818 |  }
[WebServer] 3819 |  @import url('https://fonts.googleapis.com/css2?family=Space+Grotesk:wght@300;400;500;600;700&family=Inter:wght@300;40...
[WebServer]      |  ^^^^^^^^^^^^^^^^^^^^^^^^^^^^^^^^^^^^^^^^^^^^^^^^^^^^^^^^^^^^^^^^^^^^^^^^^^^^^^^^^^^^^^^^^^^^^^^^^^^^^^^^^^^^^^^^^^^^^^^^
[WebServer] 3820 |  .nano-mesh-bg {
[WebServer] 3821 |    position: absolute;
  Ô£ô    9 [chromium] ÔÇ║ e2e\app.spec.ts:85:5 ÔÇ║ Core Navigation ÔÇ║ navigates to Network Tweaks view via sidebar (4.3s)
  Ô£ô   10 [chromium] ÔÇ║ e2e\app.spec.ts:102:9 ÔÇ║ Core Navigation ÔÇ║ navigates to Storage Optimizer page (3.2s)
  Ô£ô    7 [chromium] ÔÇ║ e2e\app.spec.ts:69:5 ÔÇ║ Core Navigation ÔÇ║ navigates to Performance view via sidebar (6.7s)
[WebServer] [vite:css][postcss] @import must precede all other statements (besides @charset or empty @layer)
[WebServer] 3817 |    }
[WebServer] 3818 |  }
[WebServer] 3819 |  @import url('https://fonts.googleapis.com/css2?family=Space+Grotesk:wght@300;400;500;600;700&family=Inter:wght@300;40...
[WebServer]      |  ^^^^^^^^^^^^^^^^^^^^^^^^^^^^^^^^^^^^^^^^^^^^^^^^^^^^^^^^^^^^^^^^^^^^^^^^^^^^^^^^^^^^^^^^^^^^^^^^^^^^^^^^^^^^^^^^^^^^^^^^
[WebServer] 3820 |  .nano-mesh-bg {
[WebServer] 3821 |    position: absolute;
  Ô£ÿ   11 [chromium] ÔÇ║ e2e\app.spec.ts:102:9 ÔÇ║ Core Navigation ÔÇ║ navigates to Process Manager page (1.7s)
[WebServer] [vite:css][postcss] @import must precede all other statements (besides @charset or empty @layer)
[WebServer] 3817 |    }
[WebServer] 3818 |  }
[WebServer] 3819 |  @import url('https://fonts.googleapis.com/css2?family=Space+Grotesk:wght@300;400;500;600;700&family=Inter:wght@300;40...
[WebServer]      |  ^^^^^^^^^^^^^^^^^^^^^^^^^^^^^^^^^^^^^^^^^^^^^^^^^^^^^^^^^^^^^^^^^^^^^^^^^^^^^^^^^^^^^^^^^^^^^^^^^^^^^^^^^^^^^^^^^^^^^^^^
[WebServer] 3820 |  .nano-mesh-bg {
[WebServer] 3821 |    position: absolute;
[WebServer] [vite:css][postcss] @import must precede all other statements (besides @charset or empty @layer)
[WebServer] 3817 |    }
[WebServer] 3818 |  }
[WebServer] 3819 |  @import url('https://fonts.googleapis.com/css2?family=Space+Grotesk:wght@300;400;500;600;700&family=Inter:wght@300;40...
[WebServer]      |  ^^^^^^^^^^^^^^^^^^^^^^^^^^^^^^^^^^^^^^^^^^^^^^^^^^^^^^^^^^^^^^^^^^^^^^^^^^^^^^^^^^^^^^^^^^^^^^^^^^^^^^^^^^^^^^^^^^^^^^^^
[WebServer] 3820 |  .nano-mesh-bg {
[WebServer] 3821 |    position: absolute;
[WebServer] [vite:css][postcss] @import must precede all other statements (besides @charset or empty @layer)
[WebServer] 3817 |    }
[WebServer] 3818 |  }
[WebServer] 3819 |  @import url('https://fonts.googleapis.com/css2?family=Space+Grotesk:wght@300;400;500;600;700&family=Inter:wght@300;40...
[WebServer]      |  ^^^^^^^^^^^^^^^^^^^^^^^^^^^^^^^^^^^^^^^^^^^^^^^^^^^^^^^^^^^^^^^^^^^^^^^^^^^^^^^^^^^^^^^^^^^^^^^^^^^^^^^^^^^^^^^^^^^^^^^^
[WebServer] 3820 |  .nano-mesh-bg {
[WebServer] 3821 |    position: absolute;
[WebServer] [vite:css][postcss] @import must precede all other statements (besides @charset or empty @layer)
[WebServer] 3817 |    }
[WebServer] 3818 |  }
[WebServer] 3819 |  @import url('https://fonts.googleapis.com/css2?family=Space+Grotesk:wght@300;400;500;600;700&family=Inter:wght@300;40...
[WebServer]      |  ^^^^^^^^^^^^^^^^^^^^^^^^^^^^^^^^^^^^^^^^^^^^^^^^^^^^^^^^^^^^^^^^^^^^^^^^^^^^^^^^^^^^^^^^^^^^^^^^^^^^^^^^^^^^^^^^^^^^^^^^
[WebServer] 3820 |  .nano-mesh-bg {
[WebServer] 3821 |    position: absolute;
[WebServer] [vite:css][postcss] @import must precede all other statements (besides @charset or empty @layer)
[WebServer] 3817 |    }
[WebServer] 3818 |  }
[WebServer] 3819 |  @import url('https://fonts.googleapis.com/css2?family=Space+Grotesk:wght@300;400;500;600;700&family=Inter:wght@300;40...
[WebServer]      |  ^^^^^^^^^^^^^^^^^^^^^^^^^^^^^^^^^^^^^^^^^^^^^^^^^^^^^^^^^^^^^^^^^^^^^^^^^^^^^^^^^^^^^^^^^^^^^^^^^^^^^^^^^^^^^^^^^^^^^^^^
[WebServer] 3820 |  .nano-mesh-bg {
[WebServer] 3821 |    position: absolute;
[WebServer] [vite:css][postcss] @import must precede all other statements (besides @charset or empty @layer)
[WebServer] 3817 |    }
[WebServer] 3818 |  }
[WebServer] 3819 |  @import url('https://fonts.googleapis.com/css2?family=Space+Grotesk:wght@300;400;500;600;700&family=Inter:wght@300;40...
[WebServer]      |  ^^^^^^^^^^^^^^^^^^^^^^^^^^^^^^^^^^^^^^^^^^^^^^^^^^^^^^^^^^^^^^^^^^^^^^^^^^^^^^^^^^^^^^^^^^^^^^^^^^^^^^^^^^^^^^^^^^^^^^^^
[WebServer] 3820 |  .nano-mesh-bg {
[WebServer] 3821 |    position: absolute;
  Ô£ô   17 [chromium] ÔÇ║ e2e\app.spec.ts:102:9 ÔÇ║ Core Navigation ÔÇ║ navigates to Settings page (2.7s)
[WebServer] [vite:css][postcss] @import must precede all other statements (besides @charset or empty @layer)
[WebServer] 3817 |    }
[WebServer] 3818 |  }
[WebServer] 3819 |  @import url('https://fonts.googleapis.com/css2?family=Space+Grotesk:wght@300;400;500;600;700&family=Inter:wght@300;40...
[WebServer]      |  ^^^^^^^^^^^^^^^^^^^^^^^^^^^^^^^^^^^^^^^^^^^^^^^^^^^^^^^^^^^^^^^^^^^^^^^^^^^^^^^^^^^^^^^^^^^^^^^^^^^^^^^^^^^^^^^^^^^^^^^^
[WebServer] 3820 |  .nano-mesh-bg {
[WebServer] 3821 |    position: absolute;
[WebServer] [vite:css][postcss] @import must precede all other statements (besides @charset or empty @layer)
[WebServer] 3817 |    }
[WebServer] 3818 |  }
[WebServer] 3819 |  @import url('https://fonts.googleapis.com/css2?family=Space+Grotesk:wght@300;400;500;600;700&family=Inter:wght@300;40...
[WebServer]      |  ^^^^^^^^^^^^^^^^^^^^^^^^^^^^^^^^^^^^^^^^^^^^^^^^^^^^^^^^^^^^^^^^^^^^^^^^^^^^^^^^^^^^^^^^^^^^^^^^^^^^^^^^^^^^^^^^^^^^^^^^
[WebServer] 3820 |  .nano-mesh-bg {
[WebServer] 3821 |    position: absolute;
[WebServer] [vite:css][postcss] @import must precede all other statements (besides @charset or empty @layer)
[WebServer] 3817 |    }
[WebServer] 3818 |  }
[WebServer] 3819 |  @import url('https://fonts.googleapis.com/css2?family=Space+Grotesk:wght@300;400;500;600;700&family=Inter:wght@300;40...
[WebServer]      |  ^^^^^^^^^^^^^^^^^^^^^^^^^^^^^^^^^^^^^^^^^^^^^^^^^^^^^^^^^^^^^^^^^^^^^^^^^^^^^^^^^^^^^^^^^^^^^^^^^^^^^^^^^^^^^^^^^^^^^^^^
[WebServer] 3820 |  .nano-mesh-bg {
[WebServer] 3821 |    position: absolute;
  Ô£ô   16 [chromium] ÔÇ║ e2e\app.spec.ts:102:9 ÔÇ║ Core Navigation ÔÇ║ navigates to History page (3.2s)
  Ô£ô   13 [chromium] ÔÇ║ e2e\app.spec.ts:102:9 ÔÇ║ Core Navigation ÔÇ║ navigates to Startup Apps page (5.0s)
  Ô£ô   12 [chromium] ÔÇ║ e2e\app.spec.ts:102:9 ÔÇ║ Core Navigation ÔÇ║ navigates to Network Analyzer page (5.2s)
  Ô£ô   14 [chromium] ÔÇ║ e2e\app.spec.ts:102:9 ÔÇ║ Core Navigation ÔÇ║ navigates to Recommended Apps page (4.4s)
  Ô£ô   15 [chromium] ÔÇ║ e2e\app.spec.ts:102:9 ÔÇ║ Core Navigation ÔÇ║ navigates to Profiles page (3.8s)
[WebServer] [vite:css][postcss] @import must precede all other statements (besides @charset or empty @layer)
[WebServer] 3817 |    }
[WebServer] 3818 |  }
[WebServer] 3819 |  @import url('https://fonts.googleapis.com/css2?family=Space+Grotesk:wght@300;400;500;600;700&family=Inter:wght@300;40...
[WebServer]      |  ^^^^^^^^^^^^^^^^^^^^^^^^^^^^^^^^^^^^^^^^^^^^^^^^^^^^^^^^^^^^^^^^^^^^^^^^^^^^^^^^^^^^^^^^^^^^^^^^^^^^^^^^^^^^^^^^^^^^^^^^
[WebServer] 3820 |  .nano-mesh-bg {
[WebServer] 3821 |    position: absolute;
[WebServer] [vite:css][postcss] @import must precede all other statements (besides @charset or empty @layer)
[WebServer] 3817 |    }
[WebServer] 3818 |  }
[WebServer] 3819 |  @import url('https://fonts.googleapis.com/css2?family=Space+Grotesk:wght@300;400;500;600;700&family=Inter:wght@300;40...
[WebServer]      |  ^^^^^^^^^^^^^^^^^^^^^^^^^^^^^^^^^^^^^^^^^^^^^^^^^^^^^^^^^^^^^^^^^^^^^^^^^^^^^^^^^^^^^^^^^^^^^^^^^^^^^^^^^^^^^^^^^^^^^^^^
[WebServer] 3820 |  .nano-mesh-bg {
[WebServer] 3821 |    position: absolute;
[WebServer] [vite:css][postcss] @import must precede all other statements (besides @charset or empty @layer)
[WebServer] 3817 |    }
[WebServer] 3818 |  }
[WebServer] 3819 |  @import url('https://fonts.googleapis.com/css2?family=Space+Grotesk:wght@300;400;500;600;700&family=Inter:wght@300;40...
[WebServer]      |  ^^^^^^^^^^^^^^^^^^^^^^^^^^^^^^^^^^^^^^^^^^^^^^^^^^^^^^^^^^^^^^^^^^^^^^^^^^^^^^^^^^^^^^^^^^^^^^^^^^^^^^^^^^^^^^^^^^^^^^^^
[WebServer] 3820 |  .nano-mesh-bg {
[WebServer] 3821 |    position: absolute;
  Ô£ô   24 [chromium] ÔÇ║ e2e\app.spec.ts:162:5 ÔÇ║ AC-13: Dashboard ÔÇö System Vitals ÔÇ║ shows Live Telemetry status indicator (2.4s)
[WebServer] [vite:css][postcss] @import must precede all other statements (besides @charset or empty @layer)
[WebServer] 3817 |    }
[WebServer] 3818 |  }
[WebServer] 3819 |  @import url('https://fonts.googleapis.com/css2?family=Space+Grotesk:wght@300;400;500;600;700&family=Inter:wght@300;40...
[WebServer]      |  ^^^^^^^^^^^^^^^^^^^^^^^^^^^^^^^^^^^^^^^^^^^^^^^^^^^^^^^^^^^^^^^^^^^^^^^^^^^^^^^^^^^^^^^^^^^^^^^^^^^^^^^^^^^^^^^^^^^^^^^^
[WebServer] 3820 |  .nano-mesh-bg {
[WebServer] 3821 |    position: absolute;
[WebServer] [vite:css][postcss] @import must precede all other statements (besides @charset or empty @layer)
[WebServer] 3817 |    }
[WebServer] 3818 |  }
[WebServer] 3819 |  @import url('https://fonts.googleapis.com/css2?family=Space+Grotesk:wght@300;400;500;600;700&family=Inter:wght@300;40...
[WebServer]      |  ^^^^^^^^^^^^^^^^^^^^^^^^^^^^^^^^^^^^^^^^^^^^^^^^^^^^^^^^^^^^^^^^^^^^^^^^^^^^^^^^^^^^^^^^^^^^^^^^^^^^^^^^^^^^^^^^^^^^^^^^
[WebServer] 3820 |  .nano-mesh-bg {
[WebServer] 3821 |    position: absolute;
  Ô£ô   19 [chromium] ÔÇ║ e2e\app.spec.ts:128:5 ÔÇ║ AC-05: Command Palette ÔÇ║ filters tweaks by search query (3.7s)
[WebServer] [vite:css][postcss] @import must precede all other statements (besides @charset or empty @layer)
[WebServer] 3817 |    }
[WebServer] 3818 |  }
[WebServer] 3819 |  @import url('https://fonts.googleapis.com/css2?family=Space+Grotesk:wght@300;400;500;600;700&family=Inter:wght@300;40...
[WebServer]      |  ^^^^^^^^^^^^^^^^^^^^^^^^^^^^^^^^^^^^^^^^^^^^^^^^^^^^^^^^^^^^^^^^^^^^^^^^^^^^^^^^^^^^^^^^^^^^^^^^^^^^^^^^^^^^^^^^^^^^^^^^
[WebServer] 3820 |  .nano-mesh-bg {
[WebServer] 3821 |    position: absolute;
[WebServer] [vite:css][postcss] @import must precede all other statements (besides @charset or empty @layer)
[WebServer] 3817 |    }
[WebServer] 3818 |  }
[WebServer] 3819 |  @import url('https://fonts.googleapis.com/css2?family=Space+Grotesk:wght@300;400;500;600;700&family=Inter:wght@300;40...
[WebServer]      |  ^^^^^^^^^^^^^^^^^^^^^^^^^^^^^^^^^^^^^^^^^^^^^^^^^^^^^^^^^^^^^^^^^^^^^^^^^^^^^^^^^^^^^^^^^^^^^^^^^^^^^^^^^^^^^^^^^^^^^^^^
[WebServer] 3820 |  .nano-mesh-bg {
[WebServer] 3821 |    position: absolute;
  Ô£ô   25 [chromium] ÔÇ║ e2e\app.spec.ts:169:5 ÔÇ║ AC-13: Dashboard ÔÇö System Vitals ÔÇ║ displays System Health Score widget (2.9s)
  Ô£ô   26 [chromium] ÔÇ║ e2e\app.spec.ts:174:5 ÔÇ║ AC-13: Dashboard ÔÇö System Vitals ÔÇ║ shows CPU card with temperature or loading placeholder (2.3s)
  Ô£ô   23 [chromium] ÔÇ║ e2e\app.spec.ts:148:5 ÔÇ║ AC-05: Command Palette ÔÇ║ semantic synonym: 'lag' shows Network tweaks (5.8s)
  Ô£ô   21 [chromium] ÔÇ║ e2e\app.spec.ts:134:5 ÔÇ║ AC-05: Command Palette ÔÇ║ shows empty state for unmatched query (6.1s)
[WebServer] [vite:css][postcss] @import must precede all other statements (besides @charset or empty @layer)
[WebServer] 3817 |    }
[WebServer] 3818 |  }
[WebServer] 3819 |  @import url('https://fonts.googleapis.com/css2?family=Space+Grotesk:wght@300;400;500;600;700&family=Inter:wght@300;40...
[WebServer]      |  ^^^^^^^^^^^^^^^^^^^^^^^^^^^^^^^^^^^^^^^^^^^^^^^^^^^^^^^^^^^^^^^^^^^^^^^^^^^^^^^^^^^^^^^^^^^^^^^^^^^^^^^^^^^^^^^^^^^^^^^^
[WebServer] 3820 |  .nano-mesh-bg {
[WebServer] 3821 |    position: absolute;
  Ô£ô   20 [chromium] ÔÇ║ e2e\app.spec.ts:116:5 ÔÇ║ AC-05: Command Palette ÔÇ║ opens with Ctrl+K (6.1s)
  Ô£ÿ   18 [chromium] ÔÇ║ e2e\app.spec.ts:121:5 ÔÇ║ AC-05: Command Palette ÔÇ║ closes with Escape (6.8s)
[WebServer] [vite:css][postcss] @import must precede all other statements (besides @charset or empty @layer)
[WebServer] 3817 |    }
[WebServer] 3818 |  }
[WebServer] 3819 |  @import url('https://fonts.googleapis.com/css2?family=Space+Grotesk:wght@300;400;500;600;700&family=Inter:wght@300;40...
[WebServer]      |  ^^^^^^^^^^^^^^^^^^^^^^^^^^^^^^^^^^^^^^^^^^^^^^^^^^^^^^^^^^^^^^^^^^^^^^^^^^^^^^^^^^^^^^^^^^^^^^^^^^^^^^^^^^^^^^^^^^^^^^^^
[WebServer] 3820 |  .nano-mesh-bg {
[WebServer] 3821 |    position: absolute;
[WebServer] [vite:css][postcss] @import must precede all other statements (besides @charset or empty @layer)
[WebServer] 3817 |    }
[WebServer] 3818 |  }
[WebServer] 3819 |  @import url('https://fonts.googleapis.com/css2?family=Space+Grotesk:wght@300;400;500;600;700&family=Inter:wght@300;40...
[WebServer]      |  ^^^^^^^^^^^^^^^^^^^^^^^^^^^^^^^^^^^^^^^^^^^^^^^^^^^^^^^^^^^^^^^^^^^^^^^^^^^^^^^^^^^^^^^^^^^^^^^^^^^^^^^^^^^^^^^^^^^^^^^^
[WebServer] 3820 |  .nano-mesh-bg {
[WebServer] 3821 |    position: absolute;
[WebServer] [vite:css][postcss] @import must precede all other statements (besides @charset or empty @layer)
[WebServer] 3817 |    }
[WebServer] 3818 |  }
[WebServer] 3819 |  @import url('https://fonts.googleapis.com/css2?family=Space+Grotesk:wght@300;400;500;600;700&family=Inter:wght@300;40...
[WebServer]      |  ^^^^^^^^^^^^^^^^^^^^^^^^^^^^^^^^^^^^^^^^^^^^^^^^^^^^^^^^^^^^^^^^^^^^^^^^^^^^^^^^^^^^^^^^^^^^^^^^^^^^^^^^^^^^^^^^^^^^^^^^
[WebServer] 3820 |  .nano-mesh-bg {
[WebServer] 3821 |    position: absolute;
[WebServer] [vite:css][postcss] @import must precede all other statements (besides @charset or empty @layer)
[WebServer] 3817 |    }
[WebServer] 3818 |  }
[WebServer] 3819 |  @import url('https://fonts.googleapis.com/css2?family=Space+Grotesk:wght@300;400;500;600;700&family=Inter:wght@300;40...
[WebServer]      |  ^^^^^^^^^^^^^^^^^^^^^^^^^^^^^^^^^^^^^^^^^^^^^^^^^^^^^^^^^^^^^^^^^^^^^^^^^^^^^^^^^^^^^^^^^^^^^^^^^^^^^^^^^^^^^^^^^^^^^^^^
[WebServer] 3820 |  .nano-mesh-bg {
[WebServer] 3821 |    position: absolute;
  Ô£ô   27 [chromium] ÔÇ║ e2e\app.spec.ts:178:5 ÔÇ║ AC-13: Dashboard ÔÇö System Vitals ÔÇ║ shows RAM card with usage percentage (2.2s)
  Ô£ô   29 [chromium] ÔÇ║ e2e\app.spec.ts:186:5 ÔÇ║ AC-13: Dashboard ÔÇö System Vitals ÔÇ║ shows Network Adapter card (2.0s)
  Ô£ô   30 [chromium] ÔÇ║ e2e\app.spec.ts:190:5 ÔÇ║ AC-13: Dashboard ÔÇö System Vitals ÔÇ║ displays OS version text (1.8s)
  Ô£ô   31 [chromium] ÔÇ║ e2e\app.spec.ts:197:5 ÔÇ║ AC-13: Dashboard ÔÇö System Vitals ÔÇ║ Quick Scan button visible (1.8s)
  Ô£ô   28 [chromium] ÔÇ║ e2e\app.spec.ts:182:5 ÔÇ║ AC-13: Dashboard ÔÇö System Vitals ÔÇ║ shows Primary Drive card (2.2s)
[WebServer] [vite:css][postcss] @import must precede all other statements (besides @charset or empty @layer)
[WebServer] 3817 |    }
[WebServer] 3818 |  }
[WebServer] 3819 |  @import url('https://fonts.googleapis.com/css2?family=Space+Grotesk:wght@300;400;500;600;700&family=Inter:wght@300;40...
[WebServer]      |  ^^^^^^^^^^^^^^^^^^^^^^^^^^^^^^^^^^^^^^^^^^^^^^^^^^^^^^^^^^^^^^^^^^^^^^^^^^^^^^^^^^^^^^^^^^^^^^^^^^^^^^^^^^^^^^^^^^^^^^^^
[WebServer] 3820 |  .nano-mesh-bg {
[WebServer] 3821 |    position: absolute;
[WebServer] [vite:css][postcss] @import must precede all other statements (besides @charset or empty @layer)
[WebServer] 3817 |    }
[WebServer] 3818 |  }
[WebServer] 3819 |  @import url('https://fonts.googleapis.com/css2?family=Space+Grotesk:wght@300;400;500;600;700&family=Inter:wght@300;40...
[WebServer]      |  ^^^^^^^^^^^^^^^^^^^^^^^^^^^^^^^^^^^^^^^^^^^^^^^^^^^^^^^^^^^^^^^^^^^^^^^^^^^^^^^^^^^^^^^^^^^^^^^^^^^^^^^^^^^^^^^^^^^^^^^^
[WebServer] 3820 |  .nano-mesh-bg {
[WebServer] 3821 |    position: absolute;
[WebServer] [vite:css][postcss] @import must precede all other statements (besides @charset or empty @layer)
[WebServer] 3817 |    }
[WebServer] 3818 |  }
[WebServer] 3819 |  @import url('https://fonts.googleapis.com/css2?family=Space+Grotesk:wght@300;400;500;600;700&family=Inter:wght@300;40...
[WebServer]      |  ^^^^^^^^^^^^^^^^^^^^^^^^^^^^^^^^^^^^^^^^^^^^^^^^^^^^^^^^^^^^^^^^^^^^^^^^^^^^^^^^^^^^^^^^^^^^^^^^^^^^^^^^^^^^^^^^^^^^^^^^
[WebServer] 3820 |  .nano-mesh-bg {
[WebServer] 3821 |    position: absolute;
[WebServer] [vite:css][postcss] @import must precede all other statements (besides @charset or empty @layer)
[WebServer] 3817 |    }
[WebServer] 3818 |  }
[WebServer] 3819 |  @import url('https://fonts.googleapis.com/css2?family=Space+Grotesk:wght@300;400;500;600;700&family=Inter:wght@300;40...
[WebServer]      |  ^^^^^^^^^^^^^^^^^^^^^^^^^^^^^^^^^^^^^^^^^^^^^^^^^^^^^^^^^^^^^^^^^^^^^^^^^^^^^^^^^^^^^^^^^^^^^^^^^^^^^^^^^^^^^^^^^^^^^^^^
[WebServer] 3820 |  .nano-mesh-bg {
[WebServer] 3821 |    position: absolute;
[WebServer] [vite:css][postcss] @import must precede all other statements (besides @charset or empty @layer)
[WebServer] 3817 |    }
[WebServer] 3818 |  }
[WebServer] 3819 |  @import url('https://fonts.googleapis.com/css2?family=Space+Grotesk:wght@300;400;500;600;700&family=Inter:wght@300;40...
[WebServer]      |  ^^^^^^^^^^^^^^^^^^^^^^^^^^^^^^^^^^^^^^^^^^^^^^^^^^^^^^^^^^^^^^^^^^^^^^^^^^^^^^^^^^^^^^^^^^^^^^^^^^^^^^^^^^^^^^^^^^^^^^^^
[WebServer] 3820 |  .nano-mesh-bg {
[WebServer] 3821 |    position: absolute;
  Ô£ô   32 [chromium] ÔÇ║ e2e\app.spec.ts:217:5 ÔÇ║ AC-07: Dashboard Alert Banner ÔÇ║ privacy alert banner is visible on dashboard (2.3s)
[WebServer] [vite:css][postcss] @import must precede all other statements (besides @charset or empty @layer)
[WebServer] 3817 |    }
[WebServer] 3818 |  }
[WebServer] 3819 |  @import url('https://fonts.googleapis.com/css2?family=Space+Grotesk:wght@300;400;500;600;700&family=Inter:wght@300;40...
[WebServer]      |  ^^^^^^^^^^^^^^^^^^^^^^^^^^^^^^^^^^^^^^^^^^^^^^^^^^^^^^^^^^^^^^^^^^^^^^^^^^^^^^^^^^^^^^^^^^^^^^^^^^^^^^^^^^^^^^^^^^^^^^^^
[WebServer] 3820 |  .nano-mesh-bg {
[WebServer] 3821 |    position: absolute;
[WebServer] [vite:css][postcss] @import must precede all other statements (besides @charset or empty @layer)
[WebServer] 3817 |    }
[WebServer] 3818 |  }
[WebServer] 3819 |  @import url('https://fonts.googleapis.com/css2?family=Space+Grotesk:wght@300;400;500;600;700&family=Inter:wght@300;40...
[WebServer]      |  ^^^^^^^^^^^^^^^^^^^^^^^^^^^^^^^^^^^^^^^^^^^^^^^^^^^^^^^^^^^^^^^^^^^^^^^^^^^^^^^^^^^^^^^^^^^^^^^^^^^^^^^^^^^^^^^^^^^^^^^^
[WebServer] 3820 |  .nano-mesh-bg {
[WebServer] 3821 |    position: absolute;
[WebServer] [vite:css][postcss] @import must precede all other statements (besides @charset or empty @layer)
[WebServer] 3817 |    }
[WebServer] 3818 |  }
[WebServer] 3819 |  @import url('https://fonts.googleapis.com/css2?family=Space+Grotesk:wght@300;400;500;600;700&family=Inter:wght@300;40...
[WebServer]      |  ^^^^^^^^^^^^^^^^^^^^^^^^^^^^^^^^^^^^^^^^^^^^^^^^^^^^^^^^^^^^^^^^^^^^^^^^^^^^^^^^^^^^^^^^^^^^^^^^^^^^^^^^^^^^^^^^^^^^^^^^
[WebServer] 3820 |  .nano-mesh-bg {
[WebServer] 3821 |    position: absolute;
[WebServer] [vite:css][postcss] @import must precede all other statements (besides @charset or empty @layer)
[WebServer] 3817 |    }
[WebServer] 3818 |  }
[WebServer] 3819 |  @import url('https://fonts.googleapis.com/css2?family=Space+Grotesk:wght@300;400;500;600;700&family=Inter:wght@300;40...
[WebServer]      |  ^^^^^^^^^^^^^^^^^^^^^^^^^^^^^^^^^^^^^^^^^^^^^^^^^^^^^^^^^^^^^^^^^^^^^^^^^^^^^^^^^^^^^^^^^^^^^^^^^^^^^^^^^^^^^^^^^^^^^^^^
[WebServer] 3820 |  .nano-mesh-bg {
[WebServer] 3821 |    position: absolute;
  Ô£ô   37 [chromium] ÔÇ║ e2e\app.spec.ts:203:5 ÔÇ║ AC-13: Dashboard ÔÇö System Vitals ÔÇ║ health score badge displays tier text (3.6s)
[WebServer] [vite:css][postcss] @import must precede all other statements (besides @charset or empty @layer)
[WebServer] 3817 |    }
[WebServer] 3818 |  }
[WebServer] 3819 |  @import url('https://fonts.googleapis.com/css2?family=Space+Grotesk:wght@300;400;500;600;700&family=Inter:wght@300;40...
[WebServer]      |  ^^^^^^^^^^^^^^^^^^^^^^^^^^^^^^^^^^^^^^^^^^^^^^^^^^^^^^^^^^^^^^^^^^^^^^^^^^^^^^^^^^^^^^^^^^^^^^^^^^^^^^^^^^^^^^^^^^^^^^^^
[WebServer] 3820 |  .nano-mesh-bg {
[WebServer] 3821 |    position: absolute;
  Ô£ô   36 [chromium] ÔÇ║ e2e\app.spec.ts:255:5 ÔÇ║ AC-02: Risk Filter Chips ÔÇ║ filtering with zero results shows empty state (4.6s)
[WebServer] [vite:css][postcss] @import must precede all other statements (besides @charset or empty @layer)
[WebServer] 3817 |    }
[WebServer] 3818 |  }
[WebServer] 3819 |  @import url('https://fonts.googleapis.com/css2?family=Space+Grotesk:wght@300;400;500;600;700&family=Inter:wght@300;40...
[WebServer]      |  ^^^^^^^^^^^^^^^^^^^^^^^^^^^^^^^^^^^^^^^^^^^^^^^^^^^^^^^^^^^^^^^^^^^^^^^^^^^^^^^^^^^^^^^^^^^^^^^^^^^^^^^^^^^^^^^^^^^^^^^^
[WebServer] 3820 |  .nano-mesh-bg {
[WebServer] 3821 |    position: absolute;
  Ô£ô   33 [chromium] ÔÇ║ e2e\app.spec.ts:223:5 ÔÇ║ AC-07: Dashboard Alert Banner ÔÇ║ clicking banner navigates to privacy page (5.4s)
[WebServer] [vite:css][postcss] @import must precede all other statements (besides @charset or empty @layer)
[WebServer] 3817 |    }
[WebServer] 3818 |  }
[WebServer] 3819 |  @import url('https://fonts.googleapis.com/css2?family=Space+Grotesk:wght@300;400;500;600;700&family=Inter:wght@300;40...
[WebServer]      |  ^^^^^^^^^^^^^^^^^^^^^^^^^^^^^^^^^^^^^^^^^^^^^^^^^^^^^^^^^^^^^^^^^^^^^^^^^^^^^^^^^^^^^^^^^^^^^^^^^^^^^^^^^^^^^^^^^^^^^^^^
[WebServer] 3820 |  .nano-mesh-bg {
[WebServer] 3821 |    position: absolute;
[WebServer] [vite:css][postcss] @import must precede all other statements (besides @charset or empty @layer)
[WebServer] 3817 |    }
[WebServer] 3818 |  }
[WebServer] 3819 |  @import url('https://fonts.googleapis.com/css2?family=Space+Grotesk:wght@300;400;500;600;700&family=Inter:wght@300;40...
[WebServer]      |  ^^^^^^^^^^^^^^^^^^^^^^^^^^^^^^^^^^^^^^^^^^^^^^^^^^^^^^^^^^^^^^^^^^^^^^^^^^^^^^^^^^^^^^^^^^^^^^^^^^^^^^^^^^^^^^^^^^^^^^^^
[WebServer] 3820 |  .nano-mesh-bg {
[WebServer] 3821 |    position: absolute;
[WebServer] [vite:css][postcss] @import must precede all other statements (besides @charset or empty @layer)
[WebServer] 3817 |    }
[WebServer] 3818 |  }
[WebServer] 3819 |  @import url('https://fonts.googleapis.com/css2?family=Space+Grotesk:wght@300;400;500;600;700&family=Inter:wght@300;40...
[WebServer]      |  ^^^^^^^^^^^^^^^^^^^^^^^^^^^^^^^^^^^^^^^^^^^^^^^^^^^^^^^^^^^^^^^^^^^^^^^^^^^^^^^^^^^^^^^^^^^^^^^^^^^^^^^^^^^^^^^^^^^^^^^^
[WebServer] 3820 |  .nano-mesh-bg {
[WebServer] 3821 |    position: absolute;
[WebServer] [vite:css][postcss] @import must precede all other statements (besides @charset or empty @layer)
[WebServer] 3817 |    }
[WebServer] 3818 |  }
[WebServer] 3819 |  @import url('https://fonts.googleapis.com/css2?family=Space+Grotesk:wght@300;400;500;600;700&family=Inter:wght@300;40...
[WebServer]      |  ^^^^^^^^^^^^^^^^^^^^^^^^^^^^^^^^^^^^^^^^^^^^^^^^^^^^^^^^^^^^^^^^^^^^^^^^^^^^^^^^^^^^^^^^^^^^^^^^^^^^^^^^^^^^^^^^^^^^^^^^
[WebServer] 3820 |  .nano-mesh-bg {
[WebServer] 3821 |    position: absolute;
[WebServer] [vite:css][postcss] @import must precede all other statements (besides @charset or empty @layer)
[WebServer] 3817 |    }
[WebServer] 3818 |  }
[WebServer] 3819 |  @import url('https://fonts.googleapis.com/css2?family=Space+Grotesk:wght@300;400;500;600;700&family=Inter:wght@300;40...
[WebServer]      |  ^^^^^^^^^^^^^^^^^^^^^^^^^^^^^^^^^^^^^^^^^^^^^^^^^^^^^^^^^^^^^^^^^^^^^^^^^^^^^^^^^^^^^^^^^^^^^^^^^^^^^^^^^^^^^^^^^^^^^^^^
[WebServer] 3820 |  .nano-mesh-bg {
[WebServer] 3821 |    position: absolute;
[WebServer] [vite:css][postcss] @import must precede all other statements (besides @charset or empty @layer)
[WebServer] 3817 |    }
[WebServer] 3818 |  }
[WebServer] 3819 |  @import url('https://fonts.googleapis.com/css2?family=Space+Grotesk:wght@300;400;500;600;700&family=Inter:wght@300;40...
[WebServer]      |  ^^^^^^^^^^^^^^^^^^^^^^^^^^^^^^^^^^^^^^^^^^^^^^^^^^^^^^^^^^^^^^^^^^^^^^^^^^^^^^^^^^^^^^^^^^^^^^^^^^^^^^^^^^^^^^^^^^^^^^^^
[WebServer] 3820 |  .nano-mesh-bg {
[WebServer] 3821 |    position: absolute;
  Ô£ô   38 [chromium] ÔÇ║ e2e\app.spec.ts:282:5 ÔÇ║ AC-03: Floating Batch Selection Bar ÔÇ║ floating bar is hidden when no tweaks selected (6.1s)
  Ô£ÿ   34 [chromium] ÔÇ║ e2e\app.spec.ts:240:5 ÔÇ║ AC-02: Risk Filter Chips ÔÇ║ shows All, Green, Yellow filter chips with counts (8.4s)
  Ô£ô   40 [chromium] ÔÇ║ e2e\app.spec.ts:301:5 ÔÇ║ AC-12: Expert Mode ÔÇ║ expert mode is OFF by default (3.8s)
[WebServer] [vite:css][postcss] @import must precede all other statements (besides @charset or empty @layer)
[WebServer] 3817 |    }
[WebServer] 3818 |  }
[WebServer] 3819 |  @import url('https://fonts.googleapis.com/css2?family=Space+Grotesk:wght@300;400;500;600;700&family=Inter:wght@300;40...
[WebServer]      |  ^^^^^^^^^^^^^^^^^^^^^^^^^^^^^^^^^^^^^^^^^^^^^^^^^^^^^^^^^^^^^^^^^^^^^^^^^^^^^^^^^^^^^^^^^^^^^^^^^^^^^^^^^^^^^^^^^^^^^^^^
[WebServer] 3820 |  .nano-mesh-bg {
[WebServer] 3821 |    position: absolute;
  Ô£ô   41 [chromium] ÔÇ║ e2e\app.spec.ts:307:5 ÔÇ║ AC-12: Expert Mode ÔÇ║ enabling expert mode shows warning dialog (3.8s)
[WebServer] [vite:css][postcss] @import must precede all other statements (besides @charset or empty @layer)
[WebServer] 3817 |    }
[WebServer] 3818 |  }
[WebServer] 3819 |  @import url('https://fonts.googleapis.com/css2?family=Space+Grotesk:wght@300;400;500;600;700&family=Inter:wght@300;40...
[WebServer]      |  ^^^^^^^^^^^^^^^^^^^^^^^^^^^^^^^^^^^^^^^^^^^^^^^^^^^^^^^^^^^^^^^^^^^^^^^^^^^^^^^^^^^^^^^^^^^^^^^^^^^^^^^^^^^^^^^^^^^^^^^^
[WebServer] 3820 |  .nano-mesh-bg {
[WebServer] 3821 |    position: absolute;
[WebServer] [vite:css][postcss] @import must precede all other statements (besides @charset or empty @layer)
[WebServer] 3817 |    }
[WebServer] 3818 |  }
[WebServer] 3819 |  @import url('https://fonts.googleapis.com/css2?family=Space+Grotesk:wght@300;400;500;600;700&family=Inter:wght@300;40...
[WebServer]      |  ^^^^^^^^^^^^^^^^^^^^^^^^^^^^^^^^^^^^^^^^^^^^^^^^^^^^^^^^^^^^^^^^^^^^^^^^^^^^^^^^^^^^^^^^^^^^^^^^^^^^^^^^^^^^^^^^^^^^^^^^
[WebServer] 3820 |  .nano-mesh-bg {
[WebServer] 3821 |    position: absolute;
[WebServer] [vite:css][postcss] @import must precede all other statements (besides @charset or empty @layer)
[WebServer] 3817 |    }
[WebServer] 3818 |  }
[WebServer] 3819 |  @import url('https://fonts.googleapis.com/css2?family=Space+Grotesk:wght@300;400;500;600;700&family=Inter:wght@300;40...
[WebServer]      |  ^^^^^^^^^^^^^^^^^^^^^^^^^^^^^^^^^^^^^^^^^^^^^^^^^^^^^^^^^^^^^^^^^^^^^^^^^^^^^^^^^^^^^^^^^^^^^^^^^^^^^^^^^^^^^^^^^^^^^^^^
[WebServer] 3820 |  .nano-mesh-bg {
[WebServer] 3821 |    position: absolute;
[WebServer] [vite:css][postcss] @import must precede all other statements (besides @charset or empty @layer)
[WebServer] 3817 |    }
[WebServer] 3818 |  }
[WebServer] 3819 |  @import url('https://fonts.googleapis.com/css2?family=Space+Grotesk:wght@300;400;500;600;700&family=Inter:wght@300;40...
[WebServer]      |  ^^^^^^^^^^^^^^^^^^^^^^^^^^^^^^^^^^^^^^^^^^^^^^^^^^^^^^^^^^^^^^^^^^^^^^^^^^^^^^^^^^^^^^^^^^^^^^^^^^^^^^^^^^^^^^^^^^^^^^^^
[WebServer] 3820 |  .nano-mesh-bg {
[WebServer] 3821 |    position: absolute;
[WebServer] [vite:css][postcss] @import must precede all other statements (besides @charset or empty @layer)
[WebServer] 3817 |    }
[WebServer] 3818 |  }
[WebServer] 3819 |  @import url('https://fonts.googleapis.com/css2?family=Space+Grotesk:wght@300;400;500;600;700&family=Inter:wght@300;40...
[WebServer]      |  ^^^^^^^^^^^^^^^^^^^^^^^^^^^^^^^^^^^^^^^^^^^^^^^^^^^^^^^^^^^^^^^^^^^^^^^^^^^^^^^^^^^^^^^^^^^^^^^^^^^^^^^^^^^^^^^^^^^^^^^^
[WebServer] 3820 |  .nano-mesh-bg {
[WebServer] 3821 |    position: absolute;
[WebServer] [vite:css][postcss] @import must precede all other statements (besides @charset or empty @layer)
[WebServer] 3817 |    }
[WebServer] 3818 |  }
[WebServer] 3819 |  @import url('https://fonts.googleapis.com/css2?family=Space+Grotesk:wght@300;400;500;600;700&family=Inter:wght@300;40...
[WebServer]      |  ^^^^^^^^^^^^^^^^^^^^^^^^^^^^^^^^^^^^^^^^^^^^^^^^^^^^^^^^^^^^^^^^^^^^^^^^^^^^^^^^^^^^^^^^^^^^^^^^^^^^^^^^^^^^^^^^^^^^^^^^
[WebServer] 3820 |  .nano-mesh-bg {
[WebServer] 3821 |    position: absolute;
  Ô£ô   43 [chromium] ÔÇ║ e2e\app.spec.ts:347:5 ÔÇ║ AC-06: Settings Page ÔÇ║ displays Accent Color swatches (3.0s)
  Ô£ô   39 [chromium] ÔÇ║ e2e\app.spec.ts:286:5 ÔÇ║ AC-03: Floating Batch Selection Bar ÔÇ║ Deploy button in header is disabled with no selection (7.9s)
[WebServer] [vite:css][postcss] @import must precede all other statements (besides @charset or empty @layer)
[WebServer] 3817 |    }
[WebServer] 3818 |  }
[WebServer] 3819 |  @import url('https://fonts.googleapis.com/css2?family=Space+Grotesk:wght@300;400;500;600;700&family=Inter:wght@300;40...
[WebServer]      |  ^^^^^^^^^^^^^^^^^^^^^^^^^^^^^^^^^^^^^^^^^^^^^^^^^^^^^^^^^^^^^^^^^^^^^^^^^^^^^^^^^^^^^^^^^^^^^^^^^^^^^^^^^^^^^^^^^^^^^^^^
[WebServer] 3820 |  .nano-mesh-bg {
[WebServer] 3821 |    position: absolute;
[WebServer] [vite:css][postcss] @import must precede all other statements (besides @charset or empty @layer)
[WebServer] 3817 |    }
[WebServer] 3818 |  }
[WebServer] 3819 |  @import url('https://fonts.googleapis.com/css2?family=Space+Grotesk:wght@300;400;500;600;700&family=Inter:wght@300;40...
[WebServer]      |  ^^^^^^^^^^^^^^^^^^^^^^^^^^^^^^^^^^^^^^^^^^^^^^^^^^^^^^^^^^^^^^^^^^^^^^^^^^^^^^^^^^^^^^^^^^^^^^^^^^^^^^^^^^^^^^^^^^^^^^^^
[WebServer] 3820 |  .nano-mesh-bg {
[WebServer] 3821 |    position: absolute;
  Ô£ÿ    1 [chromium] ÔÇ║ e2e\app.spec.ts:43:5 ÔÇ║ AC-01: Onboarding Modal ÔÇ║ sets localStorage flag on completion (30.3s)
[WebServer] [vite:css][postcss] @import must precede all other statements (besides @charset or empty @layer)
[WebServer] 3817 |    }
[WebServer] 3818 |  }
[WebServer] 3819 |  @import url('https://fonts.googleapis.com/css2?family=Space+Grotesk:wght@300;400;500;600;700&family=Inter:wght@300;40...
[WebServer]      |  ^^^^^^^^^^^^^^^^^^^^^^^^^^^^^^^^^^^^^^^^^^^^^^^^^^^^^^^^^^^^^^^^^^^^^^^^^^^^^^^^^^^^^^^^^^^^^^^^^^^^^^^^^^^^^^^^^^^^^^^^
[WebServer] 3820 |  .nano-mesh-bg {
[WebServer] 3821 |    position: absolute;
[WebServer] [vite:css][postcss] @import must precede all other statements (besides @charset or empty @layer)
[WebServer] 3817 |    }
[WebServer] 3818 |  }
[WebServer] 3819 |  @import url('https://fonts.googleapis.com/css2?family=Space+Grotesk:wght@300;400;500;600;700&family=Inter:wght@300;40...
[WebServer]      |  ^^^^^^^^^^^^^^^^^^^^^^^^^^^^^^^^^^^^^^^^^^^^^^^^^^^^^^^^^^^^^^^^^^^^^^^^^^^^^^^^^^^^^^^^^^^^^^^^^^^^^^^^^^^^^^^^^^^^^^^^
[WebServer] 3820 |  .nano-mesh-bg {
[WebServer] 3821 |    position: absolute;
  Ô£ô   42 [chromium] ÔÇ║ e2e\app.spec.ts:319:5 ÔÇ║ AC-12: Expert Mode ÔÇ║ expert mode banner shows hidden count on Power page (5.2s)
[WebServer] [vite:css][postcss] @import must precede all other statements (besides @charset or empty @layer)
[WebServer] 3817 |    }
[WebServer] 3818 |  }
[WebServer] 3819 |  @import url('https://fonts.googleapis.com/css2?family=Space+Grotesk:wght@300;400;500;600;700&family=Inter:wght@300;40...
[WebServer]      |  ^^^^^^^^^^^^^^^^^^^^^^^^^^^^^^^^^^^^^^^^^^^^^^^^^^^^^^^^^^^^^^^^^^^^^^^^^^^^^^^^^^^^^^^^^^^^^^^^^^^^^^^^^^^^^^^^^^^^^^^^
[WebServer] 3820 |  .nano-mesh-bg {
[WebServer] 3821 |    position: absolute;
[WebServer] [vite:css][postcss] @import must precede all other statements (besides @charset or empty @layer)
[WebServer] 3817 |    }
[WebServer] 3818 |  }
[WebServer] 3819 |  @import url('https://fonts.googleapis.com/css2?family=Space+Grotesk:wght@300;400;500;600;700&family=Inter:wght@300;40...
[WebServer]      |  ^^^^^^^^^^^^^^^^^^^^^^^^^^^^^^^^^^^^^^^^^^^^^^^^^^^^^^^^^^^^^^^^^^^^^^^^^^^^^^^^^^^^^^^^^^^^^^^^^^^^^^^^^^^^^^^^^^^^^^^^
[WebServer] 3820 |  .nano-mesh-bg {
[WebServer] 3821 |    position: absolute;
[WebServer] [vite:css][postcss] @import must precede all other statements (besides @charset or empty @layer)
[WebServer] 3817 |    }
[WebServer] 3818 |  }
[WebServer] 3819 |  @import url('https://fonts.googleapis.com/css2?family=Space+Grotesk:wght@300;400;500;600;700&family=Inter:wght@300;40...
[WebServer]      |  ^^^^^^^^^^^^^^^^^^^^^^^^^^^^^^^^^^^^^^^^^^^^^^^^^^^^^^^^^^^^^^^^^^^^^^^^^^^^^^^^^^^^^^^^^^^^^^^^^^^^^^^^^^^^^^^^^^^^^^^^
[WebServer] 3820 |  .nano-mesh-bg {
[WebServer] 3821 |    position: absolute;
[WebServer] [vite:css][postcss] @import must precede all other statements (besides @charset or empty @layer)
[WebServer] 3817 |    }
[WebServer] 3818 |  }
[WebServer] 3819 |  @import url('https://fonts.googleapis.com/css2?family=Space+Grotesk:wght@300;400;500;600;700&family=Inter:wght@300;40...
[WebServer]      |  ^^^^^^^^^^^^^^^^^^^^^^^^^^^^^^^^^^^^^^^^^^^^^^^^^^^^^^^^^^^^^^^^^^^^^^^^^^^^^^^^^^^^^^^^^^^^^^^^^^^^^^^^^^^^^^^^^^^^^^^^
[WebServer] 3820 |  .nano-mesh-bg {
[WebServer] 3821 |    position: absolute;
[WebServer] [vite:css][postcss] @import must precede all other statements (besides @charset or empty @layer)
[WebServer] 3817 |    }
[WebServer] 3818 |  }
[WebServer] 3819 |  @import url('https://fonts.googleapis.com/css2?family=Space+Grotesk:wght@300;400;500;600;700&family=Inter:wght@300;40...
[WebServer]      |  ^^^^^^^^^^^^^^^^^^^^^^^^^^^^^^^^^^^^^^^^^^^^^^^^^^^^^^^^^^^^^^^^^^^^^^^^^^^^^^^^^^^^^^^^^^^^^^^^^^^^^^^^^^^^^^^^^^^^^^^^
[WebServer] 3820 |  .nano-mesh-bg {
[WebServer] 3821 |    position: absolute;
[WebServer] [vite:css][postcss] @import must precede all other statements (besides @charset or empty @layer)
[WebServer] 3817 |    }
[WebServer] 3818 |  }
[WebServer] 3819 |  @import url('https://fonts.googleapis.com/css2?family=Space+Grotesk:wght@300;400;500;600;700&family=Inter:wght@300;40...
[WebServer]      |  ^^^^^^^^^^^^^^^^^^^^^^^^^^^^^^^^^^^^^^^^^^^^^^^^^^^^^^^^^^^^^^^^^^^^^^^^^^^^^^^^^^^^^^^^^^^^^^^^^^^^^^^^^^^^^^^^^^^^^^^^
[WebServer] 3820 |  .nano-mesh-bg {
[WebServer] 3821 |    position: absolute;
[WebServer] [vite:css][postcss] @import must precede all other statements (besides @charset or empty @layer)
[WebServer] 3817 |    }
[WebServer] 3818 |  }
[WebServer] 3819 |  @import url('https://fonts.googleapis.com/css2?family=Space+Grotesk:wght@300;400;500;600;700&family=Inter:wght@300;40...
[WebServer]      |  ^^^^^^^^^^^^^^^^^^^^^^^^^^^^^^^^^^^^^^^^^^^^^^^^^^^^^^^^^^^^^^^^^^^^^^^^^^^^^^^^^^^^^^^^^^^^^^^^^^^^^^^^^^^^^^^^^^^^^^^^
[WebServer] 3820 |  .nano-mesh-bg {
[WebServer] 3821 |    position: absolute;
[WebServer] [vite:css][postcss] @import must precede all other statements (besides @charset or empty @layer)
[WebServer] 3817 |    }
[WebServer] 3818 |  }
[WebServer] 3819 |  @import url('https://fonts.googleapis.com/css2?family=Space+Grotesk:wght@300;400;500;600;700&family=Inter:wght@300;40...
[WebServer]      |  ^^^^^^^^^^^^^^^^^^^^^^^^^^^^^^^^^^^^^^^^^^^^^^^^^^^^^^^^^^^^^^^^^^^^^^^^^^^^^^^^^^^^^^^^^^^^^^^^^^^^^^^^^^^^^^^^^^^^^^^^
[WebServer] 3820 |  .nano-mesh-bg {
[WebServer] 3821 |    position: absolute;
  Ô£ÿ   45 [chromium] ÔÇ║ e2e\app.spec.ts:357:5 ÔÇ║ AC-06: Settings Page ÔÇ║ displays Safety & Execution settings (7.9s)
[WebServer] [vite:css][postcss] @import must precede all other statements (besides @charset or empty @layer)
[WebServer] 3817 |    }
[WebServer] 3818 |  }
[WebServer] 3819 |  @import url('https://fonts.googleapis.com/css2?family=Space+Grotesk:wght@300;400;500;600;700&family=Inter:wght@300;40...
[WebServer]      |  ^^^^^^^^^^^^^^^^^^^^^^^^^^^^^^^^^^^^^^^^^^^^^^^^^^^^^^^^^^^^^^^^^^^^^^^^^^^^^^^^^^^^^^^^^^^^^^^^^^^^^^^^^^^^^^^^^^^^^^^^
[WebServer] 3820 |  .nano-mesh-bg {
[WebServer] 3821 |    position: absolute;
  Ô£ô   48 [chromium] ÔÇ║ e2e\app.spec.ts:384:5 ÔÇ║ AC-04: Tweaks Inspector ÔÇ║ clicking a tweak card shows inspector content (7.2s)
[WebServer] [vite:css][postcss] @import must precede all other statements (besides @charset or empty @layer)
[WebServer] 3817 |    }
[WebServer] 3818 |  }
[WebServer] 3819 |  @import url('https://fonts.googleapis.com/css2?family=Space+Grotesk:wght@300;400;500;600;700&family=Inter:wght@300;40...
[WebServer]      |  ^^^^^^^^^^^^^^^^^^^^^^^^^^^^^^^^^^^^^^^^^^^^^^^^^^^^^^^^^^^^^^^^^^^^^^^^^^^^^^^^^^^^^^^^^^^^^^^^^^^^^^^^^^^^^^^^^^^^^^^^
[WebServer] 3820 |  .nano-mesh-bg {
[WebServer] 3821 |    position: absolute;
[WebServer] [vite:css][postcss] @import must precede all other statements (besides @charset or empty @layer)
[WebServer] 3817 |    }
[WebServer] 3818 |  }
[WebServer] 3819 |  @import url('https://fonts.googleapis.com/css2?family=Space+Grotesk:wght@300;400;500;600;700&family=Inter:wght@300;40...
[WebServer]      |  ^^^^^^^^^^^^^^^^^^^^^^^^^^^^^^^^^^^^^^^^^^^^^^^^^^^^^^^^^^^^^^^^^^^^^^^^^^^^^^^^^^^^^^^^^^^^^^^^^^^^^^^^^^^^^^^^^^^^^^^^
[WebServer] 3820 |  .nano-mesh-bg {
[WebServer] 3821 |    position: absolute;
[WebServer] [vite:css][postcss] @import must precede all other statements (besides @charset or empty @layer)
[WebServer] 3817 |    }
[WebServer] 3818 |  }
[WebServer] 3819 |  @import url('https://fonts.googleapis.com/css2?family=Space+Grotesk:wght@300;400;500;600;700&family=Inter:wght@300;40...
[WebServer]      |  ^^^^^^^^^^^^^^^^^^^^^^^^^^^^^^^^^^^^^^^^^^^^^^^^^^^^^^^^^^^^^^^^^^^^^^^^^^^^^^^^^^^^^^^^^^^^^^^^^^^^^^^^^^^^^^^^^^^^^^^^
[WebServer] 3820 |  .nano-mesh-bg {
[WebServer] 3821 |    position: absolute;
  Ô£ÿ   44 [chromium] ÔÇ║ e2e\app.spec.ts:351:5 ÔÇ║ AC-06: Settings Page ÔÇ║ displays System Monitoring settings (12.8s)
[WebServer] [vite:css][postcss] @import must precede all other statements (besides @charset or empty @layer)
[WebServer] 3817 |    }
[WebServer] 3818 |  }
[WebServer] 3819 |  @import url('https://fonts.googleapis.com/css2?family=Space+Grotesk:wght@300;400;500;600;700&family=Inter:wght@300;40...
[WebServer]      |  ^^^^^^^^^^^^^^^^^^^^^^^^^^^^^^^^^^^^^^^^^^^^^^^^^^^^^^^^^^^^^^^^^^^^^^^^^^^^^^^^^^^^^^^^^^^^^^^^^^^^^^^^^^^^^^^^^^^^^^^^
[WebServer] 3820 |  .nano-mesh-bg {
[WebServer] 3821 |    position: absolute;
  Ô£ÿ   46 [chromium] ÔÇ║ e2e\app.spec.ts:362:5 ÔÇ║ AC-06: Settings Page ÔÇ║ Reset Defaults button exists (10.5s)
  Ô£ÿ   22 [chromium] ÔÇ║ e2e\app.spec.ts:140:5 ÔÇ║ AC-05: Command Palette ÔÇ║ groups results by category with section headers (30.4s)
[WebServer] [vite:css][postcss] @import must precede all other statements (besides @charset or empty @layer)
[WebServer] 3817 |    }
[WebServer] 3818 |  }
[WebServer] 3819 |  @import url('https://fonts.googleapis.com/css2?family=Space+Grotesk:wght@300;400;500;600;700&family=Inter:wght@300;40...
[WebServer]      |  ^^^^^^^^^^^^^^^^^^^^^^^^^^^^^^^^^^^^^^^^^^^^^^^^^^^^^^^^^^^^^^^^^^^^^^^^^^^^^^^^^^^^^^^^^^^^^^^^^^^^^^^^^^^^^^^^^^^^^^^^
[WebServer] 3820 |  .nano-mesh-bg {
[WebServer] 3821 |    position: absolute;
[WebServer] [vite:css][postcss] @import must precede all other statements (besides @charset or empty @layer)
[WebServer] 3817 |    }
[WebServer] 3818 |  }
[WebServer] 3819 |  @import url('https://fonts.googleapis.com/css2?family=Space+Grotesk:wght@300;400;500;600;700&family=Inter:wght@300;40...
[WebServer]      |  ^^^^^^^^^^^^^^^^^^^^^^^^^^^^^^^^^^^^^^^^^^^^^^^^^^^^^^^^^^^^^^^^^^^^^^^^^^^^^^^^^^^^^^^^^^^^^^^^^^^^^^^^^^^^^^^^^^^^^^^^
[WebServer] 3820 |  .nano-mesh-bg {
[WebServer] 3821 |    position: absolute;
[WebServer] [vite:css][postcss] @import must precede all other statements (besides @charset or empty @layer)
[WebServer] 3817 |    }
[WebServer] 3818 |  }
[WebServer] 3819 |  @import url('https://fonts.googleapis.com/css2?family=Space+Grotesk:wght@300;400;500;600;700&family=Inter:wght@300;40...
[WebServer]      |  ^^^^^^^^^^^^^^^^^^^^^^^^^^^^^^^^^^^^^^^^^^^^^^^^^^^^^^^^^^^^^^^^^^^^^^^^^^^^^^^^^^^^^^^^^^^^^^^^^^^^^^^^^^^^^^^^^^^^^^^^
[WebServer] 3820 |  .nano-mesh-bg {
[WebServer] 3821 |    position: absolute;
[WebServer] [vite:css][postcss] @import must precede all other statements (besides @charset or empty @layer)
[WebServer] 3817 |    }
[WebServer] 3818 |  }
[WebServer] 3819 |  @import url('https://fonts.googleapis.com/css2?family=Space+Grotesk:wght@300;400;500;600;700&family=Inter:wght@300;40...
[WebServer]      |  ^^^^^^^^^^^^^^^^^^^^^^^^^^^^^^^^^^^^^^^^^^^^^^^^^^^^^^^^^^^^^^^^^^^^^^^^^^^^^^^^^^^^^^^^^^^^^^^^^^^^^^^^^^^^^^^^^^^^^^^^
[WebServer] 3820 |  .nano-mesh-bg {
[WebServer] 3821 |    position: absolute;
  Ô£ÿ   47 [chromium] ÔÇ║ e2e\app.spec.ts:341:5 ÔÇ║ AC-06: Settings Page ÔÇ║ displays Appearance section with theme toggles (11.0s)
[WebServer] [vite:css][postcss] @import must precede all other statements (besides @charset or empty @layer)
[WebServer] 3817 |    }
[WebServer] 3818 |  }
[WebServer] 3819 |  @import url('https://fonts.googleapis.com/css2?family=Space+Grotesk:wght@300;400;500;600;700&family=Inter:wght@300;40...
[WebServer]      |  ^^^^^^^^^^^^^^^^^^^^^^^^^^^^^^^^^^^^^^^^^^^^^^^^^^^^^^^^^^^^^^^^^^^^^^^^^^^^^^^^^^^^^^^^^^^^^^^^^^^^^^^^^^^^^^^^^^^^^^^^
[WebServer] 3820 |  .nano-mesh-bg {
[WebServer] 3821 |    position: absolute;
[WebServer] [vite:css][postcss] @import must precede all other statements (besides @charset or empty @layer)
[WebServer] 3817 |    }
[WebServer] 3818 |  }
[WebServer] 3819 |  @import url('https://fonts.googleapis.com/css2?family=Space+Grotesk:wght@300;400;500;600;700&family=Inter:wght@300;40...
[WebServer]      |  ^^^^^^^^^^^^^^^^^^^^^^^^^^^^^^^^^^^^^^^^^^^^^^^^^^^^^^^^^^^^^^^^^^^^^^^^^^^^^^^^^^^^^^^^^^^^^^^^^^^^^^^^^^^^^^^^^^^^^^^^
[WebServer] 3820 |  .nano-mesh-bg {
[WebServer] 3821 |    position: absolute;
[WebServer] [vite:css][postcss] @import must precede all other statements (besides @charset or empty @layer)
[WebServer] 3817 |    }
[WebServer] 3818 |  }
[WebServer] 3819 |  @import url('https://fonts.googleapis.com/css2?family=Space+Grotesk:wght@300;400;500;600;700&family=Inter:wght@300;40...
[WebServer]      |  ^^^^^^^^^^^^^^^^^^^^^^^^^^^^^^^^^^^^^^^^^^^^^^^^^^^^^^^^^^^^^^^^^^^^^^^^^^^^^^^^^^^^^^^^^^^^^^^^^^^^^^^^^^^^^^^^^^^^^^^^
[WebServer] 3820 |  .nano-mesh-bg {
[WebServer] 3821 |    position: absolute;
[WebServer] [vite:css][postcss] @import must precede all other statements (besides @charset or empty @layer)
[WebServer] 3817 |    }
[WebServer] 3818 |  }
[WebServer] 3819 |  @import url('https://fonts.googleapis.com/css2?family=Space+Grotesk:wght@300;400;500;600;700&family=Inter:wght@300;40...
[WebServer]      |  ^^^^^^^^^^^^^^^^^^^^^^^^^^^^^^^^^^^^^^^^^^^^^^^^^^^^^^^^^^^^^^^^^^^^^^^^^^^^^^^^^^^^^^^^^^^^^^^^^^^^^^^^^^^^^^^^^^^^^^^^
[WebServer] 3820 |  .nano-mesh-bg {
[WebServer] 3821 |    position: absolute;
[WebServer] [vite:css][postcss] @import must precede all other statements (besides @charset or empty @layer)
[WebServer] 3817 |    }
[WebServer] 3818 |  }
[WebServer] 3819 |  @import url('https://fonts.googleapis.com/css2?family=Space+Grotesk:wght@300;400;500;600;700&family=Inter:wght@300;40...
[WebServer]      |  ^^^^^^^^^^^^^^^^^^^^^^^^^^^^^^^^^^^^^^^^^^^^^^^^^^^^^^^^^^^^^^^^^^^^^^^^^^^^^^^^^^^^^^^^^^^^^^^^^^^^^^^^^^^^^^^^^^^^^^^^
[WebServer] 3820 |  .nano-mesh-bg {
[WebServer] 3821 |    position: absolute;
[WebServer] [vite:css][postcss] @import must precede all other statements (besides @charset or empty @layer)
[WebServer] 3817 |    }
[WebServer] 3818 |  }
[WebServer] 3819 |  @import url('https://fonts.googleapis.com/css2?family=Space+Grotesk:wght@300;400;500;600;700&family=Inter:wght@300;40...
[WebServer]      |  ^^^^^^^^^^^^^^^^^^^^^^^^^^^^^^^^^^^^^^^^^^^^^^^^^^^^^^^^^^^^^^^^^^^^^^^^^^^^^^^^^^^^^^^^^^^^^^^^^^^^^^^^^^^^^^^^^^^^^^^^
[WebServer] 3820 |  .nano-mesh-bg {
[WebServer] 3821 |    position: absolute;
[WebServer] [vite:css][postcss] @import must precede all other statements (besides @charset or empty @layer)
[WebServer] 3817 |    }
[WebServer] 3818 |  }
[WebServer] 3819 |  @import url('https://fonts.googleapis.com/css2?family=Space+Grotesk:wght@300;400;500;600;700&family=Inter:wght@300;40...
[WebServer]      |  ^^^^^^^^^^^^^^^^^^^^^^^^^^^^^^^^^^^^^^^^^^^^^^^^^^^^^^^^^^^^^^^^^^^^^^^^^^^^^^^^^^^^^^^^^^^^^^^^^^^^^^^^^^^^^^^^^^^^^^^^
[WebServer] 3820 |  .nano-mesh-bg {
[WebServer] 3821 |    position: absolute;
  Ô£ÿ   49 [chromium] ÔÇ║ e2e\app.spec.ts:378:5 ÔÇ║ AC-04: Tweaks Inspector ÔÇ║ inspector sidebar shows placeholder when no tweak selected (10.7s)
[WebServer] [vite:css][postcss] @import must precede all other statements (besides @charset or empty @layer)
[WebServer] 3817 |    }
[WebServer] 3818 |  }
[WebServer] 3819 |  @import url('https://fonts.googleapis.com/css2?family=Space+Grotesk:wght@300;400;500;600;700&family=Inter:wght@300;40...
[WebServer]      |  ^^^^^^^^^^^^^^^^^^^^^^^^^^^^^^^^^^^^^^^^^^^^^^^^^^^^^^^^^^^^^^^^^^^^^^^^^^^^^^^^^^^^^^^^^^^^^^^^^^^^^^^^^^^^^^^^^^^^^^^^
[WebServer] 3820 |  .nano-mesh-bg {
[WebServer] 3821 |    position: absolute;
  Ô£ÿ   52 [chromium] ÔÇ║ e2e\app.spec.ts:419:5 ÔÇ║ History Page ÔÇ║ shows empty state or timeline entries (3.5s)
[WebServer] [vite:css][postcss] @import must precede all other statements (besides @charset or empty @layer)
[WebServer] 3817 |    }
[WebServer] 3818 |  }
[WebServer] 3819 |  @import url('https://fonts.googleapis.com/css2?family=Space+Grotesk:wght@300;400;500;600;700&family=Inter:wght@300;40...
[WebServer]      |  ^^^^^^^^^^^^^^^^^^^^^^^^^^^^^^^^^^^^^^^^^^^^^^^^^^^^^^^^^^^^^^^^^^^^^^^^^^^^^^^^^^^^^^^^^^^^^^^^^^^^^^^^^^^^^^^^^^^^^^^^
[WebServer] 3820 |  .nano-mesh-bg {
[WebServer] 3821 |    position: absolute;
[WebServer] [vite:css][postcss] @import must precede all other statements (besides @charset or empty @layer)
[WebServer] 3817 |    }
[WebServer] 3818 |  }
[WebServer] 3819 |  @import url('https://fonts.googleapis.com/css2?family=Space+Grotesk:wght@300;400;500;600;700&family=Inter:wght@300;40...
[WebServer]      |  ^^^^^^^^^^^^^^^^^^^^^^^^^^^^^^^^^^^^^^^^^^^^^^^^^^^^^^^^^^^^^^^^^^^^^^^^^^^^^^^^^^^^^^^^^^^^^^^^^^^^^^^^^^^^^^^^^^^^^^^^
[WebServer] 3820 |  .nano-mesh-bg {
[WebServer] 3821 |    position: absolute;
[WebServer] [vite:css][postcss] @import must precede all other statements (besides @charset or empty @layer)
[WebServer] 3817 |    }
[WebServer] 3818 |  }
[WebServer] 3819 |  @import url('https://fonts.googleapis.com/css2?family=Space+Grotesk:wght@300;400;500;600;700&family=Inter:wght@300;40...
[WebServer]      |  ^^^^^^^^^^^^^^^^^^^^^^^^^^^^^^^^^^^^^^^^^^^^^^^^^^^^^^^^^^^^^^^^^^^^^^^^^^^^^^^^^^^^^^^^^^^^^^^^^^^^^^^^^^^^^^^^^^^^^^^^
[WebServer] 3820 |  .nano-mesh-bg {
[WebServer] 3821 |    position: absolute;
[WebServer] [vite:css][postcss] @import must precede all other statements (besides @charset or empty @layer)
[WebServer] 3817 |    }
[WebServer] 3818 |  }
[WebServer] 3819 |  @import url('https://fonts.googleapis.com/css2?family=Space+Grotesk:wght@300;400;500;600;700&family=Inter:wght@300;40...
[WebServer]      |  ^^^^^^^^^^^^^^^^^^^^^^^^^^^^^^^^^^^^^^^^^^^^^^^^^^^^^^^^^^^^^^^^^^^^^^^^^^^^^^^^^^^^^^^^^^^^^^^^^^^^^^^^^^^^^^^^^^^^^^^^
[WebServer] 3820 |  .nano-mesh-bg {
[WebServer] 3821 |    position: absolute;
[WebServer] [vite:css][postcss] @import must precede all other statements (besides @charset or empty @layer)
[WebServer] 3817 |    }
[WebServer] 3818 |  }
[WebServer] 3819 |  @import url('https://fonts.googleapis.com/css2?family=Space+Grotesk:wght@300;400;500;600;700&family=Inter:wght@300;40...
[WebServer]      |  ^^^^^^^^^^^^^^^^^^^^^^^^^^^^^^^^^^^^^^^^^^^^^^^^^^^^^^^^^^^^^^^^^^^^^^^^^^^^^^^^^^^^^^^^^^^^^^^^^^^^^^^^^^^^^^^^^^^^^^^^
[WebServer] 3820 |  .nano-mesh-bg {
[WebServer] 3821 |    position: absolute;
  Ô£ÿ   50 [chromium] ÔÇ║ e2e\app.spec.ts:412:5 ÔÇ║ History Page ÔÇ║ shows filter buttons: All, Applied, Reverted, Failed (9.3s)
[WebServer] [vite:css][postcss] @import must precede all other statements (besides @charset or empty @layer)
[WebServer] 3817 |    }
[WebServer] 3818 |  }
[WebServer] 3819 |  @import url('https://fonts.googleapis.com/css2?family=Space+Grotesk:wght@300;400;500;600;700&family=Inter:wght@300;40...
[WebServer]      |  ^^^^^^^^^^^^^^^^^^^^^^^^^^^^^^^^^^^^^^^^^^^^^^^^^^^^^^^^^^^^^^^^^^^^^^^^^^^^^^^^^^^^^^^^^^^^^^^^^^^^^^^^^^^^^^^^^^^^^^^^
[WebServer] 3820 |  .nano-mesh-bg {
[WebServer] 3821 |    position: absolute;
[WebServer] [vite:css][postcss] @import must precede all other statements (besides @charset or empty @layer)
[WebServer] 3817 |    }
[WebServer] 3818 |  }
[WebServer] 3819 |  @import url('https://fonts.googleapis.com/css2?family=Space+Grotesk:wght@300;400;500;600;700&family=Inter:wght@300;40...
[WebServer]      |  ^^^^^^^^^^^^^^^^^^^^^^^^^^^^^^^^^^^^^^^^^^^^^^^^^^^^^^^^^^^^^^^^^^^^^^^^^^^^^^^^^^^^^^^^^^^^^^^^^^^^^^^^^^^^^^^^^^^^^^^^
[WebServer] 3820 |  .nano-mesh-bg {
[WebServer] 3821 |    position: absolute;
[WebServer] [vite:css][postcss] @import must precede all other statements (besides @charset or empty @layer)
[WebServer] 3817 |    }
[WebServer] 3818 |  }
[WebServer] 3819 |  @import url('https://fonts.googleapis.com/css2?family=Space+Grotesk:wght@300;400;500;600;700&family=Inter:wght@300;40...
[WebServer]      |  ^^^^^^^^^^^^^^^^^^^^^^^^^^^^^^^^^^^^^^^^^^^^^^^^^^^^^^^^^^^^^^^^^^^^^^^^^^^^^^^^^^^^^^^^^^^^^^^^^^^^^^^^^^^^^^^^^^^^^^^^
[WebServer] 3820 |  .nano-mesh-bg {
[WebServer] 3821 |    position: absolute;
  Ô£ÿ   51 [chromium] ÔÇ║ e2e\app.spec.ts:407:5 ÔÇ║ History Page ÔÇ║ displays Tweak History heading (8.5s)
[WebServer] [vite:css][postcss] @import must precede all other statements (besides @charset or empty @layer)
[WebServer] 3817 |    }
[WebServer] 3818 |  }
[WebServer] 3819 |  @import url('https://fonts.googleapis.com/css2?family=Space+Grotesk:wght@300;400;500;600;700&family=Inter:wght@300;40...
[WebServer]      |  ^^^^^^^^^^^^^^^^^^^^^^^^^^^^^^^^^^^^^^^^^^^^^^^^^^^^^^^^^^^^^^^^^^^^^^^^^^^^^^^^^^^^^^^^^^^^^^^^^^^^^^^^^^^^^^^^^^^^^^^^
[WebServer] 3820 |  .nano-mesh-bg {
[WebServer] 3821 |    position: absolute;
[WebServer] [vite:css][postcss] @import must precede all other statements (besides @charset or empty @layer)
[WebServer] 3817 |    }
[WebServer] 3818 |  }
[WebServer] 3819 |  @import url('https://fonts.googleapis.com/css2?family=Space+Grotesk:wght@300;400;500;600;700&family=Inter:wght@300;40...
[WebServer]      |  ^^^^^^^^^^^^^^^^^^^^^^^^^^^^^^^^^^^^^^^^^^^^^^^^^^^^^^^^^^^^^^^^^^^^^^^^^^^^^^^^^^^^^^^^^^^^^^^^^^^^^^^^^^^^^^^^^^^^^^^^
[WebServer] 3820 |  .nano-mesh-bg {
[WebServer] 3821 |    position: absolute;
  Ô£ÿ   35 [chromium] ÔÇ║ e2e\app.spec.ts:246:5 ÔÇ║ AC-02: Risk Filter Chips ÔÇ║ filtering by Green shows only green tweaks (31.5s)
[WebServer] [vite:css][postcss] @import must precede all other statements (besides @charset or empty @layer)
[WebServer] 3817 |    }
[WebServer] 3818 |  }
[WebServer] 3819 |  @import url('https://fonts.googleapis.com/css2?family=Space+Grotesk:wght@300;400;500;600;700&family=Inter:wght@300;40...
[WebServer]      |  ^^^^^^^^^^^^^^^^^^^^^^^^^^^^^^^^^^^^^^^^^^^^^^^^^^^^^^^^^^^^^^^^^^^^^^^^^^^^^^^^^^^^^^^^^^^^^^^^^^^^^^^^^^^^^^^^^^^^^^^^
[WebServer] 3820 |  .nano-mesh-bg {
[WebServer] 3821 |    position: absolute;
[WebServer] [vite:css][postcss] @import must precede all other statements (besides @charset or empty @layer)
[WebServer] 3817 |    }
[WebServer] 3818 |  }
[WebServer] 3819 |  @import url('https://fonts.googleapis.com/css2?family=Space+Grotesk:wght@300;400;500;600;700&family=Inter:wght@300;40...
[WebServer]      |  ^^^^^^^^^^^^^^^^^^^^^^^^^^^^^^^^^^^^^^^^^^^^^^^^^^^^^^^^^^^^^^^^^^^^^^^^^^^^^^^^^^^^^^^^^^^^^^^^^^^^^^^^^^^^^^^^^^^^^^^^
[WebServer] 3820 |  .nano-mesh-bg {
[WebServer] 3821 |    position: absolute;
[WebServer] [vite:css][postcss] @import must precede all other statements (besides @charset or empty @layer)
[WebServer] 3817 |    }
[WebServer] 3818 |  }
[WebServer] 3819 |  @import url('https://fonts.googleapis.com/css2?family=Space+Grotesk:wght@300;400;500;600;700&family=Inter:wght@300;40...
[WebServer]      |  ^^^^^^^^^^^^^^^^^^^^^^^^^^^^^^^^^^^^^^^^^^^^^^^^^^^^^^^^^^^^^^^^^^^^^^^^^^^^^^^^^^^^^^^^^^^^^^^^^^^^^^^^^^^^^^^^^^^^^^^^
[WebServer] 3820 |  .nano-mesh-bg {
[WebServer] 3821 |    position: absolute;
[WebServer] [vite:css][postcss] @import must precede all other statements (besides @charset or empty @layer)
[WebServer] 3817 |    }
[WebServer] 3818 |  }
[WebServer] 3819 |  @import url('https://fonts.googleapis.com/css2?family=Space+Grotesk:wght@300;400;500;600;700&family=Inter:wght@300;40...
[WebServer]      |  ^^^^^^^^^^^^^^^^^^^^^^^^^^^^^^^^^^^^^^^^^^^^^^^^^^^^^^^^^^^^^^^^^^^^^^^^^^^^^^^^^^^^^^^^^^^^^^^^^^^^^^^^^^^^^^^^^^^^^^^^
[WebServer] 3820 |  .nano-mesh-bg {
[WebServer] 3821 |    position: absolute;
[WebServer] [vite:css][postcss] @import must precede all other statements (besides @charset or empty @layer)
[WebServer] 3817 |    }
[WebServer] 3818 |  }
[WebServer] 3819 |  @import url('https://fonts.googleapis.com/css2?family=Space+Grotesk:wght@300;400;500;600;700&family=Inter:wght@300;40...
[WebServer]      |  ^^^^^^^^^^^^^^^^^^^^^^^^^^^^^^^^^^^^^^^^^^^^^^^^^^^^^^^^^^^^^^^^^^^^^^^^^^^^^^^^^^^^^^^^^^^^^^^^^^^^^^^^^^^^^^^^^^^^^^^^
[WebServer] 3820 |  .nano-mesh-bg {
[WebServer] 3821 |    position: absolute;
  Ô£ÿ   53 [chromium] ÔÇ║ e2e\app.spec.ts:443:5 ÔÇ║ Profiles Page ÔÇ║ displays all 6 built-in profile cards (8.9s)
  Ô£ÿ   54 [chromium] ÔÇ║ e2e\app.spec.ts:428:5 ÔÇ║ History Page ÔÇ║ Clear button is present (8.9s)
[WebServer] [vite:css][postcss] @import must precede all other statements (besides @charset or empty @layer)
[WebServer] 3817 |    }
[WebServer] 3818 |  }
[WebServer] 3819 |  @import url('https://fonts.googleapis.com/css2?family=Space+Grotesk:wght@300;400;500;600;700&family=Inter:wght@300;40...
[WebServer]      |  ^^^^^^^^^^^^^^^^^^^^^^^^^^^^^^^^^^^^^^^^^^^^^^^^^^^^^^^^^^^^^^^^^^^^^^^^^^^^^^^^^^^^^^^^^^^^^^^^^^^^^^^^^^^^^^^^^^^^^^^^
[WebServer] 3820 |  .nano-mesh-bg {
[WebServer] 3821 |    position: absolute;
[WebServer] [vite:css][postcss] @import must precede all other statements (besides @charset or empty @layer)
[WebServer] 3817 |    }
[WebServer] 3818 |  }
[WebServer] 3819 |  @import url('https://fonts.googleapis.com/css2?family=Space+Grotesk:wght@300;400;500;600;700&family=Inter:wght@300;40...
[WebServer]      |  ^^^^^^^^^^^^^^^^^^^^^^^^^^^^^^^^^^^^^^^^^^^^^^^^^^^^^^^^^^^^^^^^^^^^^^^^^^^^^^^^^^^^^^^^^^^^^^^^^^^^^^^^^^^^^^^^^^^^^^^^
[WebServer] 3820 |  .nano-mesh-bg {
[WebServer] 3821 |    position: absolute;
[WebServer] [vite:css][postcss] @import must precede all other statements (besides @charset or empty @layer)
[WebServer] 3817 |    }
[WebServer] 3818 |  }
[WebServer] 3819 |  @import url('https://fonts.googleapis.com/css2?family=Space+Grotesk:wght@300;400;500;600;700&family=Inter:wght@300;40...
[WebServer]      |  ^^^^^^^^^^^^^^^^^^^^^^^^^^^^^^^^^^^^^^^^^^^^^^^^^^^^^^^^^^^^^^^^^^^^^^^^^^^^^^^^^^^^^^^^^^^^^^^^^^^^^^^^^^^^^^^^^^^^^^^^
[WebServer] 3820 |  .nano-mesh-bg {
[WebServer] 3821 |    position: absolute;
[WebServer] [vite:css][postcss] @import must precede all other statements (besides @charset or empty @layer)
[WebServer] 3817 |    }
[WebServer] 3818 |  }
[WebServer] 3819 |  @import url('https://fonts.googleapis.com/css2?family=Space+Grotesk:wght@300;400;500;600;700&family=Inter:wght@300;40...
[WebServer]      |  ^^^^^^^^^^^^^^^^^^^^^^^^^^^^^^^^^^^^^^^^^^^^^^^^^^^^^^^^^^^^^^^^^^^^^^^^^^^^^^^^^^^^^^^^^^^^^^^^^^^^^^^^^^^^^^^^^^^^^^^^
[WebServer] 3820 |  .nano-mesh-bg {
[WebServer] 3821 |    position: absolute;
[WebServer] [vite:css][postcss] @import must precede all other statements (besides @charset or empty @layer)
[WebServer] 3817 |    }
[WebServer] 3818 |  }
[WebServer] 3819 |  @import url('https://fonts.googleapis.com/css2?family=Space+Grotesk:wght@300;400;500;600;700&family=Inter:wght@300;40...
[WebServer]      |  ^^^^^^^^^^^^^^^^^^^^^^^^^^^^^^^^^^^^^^^^^^^^^^^^^^^^^^^^^^^^^^^^^^^^^^^^^^^^^^^^^^^^^^^^^^^^^^^^^^^^^^^^^^^^^^^^^^^^^^^^
[WebServer] 3820 |  .nano-mesh-bg {
[WebServer] 3821 |    position: absolute;
[WebServer] [vite:css][postcss] @import must precede all other statements (besides @charset or empty @layer)
[WebServer] 3817 |    }
[WebServer] 3818 |  }
[WebServer] 3819 |  @import url('https://fonts.googleapis.com/css2?family=Space+Grotesk:wght@300;400;500;600;700&family=Inter:wght@300;40...
[WebServer]      |  ^^^^^^^^^^^^^^^^^^^^^^^^^^^^^^^^^^^^^^^^^^^^^^^^^^^^^^^^^^^^^^^^^^^^^^^^^^^^^^^^^^^^^^^^^^^^^^^^^^^^^^^^^^^^^^^^^^^^^^^^
[WebServer] 3820 |  .nano-mesh-bg {
[WebServer] 3821 |    position: absolute;
  Ô£ÿ   55 [chromium] ÔÇ║ e2e\app.spec.ts:450:5 ÔÇ║ Profiles Page ÔÇ║ profile cards show tweak counts (10.1s)
[WebServer] [vite:css][postcss] @import must precede all other statements (besides @charset or empty @layer)
[WebServer] 3817 |    }
[WebServer] 3818 |  }
[WebServer] 3819 |  @import url('https://fonts.googleapis.com/css2?family=Space+Grotesk:wght@300;400;500;600;700&family=Inter:wght@300;40...
[WebServer]      |  ^^^^^^^^^^^^^^^^^^^^^^^^^^^^^^^^^^^^^^^^^^^^^^^^^^^^^^^^^^^^^^^^^^^^^^^^^^^^^^^^^^^^^^^^^^^^^^^^^^^^^^^^^^^^^^^^^^^^^^^^
[WebServer] 3820 |  .nano-mesh-bg {
[WebServer] 3821 |    position: absolute;
[WebServer] [vite:css][postcss] @import must precede all other statements (besides @charset or empty @layer)
[WebServer] 3817 |    }
[WebServer] 3818 |  }
[WebServer] 3819 |  @import url('https://fonts.googleapis.com/css2?family=Space+Grotesk:wght@300;400;500;600;700&family=Inter:wght@300;40...
[WebServer]      |  ^^^^^^^^^^^^^^^^^^^^^^^^^^^^^^^^^^^^^^^^^^^^^^^^^^^^^^^^^^^^^^^^^^^^^^^^^^^^^^^^^^^^^^^^^^^^^^^^^^^^^^^^^^^^^^^^^^^^^^^^
[WebServer] 3820 |  .nano-mesh-bg {
[WebServer] 3821 |    position: absolute;
  Ô£ô   58 [chromium] ÔÇ║ e2e\app.spec.ts:480:5 ÔÇ║ Process Manager Page ÔÇ║ displays Process Manager heading (3.9s)
[WebServer] [vite:css][postcss] @import must precede all other statements (besides @charset or empty @layer)
[WebServer] 3817 |    }
[WebServer] 3818 |  }
[WebServer] 3819 |  @import url('https://fonts.googleapis.com/css2?family=Space+Grotesk:wght@300;400;500;600;700&family=Inter:wght@300;40...
[WebServer]      |  ^^^^^^^^^^^^^^^^^^^^^^^^^^^^^^^^^^^^^^^^^^^^^^^^^^^^^^^^^^^^^^^^^^^^^^^^^^^^^^^^^^^^^^^^^^^^^^^^^^^^^^^^^^^^^^^^^^^^^^^^
[WebServer] 3820 |  .nano-mesh-bg {
[WebServer] 3821 |    position: absolute;
  Ô£ÿ   60 [chromium] ÔÇ║ e2e\app.spec.ts:491:5 ÔÇ║ Process Manager Page ÔÇ║ shows sortable column headers (3.0s)
[WebServer] [vite:css][postcss] @import must precede all other statements (besides @charset or empty @layer)
[WebServer] 3817 |    }
[WebServer] 3818 |  }
[WebServer] 3819 |  @import url('https://fonts.googleapis.com/css2?family=Space+Grotesk:wght@300;400;500;600;700&family=Inter:wght@300;40...
[WebServer]      |  ^^^^^^^^^^^^^^^^^^^^^^^^^^^^^^^^^^^^^^^^^^^^^^^^^^^^^^^^^^^^^^^^^^^^^^^^^^^^^^^^^^^^^^^^^^^^^^^^^^^^^^^^^^^^^^^^^^^^^^^^
[WebServer] 3820 |  .nano-mesh-bg {
[WebServer] 3821 |    position: absolute;
[WebServer] [vite:css][postcss] @import must precede all other statements (besides @charset or empty @layer)
[WebServer] 3817 |    }
[WebServer] 3818 |  }
[WebServer] 3819 |  @import url('https://fonts.googleapis.com/css2?family=Space+Grotesk:wght@300;400;500;600;700&family=Inter:wght@300;40...
[WebServer]      |  ^^^^^^^^^^^^^^^^^^^^^^^^^^^^^^^^^^^^^^^^^^^^^^^^^^^^^^^^^^^^^^^^^^^^^^^^^^^^^^^^^^^^^^^^^^^^^^^^^^^^^^^^^^^^^^^^^^^^^^^^
[WebServer] 3820 |  .nano-mesh-bg {
[WebServer] 3821 |    position: absolute;
[WebServer] [vite:css][postcss] @import must precede all other statements (besides @charset or empty @layer)
[WebServer] 3817 |    }
[WebServer] 3818 |  }
[WebServer] 3819 |  @import url('https://fonts.googleapis.com/css2?family=Space+Grotesk:wght@300;400;500;600;700&family=Inter:wght@300;40...
[WebServer]      |  ^^^^^^^^^^^^^^^^^^^^^^^^^^^^^^^^^^^^^^^^^^^^^^^^^^^^^^^^^^^^^^^^^^^^^^^^^^^^^^^^^^^^^^^^^^^^^^^^^^^^^^^^^^^^^^^^^^^^^^^^
[WebServer] 3820 |  .nano-mesh-bg {
[WebServer] 3821 |    position: absolute;
  Ô£ô   62 [chromium] ÔÇ║ e2e\app.spec.ts:528:5 ÔÇ║ Startup Manager Page ÔÇ║ shows refresh button (2.7s)
[WebServer] [vite:css][postcss] @import must precede all other statements (besides @charset or empty @layer)
[WebServer] 3817 |    }
[WebServer] 3818 |  }
[WebServer] 3819 |  @import url('https://fonts.googleapis.com/css2?family=Space+Grotesk:wght@300;400;500;600;700&family=Inter:wght@300;40...
[WebServer]      |  ^^^^^^^^^^^^^^^^^^^^^^^^^^^^^^^^^^^^^^^^^^^^^^^^^^^^^^^^^^^^^^^^^^^^^^^^^^^^^^^^^^^^^^^^^^^^^^^^^^^^^^^^^^^^^^^^^^^^^^^^
[WebServer] 3820 |  .nano-mesh-bg {
[WebServer] 3821 |    position: absolute;
  Ô£ô   61 [chromium] ÔÇ║ e2e\app.spec.ts:498:5 ÔÇ║ Process Manager Page ÔÇ║ search filter works (2.8s)
[WebServer] [vite:css][postcss] @import must precede all other statements (besides @charset or empty @layer)
[WebServer] 3817 |    }
[WebServer] 3818 |  }
[WebServer] 3819 |  @import url('https://fonts.googleapis.com/css2?family=Space+Grotesk:wght@300;400;500;600;700&family=Inter:wght@300;40...
[WebServer]      |  ^^^^^^^^^^^^^^^^^^^^^^^^^^^^^^^^^^^^^^^^^^^^^^^^^^^^^^^^^^^^^^^^^^^^^^^^^^^^^^^^^^^^^^^^^^^^^^^^^^^^^^^^^^^^^^^^^^^^^^^^
[WebServer] 3820 |  .nano-mesh-bg {
[WebServer] 3821 |    position: absolute;
  Ô£ÿ   63 [chromium] ÔÇ║ e2e\app.spec.ts:503:5 ÔÇ║ Process Manager Page ÔÇ║ shows process list or loading state (2.8s)
[WebServer] [vite:css][postcss] @import must precede all other statements (besides @charset or empty @layer)
[WebServer] 3817 |    }
[WebServer] 3818 |  }
[WebServer] 3819 |  @import url('https://fonts.googleapis.com/css2?family=Space+Grotesk:wght@300;400;500;600;700&family=Inter:wght@300;40...
[WebServer]      |  ^^^^^^^^^^^^^^^^^^^^^^^^^^^^^^^^^^^^^^^^^^^^^^^^^^^^^^^^^^^^^^^^^^^^^^^^^^^^^^^^^^^^^^^^^^^^^^^^^^^^^^^^^^^^^^^^^^^^^^^^
[WebServer] 3820 |  .nano-mesh-bg {
[WebServer] 3821 |    position: absolute;
[WebServer] [vite:css][postcss] @import must precede all other statements (besides @charset or empty @layer)
[WebServer] 3817 |    }
[WebServer] 3818 |  }
[WebServer] 3819 |  @import url('https://fonts.googleapis.com/css2?family=Space+Grotesk:wght@300;400;500;600;700&family=Inter:wght@300;40...
[WebServer]      |  ^^^^^^^^^^^^^^^^^^^^^^^^^^^^^^^^^^^^^^^^^^^^^^^^^^^^^^^^^^^^^^^^^^^^^^^^^^^^^^^^^^^^^^^^^^^^^^^^^^^^^^^^^^^^^^^^^^^^^^^^
[WebServer] 3820 |  .nano-mesh-bg {
[WebServer] 3821 |    position: absolute;
[WebServer] [vite:css][postcss] @import must precede all other statements (besides @charset or empty @layer)
[WebServer] 3817 |    }
[WebServer] 3818 |  }
[WebServer] 3819 |  @import url('https://fonts.googleapis.com/css2?family=Space+Grotesk:wght@300;400;500;600;700&family=Inter:wght@300;40...
[WebServer]      |  ^^^^^^^^^^^^^^^^^^^^^^^^^^^^^^^^^^^^^^^^^^^^^^^^^^^^^^^^^^^^^^^^^^^^^^^^^^^^^^^^^^^^^^^^^^^^^^^^^^^^^^^^^^^^^^^^^^^^^^^^
[WebServer] 3820 |  .nano-mesh-bg {
[WebServer] 3821 |    position: absolute;
[WebServer] [vite:css][postcss] @import must precede all other statements (besides @charset or empty @layer)
[WebServer] 3817 |    }
[WebServer] 3818 |  }
[WebServer] 3819 |  @import url('https://fonts.googleapis.com/css2?family=Space+Grotesk:wght@300;400;500;600;700&family=Inter:wght@300;40...
[WebServer]      |  ^^^^^^^^^^^^^^^^^^^^^^^^^^^^^^^^^^^^^^^^^^^^^^^^^^^^^^^^^^^^^^^^^^^^^^^^^^^^^^^^^^^^^^^^^^^^^^^^^^^^^^^^^^^^^^^^^^^^^^^^
[WebServer] 3820 |  .nano-mesh-bg {
[WebServer] 3821 |    position: absolute;
[WebServer] [vite:css][postcss] @import must precede all other statements (besides @charset or empty @layer)
[WebServer] 3817 |    }
[WebServer] 3818 |  }
[WebServer] 3819 |  @import url('https://fonts.googleapis.com/css2?family=Space+Grotesk:wght@300;400;500;600;700&family=Inter:wght@300;40...
[WebServer]      |  ^^^^^^^^^^^^^^^^^^^^^^^^^^^^^^^^^^^^^^^^^^^^^^^^^^^^^^^^^^^^^^^^^^^^^^^^^^^^^^^^^^^^^^^^^^^^^^^^^^^^^^^^^^^^^^^^^^^^^^^^
[WebServer] 3820 |  .nano-mesh-bg {
[WebServer] 3821 |    position: absolute;
[WebServer] [vite:css][postcss] @import must precede all other statements (besides @charset or empty @layer)
[WebServer] 3817 |    }
[WebServer] 3818 |  }
[WebServer] 3819 |  @import url('https://fonts.googleapis.com/css2?family=Space+Grotesk:wght@300;400;500;600;700&family=Inter:wght@300;40...
[WebServer]      |  ^^^^^^^^^^^^^^^^^^^^^^^^^^^^^^^^^^^^^^^^^^^^^^^^^^^^^^^^^^^^^^^^^^^^^^^^^^^^^^^^^^^^^^^^^^^^^^^^^^^^^^^^^^^^^^^^^^^^^^^^
[WebServer] 3820 |  .nano-mesh-bg {
[WebServer] 3821 |    position: absolute;
[WebServer] [vite:css][postcss] @import must precede all other statements (besides @charset or empty @layer)
[WebServer] 3817 |    }
[WebServer] 3818 |  }
[WebServer] 3819 |  @import url('https://fonts.googleapis.com/css2?family=Space+Grotesk:wght@300;400;500;600;700&family=Inter:wght@300;40...
[WebServer]      |  ^^^^^^^^^^^^^^^^^^^^^^^^^^^^^^^^^^^^^^^^^^^^^^^^^^^^^^^^^^^^^^^^^^^^^^^^^^^^^^^^^^^^^^^^^^^^^^^^^^^^^^^^^^^^^^^^^^^^^^^^
[WebServer] 3820 |  .nano-mesh-bg {
[WebServer] 3821 |    position: absolute;
  Ô£ô   67 [chromium] ÔÇ║ e2e\app.spec.ts:559:5 ÔÇ║ Storage Optimizer Page ÔÇ║ displays Storage Optimizer heading (2.9s)
[WebServer] [vite:css][postcss] @import must precede all other statements (besides @charset or empty @layer)
[WebServer] 3817 |    }
[WebServer] 3818 |  }
[WebServer] 3819 |  @import url('https://fonts.googleapis.com/css2?family=Space+Grotesk:wght@300;400;500;600;700&family=Inter:wght@300;40...
[WebServer]      |  ^^^^^^^^^^^^^^^^^^^^^^^^^^^^^^^^^^^^^^^^^^^^^^^^^^^^^^^^^^^^^^^^^^^^^^^^^^^^^^^^^^^^^^^^^^^^^^^^^^^^^^^^^^^^^^^^^^^^^^^^
[WebServer] 3820 |  .nano-mesh-bg {
[WebServer] 3821 |    position: absolute;
  Ô£ô   64 [chromium] ÔÇ║ e2e\app.spec.ts:523:5 ÔÇ║ Startup Manager Page ÔÇ║ displays Startup Manager heading (4.4s)
  Ô£ÿ   66 [chromium] ÔÇ║ e2e\app.spec.ts:538:5 ÔÇ║ Startup Manager Page ÔÇ║ shows items count or loading state (3.4s)
[WebServer] [vite:css][postcss] @import must precede all other statements (besides @charset or empty @layer)
[WebServer] 3817 |    }
[WebServer] 3818 |  }
[WebServer] 3819 |  @import url('https://fonts.googleapis.com/css2?family=Space+Grotesk:wght@300;400;500;600;700&family=Inter:wght@300;40...
[WebServer]      |  ^^^^^^^^^^^^^^^^^^^^^^^^^^^^^^^^^^^^^^^^^^^^^^^^^^^^^^^^^^^^^^^^^^^^^^^^^^^^^^^^^^^^^^^^^^^^^^^^^^^^^^^^^^^^^^^^^^^^^^^^
[WebServer] 3820 |  .nano-mesh-bg {
[WebServer] 3821 |    position: absolute;
[WebServer] [vite:css][postcss] @import must precede all other statements (besides @charset or empty @layer)
[WebServer] 3817 |    }
[WebServer] 3818 |  }
[WebServer] 3819 |  @import url('https://fonts.googleapis.com/css2?family=Space+Grotesk:wght@300;400;500;600;700&family=Inter:wght@300;40...
[WebServer]      |  ^^^^^^^^^^^^^^^^^^^^^^^^^^^^^^^^^^^^^^^^^^^^^^^^^^^^^^^^^^^^^^^^^^^^^^^^^^^^^^^^^^^^^^^^^^^^^^^^^^^^^^^^^^^^^^^^^^^^^^^^
[WebServer] 3820 |  .nano-mesh-bg {
[WebServer] 3821 |    position: absolute;
  Ô£ô   65 [chromium] ÔÇ║ e2e\app.spec.ts:532:5 ÔÇ║ Startup Manager Page ÔÇ║ has search input (3.9s)
[WebServer] [vite:css][postcss] @import must precede all other statements (besides @charset or empty @layer)
[WebServer] 3817 |    }
[WebServer] 3818 |  }
[WebServer] 3819 |  @import url('https://fonts.googleapis.com/css2?family=Space+Grotesk:wght@300;400;500;600;700&family=Inter:wght@300;40...
[WebServer]      |  ^^^^^^^^^^^^^^^^^^^^^^^^^^^^^^^^^^^^^^^^^^^^^^^^^^^^^^^^^^^^^^^^^^^^^^^^^^^^^^^^^^^^^^^^^^^^^^^^^^^^^^^^^^^^^^^^^^^^^^^^
[WebServer] 3820 |  .nano-mesh-bg {
[WebServer] 3821 |    position: absolute;
[WebServer] [vite:css][postcss] @import must precede all other statements (besides @charset or empty @layer)
[WebServer] 3817 |    }
[WebServer] 3818 |  }
[WebServer] 3819 |  @import url('https://fonts.googleapis.com/css2?family=Space+Grotesk:wght@300;400;500;600;700&family=Inter:wght@300;40...
[WebServer]      |  ^^^^^^^^^^^^^^^^^^^^^^^^^^^^^^^^^^^^^^^^^^^^^^^^^^^^^^^^^^^^^^^^^^^^^^^^^^^^^^^^^^^^^^^^^^^^^^^^^^^^^^^^^^^^^^^^^^^^^^^^
[WebServer] 3820 |  .nano-mesh-bg {
[WebServer] 3821 |    position: absolute;
[WebServer] [vite:css][postcss] @import must precede all other statements (besides @charset or empty @layer)
[WebServer] 3817 |    }
[WebServer] 3818 |  }
[WebServer] 3819 |  @import url('https://fonts.googleapis.com/css2?family=Space+Grotesk:wght@300;400;500;600;700&family=Inter:wght@300;40...
[WebServer]      |  ^^^^^^^^^^^^^^^^^^^^^^^^^^^^^^^^^^^^^^^^^^^^^^^^^^^^^^^^^^^^^^^^^^^^^^^^^^^^^^^^^^^^^^^^^^^^^^^^^^^^^^^^^^^^^^^^^^^^^^^^
[WebServer] 3820 |  .nano-mesh-bg {
[WebServer] 3821 |    position: absolute;
  Ô£ô   68 [chromium] ÔÇ║ e2e\app.spec.ts:568:5 ÔÇ║ Storage Optimizer Page ÔÇ║ has Rescan and Clean Selected buttons (3.0s)
[WebServer] [vite:css][postcss] @import must precede all other statements (besides @charset or empty @layer)
[WebServer] 3817 |    }
[WebServer] 3818 |  }
[WebServer] 3819 |  @import url('https://fonts.googleapis.com/css2?family=Space+Grotesk:wght@300;400;500;600;700&family=Inter:wght@300;40...
[WebServer]      |  ^^^^^^^^^^^^^^^^^^^^^^^^^^^^^^^^^^^^^^^^^^^^^^^^^^^^^^^^^^^^^^^^^^^^^^^^^^^^^^^^^^^^^^^^^^^^^^^^^^^^^^^^^^^^^^^^^^^^^^^^
[WebServer] 3820 |  .nano-mesh-bg {
[WebServer] 3821 |    position: absolute;
[WebServer] [vite:css][postcss] @import must precede all other statements (besides @charset or empty @layer)
[WebServer] 3817 |    }
[WebServer] 3818 |  }
[WebServer] 3819 |  @import url('https://fonts.googleapis.com/css2?family=Space+Grotesk:wght@300;400;500;600;700&family=Inter:wght@300;40...
[WebServer]      |  ^^^^^^^^^^^^^^^^^^^^^^^^^^^^^^^^^^^^^^^^^^^^^^^^^^^^^^^^^^^^^^^^^^^^^^^^^^^^^^^^^^^^^^^^^^^^^^^^^^^^^^^^^^^^^^^^^^^^^^^^
[WebServer] 3820 |  .nano-mesh-bg {
[WebServer] 3821 |    position: absolute;
  Ô£ô   70 [chromium] ÔÇ║ e2e\app.spec.ts:573:5 ÔÇ║ Storage Optimizer Page ÔÇ║ shows categories or scanning/clean state (3.1s)
  Ô£ô   71 [chromium] ÔÇ║ e2e\app.spec.ts:599:5 ÔÇ║ Network Analyzer Page ÔÇ║ shows Latency Test panel with ping input (2.9s)
  Ô£ÿ   59 [chromium] ÔÇ║ e2e\app.spec.ts:485:5 ÔÇ║ Process Manager Page ÔÇ║ shows stat cards: Total Processes, Used by Processes, Total User CPU (13.2s)
[WebServer] [vite:css][postcss] @import must precede all other statements (besides @charset or empty @layer)
[WebServer] 3817 |    }
[WebServer] 3818 |  }
[WebServer] 3819 |  @import url('https://fonts.googleapis.com/css2?family=Space+Grotesk:wght@300;400;500;600;700&family=Inter:wght@300;40...
[WebServer]      |  ^^^^^^^^^^^^^^^^^^^^^^^^^^^^^^^^^^^^^^^^^^^^^^^^^^^^^^^^^^^^^^^^^^^^^^^^^^^^^^^^^^^^^^^^^^^^^^^^^^^^^^^^^^^^^^^^^^^^^^^^
[WebServer] 3820 |  .nano-mesh-bg {
[WebServer] 3821 |    position: absolute;
[WebServer] [vite:css][postcss] @import must precede all other statements (besides @charset or empty @layer)
[WebServer] 3817 |    }
[WebServer] 3818 |  }
[WebServer] 3819 |  @import url('https://fonts.googleapis.com/css2?family=Space+Grotesk:wght@300;400;500;600;700&family=Inter:wght@300;40...
[WebServer]      |  ^^^^^^^^^^^^^^^^^^^^^^^^^^^^^^^^^^^^^^^^^^^^^^^^^^^^^^^^^^^^^^^^^^^^^^^^^^^^^^^^^^^^^^^^^^^^^^^^^^^^^^^^^^^^^^^^^^^^^^^^
[WebServer] 3820 |  .nano-mesh-bg {
[WebServer] 3821 |    position: absolute;
[WebServer] [vite:css][postcss] @import must precede all other statements (besides @charset or empty @layer)
[WebServer] 3817 |    }
[WebServer] 3818 |  }
[WebServer] 3819 |  @import url('https://fonts.googleapis.com/css2?family=Space+Grotesk:wght@300;400;500;600;700&family=Inter:wght@300;40...
[WebServer]      |  ^^^^^^^^^^^^^^^^^^^^^^^^^^^^^^^^^^^^^^^^^^^^^^^^^^^^^^^^^^^^^^^^^^^^^^^^^^^^^^^^^^^^^^^^^^^^^^^^^^^^^^^^^^^^^^^^^^^^^^^^
[WebServer] 3820 |  .nano-mesh-bg {
[WebServer] 3821 |    position: absolute;
[WebServer] [vite:css][postcss] @import must precede all other statements (besides @charset or empty @layer)
[WebServer] 3817 |    }
[WebServer] 3818 |  }
[WebServer] 3819 |  @import url('https://fonts.googleapis.com/css2?family=Space+Grotesk:wght@300;400;500;600;700&family=Inter:wght@300;40...
[WebServer]      |  ^^^^^^^^^^^^^^^^^^^^^^^^^^^^^^^^^^^^^^^^^^^^^^^^^^^^^^^^^^^^^^^^^^^^^^^^^^^^^^^^^^^^^^^^^^^^^^^^^^^^^^^^^^^^^^^^^^^^^^^^
[WebServer] 3820 |  .nano-mesh-bg {
[WebServer] 3821 |    position: absolute;
[WebServer] [vite:css][postcss] @import must precede all other statements (besides @charset or empty @layer)
[WebServer] 3817 |    }
[WebServer] 3818 |  }
[WebServer] 3819 |  @import url('https://fonts.googleapis.com/css2?family=Space+Grotesk:wght@300;400;500;600;700&family=Inter:wght@300;40...
[WebServer]      |  ^^^^^^^^^^^^^^^^^^^^^^^^^^^^^^^^^^^^^^^^^^^^^^^^^^^^^^^^^^^^^^^^^^^^^^^^^^^^^^^^^^^^^^^^^^^^^^^^^^^^^^^^^^^^^^^^^^^^^^^^
[WebServer] 3820 |  .nano-mesh-bg {
[WebServer] 3821 |    position: absolute;
[WebServer] [vite:css][postcss] @import must precede all other statements (besides @charset or empty @layer)
[WebServer] 3817 |    }
[WebServer] 3818 |  }
[WebServer] 3819 |  @import url('https://fonts.googleapis.com/css2?family=Space+Grotesk:wght@300;400;500;600;700&family=Inter:wght@300;40...
[WebServer]      |  ^^^^^^^^^^^^^^^^^^^^^^^^^^^^^^^^^^^^^^^^^^^^^^^^^^^^^^^^^^^^^^^^^^^^^^^^^^^^^^^^^^^^^^^^^^^^^^^^^^^^^^^^^^^^^^^^^^^^^^^^
[WebServer] 3820 |  .nano-mesh-bg {
[WebServer] 3821 |    position: absolute;
[WebServer] [vite:css][postcss] @import must precede all other statements (besides @charset or empty @layer)
[WebServer] 3817 |    }
[WebServer] 3818 |  }
[WebServer] 3819 |  @import url('https://fonts.googleapis.com/css2?family=Space+Grotesk:wght@300;400;500;600;700&family=Inter:wght@300;40...
[WebServer]      |  ^^^^^^^^^^^^^^^^^^^^^^^^^^^^^^^^^^^^^^^^^^^^^^^^^^^^^^^^^^^^^^^^^^^^^^^^^^^^^^^^^^^^^^^^^^^^^^^^^^^^^^^^^^^^^^^^^^^^^^^^
[WebServer] 3820 |  .nano-mesh-bg {
[WebServer] 3821 |    position: absolute;
[WebServer] [vite:css][postcss] @import must precede all other statements (besides @charset or empty @layer)
[WebServer] 3817 |    }
[WebServer] 3818 |  }
[WebServer] 3819 |  @import url('https://fonts.googleapis.com/css2?family=Space+Grotesk:wght@300;400;500;600;700&family=Inter:wght@300;40...
[WebServer]      |  ^^^^^^^^^^^^^^^^^^^^^^^^^^^^^^^^^^^^^^^^^^^^^^^^^^^^^^^^^^^^^^^^^^^^^^^^^^^^^^^^^^^^^^^^^^^^^^^^^^^^^^^^^^^^^^^^^^^^^^^^
[WebServer] 3820 |  .nano-mesh-bg {
[WebServer] 3821 |    position: absolute;
[WebServer] [vite:css][postcss] @import must precede all other statements (besides @charset or empty @layer)
[WebServer] 3817 |    }
[WebServer] 3818 |  }
[WebServer] 3819 |  @import url('https://fonts.googleapis.com/css2?family=Space+Grotesk:wght@300;400;500;600;700&family=Inter:wght@300;40...
[WebServer]      |  ^^^^^^^^^^^^^^^^^^^^^^^^^^^^^^^^^^^^^^^^^^^^^^^^^^^^^^^^^^^^^^^^^^^^^^^^^^^^^^^^^^^^^^^^^^^^^^^^^^^^^^^^^^^^^^^^^^^^^^^^
[WebServer] 3820 |  .nano-mesh-bg {
[WebServer] 3821 |    position: absolute;
  Ô£ô   73 [chromium] ÔÇ║ e2e\app.spec.ts:594:5 ÔÇ║ Network Analyzer Page ÔÇ║ displays Network Analyzer heading (4.0s)
[WebServer] [vite:css][postcss] @import must precede all other statements (besides @charset or empty @layer)
[WebServer] 3817 |    }
[WebServer] 3818 |  }
[WebServer] 3819 |  @import url('https://fonts.googleapis.com/css2?family=Space+Grotesk:wght@300;400;500;600;700&family=Inter:wght@300;40...
[WebServer]      |  ^^^^^^^^^^^^^^^^^^^^^^^^^^^^^^^^^^^^^^^^^^^^^^^^^^^^^^^^^^^^^^^^^^^^^^^^^^^^^^^^^^^^^^^^^^^^^^^^^^^^^^^^^^^^^^^^^^^^^^^^
[WebServer] 3820 |  .nano-mesh-bg {
[WebServer] 3821 |    position: absolute;
[WebServer] [vite:css][postcss] @import must precede all other statements (besides @charset or empty @layer)
[WebServer] 3817 |    }
[WebServer] 3818 |  }
[WebServer] 3819 |  @import url('https://fonts.googleapis.com/css2?family=Space+Grotesk:wght@300;400;500;600;700&family=Inter:wght@300;40...
[WebServer]      |  ^^^^^^^^^^^^^^^^^^^^^^^^^^^^^^^^^^^^^^^^^^^^^^^^^^^^^^^^^^^^^^^^^^^^^^^^^^^^^^^^^^^^^^^^^^^^^^^^^^^^^^^^^^^^^^^^^^^^^^^^
[WebServer] 3820 |  .nano-mesh-bg {
[WebServer] 3821 |    position: absolute;
  Ô£ÿ   75 [chromium] ÔÇ║ e2e\app.spec.ts:613:5 ÔÇ║ Network Analyzer Page ÔÇ║ adapters show IP and MAC info or loading/empty state (4.3s)
[WebServer] [vite:css][postcss] @import must precede all other statements (besides @charset or empty @layer)
[WebServer] 3817 |    }
[WebServer] 3818 |  }
[WebServer] 3819 |  @import url('https://fonts.googleapis.com/css2?family=Space+Grotesk:wght@300;400;500;600;700&family=Inter:wght@300;40...
[WebServer]      |  ^^^^^^^^^^^^^^^^^^^^^^^^^^^^^^^^^^^^^^^^^^^^^^^^^^^^^^^^^^^^^^^^^^^^^^^^^^^^^^^^^^^^^^^^^^^^^^^^^^^^^^^^^^^^^^^^^^^^^^^^
[WebServer] 3820 |  .nano-mesh-bg {
[WebServer] 3821 |    position: absolute;
[WebServer] [vite:css][postcss] @import must precede all other statements (besides @charset or empty @layer)
[WebServer] 3817 |    }
[WebServer] 3818 |  }
[WebServer] 3819 |  @import url('https://fonts.googleapis.com/css2?family=Space+Grotesk:wght@300;400;500;600;700&family=Inter:wght@300;40...
[WebServer]      |  ^^^^^^^^^^^^^^^^^^^^^^^^^^^^^^^^^^^^^^^^^^^^^^^^^^^^^^^^^^^^^^^^^^^^^^^^^^^^^^^^^^^^^^^^^^^^^^^^^^^^^^^^^^^^^^^^^^^^^^^^
[WebServer] 3820 |  .nano-mesh-bg {
[WebServer] 3821 |    position: absolute;
[WebServer] [vite:css][postcss] @import must precede all other statements (besides @charset or empty @layer)
[WebServer] 3817 |    }
[WebServer] 3818 |  }
[WebServer] 3819 |  @import url('https://fonts.googleapis.com/css2?family=Space+Grotesk:wght@300;400;500;600;700&family=Inter:wght@300;40...
[WebServer]      |  ^^^^^^^^^^^^^^^^^^^^^^^^^^^^^^^^^^^^^^^^^^^^^^^^^^^^^^^^^^^^^^^^^^^^^^^^^^^^^^^^^^^^^^^^^^^^^^^^^^^^^^^^^^^^^^^^^^^^^^^^
[WebServer] 3820 |  .nano-mesh-bg {
[WebServer] 3821 |    position: absolute;
[WebServer] [vite:css][postcss] @import must precede all other statements (besides @charset or empty @layer)
[WebServer] 3817 |    }
[WebServer] 3818 |  }
[WebServer] 3819 |  @import url('https://fonts.googleapis.com/css2?family=Space+Grotesk:wght@300;400;500;600;700&family=Inter:wght@300;40...
[WebServer]      |  ^^^^^^^^^^^^^^^^^^^^^^^^^^^^^^^^^^^^^^^^^^^^^^^^^^^^^^^^^^^^^^^^^^^^^^^^^^^^^^^^^^^^^^^^^^^^^^^^^^^^^^^^^^^^^^^^^^^^^^^^
[WebServer] 3820 |  .nano-mesh-bg {
[WebServer] 3821 |    position: absolute;
[WebServer] [vite:css][postcss] @import must precede all other statements (besides @charset or empty @layer)
[WebServer] 3817 |    }
[WebServer] 3818 |  }
[WebServer] 3819 |  @import url('https://fonts.googleapis.com/css2?family=Space+Grotesk:wght@300;400;500;600;700&family=Inter:wght@300;40...
[WebServer]      |  ^^^^^^^^^^^^^^^^^^^^^^^^^^^^^^^^^^^^^^^^^^^^^^^^^^^^^^^^^^^^^^^^^^^^^^^^^^^^^^^^^^^^^^^^^^^^^^^^^^^^^^^^^^^^^^^^^^^^^^^^
[WebServer] 3820 |  .nano-mesh-bg {
[WebServer] 3821 |    position: absolute;
  Ô£ô   76 [chromium] ÔÇ║ e2e\app.spec.ts:634:5 ÔÇ║ Apps Page ÔÇ║ displays Recommended Apps heading (3.9s)
[WebServer] [vite:css][postcss] @import must precede all other statements (besides @charset or empty @layer)
[WebServer] 3817 |    }
[WebServer] 3818 |  }
[WebServer] 3819 |  @import url('https://fonts.googleapis.com/css2?family=Space+Grotesk:wght@300;400;500;600;700&family=Inter:wght@300;40...
[WebServer]      |  ^^^^^^^^^^^^^^^^^^^^^^^^^^^^^^^^^^^^^^^^^^^^^^^^^^^^^^^^^^^^^^^^^^^^^^^^^^^^^^^^^^^^^^^^^^^^^^^^^^^^^^^^^^^^^^^^^^^^^^^^
[WebServer] 3820 |  .nano-mesh-bg {
[WebServer] 3821 |    position: absolute;
[WebServer] [vite:css][postcss] @import must precede all other statements (besides @charset or empty @layer)
[WebServer] 3817 |    }
[WebServer] 3818 |  }
[WebServer] 3819 |  @import url('https://fonts.googleapis.com/css2?family=Space+Grotesk:wght@300;400;500;600;700&family=Inter:wght@300;40...
[WebServer]      |  ^^^^^^^^^^^^^^^^^^^^^^^^^^^^^^^^^^^^^^^^^^^^^^^^^^^^^^^^^^^^^^^^^^^^^^^^^^^^^^^^^^^^^^^^^^^^^^^^^^^^^^^^^^^^^^^^^^^^^^^^
[WebServer] 3820 |  .nano-mesh-bg {
[WebServer] 3821 |    position: absolute;
[WebServer] [vite:css][postcss] @import must precede all other statements (besides @charset or empty @layer)
[WebServer] 3817 |    }
[WebServer] 3818 |  }
[WebServer] 3819 |  @import url('https://fonts.googleapis.com/css2?family=Space+Grotesk:wght@300;400;500;600;700&family=Inter:wght@300;40...
[WebServer]      |  ^^^^^^^^^^^^^^^^^^^^^^^^^^^^^^^^^^^^^^^^^^^^^^^^^^^^^^^^^^^^^^^^^^^^^^^^^^^^^^^^^^^^^^^^^^^^^^^^^^^^^^^^^^^^^^^^^^^^^^^^
[WebServer] 3820 |  .nano-mesh-bg {
[WebServer] 3821 |    position: absolute;
[WebServer] [vite:css][postcss] @import must precede all other statements (besides @charset or empty @layer)
[WebServer] 3817 |    }
[WebServer] 3818 |  }
[WebServer] 3819 |  @import url('https://fonts.googleapis.com/css2?family=Space+Grotesk:wght@300;400;500;600;700&family=Inter:wght@300;40...
[WebServer]      |  ^^^^^^^^^^^^^^^^^^^^^^^^^^^^^^^^^^^^^^^^^^^^^^^^^^^^^^^^^^^^^^^^^^^^^^^^^^^^^^^^^^^^^^^^^^^^^^^^^^^^^^^^^^^^^^^^^^^^^^^^
[WebServer] 3820 |  .nano-mesh-bg {
[WebServer] 3821 |    position: absolute;
[WebServer] [vite:css][postcss] @import must precede all other statements (besides @charset or empty @layer)
[WebServer] 3817 |    }
[WebServer] 3818 |  }
[WebServer] 3819 |  @import url('https://fonts.googleapis.com/css2?family=Space+Grotesk:wght@300;400;500;600;700&family=Inter:wght@300;40...
[WebServer]      |  ^^^^^^^^^^^^^^^^^^^^^^^^^^^^^^^^^^^^^^^^^^^^^^^^^^^^^^^^^^^^^^^^^^^^^^^^^^^^^^^^^^^^^^^^^^^^^^^^^^^^^^^^^^^^^^^^^^^^^^^^
[WebServer] 3820 |  .nano-mesh-bg {
[WebServer] 3821 |    position: absolute;
  Ô£ÿ   74 [chromium] ÔÇ║ e2e\app.spec.ts:609:5 ÔÇ║ Network Analyzer Page ÔÇ║ shows Active Adapters section (9.7s)
[WebServer] [vite:css][postcss] @import must precede all other statements (besides @charset or empty @layer)
[WebServer] 3817 |    }
[WebServer] 3818 |  }
[WebServer] 3819 |  @import url('https://fonts.googleapis.com/css2?family=Space+Grotesk:wght@300;400;500;600;700&family=Inter:wght@300;40...
[WebServer]      |  ^^^^^^^^^^^^^^^^^^^^^^^^^^^^^^^^^^^^^^^^^^^^^^^^^^^^^^^^^^^^^^^^^^^^^^^^^^^^^^^^^^^^^^^^^^^^^^^^^^^^^^^^^^^^^^^^^^^^^^^^
[WebServer] 3820 |  .nano-mesh-bg {
[WebServer] 3821 |    position: absolute;
[WebServer] [vite:css][postcss] @import must precede all other statements (besides @charset or empty @layer)
[WebServer] 3817 |    }
[WebServer] 3818 |  }
[WebServer] 3819 |  @import url('https://fonts.googleapis.com/css2?family=Space+Grotesk:wght@300;400;500;600;700&family=Inter:wght@300;40...
[WebServer]      |  ^^^^^^^^^^^^^^^^^^^^^^^^^^^^^^^^^^^^^^^^^^^^^^^^^^^^^^^^^^^^^^^^^^^^^^^^^^^^^^^^^^^^^^^^^^^^^^^^^^^^^^^^^^^^^^^^^^^^^^^^
[WebServer] 3820 |  .nano-mesh-bg {
[WebServer] 3821 |    position: absolute;
  Ô£ÿ   69 [chromium] ÔÇ║ e2e\app.spec.ts:564:5 ÔÇ║ Storage Optimizer Page ÔÇ║ shows Potential Savings overview card (13.9s)
[WebServer] [vite:css][postcss] @import must precede all other statements (besides @charset or empty @layer)
[WebServer] 3817 |    }
[WebServer] 3818 |  }
[WebServer] 3819 |  @import url('https://fonts.googleapis.com/css2?family=Space+Grotesk:wght@300;400;500;600;700&family=Inter:wght@300;40...
[WebServer]      |  ^^^^^^^^^^^^^^^^^^^^^^^^^^^^^^^^^^^^^^^^^^^^^^^^^^^^^^^^^^^^^^^^^^^^^^^^^^^^^^^^^^^^^^^^^^^^^^^^^^^^^^^^^^^^^^^^^^^^^^^^
[WebServer] 3820 |  .nano-mesh-bg {
[WebServer] 3821 |    position: absolute;
[WebServer] [vite:css][postcss] @import must precede all other statements (besides @charset or empty @layer)
[WebServer] 3817 |    }
[WebServer] 3818 |  }
[WebServer] 3819 |  @import url('https://fonts.googleapis.com/css2?family=Space+Grotesk:wght@300;400;500;600;700&family=Inter:wght@300;40...
[WebServer]      |  ^^^^^^^^^^^^^^^^^^^^^^^^^^^^^^^^^^^^^^^^^^^^^^^^^^^^^^^^^^^^^^^^^^^^^^^^^^^^^^^^^^^^^^^^^^^^^^^^^^^^^^^^^^^^^^^^^^^^^^^^
[WebServer] 3820 |  .nano-mesh-bg {
[WebServer] 3821 |    position: absolute;
[WebServer] [vite:css][postcss] @import must precede all other statements (besides @charset or empty @layer)
[WebServer] 3817 |    }
[WebServer] 3818 |  }
[WebServer] 3819 |  @import url('https://fonts.googleapis.com/css2?family=Space+Grotesk:wght@300;400;500;600;700&family=Inter:wght@300;40...
[WebServer]      |  ^^^^^^^^^^^^^^^^^^^^^^^^^^^^^^^^^^^^^^^^^^^^^^^^^^^^^^^^^^^^^^^^^^^^^^^^^^^^^^^^^^^^^^^^^^^^^^^^^^^^^^^^^^^^^^^^^^^^^^^^
[WebServer] 3820 |  .nano-mesh-bg {
[WebServer] 3821 |    position: absolute;
[WebServer] [vite:css][postcss] @import must precede all other statements (besides @charset or empty @layer)
[WebServer] 3817 |    }
[WebServer] 3818 |  }
[WebServer] 3819 |  @import url('https://fonts.googleapis.com/css2?family=Space+Grotesk:wght@300;400;500;600;700&family=Inter:wght@300;40...
[WebServer]      |  ^^^^^^^^^^^^^^^^^^^^^^^^^^^^^^^^^^^^^^^^^^^^^^^^^^^^^^^^^^^^^^^^^^^^^^^^^^^^^^^^^^^^^^^^^^^^^^^^^^^^^^^^^^^^^^^^^^^^^^^^
[WebServer] 3820 |  .nano-mesh-bg {
[WebServer] 3821 |    position: absolute;
[WebServer] [vite:css][postcss] @import must precede all other statements (besides @charset or empty @layer)
[WebServer] 3817 |    }
[WebServer] 3818 |  }
[WebServer] 3819 |  @import url('https://fonts.googleapis.com/css2?family=Space+Grotesk:wght@300;400;500;600;700&family=Inter:wght@300;40...
[WebServer]      |  ^^^^^^^^^^^^^^^^^^^^^^^^^^^^^^^^^^^^^^^^^^^^^^^^^^^^^^^^^^^^^^^^^^^^^^^^^^^^^^^^^^^^^^^^^^^^^^^^^^^^^^^^^^^^^^^^^^^^^^^^
[WebServer] 3820 |  .nano-mesh-bg {
[WebServer] 3821 |    position: absolute;
  Ô£ÿ   72 [chromium] ÔÇ║ e2e\app.spec.ts:604:5 ÔÇ║ Network Analyzer Page ÔÇ║ PING button exists and is clickable (13.8s)
[WebServer] [vite:css][postcss] @import must precede all other statements (besides @charset or empty @layer)
[WebServer] 3817 |    }
[WebServer] 3818 |  }
[WebServer] 3819 |  @import url('https://fonts.googleapis.com/css2?family=Space+Grotesk:wght@300;400;500;600;700&family=Inter:wght@300;40...
[WebServer]      |  ^^^^^^^^^^^^^^^^^^^^^^^^^^^^^^^^^^^^^^^^^^^^^^^^^^^^^^^^^^^^^^^^^^^^^^^^^^^^^^^^^^^^^^^^^^^^^^^^^^^^^^^^^^^^^^^^^^^^^^^^
[WebServer] 3820 |  .nano-mesh-bg {
[WebServer] 3821 |    position: absolute;
[WebServer] [vite:css][postcss] @import must precede all other statements (besides @charset or empty @layer)
[WebServer] 3817 |    }
[WebServer] 3818 |  }
[WebServer] 3819 |  @import url('https://fonts.googleapis.com/css2?family=Space+Grotesk:wght@300;400;500;600;700&family=Inter:wght@300;40...
[WebServer]      |  ^^^^^^^^^^^^^^^^^^^^^^^^^^^^^^^^^^^^^^^^^^^^^^^^^^^^^^^^^^^^^^^^^^^^^^^^^^^^^^^^^^^^^^^^^^^^^^^^^^^^^^^^^^^^^^^^^^^^^^^^
[WebServer] 3820 |  .nano-mesh-bg {
[WebServer] 3821 |    position: absolute;
[WebServer] [vite:css][postcss] @import must precede all other statements (besides @charset or empty @layer)
[WebServer] 3817 |    }
[WebServer] 3818 |  }
[WebServer] 3819 |  @import url('https://fonts.googleapis.com/css2?family=Space+Grotesk:wght@300;400;500;600;700&family=Inter:wght@300;40...
[WebServer]      |  ^^^^^^^^^^^^^^^^^^^^^^^^^^^^^^^^^^^^^^^^^^^^^^^^^^^^^^^^^^^^^^^^^^^^^^^^^^^^^^^^^^^^^^^^^^^^^^^^^^^^^^^^^^^^^^^^^^^^^^^^
[WebServer] 3820 |  .nano-mesh-bg {
[WebServer] 3821 |    position: absolute;
  Ô£ÿ   77 [chromium] ÔÇ║ e2e\app.spec.ts:640:5 ÔÇ║ Apps Page ÔÇ║ shows category tabs (9.7s)
[WebServer] [vite:css][postcss] @import must precede all other statements (besides @charset or empty @layer)
[WebServer] 3817 |    }
[WebServer] 3818 |  }
[WebServer] 3819 |  @import url('https://fonts.googleapis.com/css2?family=Space+Grotesk:wght@300;400;500;600;700&family=Inter:wght@300;40...
[WebServer]      |  ^^^^^^^^^^^^^^^^^^^^^^^^^^^^^^^^^^^^^^^^^^^^^^^^^^^^^^^^^^^^^^^^^^^^^^^^^^^^^^^^^^^^^^^^^^^^^^^^^^^^^^^^^^^^^^^^^^^^^^^^
[WebServer] 3820 |  .nano-mesh-bg {
[WebServer] 3821 |    position: absolute;
  Ô£ÿ   56 [chromium] ÔÇ║ e2e\app.spec.ts:456:5 ÔÇ║ Profiles Page ÔÇ║ clicking a profile expands to show included tweaks (30.3s)
[WebServer] [vite:css][postcss] @import must precede all other statements (besides @charset or empty @layer)
[WebServer] 3817 |    }
[WebServer] 3818 |  }
[WebServer] 3819 |  @import url('https://fonts.googleapis.com/css2?family=Space+Grotesk:wght@300;400;500;600;700&family=Inter:wght@300;40...
[WebServer]      |  ^^^^^^^^^^^^^^^^^^^^^^^^^^^^^^^^^^^^^^^^^^^^^^^^^^^^^^^^^^^^^^^^^^^^^^^^^^^^^^^^^^^^^^^^^^^^^^^^^^^^^^^^^^^^^^^^^^^^^^^^
[WebServer] 3820 |  .nano-mesh-bg {
[WebServer] 3821 |    position: absolute;
[WebServer] [vite:css][postcss] @import must precede all other statements (besides @charset or empty @layer)
[WebServer] 3817 |    }
[WebServer] 3818 |  }
[WebServer] 3819 |  @import url('https://fonts.googleapis.com/css2?family=Space+Grotesk:wght@300;400;500;600;700&family=Inter:wght@300;40...
[WebServer]      |  ^^^^^^^^^^^^^^^^^^^^^^^^^^^^^^^^^^^^^^^^^^^^^^^^^^^^^^^^^^^^^^^^^^^^^^^^^^^^^^^^^^^^^^^^^^^^^^^^^^^^^^^^^^^^^^^^^^^^^^^^
[WebServer] 3820 |  .nano-mesh-bg {
[WebServer] 3821 |    position: absolute;
  Ô£ÿ   57 [chromium] ÔÇ║ e2e\app.spec.ts:461:5 ÔÇ║ Profiles Page ÔÇ║ expanded profile shows Apply button (30.1s)
[WebServer] [vite:css][postcss] @import must precede all other statements (besides @charset or empty @layer)
[WebServer] 3817 |    }
[WebServer] 3818 |  }
[WebServer] 3819 |  @import url('https://fonts.googleapis.com/css2?family=Space+Grotesk:wght@300;400;500;600;700&family=Inter:wght@300;40...
[WebServer]      |  ^^^^^^^^^^^^^^^^^^^^^^^^^^^^^^^^^^^^^^^^^^^^^^^^^^^^^^^^^^^^^^^^^^^^^^^^^^^^^^^^^^^^^^^^^^^^^^^^^^^^^^^^^^^^^^^^^^^^^^^^
[WebServer] 3820 |  .nano-mesh-bg {
[WebServer] 3821 |    position: absolute;
[WebServer] [vite:css][postcss] @import must precede all other statements (besides @charset or empty @layer)
[WebServer] 3817 |    }
[WebServer] 3818 |  }
[WebServer] 3819 |  @import url('https://fonts.googleapis.com/css2?family=Space+Grotesk:wght@300;400;500;600;700&family=Inter:wght@300;40...
[WebServer]      |  ^^^^^^^^^^^^^^^^^^^^^^^^^^^^^^^^^^^^^^^^^^^^^^^^^^^^^^^^^^^^^^^^^^^^^^^^^^^^^^^^^^^^^^^^^^^^^^^^^^^^^^^^^^^^^^^^^^^^^^^^
[WebServer] 3820 |  .nano-mesh-bg {
[WebServer] 3821 |    position: absolute;
[WebServer] [vite:css][postcss] @import must precede all other statements (besides @charset or empty @layer)
[WebServer] 3817 |    }
[WebServer] 3818 |  }
[WebServer] 3819 |  @import url('https://fonts.googleapis.com/css2?family=Space+Grotesk:wght@300;400;500;600;700&family=Inter:wght@300;40...
[WebServer]      |  ^^^^^^^^^^^^^^^^^^^^^^^^^^^^^^^^^^^^^^^^^^^^^^^^^^^^^^^^^^^^^^^^^^^^^^^^^^^^^^^^^^^^^^^^^^^^^^^^^^^^^^^^^^^^^^^^^^^^^^^^
[WebServer] 3820 |  .nano-mesh-bg {
[WebServer] 3821 |    position: absolute;
  Ô£ÿ   83 [firefox] ÔÇ║ e2e\app.spec.ts:24:5 ÔÇ║ AC-01: Onboarding Modal ÔÇ║ shows onboarding modal on first visit (1ms)
[WebServer] [vite:css][postcss] @import must precede all other statements (besides @charset or empty @layer)
[WebServer] 3817 |    }
[WebServer] 3818 |  }
[WebServer] 3819 |  @import url('https://fonts.googleapis.com/css2?family=Space+Grotesk:wght@300;400;500;600;700&family=Inter:wght@300;40...
[WebServer]      |  ^^^^^^^^^^^^^^^^^^^^^^^^^^^^^^^^^^^^^^^^^^^^^^^^^^^^^^^^^^^^^^^^^^^^^^^^^^^^^^^^^^^^^^^^^^^^^^^^^^^^^^^^^^^^^^^^^^^^^^^^
[WebServer] 3820 |  .nano-mesh-bg {
[WebServer] 3821 |    position: absolute;
  Ô£ÿ   84 [firefox] ÔÇ║ e2e\app.spec.ts:29:5 ÔÇ║ AC-01: Onboarding Modal ÔÇ║ advances through all 3 steps and closes (1ms)
[WebServer] [vite:css][postcss] @import must precede all other statements (besides @charset or empty @layer)
[WebServer] 3817 |    }
[WebServer] 3818 |  }
[WebServer] 3819 |  @import url('https://fonts.googleapis.com/css2?family=Space+Grotesk:wght@300;400;500;600;700&family=Inter:wght@300;40...
[WebServer]      |  ^^^^^^^^^^^^^^^^^^^^^^^^^^^^^^^^^^^^^^^^^^^^^^^^^^^^^^^^^^^^^^^^^^^^^^^^^^^^^^^^^^^^^^^^^^^^^^^^^^^^^^^^^^^^^^^^^^^^^^^^
[WebServer] 3820 |  .nano-mesh-bg {
[WebServer] 3821 |    position: absolute;
  Ô£ô   80 [chromium] ÔÇ║ e2e\app.spec.ts:665:5 ÔÇ║ AC-14: Empty States ÔÇ║ unknown route shows Module Under Development (3.7s)
  Ô£ÿ   85 [firefox] ÔÇ║ e2e\app.spec.ts:43:5 ÔÇ║ AC-01: Onboarding Modal ÔÇ║ sets localStorage flag on completion (2ms)
[WebServer] [vite:css][postcss] @import must precede all other statements (besides @charset or empty @layer)
[WebServer] 3817 |    }
[WebServer] 3818 |  }
[WebServer] 3819 |  @import url('https://fonts.googleapis.com/css2?family=Space+Grotesk:wght@300;400;500;600;700&family=Inter:wght@300;40...
[WebServer]      |  ^^^^^^^^^^^^^^^^^^^^^^^^^^^^^^^^^^^^^^^^^^^^^^^^^^^^^^^^^^^^^^^^^^^^^^^^^^^^^^^^^^^^^^^^^^^^^^^^^^^^^^^^^^^^^^^^^^^^^^^^
[WebServer] 3820 |  .nano-mesh-bg {
[WebServer] 3821 |    position: absolute;
  Ô£ÿ   79 [chromium] ÔÇ║ e2e\app.spec.ts:645:5 ÔÇ║ Apps Page ÔÇ║ has search input (8.6s)
[WebServer] [vite:css][postcss] @import must precede all other statements (besides @charset or empty @layer)
[WebServer] 3817 |    }
[WebServer] 3818 |  }
[WebServer] 3819 |  @import url('https://fonts.googleapis.com/css2?family=Space+Grotesk:wght@300;400;500;600;700&family=Inter:wght@300;40...
[WebServer]      |  ^^^^^^^^^^^^^^^^^^^^^^^^^^^^^^^^^^^^^^^^^^^^^^^^^^^^^^^^^^^^^^^^^^^^^^^^^^^^^^^^^^^^^^^^^^^^^^^^^^^^^^^^^^^^^^^^^^^^^^^^
[WebServer] 3820 |  .nano-mesh-bg {
[WebServer] 3821 |    position: absolute;
  Ô£ÿ   78 [chromium] ÔÇ║ e2e\app.spec.ts:651:5 ÔÇ║ Apps Page ÔÇ║ shows app cards (10.9s)
[WebServer] [vite:css][postcss] @import must precede all other statements (besides @charset or empty @layer)
[WebServer] 3817 |    }
[WebServer] 3818 |  }
[WebServer] 3819 |  @import url('https://fonts.googleapis.com/css2?family=Space+Grotesk:wght@300;400;500;600;700&family=Inter:wght@300;40...
[WebServer]      |  ^^^^^^^^^^^^^^^^^^^^^^^^^^^^^^^^^^^^^^^^^^^^^^^^^^^^^^^^^^^^^^^^^^^^^^^^^^^^^^^^^^^^^^^^^^^^^^^^^^^^^^^^^^^^^^^^^^^^^^^^
[WebServer] 3820 |  .nano-mesh-bg {
[WebServer] 3821 |    position: absolute;
  Ô£ÿ   86 [firefox] ÔÇ║ e2e\app.spec.ts:52:5 ÔÇ║ AC-01: Onboarding Modal ÔÇ║ does not show onboarding on subsequent visits (1ms)
  Ô£ÿ   87 [firefox] ÔÇ║ e2e\app.spec.ts:65:5 ÔÇ║ Core Navigation ÔÇ║ loads the dashboard view by default (1ms)
[WebServer] [vite:css][postcss] @import must precede all other statements (besides @charset or empty @layer)
[WebServer] 3817 |    }
[WebServer] 3818 |  }
[WebServer] 3819 |  @import url('https://fonts.googleapis.com/css2?family=Space+Grotesk:wght@300;400;500;600;700&family=Inter:wght@300;40...
[WebServer]      |  ^^^^^^^^^^^^^^^^^^^^^^^^^^^^^^^^^^^^^^^^^^^^^^^^^^^^^^^^^^^^^^^^^^^^^^^^^^^^^^^^^^^^^^^^^^^^^^^^^^^^^^^^^^^^^^^^^^^^^^^^
[WebServer] 3820 |  .nano-mesh-bg {
[WebServer] 3821 |    position: absolute;
  Ô£ÿ   88 [firefox] ÔÇ║ e2e\app.spec.ts:75:5 ÔÇ║ Core Navigation ÔÇ║ navigates to Privacy view via sidebar (1ms)
  Ô£ÿ   89 [firefox] ÔÇ║ e2e\app.spec.ts:69:5 ÔÇ║ Core Navigation ÔÇ║ navigates to Performance view via sidebar (1ms)
  Ô£ÿ   90 [firefox] ÔÇ║ e2e\app.spec.ts:80:5 ÔÇ║ Core Navigation ÔÇ║ navigates to Gaming view via sidebar (1ms)
[WebServer] [vite:css][postcss] @import must precede all other statements (besides @charset or empty @layer)
[WebServer] 3817 |    }
[WebServer] 3818 |  }
[WebServer] 3819 |  @import url('https://fonts.googleapis.com/css2?family=Space+Grotesk:wght@300;400;500;600;700&family=Inter:wght@300;40...
[WebServer]      |  ^^^^^^^^^^^^^^^^^^^^^^^^^^^^^^^^^^^^^^^^^^^^^^^^^^^^^^^^^^^^^^^^^^^^^^^^^^^^^^^^^^^^^^^^^^^^^^^^^^^^^^^^^^^^^^^^^^^^^^^^
[WebServer] 3820 |  .nano-mesh-bg {
[WebServer] 3821 |    position: absolute;
  Ô£ÿ   91 [firefox] ÔÇ║ e2e\app.spec.ts:85:5 ÔÇ║ Core Navigation ÔÇ║ navigates to Network Tweaks view via sidebar (1ms)
  Ô£ÿ   92 [firefox] ÔÇ║ e2e\app.spec.ts:102:9 ÔÇ║ Core Navigation ÔÇ║ navigates to Process Manager page (1ms)
  Ô£ô   81 [chromium] ÔÇ║ e2e\app.spec.ts:675:5 ÔÇ║ AC-14: Empty States ÔÇ║ category with no tweaks shows appropriate empty state (6.3s)
[WebServer] [vite:css][postcss] @import must precede all other statements (besides @charset or empty @layer)
[WebServer] 3817 |    }
[WebServer] 3818 |  }
[WebServer] 3819 |  @import url('https://fonts.googleapis.com/css2?family=Space+Grotesk:wght@300;400;500;600;700&family=Inter:wght@300;40...
[WebServer]      |  ^^^^^^^^^^^^^^^^^^^^^^^^^^^^^^^^^^^^^^^^^^^^^^^^^^^^^^^^^^^^^^^^^^^^^^^^^^^^^^^^^^^^^^^^^^^^^^^^^^^^^^^^^^^^^^^^^^^^^^^^
[WebServer] 3820 |  .nano-mesh-bg {
[WebServer] 3821 |    position: absolute;
[WebServer] [vite:css][postcss] @import must precede all other statements (besides @charset or empty @layer)
[WebServer] 3817 |    }
[WebServer] 3818 |  }
[WebServer] 3819 |  @import url('https://fonts.googleapis.com/css2?family=Space+Grotesk:wght@300;400;500;600;700&family=Inter:wght@300;40...
[WebServer]      |  ^^^^^^^^^^^^^^^^^^^^^^^^^^^^^^^^^^^^^^^^^^^^^^^^^^^^^^^^^^^^^^^^^^^^^^^^^^^^^^^^^^^^^^^^^^^^^^^^^^^^^^^^^^^^^^^^^^^^^^^^
[WebServer] 3820 |  .nano-mesh-bg {
[WebServer] 3821 |    position: absolute;
  Ô£ÿ   93 [firefox] ÔÇ║ e2e\app.spec.ts:102:9 ÔÇ║ Core Navigation ÔÇ║ navigates to Network Analyzer page (1ms)
[WebServer] [vite:css][postcss] @import must precede all other statements (besides @charset or empty @layer)
[WebServer] 3817 |    }
[WebServer] 3818 |  }
[WebServer] 3819 |  @import url('https://fonts.googleapis.com/css2?family=Space+Grotesk:wght@300;400;500;600;700&family=Inter:wght@300;40...
[WebServer]      |  ^^^^^^^^^^^^^^^^^^^^^^^^^^^^^^^^^^^^^^^^^^^^^^^^^^^^^^^^^^^^^^^^^^^^^^^^^^^^^^^^^^^^^^^^^^^^^^^^^^^^^^^^^^^^^^^^^^^^^^^^
[WebServer] 3820 |  .nano-mesh-bg {
[WebServer] 3821 |    position: absolute;
  Ô£ÿ   94 [firefox] ÔÇ║ e2e\app.spec.ts:102:9 ÔÇ║ Core Navigation ÔÇ║ navigates to Startup Apps page (1ms)
  Ô£ÿ   95 [firefox] ÔÇ║ e2e\app.spec.ts:102:9 ÔÇ║ Core Navigation ÔÇ║ navigates to Storage Optimizer page (1ms)
  Ô£ÿ   96 [firefox] ÔÇ║ e2e\app.spec.ts:102:9 ÔÇ║ Core Navigation ÔÇ║ navigates to Recommended Apps page (1ms)
[WebServer] [vite:css][postcss] @import must precede all other statements (besides @charset or empty @layer)
[WebServer] 3817 |    }
[WebServer] 3818 |  }
[WebServer] 3819 |  @import url('https://fonts.googleapis.com/css2?family=Space+Grotesk:wght@300;400;500;600;700&family=Inter:wght@300;40...
[WebServer]      |  ^^^^^^^^^^^^^^^^^^^^^^^^^^^^^^^^^^^^^^^^^^^^^^^^^^^^^^^^^^^^^^^^^^^^^^^^^^^^^^^^^^^^^^^^^^^^^^^^^^^^^^^^^^^^^^^^^^^^^^^^
[WebServer] 3820 |  .nano-mesh-bg {
[WebServer] 3821 |    position: absolute;
  Ô£ÿ   97 [firefox] ÔÇ║ e2e\app.spec.ts:102:9 ÔÇ║ Core Navigation ÔÇ║ navigates to Profiles page (2ms)
  Ô£ÿ   98 [firefox] ÔÇ║ e2e\app.spec.ts:102:9 ÔÇ║ Core Navigation ÔÇ║ navigates to History page (1ms)
[WebServer] [vite:css][postcss] @import must precede all other statements (besides @charset or empty @layer)
[WebServer] 3817 |    }
[WebServer] 3818 |  }
[WebServer] 3819 |  @import url('https://fonts.googleapis.com/css2?family=Space+Grotesk:wght@300;400;500;600;700&family=Inter:wght@300;40...
[WebServer]      |  ^^^^^^^^^^^^^^^^^^^^^^^^^^^^^^^^^^^^^^^^^^^^^^^^^^^^^^^^^^^^^^^^^^^^^^^^^^^^^^^^^^^^^^^^^^^^^^^^^^^^^^^^^^^^^^^^^^^^^^^^
[WebServer] 3820 |  .nano-mesh-bg {
[WebServer] 3821 |    position: absolute;
  Ô£ÿ   99 [firefox] ÔÇ║ e2e\app.spec.ts:102:9 ÔÇ║ Core Navigation ÔÇ║ navigates to Settings page (1ms)
[WebServer] [vite:css][postcss] @import must precede all other statements (besides @charset or empty @layer)
[WebServer] 3817 |    }
[WebServer] 3818 |  }
[WebServer] 3819 |  @import url('https://fonts.googleapis.com/css2?family=Space+Grotesk:wght@300;400;500;600;700&family=Inter:wght@300;40...
[WebServer]      |  ^^^^^^^^^^^^^^^^^^^^^^^^^^^^^^^^^^^^^^^^^^^^^^^^^^^^^^^^^^^^^^^^^^^^^^^^^^^^^^^^^^^^^^^^^^^^^^^^^^^^^^^^^^^^^^^^^^^^^^^^
[WebServer] 3820 |  .nano-mesh-bg {
[WebServer] 3821 |    position: absolute;
  Ô£ÿ  100 [firefox] ÔÇ║ e2e\app.spec.ts:116:5 ÔÇ║ AC-05: Command Palette ÔÇ║ opens with Ctrl+K (1ms)
[WebServer] [vite:css][postcss] @import must precede all other statements (besides @charset or empty @layer)
[WebServer] 3817 |    }
[WebServer] 3818 |  }
[WebServer] 3819 |  @import url('https://fonts.googleapis.com/css2?family=Space+Grotesk:wght@300;400;500;600;700&family=Inter:wght@300;40...
[WebServer]      |  ^^^^^^^^^^^^^^^^^^^^^^^^^^^^^^^^^^^^^^^^^^^^^^^^^^^^^^^^^^^^^^^^^^^^^^^^^^^^^^^^^^^^^^^^^^^^^^^^^^^^^^^^^^^^^^^^^^^^^^^^
[WebServer] 3820 |  .nano-mesh-bg {
[WebServer] 3821 |    position: absolute;
  Ô£ÿ  101 [firefox] ÔÇ║ e2e\app.spec.ts:121:5 ÔÇ║ AC-05: Command Palette ÔÇ║ closes with Escape (1ms)
  Ô£ÿ  102 [firefox] ÔÇ║ e2e\app.spec.ts:128:5 ÔÇ║ AC-05: Command Palette ÔÇ║ filters tweaks by search query (1ms)
  Ô£ÿ  103 [firefox] ÔÇ║ e2e\app.spec.ts:134:5 ÔÇ║ AC-05: Command Palette ÔÇ║ shows empty state for unmatched query (1ms)
[WebServer] [vite:css][postcss] @import must precede all other statements (besides @charset or empty @layer)
[WebServer] 3817 |    }
[WebServer] 3818 |  }
[WebServer] 3819 |  @import url('https://fonts.googleapis.com/css2?family=Space+Grotesk:wght@300;400;500;600;700&family=Inter:wght@300;40...
[WebServer]      |  ^^^^^^^^^^^^^^^^^^^^^^^^^^^^^^^^^^^^^^^^^^^^^^^^^^^^^^^^^^^^^^^^^^^^^^^^^^^^^^^^^^^^^^^^^^^^^^^^^^^^^^^^^^^^^^^^^^^^^^^^
[WebServer] 3820 |  .nano-mesh-bg {
[WebServer] 3821 |    position: absolute;
  Ô£ÿ  104 [firefox] ÔÇ║ e2e\app.spec.ts:140:5 ÔÇ║ AC-05: Command Palette ÔÇ║ groups results by category with section headers (1ms)
  Ô£ÿ  105 [firefox] ÔÇ║ e2e\app.spec.ts:148:5 ÔÇ║ AC-05: Command Palette ÔÇ║ semantic synonym: 'lag' shows Network tweaks (1ms)
[WebServer] [vite:css][postcss] @import must precede all other statements (besides @charset or empty @layer)
[WebServer] 3817 |    }
[WebServer] 3818 |  }
[WebServer] 3819 |  @import url('https://fonts.googleapis.com/css2?family=Space+Grotesk:wght@300;400;500;600;700&family=Inter:wght@300;40...
[WebServer]      |  ^^^^^^^^^^^^^^^^^^^^^^^^^^^^^^^^^^^^^^^^^^^^^^^^^^^^^^^^^^^^^^^^^^^^^^^^^^^^^^^^^^^^^^^^^^^^^^^^^^^^^^^^^^^^^^^^^^^^^^^^
[WebServer] 3820 |  .nano-mesh-bg {
[WebServer] 3821 |    position: absolute;
  Ô£ÿ  106 [firefox] ÔÇ║ e2e\app.spec.ts:162:5 ÔÇ║ AC-13: Dashboard ÔÇö System Vitals ÔÇ║ shows Live Telemetry status indicator (1ms)
  Ô£ÿ  107 [firefox] ÔÇ║ e2e\app.spec.ts:169:5 ÔÇ║ AC-13: Dashboard ÔÇö System Vitals ÔÇ║ displays System Health Score widget (1ms)
[WebServer] [vite:css][postcss] @import must precede all other statements (besides @charset or empty @layer)
[WebServer] 3817 |    }
[WebServer] 3818 |  }
[WebServer] 3819 |  @import url('https://fonts.googleapis.com/css2?family=Space+Grotesk:wght@300;400;500;600;700&family=Inter:wght@300;40...
[WebServer]      |  ^^^^^^^^^^^^^^^^^^^^^^^^^^^^^^^^^^^^^^^^^^^^^^^^^^^^^^^^^^^^^^^^^^^^^^^^^^^^^^^^^^^^^^^^^^^^^^^^^^^^^^^^^^^^^^^^^^^^^^^^
[WebServer] 3820 |  .nano-mesh-bg {
[WebServer] 3821 |    position: absolute;
  Ô£ÿ  108 [firefox] ÔÇ║ e2e\app.spec.ts:174:5 ÔÇ║ AC-13: Dashboard ÔÇö System Vitals ÔÇ║ shows CPU card with temperature or loading placeholder (1ms)
  Ô£ÿ  109 [firefox] ÔÇ║ e2e\app.spec.ts:178:5 ÔÇ║ AC-13: Dashboard ÔÇö System Vitals ÔÇ║ shows RAM card with usage percentage (1ms)
  Ô£ÿ  110 [firefox] ÔÇ║ e2e\app.spec.ts:182:5 ÔÇ║ AC-13: Dashboard ÔÇö System Vitals ÔÇ║ shows Primary Drive card (1ms)
[WebServer] [vite:css][postcss] @import must precede all other statements (besides @charset or empty @layer)
[WebServer] 3817 |    }
[WebServer] 3818 |  }
[WebServer] 3819 |  @import url('https://fonts.googleapis.com/css2?family=Space+Grotesk:wght@300;400;500;600;700&family=Inter:wght@300;40...
[WebServer]      |  ^^^^^^^^^^^^^^^^^^^^^^^^^^^^^^^^^^^^^^^^^^^^^^^^^^^^^^^^^^^^^^^^^^^^^^^^^^^^^^^^^^^^^^^^^^^^^^^^^^^^^^^^^^^^^^^^^^^^^^^^
[WebServer] 3820 |  .nano-mesh-bg {
[WebServer] 3821 |    position: absolute;
[WebServer] [vite:css][postcss] @import must precede all other statements (besides @charset or empty @layer)
[WebServer] 3817 |    }
[WebServer] 3818 |  }
[WebServer] 3819 |  @import url('https://fonts.googleapis.com/css2?family=Space+Grotesk:wght@300;400;500;600;700&family=Inter:wght@300;40...
[WebServer]      |  ^^^^^^^^^^^^^^^^^^^^^^^^^^^^^^^^^^^^^^^^^^^^^^^^^^^^^^^^^^^^^^^^^^^^^^^^^^^^^^^^^^^^^^^^^^^^^^^^^^^^^^^^^^^^^^^^^^^^^^^^
[WebServer] 3820 |  .nano-mesh-bg {
[WebServer] 3821 |    position: absolute;
  Ô£ÿ  111 [firefox] ÔÇ║ e2e\app.spec.ts:186:5 ÔÇ║ AC-13: Dashboard ÔÇö System Vitals ÔÇ║ shows Network Adapter card (2ms)
  Ô£ÿ  112 [firefox] ÔÇ║ e2e\app.spec.ts:190:5 ÔÇ║ AC-13: Dashboard ÔÇö System Vitals ÔÇ║ displays OS version text (1ms)
  Ô£ÿ  113 [firefox] ÔÇ║ e2e\app.spec.ts:197:5 ÔÇ║ AC-13: Dashboard ÔÇö System Vitals ÔÇ║ Quick Scan button visible (1ms)
  Ô£ÿ  114 [firefox] ÔÇ║ e2e\app.spec.ts:203:5 ÔÇ║ AC-13: Dashboard ÔÇö System Vitals ÔÇ║ health score badge displays tier text (1ms)
[WebServer] [vite:css][postcss] @import must precede all other statements (besides @charset or empty @layer)
[WebServer] 3817 |    }
[WebServer] 3818 |  }
[WebServer] 3819 |  @import url('https://fonts.googleapis.com/css2?family=Space+Grotesk:wght@300;400;500;600;700&family=Inter:wght@300;40...
[WebServer]      |  ^^^^^^^^^^^^^^^^^^^^^^^^^^^^^^^^^^^^^^^^^^^^^^^^^^^^^^^^^^^^^^^^^^^^^^^^^^^^^^^^^^^^^^^^^^^^^^^^^^^^^^^^^^^^^^^^^^^^^^^^
[WebServer] 3820 |  .nano-mesh-bg {
[WebServer] 3821 |    position: absolute;
  Ô£ÿ  115 [firefox] ÔÇ║ e2e\app.spec.ts:217:5 ÔÇ║ AC-07: Dashboard Alert Banner ÔÇ║ privacy alert banner is visible on dashboard (1ms)
  Ô£ÿ  116 [firefox] ÔÇ║ e2e\app.spec.ts:223:5 ÔÇ║ AC-07: Dashboard Alert Banner ÔÇ║ clicking banner navigates to privacy page (1ms)
  Ô£ÿ  117 [firefox] ÔÇ║ e2e\app.spec.ts:240:5 ÔÇ║ AC-02: Risk Filter Chips ÔÇ║ shows All, Green, Yellow filter chips with counts (1ms)
[WebServer] [vite:css][postcss] @import must precede all other statements (besides @charset or empty @layer)
[WebServer] 3817 |    }
[WebServer] 3818 |  }
[WebServer] 3819 |  @import url('https://fonts.googleapis.com/css2?family=Space+Grotesk:wght@300;400;500;600;700&family=Inter:wght@300;40...
[WebServer]      |  ^^^^^^^^^^^^^^^^^^^^^^^^^^^^^^^^^^^^^^^^^^^^^^^^^^^^^^^^^^^^^^^^^^^^^^^^^^^^^^^^^^^^^^^^^^^^^^^^^^^^^^^^^^^^^^^^^^^^^^^^
[WebServer] 3820 |  .nano-mesh-bg {
[WebServer] 3821 |    position: absolute;
  Ô£ÿ  118 [firefox] ÔÇ║ e2e\app.spec.ts:246:5 ÔÇ║ AC-02: Risk Filter Chips ÔÇ║ filtering by Green shows only green tweaks (1ms)
  Ô£ÿ  119 [firefox] ÔÇ║ e2e\app.spec.ts:255:5 ÔÇ║ AC-02: Risk Filter Chips ÔÇ║ filtering with zero results shows empty state (1ms)
[WebServer] [vite:css][postcss] @import must precede all other statements (besides @charset or empty @layer)
[WebServer] 3817 |    }
[WebServer] 3818 |  }
[WebServer] 3819 |  @import url('https://fonts.googleapis.com/css2?family=Space+Grotesk:wght@300;400;500;600;700&family=Inter:wght@300;40...
[WebServer]      |  ^^^^^^^^^^^^^^^^^^^^^^^^^^^^^^^^^^^^^^^^^^^^^^^^^^^^^^^^^^^^^^^^^^^^^^^^^^^^^^^^^^^^^^^^^^^^^^^^^^^^^^^^^^^^^^^^^^^^^^^^
[WebServer] 3820 |  .nano-mesh-bg {
[WebServer] 3821 |    position: absolute;
  Ô£ÿ  120 [firefox] ÔÇ║ e2e\app.spec.ts:282:5 ÔÇ║ AC-03: Floating Batch Selection Bar ÔÇ║ floating bar is hidden when no tweaks selected (1ms)
[WebServer] [vite:css][postcss] @import must precede all other statements (besides @charset or empty @layer)
[WebServer] 3817 |    }
[WebServer] 3818 |  }
[WebServer] 3819 |  @import url('https://fonts.googleapis.com/css2?family=Space+Grotesk:wght@300;400;500;600;700&family=Inter:wght@300;40...
[WebServer]      |  ^^^^^^^^^^^^^^^^^^^^^^^^^^^^^^^^^^^^^^^^^^^^^^^^^^^^^^^^^^^^^^^^^^^^^^^^^^^^^^^^^^^^^^^^^^^^^^^^^^^^^^^^^^^^^^^^^^^^^^^^
[WebServer] 3820 |  .nano-mesh-bg {
[WebServer] 3821 |    position: absolute;
  Ô£ÿ  121 [firefox] ÔÇ║ e2e\app.spec.ts:286:5 ÔÇ║ AC-03: Floating Batch Selection Bar ÔÇ║ Deploy button in header is disabled with no selection (1ms)
[WebServer] [vite:css][postcss] @import must precede all other statements (besides @charset or empty @layer)
[WebServer] 3817 |    }
[WebServer] 3818 |  }
[WebServer] 3819 |  @import url('https://fonts.googleapis.com/css2?family=Space+Grotesk:wght@300;400;500;600;700&family=Inter:wght@300;40...
[WebServer]      |  ^^^^^^^^^^^^^^^^^^^^^^^^^^^^^^^^^^^^^^^^^^^^^^^^^^^^^^^^^^^^^^^^^^^^^^^^^^^^^^^^^^^^^^^^^^^^^^^^^^^^^^^^^^^^^^^^^^^^^^^^
[WebServer] 3820 |  .nano-mesh-bg {
[WebServer] 3821 |    position: absolute;
  Ô£ÿ  122 [firefox] ÔÇ║ e2e\app.spec.ts:301:5 ÔÇ║ AC-12: Expert Mode ÔÇ║ expert mode is OFF by default (1ms)
  Ô£ÿ  123 [firefox] ÔÇ║ e2e\app.spec.ts:307:5 ÔÇ║ AC-12: Expert Mode ÔÇ║ enabling expert mode shows warning dialog (1ms)
  Ô£ÿ  124 [firefox] ÔÇ║ e2e\app.spec.ts:319:5 ÔÇ║ AC-12: Expert Mode ÔÇ║ expert mode banner shows hidden count on Power page (1ms)
[WebServer] [vite:css][postcss] @import must precede all other statements (besides @charset or empty @layer)
[WebServer] 3817 |    }
[WebServer] 3818 |  }
[WebServer] 3819 |  @import url('https://fonts.googleapis.com/css2?family=Space+Grotesk:wght@300;400;500;600;700&family=Inter:wght@300;40...
[WebServer]      |  ^^^^^^^^^^^^^^^^^^^^^^^^^^^^^^^^^^^^^^^^^^^^^^^^^^^^^^^^^^^^^^^^^^^^^^^^^^^^^^^^^^^^^^^^^^^^^^^^^^^^^^^^^^^^^^^^^^^^^^^^
[WebServer] 3820 |  .nano-mesh-bg {
[WebServer] 3821 |    position: absolute;
  Ô£ÿ  125 [firefox] ÔÇ║ e2e\app.spec.ts:341:5 ÔÇ║ AC-06: Settings Page ÔÇ║ displays Appearance section with theme toggles (1ms)
  Ô£ÿ  126 [firefox] ÔÇ║ e2e\app.spec.ts:347:5 ÔÇ║ AC-06: Settings Page ÔÇ║ displays Accent Color swatches (1ms)
[WebServer] [vite:css][postcss] @import must precede all other statements (besides @charset or empty @layer)
[WebServer] 3817 |    }
[WebServer] 3818 |  }
[WebServer] 3819 |  @import url('https://fonts.googleapis.com/css2?family=Space+Grotesk:wght@300;400;500;600;700&family=Inter:wght@300;40...
[WebServer]      |  ^^^^^^^^^^^^^^^^^^^^^^^^^^^^^^^^^^^^^^^^^^^^^^^^^^^^^^^^^^^^^^^^^^^^^^^^^^^^^^^^^^^^^^^^^^^^^^^^^^^^^^^^^^^^^^^^^^^^^^^^
[WebServer] 3820 |  .nano-mesh-bg {
[WebServer] 3821 |    position: absolute;
  Ô£ÿ  127 [firefox] ÔÇ║ e2e\app.spec.ts:351:5 ÔÇ║ AC-06: Settings Page ÔÇ║ displays System Monitoring settings (1ms)
[WebServer] [vite:css][postcss] @import must precede all other statements (besides @charset or empty @layer)
[WebServer] 3817 |    }
[WebServer] 3818 |  }
[WebServer] 3819 |  @import url('https://fonts.googleapis.com/css2?family=Space+Grotesk:wght@300;400;500;600;700&family=Inter:wght@300;40...
[WebServer]      |  ^^^^^^^^^^^^^^^^^^^^^^^^^^^^^^^^^^^^^^^^^^^^^^^^^^^^^^^^^^^^^^^^^^^^^^^^^^^^^^^^^^^^^^^^^^^^^^^^^^^^^^^^^^^^^^^^^^^^^^^^
[WebServer] 3820 |  .nano-mesh-bg {
[WebServer] 3821 |    position: absolute;
  Ô£ÿ  128 [firefox] ÔÇ║ e2e\app.spec.ts:357:5 ÔÇ║ AC-06: Settings Page ÔÇ║ displays Safety & Execution settings (1ms)
  Ô£ÿ  129 [firefox] ÔÇ║ e2e\app.spec.ts:362:5 ÔÇ║ AC-06: Settings Page ÔÇ║ Reset Defaults button exists (1ms)
[WebServer] [vite:css][postcss] @import must precede all other statements (besides @charset or empty @layer)
[WebServer] 3817 |    }
[WebServer] 3818 |  }
[WebServer] 3819 |  @import url('https://fonts.googleapis.com/css2?family=Space+Grotesk:wght@300;400;500;600;700&family=Inter:wght@300;40...
[WebServer]      |  ^^^^^^^^^^^^^^^^^^^^^^^^^^^^^^^^^^^^^^^^^^^^^^^^^^^^^^^^^^^^^^^^^^^^^^^^^^^^^^^^^^^^^^^^^^^^^^^^^^^^^^^^^^^^^^^^^^^^^^^^
[WebServer] 3820 |  .nano-mesh-bg {
[WebServer] 3821 |    position: absolute;
[WebServer] [vite:css][postcss] @import must precede all other statements (besides @charset or empty @layer)
[WebServer] 3817 |    }
[WebServer] 3818 |  }
[WebServer] 3819 |  @import url('https://fonts.googleapis.com/css2?family=Space+Grotesk:wght@300;400;500;600;700&family=Inter:wght@300;40...
[WebServer]      |  ^^^^^^^^^^^^^^^^^^^^^^^^^^^^^^^^^^^^^^^^^^^^^^^^^^^^^^^^^^^^^^^^^^^^^^^^^^^^^^^^^^^^^^^^^^^^^^^^^^^^^^^^^^^^^^^^^^^^^^^^
[WebServer] 3820 |  .nano-mesh-bg {
[WebServer] 3821 |    position: absolute;
  Ô£ÿ  130 [firefox] ÔÇ║ e2e\app.spec.ts:378:5 ÔÇ║ AC-04: Tweaks Inspector ÔÇ║ inspector sidebar shows placeholder when no tweak selected (1ms)
  Ô£ÿ  131 [firefox] ÔÇ║ e2e\app.spec.ts:384:5 ÔÇ║ AC-04: Tweaks Inspector ÔÇ║ clicking a tweak card shows inspector content (1ms)
  Ô£ÿ  132 [firefox] ÔÇ║ e2e\app.spec.ts:407:5 ÔÇ║ History Page ÔÇ║ displays Tweak History heading (1ms)
  Ô£ÿ  133 [firefox] ÔÇ║ e2e\app.spec.ts:412:5 ÔÇ║ History Page ÔÇ║ shows filter buttons: All, Applied, Reverted, Failed (1ms)
  Ô£ÿ  134 [firefox] ÔÇ║ e2e\app.spec.ts:419:5 ÔÇ║ History Page ÔÇ║ shows empty state or timeline entries (1ms)
[WebServer] [vite:css][postcss] @import must precede all other statements (besides @charset or empty @layer)
[WebServer] 3817 |    }
[WebServer] 3818 |  }
[WebServer] 3819 |  @import url('https://fonts.googleapis.com/css2?family=Space+Grotesk:wght@300;400;500;600;700&family=Inter:wght@300;40...
[WebServer]      |  ^^^^^^^^^^^^^^^^^^^^^^^^^^^^^^^^^^^^^^^^^^^^^^^^^^^^^^^^^^^^^^^^^^^^^^^^^^^^^^^^^^^^^^^^^^^^^^^^^^^^^^^^^^^^^^^^^^^^^^^^
[WebServer] 3820 |  .nano-mesh-bg {
[WebServer] 3821 |    position: absolute;
[WebServer] [vite:css][postcss] @import must precede all other statements (besides @charset or empty @layer)
[WebServer] 3817 |    }
[WebServer] 3818 |  }
[WebServer] 3819 |  @import url('https://fonts.googleapis.com/css2?family=Space+Grotesk:wght@300;400;500;600;700&family=Inter:wght@300;40...
[WebServer]      |  ^^^^^^^^^^^^^^^^^^^^^^^^^^^^^^^^^^^^^^^^^^^^^^^^^^^^^^^^^^^^^^^^^^^^^^^^^^^^^^^^^^^^^^^^^^^^^^^^^^^^^^^^^^^^^^^^^^^^^^^^
[WebServer] 3820 |  .nano-mesh-bg {
[WebServer] 3821 |    position: absolute;
  Ô£ÿ  135 [firefox] ÔÇ║ e2e\app.spec.ts:428:5 ÔÇ║ History Page ÔÇ║ Clear button is present (1ms)
  Ô£ÿ  136 [firefox] ÔÇ║ e2e\app.spec.ts:443:5 ÔÇ║ Profiles Page ÔÇ║ displays all 6 built-in profile cards (1ms)
[WebServer] [vite:css][postcss] @import must precede all other statements (besides @charset or empty @layer)
[WebServer] 3817 |    }
[WebServer] 3818 |  }
[WebServer] 3819 |  @import url('https://fonts.googleapis.com/css2?family=Space+Grotesk:wght@300;400;500;600;700&family=Inter:wght@300;40...
[WebServer]      |  ^^^^^^^^^^^^^^^^^^^^^^^^^^^^^^^^^^^^^^^^^^^^^^^^^^^^^^^^^^^^^^^^^^^^^^^^^^^^^^^^^^^^^^^^^^^^^^^^^^^^^^^^^^^^^^^^^^^^^^^^
[WebServer] 3820 |  .nano-mesh-bg {
[WebServer] 3821 |    position: absolute;
  Ô£ÿ  137 [firefox] ÔÇ║ e2e\app.spec.ts:450:5 ÔÇ║ Profiles Page ÔÇ║ profile cards show tweak counts (1ms)
[WebServer] [vite:css][postcss] @import must precede all other statements (besides @charset or empty @layer)
[WebServer] 3817 |    }
[WebServer] 3818 |  }
[WebServer] 3819 |  @import url('https://fonts.googleapis.com/css2?family=Space+Grotesk:wght@300;400;500;600;700&family=Inter:wght@300;40...
[WebServer]      |  ^^^^^^^^^^^^^^^^^^^^^^^^^^^^^^^^^^^^^^^^^^^^^^^^^^^^^^^^^^^^^^^^^^^^^^^^^^^^^^^^^^^^^^^^^^^^^^^^^^^^^^^^^^^^^^^^^^^^^^^^
[WebServer] 3820 |  .nano-mesh-bg {
[WebServer] 3821 |    position: absolute;
  Ô£ÿ  138 [firefox] ÔÇ║ e2e\app.spec.ts:456:5 ÔÇ║ Profiles Page ÔÇ║ clicking a profile expands to show included tweaks (1ms)
  Ô£ÿ  139 [firefox] ÔÇ║ e2e\app.spec.ts:461:5 ÔÇ║ Profiles Page ÔÇ║ expanded profile shows Apply button (1ms)
  Ô£ÿ  140 [firefox] ÔÇ║ e2e\app.spec.ts:480:5 ÔÇ║ Process Manager Page ÔÇ║ displays Process Manager heading (1ms)
  Ô£ÿ  141 [firefox] ÔÇ║ e2e\app.spec.ts:485:5 ÔÇ║ Process Manager Page ÔÇ║ shows stat cards: Total Processes, Used by Processes, Total User CPU (2ms)
[WebServer] [vite:css][postcss] @import must precede all other statements (besides @charset or empty @layer)
[WebServer] 3817 |    }
[WebServer] 3818 |  }
[WebServer] 3819 |  @import url('https://fonts.googleapis.com/css2?family=Space+Grotesk:wght@300;400;500;600;700&family=Inter:wght@300;40...
[WebServer]      |  ^^^^^^^^^^^^^^^^^^^^^^^^^^^^^^^^^^^^^^^^^^^^^^^^^^^^^^^^^^^^^^^^^^^^^^^^^^^^^^^^^^^^^^^^^^^^^^^^^^^^^^^^^^^^^^^^^^^^^^^^
[WebServer] 3820 |  .nano-mesh-bg {
[WebServer] 3821 |    position: absolute;
  Ô£ÿ  142 [firefox] ÔÇ║ e2e\app.spec.ts:491:5 ÔÇ║ Process Manager Page ÔÇ║ shows sortable column headers (1ms)
  Ô£ÿ  143 [firefox] ÔÇ║ e2e\app.spec.ts:498:5 ÔÇ║ Process Manager Page ÔÇ║ search filter works (1ms)
  Ô£ÿ  144 [firefox] ÔÇ║ e2e\app.spec.ts:503:5 ÔÇ║ Process Manager Page ÔÇ║ shows process list or loading state (1ms)
[WebServer] [vite:css][postcss] @import must precede all other statements (besides @charset or empty @layer)
[WebServer] 3817 |    }
[WebServer] 3818 |  }
[WebServer] 3819 |  @import url('https://fonts.googleapis.com/css2?family=Space+Grotesk:wght@300;400;500;600;700&family=Inter:wght@300;40...
[WebServer]      |  ^^^^^^^^^^^^^^^^^^^^^^^^^^^^^^^^^^^^^^^^^^^^^^^^^^^^^^^^^^^^^^^^^^^^^^^^^^^^^^^^^^^^^^^^^^^^^^^^^^^^^^^^^^^^^^^^^^^^^^^^
[WebServer] 3820 |  .nano-mesh-bg {
[WebServer] 3821 |    position: absolute;
[WebServer] [vite:css][postcss] @import must precede all other statements (besides @charset or empty @layer)
[WebServer] 3817 |    }
[WebServer] 3818 |  }
[WebServer] 3819 |  @import url('https://fonts.googleapis.com/css2?family=Space+Grotesk:wght@300;400;500;600;700&family=Inter:wght@300;40...
[WebServer]      |  ^^^^^^^^^^^^^^^^^^^^^^^^^^^^^^^^^^^^^^^^^^^^^^^^^^^^^^^^^^^^^^^^^^^^^^^^^^^^^^^^^^^^^^^^^^^^^^^^^^^^^^^^^^^^^^^^^^^^^^^^
[WebServer] 3820 |  .nano-mesh-bg {
[WebServer] 3821 |    position: absolute;
  Ô£ÿ  145 [firefox] ÔÇ║ e2e\app.spec.ts:523:5 ÔÇ║ Startup Manager Page ÔÇ║ displays Startup Manager heading (1ms)
  Ô£ÿ  146 [firefox] ÔÇ║ e2e\app.spec.ts:528:5 ÔÇ║ Startup Manager Page ÔÇ║ shows refresh button (1ms)
  Ô£ÿ  147 [firefox] ÔÇ║ e2e\app.spec.ts:532:5 ÔÇ║ Startup Manager Page ÔÇ║ has search input (1ms)
  Ô£ÿ  148 [firefox] ÔÇ║ e2e\app.spec.ts:538:5 ÔÇ║ Startup Manager Page ÔÇ║ shows items count or loading state (5ms)
[WebServer] [vite:css][postcss] @import must precede all other statements (besides @charset or empty @layer)
[WebServer] 3817 |    }
[WebServer] 3818 |  }
[WebServer] 3819 |  @import url('https://fonts.googleapis.com/css2?family=Space+Grotesk:wght@300;400;500;600;700&family=Inter:wght@300;40...
[WebServer]      |  ^^^^^^^^^^^^^^^^^^^^^^^^^^^^^^^^^^^^^^^^^^^^^^^^^^^^^^^^^^^^^^^^^^^^^^^^^^^^^^^^^^^^^^^^^^^^^^^^^^^^^^^^^^^^^^^^^^^^^^^^
[WebServer] 3820 |  .nano-mesh-bg {
[WebServer] 3821 |    position: absolute;
[WebServer] [vite:css][postcss] @import must precede all other statements (besides @charset or empty @layer)
[WebServer] 3817 |    }
[WebServer] 3818 |  }
[WebServer] 3819 |  @import url('https://fonts.googleapis.com/css2?family=Space+Grotesk:wght@300;400;500;600;700&family=Inter:wght@300;40...
[WebServer]      |  ^^^^^^^^^^^^^^^^^^^^^^^^^^^^^^^^^^^^^^^^^^^^^^^^^^^^^^^^^^^^^^^^^^^^^^^^^^^^^^^^^^^^^^^^^^^^^^^^^^^^^^^^^^^^^^^^^^^^^^^^
[WebServer] 3820 |  .nano-mesh-bg {
[WebServer] 3821 |    position: absolute;
  Ô£ÿ  149 [firefox] ÔÇ║ e2e\app.spec.ts:559:5 ÔÇ║ Storage Optimizer Page ÔÇ║ displays Storage Optimizer heading (1ms)
  Ô£ÿ  150 [firefox] ÔÇ║ e2e\app.spec.ts:564:5 ÔÇ║ Storage Optimizer Page ÔÇ║ shows Potential Savings overview card (1ms)
[WebServer] [vite:css][postcss] @import must precede all other statements (besides @charset or empty @layer)
[WebServer] 3817 |    }
[WebServer] 3818 |  }
[WebServer] 3819 |  @import url('https://fonts.googleapis.com/css2?family=Space+Grotesk:wght@300;400;500;600;700&family=Inter:wght@300;40...
[WebServer]      |  ^^^^^^^^^^^^^^^^^^^^^^^^^^^^^^^^^^^^^^^^^^^^^^^^^^^^^^^^^^^^^^^^^^^^^^^^^^^^^^^^^^^^^^^^^^^^^^^^^^^^^^^^^^^^^^^^^^^^^^^^
[WebServer] 3820 |  .nano-mesh-bg {
[WebServer] 3821 |    position: absolute;
  Ô£ÿ  151 [firefox] ÔÇ║ e2e\app.spec.ts:568:5 ÔÇ║ Storage Optimizer Page ÔÇ║ has Rescan and Clean Selected buttons (1ms)
[WebServer] [vite:css][postcss] @import must precede all other statements (besides @charset or empty @layer)
[WebServer] 3817 |    }
[WebServer] 3818 |  }
[WebServer] 3819 |  @import url('https://fonts.googleapis.com/css2?family=Space+Grotesk:wght@300;400;500;600;700&family=Inter:wght@300;40...
[WebServer]      |  ^^^^^^^^^^^^^^^^^^^^^^^^^^^^^^^^^^^^^^^^^^^^^^^^^^^^^^^^^^^^^^^^^^^^^^^^^^^^^^^^^^^^^^^^^^^^^^^^^^^^^^^^^^^^^^^^^^^^^^^^
[WebServer] 3820 |  .nano-mesh-bg {
[WebServer] 3821 |    position: absolute;
  Ô£ÿ  152 [firefox] ÔÇ║ e2e\app.spec.ts:573:5 ÔÇ║ Storage Optimizer Page ÔÇ║ shows categories or scanning/clean state (1ms)
  Ô£ÿ  153 [firefox] ÔÇ║ e2e\app.spec.ts:594:5 ÔÇ║ Network Analyzer Page ÔÇ║ displays Network Analyzer heading (1ms)
  Ô£ÿ  154 [firefox] ÔÇ║ e2e\app.spec.ts:599:5 ÔÇ║ Network Analyzer Page ÔÇ║ shows Latency Test panel with ping input (1ms)
  Ô£ÿ  155 [firefox] ÔÇ║ e2e\app.spec.ts:604:5 ÔÇ║ Network Analyzer Page ÔÇ║ PING button exists and is clickable (1ms)
[WebServer] [vite:css][postcss] @import must precede all other statements (besides @charset or empty @layer)
[WebServer] 3817 |    }
[WebServer] 3818 |  }
[WebServer] 3819 |  @import url('https://fonts.googleapis.com/css2?family=Space+Grotesk:wght@300;400;500;600;700&family=Inter:wght@300;40...
[WebServer]      |  ^^^^^^^^^^^^^^^^^^^^^^^^^^^^^^^^^^^^^^^^^^^^^^^^^^^^^^^^^^^^^^^^^^^^^^^^^^^^^^^^^^^^^^^^^^^^^^^^^^^^^^^^^^^^^^^^^^^^^^^^
[WebServer] 3820 |  .nano-mesh-bg {
[WebServer] 3821 |    position: absolute;
[WebServer] [vite:css][postcss] @import must precede all other statements (besides @charset or empty @layer)
[WebServer] 3817 |    }
[WebServer] 3818 |  }
[WebServer] 3819 |  @import url('https://fonts.googleapis.com/css2?family=Space+Grotesk:wght@300;400;500;600;700&family=Inter:wght@300;40...
[WebServer]      |  ^^^^^^^^^^^^^^^^^^^^^^^^^^^^^^^^^^^^^^^^^^^^^^^^^^^^^^^^^^^^^^^^^^^^^^^^^^^^^^^^^^^^^^^^^^^^^^^^^^^^^^^^^^^^^^^^^^^^^^^^
[WebServer] 3820 |  .nano-mesh-bg {
[WebServer] 3821 |    position: absolute;
  Ô£ÿ  156 [firefox] ÔÇ║ e2e\app.spec.ts:609:5 ÔÇ║ Network Analyzer Page ÔÇ║ shows Active Adapters section (1ms)
  Ô£ÿ  157 [firefox] ÔÇ║ e2e\app.spec.ts:613:5 ÔÇ║ Network Analyzer Page ÔÇ║ adapters show IP and MAC info or loading/empty state (1ms)
[WebServer] [vite:css][postcss] @import must precede all other statements (besides @charset or empty @layer)
[WebServer] 3817 |    }
[WebServer] 3818 |  }
[WebServer] 3819 |  @import url('https://fonts.googleapis.com/css2?family=Space+Grotesk:wght@300;400;500;600;700&family=Inter:wght@300;40...
[WebServer]      |  ^^^^^^^^^^^^^^^^^^^^^^^^^^^^^^^^^^^^^^^^^^^^^^^^^^^^^^^^^^^^^^^^^^^^^^^^^^^^^^^^^^^^^^^^^^^^^^^^^^^^^^^^^^^^^^^^^^^^^^^^
[WebServer] 3820 |  .nano-mesh-bg {
[WebServer] 3821 |    position: absolute;
  Ô£ÿ  158 [firefox] ÔÇ║ e2e\app.spec.ts:634:5 ÔÇ║ Apps Page ÔÇ║ displays Recommended Apps heading (1ms)
[WebServer] [vite:css][postcss] @import must precede all other statements (besides @charset or empty @layer)
[WebServer] 3817 |    }
[WebServer] 3818 |  }
[WebServer] 3819 |  @import url('https://fonts.googleapis.com/css2?family=Space+Grotesk:wght@300;400;500;600;700&family=Inter:wght@300;40...
[WebServer]      |  ^^^^^^^^^^^^^^^^^^^^^^^^^^^^^^^^^^^^^^^^^^^^^^^^^^^^^^^^^^^^^^^^^^^^^^^^^^^^^^^^^^^^^^^^^^^^^^^^^^^^^^^^^^^^^^^^^^^^^^^^
[WebServer] 3820 |  .nano-mesh-bg {
[WebServer] 3821 |    position: absolute;
  Ô£ÿ  159 [firefox] ÔÇ║ e2e\app.spec.ts:640:5 ÔÇ║ Apps Page ÔÇ║ shows category tabs (1ms)
[WebServer] [vite:css][postcss] @import must precede all other statements (besides @charset or empty @layer)
[WebServer] 3817 |    }
[WebServer] 3818 |  }
[WebServer] 3819 |  @import url('https://fonts.googleapis.com/css2?family=Space+Grotesk:wght@300;400;500;600;700&family=Inter:wght@300;40...
[WebServer]      |  ^^^^^^^^^^^^^^^^^^^^^^^^^^^^^^^^^^^^^^^^^^^^^^^^^^^^^^^^^^^^^^^^^^^^^^^^^^^^^^^^^^^^^^^^^^^^^^^^^^^^^^^^^^^^^^^^^^^^^^^^
[WebServer] 3820 |  .nano-mesh-bg {
[WebServer] 3821 |    position: absolute;
  Ô£ÿ  160 [firefox] ÔÇ║ e2e\app.spec.ts:651:5 ÔÇ║ Apps Page ÔÇ║ shows app cards (1ms)
  Ô£ÿ  161 [firefox] ÔÇ║ e2e\app.spec.ts:645:5 ÔÇ║ Apps Page ÔÇ║ has search input (1ms)
  Ô£ÿ  162 [firefox] ÔÇ║ e2e\app.spec.ts:665:5 ÔÇ║ AC-14: Empty States ÔÇ║ unknown route shows Module Under Development (1ms)
[WebServer] [vite:css][postcss] @import must precede all other statements (besides @charset or empty @layer)
[WebServer] 3817 |    }
[WebServer] 3818 |  }
[WebServer] 3819 |  @import url('https://fonts.googleapis.com/css2?family=Space+Grotesk:wght@300;400;500;600;700&family=Inter:wght@300;40...
[WebServer]      |  ^^^^^^^^^^^^^^^^^^^^^^^^^^^^^^^^^^^^^^^^^^^^^^^^^^^^^^^^^^^^^^^^^^^^^^^^^^^^^^^^^^^^^^^^^^^^^^^^^^^^^^^^^^^^^^^^^^^^^^^^
[WebServer] 3820 |  .nano-mesh-bg {
[WebServer] 3821 |    position: absolute;
  Ô£ÿ  163 [firefox] ÔÇ║ e2e\app.spec.ts:675:5 ÔÇ║ AC-14: Empty States ÔÇ║ category with no tweaks shows appropriate empty state (1ms)
  Ô£ÿ  164 [firefox] ÔÇ║ e2e\app.spec.ts:694:5 ÔÇ║ AC-11: Tweak Validation Skeleton ÔÇ║ shows skeleton loading on tweak page mount then transitions to real state (1ms)
  Ô£ÿ   82 [chromium] ÔÇ║ e2e\app.spec.ts:694:5 ÔÇ║ AC-11: Tweak Validation Skeleton ÔÇ║ shows skeleton loading on tweak page mount then transitions to real state (18.7s)


  1) [chromium] ÔÇ║ e2e\app.spec.ts:24:5 ÔÇ║ AC-01: Onboarding Modal ÔÇ║ shows onboarding modal on first visit 

    Error: [2mexpect([22m[31mlocator[39m[2m).[22mtoBeVisible[2m([22m[2m)[22m failed

    Locator: getByText(/Interactive Guide/i)
    Expected: visible
    Error: strict mode violation: getByText(/Interactive Guide/i) resolved to 2 elements:
        1) <span class="text-[11px] font-bold text-slate-500 uppercase tracking-widest">Interactive Guide</span> aka getByText('Interactive Guide').first()
        2) <span class="text-[13px] tracking-wide">Interactive Guide</span> aka getByRole('button', { name: 'Interactive Guide' })

    Call log:
    [2m  - Expect "toBeVisible" with timeout 8000ms[22m
    [2m  - waiting for getByText(/Interactive Guide/i)[22m


      24 |     test("shows onboarding modal on first visit", async ({ page }) => {
      25 |         await page.goto("/");
    > 26 |         await expect(page.getByText(/Interactive Guide/i)).toBeVisible({ timeout: 8000 });
         |                                                            ^
      27 |     });
      28 |
      29 |     test("advances through all 3 steps and closes", async ({ page }) => {
        at F:\WinOpt\WinOptimizerRevamp\e2e\app.spec.ts:26:60

    attachment #1: screenshot (image/png) ÔöÇÔöÇÔöÇÔöÇÔöÇÔöÇÔöÇÔöÇÔöÇÔöÇÔöÇÔöÇÔöÇÔöÇÔöÇÔöÇÔöÇÔöÇÔöÇÔöÇÔöÇÔöÇÔöÇÔöÇÔöÇÔöÇÔöÇÔöÇÔöÇÔöÇÔöÇÔöÇÔöÇÔöÇÔöÇÔöÇÔöÇÔöÇÔöÇÔöÇÔöÇÔöÇÔöÇÔöÇÔöÇÔöÇÔöÇÔöÇÔöÇÔöÇÔöÇÔöÇÔöÇÔöÇÔöÇÔöÇÔöÇÔöÇ
    test-results\app-AC-01-Onboarding-Modal-64bc3-arding-modal-on-first-visit-chromium\test-failed-1.png
    ÔöÇÔöÇÔöÇÔöÇÔöÇÔöÇÔöÇÔöÇÔöÇÔöÇÔöÇÔöÇÔöÇÔöÇÔöÇÔöÇÔöÇÔöÇÔöÇÔöÇÔöÇÔöÇÔöÇÔöÇÔöÇÔöÇÔöÇÔöÇÔöÇÔöÇÔöÇÔöÇÔöÇÔöÇÔöÇÔöÇÔöÇÔöÇÔöÇÔöÇÔöÇÔöÇÔöÇÔöÇÔöÇÔöÇÔöÇÔöÇÔöÇÔöÇÔöÇÔöÇÔöÇÔöÇÔöÇÔöÇÔöÇÔöÇÔöÇÔöÇÔöÇÔöÇÔöÇÔöÇÔöÇÔöÇÔöÇÔöÇÔöÇÔöÇÔöÇÔöÇÔöÇÔöÇÔöÇÔöÇÔöÇÔöÇÔöÇÔöÇÔöÇÔöÇÔöÇÔöÇÔöÇÔöÇÔöÇÔöÇÔöÇÔöÇÔöÇÔöÇÔöÇÔöÇÔöÇÔöÇ

  2) [chromium] ÔÇ║ e2e\app.spec.ts:29:5 ÔÇ║ AC-01: Onboarding Modal ÔÇ║ advances through all 3 steps and closes 

    Error: [2mexpect([22m[31mlocator[39m[2m).[22mtoBeVisible[2m([22m[2m)[22m failed

    Locator: getByText(/Interactive Guide/i)
    Expected: visible
    Error: strict mode violation: getByText(/Interactive Guide/i) resolved to 2 elements:
        1) <span class="text-[11px] font-bold text-slate-500 uppercase tracking-widest">Interactive Guide</span> aka getByText('Interactive Guide').first()
        2) <span class="text-[13px] tracking-wide">Interactive Guide</span> aka getByRole('button', { name: 'Interactive Guide' })

    Call log:
    [2m  - Expect "toBeVisible" with timeout 5000ms[22m
    [2m  - waiting for getByText(/Interactive Guide/i)[22m


      29 |     test("advances through all 3 steps and closes", async ({ page }) => {
      30 |         await page.goto("/");
    > 31 |         await expect(page.getByText(/Interactive Guide/i)).toBeVisible();
         |                                                            ^
      32 |         // Step 1 ÔåÆ 2
      33 |         await page.getByRole("button", { name: /next/i }).click();
      34 |         await expect(page.getByText(/Granular OS Tuning/i)).toBeVisible();
        at F:\WinOpt\WinOptimizerRevamp\e2e\app.spec.ts:31:60

    attachment #1: screenshot (image/png) ÔöÇÔöÇÔöÇÔöÇÔöÇÔöÇÔöÇÔöÇÔöÇÔöÇÔöÇÔöÇÔöÇÔöÇÔöÇÔöÇÔöÇÔöÇÔöÇÔöÇÔöÇÔöÇÔöÇÔöÇÔöÇÔöÇÔöÇÔöÇÔöÇÔöÇÔöÇÔöÇÔöÇÔöÇÔöÇÔöÇÔöÇÔöÇÔöÇÔöÇÔöÇÔöÇÔöÇÔöÇÔöÇÔöÇÔöÇÔöÇÔöÇÔöÇÔöÇÔöÇÔöÇÔöÇÔöÇÔöÇÔöÇÔöÇ
    test-results\app-AC-01-Onboarding-Modal-0ef01-ough-all-3-steps-and-closes-chromium\test-failed-1.png
    ÔöÇÔöÇÔöÇÔöÇÔöÇÔöÇÔöÇÔöÇÔöÇÔöÇÔöÇÔöÇÔöÇÔöÇÔöÇÔöÇÔöÇÔöÇÔöÇÔöÇÔöÇÔöÇÔöÇÔöÇÔöÇÔöÇÔöÇÔöÇÔöÇÔöÇÔöÇÔöÇÔöÇÔöÇÔöÇÔöÇÔöÇÔöÇÔöÇÔöÇÔöÇÔöÇÔöÇÔöÇÔöÇÔöÇÔöÇÔöÇÔöÇÔöÇÔöÇÔöÇÔöÇÔöÇÔöÇÔöÇÔöÇÔöÇÔöÇÔöÇÔöÇÔöÇÔöÇÔöÇÔöÇÔöÇÔöÇÔöÇÔöÇÔöÇÔöÇÔöÇÔöÇÔöÇÔöÇÔöÇÔöÇÔöÇÔöÇÔöÇÔöÇÔöÇÔöÇÔöÇÔöÇÔöÇÔöÇÔöÇÔöÇÔöÇÔöÇÔöÇÔöÇÔöÇÔöÇÔöÇ

    Error Context: test-results\app-AC-01-Onboarding-Modal-0ef01-ough-all-3-steps-and-closes-chromium\error-context.md

  3) [chromium] ÔÇ║ e2e\app.spec.ts:43:5 ÔÇ║ AC-01: Onboarding Modal ÔÇ║ sets localStorage flag on completion 

    [31mTest timeout of 30000ms exceeded.[39m

    Error: locator.click: Test timeout of 30000ms exceeded.
    Call log:
    [2m  - waiting for getByRole('button', { name: /get started/i })[22m
    [2m    - locator resolved to <button class="flex items-center justify-center group bg-primary text-primary-foreground dark:bg-white dark:text-black px-5 py-2.5 rounded-full font-bold transition-all hover:scale-105 active:scale-95 text-sm">ÔÇª</button>[22m
    [2m  - attempting click action[22m
    [2m    - waiting for element to be visible, enabled and stable[22m
    [2m    - element is visible, enabled and stable[22m
    [2m    - scrolling into view if needed[22m
    [2m    2 ├ù waiting for" http://localhost:1420/" navigation to finish...[22m
    [2m      - navigated to "http://localhost:1420/"[22m


      45 |         await page.getByRole("button", { name: /next/i }).click();
      46 |         await page.getByRole("button", { name: /next/i }).click();
    > 47 |         await page.getByRole("button", { name: /get started/i }).click();
         |                                                                  ^
      48 |         const flag = await page.evaluate(() => localStorage.getItem("onboardingComplete"));
      49 |         expect(flag).toBe("true");
      50 |     });
        at F:\WinOpt\WinOptimizerRevamp\e2e\app.spec.ts:47:66

    attachment #1: screenshot (image/png) ÔöÇÔöÇÔöÇÔöÇÔöÇÔöÇÔöÇÔöÇÔöÇÔöÇÔöÇÔöÇÔöÇÔöÇÔöÇÔöÇÔöÇÔöÇÔöÇÔöÇÔöÇÔöÇÔöÇÔöÇÔöÇÔöÇÔöÇÔöÇÔöÇÔöÇÔöÇÔöÇÔöÇÔöÇÔöÇÔöÇÔöÇÔöÇÔöÇÔöÇÔöÇÔöÇÔöÇÔöÇÔöÇÔöÇÔöÇÔöÇÔöÇÔöÇÔöÇÔöÇÔöÇÔöÇÔöÇÔöÇÔöÇÔöÇ
    test-results\app-AC-01-Onboarding-Modal-c4cbe-lStorage-flag-on-completion-chromium\test-failed-1.png
    ÔöÇÔöÇÔöÇÔöÇÔöÇÔöÇÔöÇÔöÇÔöÇÔöÇÔöÇÔöÇÔöÇÔöÇÔöÇÔöÇÔöÇÔöÇÔöÇÔöÇÔöÇÔöÇÔöÇÔöÇÔöÇÔöÇÔöÇÔöÇÔöÇÔöÇÔöÇÔöÇÔöÇÔöÇÔöÇÔöÇÔöÇÔöÇÔöÇÔöÇÔöÇÔöÇÔöÇÔöÇÔöÇÔöÇÔöÇÔöÇÔöÇÔöÇÔöÇÔöÇÔöÇÔöÇÔöÇÔöÇÔöÇÔöÇÔöÇÔöÇÔöÇÔöÇÔöÇÔöÇÔöÇÔöÇÔöÇÔöÇÔöÇÔöÇÔöÇÔöÇÔöÇÔöÇÔöÇÔöÇÔöÇÔöÇÔöÇÔöÇÔöÇÔöÇÔöÇÔöÇÔöÇÔöÇÔöÇÔöÇÔöÇÔöÇÔöÇÔöÇÔöÇÔöÇÔöÇÔöÇ

    Error Context: test-results\app-AC-01-Onboarding-Modal-c4cbe-lStorage-flag-on-completion-chromium\error-context.md

  4) [chromium] ÔÇ║ e2e\app.spec.ts:75:5 ÔÇ║ Core Navigation ÔÇ║ navigates to Privacy view via sidebar ÔöÇÔöÇÔöÇ

    Error: page.reload: net::ERR_ABORTED; maybe frame was detached?
    Call log:
    [2m  - waiting for navigation until "load"[22m


       7 |     await page.goto("/");
       8 |     await page.evaluate(() => localStorage.setItem("onboardingComplete", "true"));
    >  9 |     await page.reload();
         |                ^
      10 |     await page.waitForLoadState("networkidle");
      11 | }
      12 |
        at skipOnboarding (F:\WinOpt\WinOptimizerRevamp\e2e\app.spec.ts:9:16)
        at F:\WinOpt\WinOptimizerRevamp\e2e\app.spec.ts:63:43

    attachment #1: screenshot (image/png) ÔöÇÔöÇÔöÇÔöÇÔöÇÔöÇÔöÇÔöÇÔöÇÔöÇÔöÇÔöÇÔöÇÔöÇÔöÇÔöÇÔöÇÔöÇÔöÇÔöÇÔöÇÔöÇÔöÇÔöÇÔöÇÔöÇÔöÇÔöÇÔöÇÔöÇÔöÇÔöÇÔöÇÔöÇÔöÇÔöÇÔöÇÔöÇÔöÇÔöÇÔöÇÔöÇÔöÇÔöÇÔöÇÔöÇÔöÇÔöÇÔöÇÔöÇÔöÇÔöÇÔöÇÔöÇÔöÇÔöÇÔöÇÔöÇ
    test-results\app-Core-Navigation-navigates-to-Privacy-view-via-sidebar-chromium\test-failed-1.png
    ÔöÇÔöÇÔöÇÔöÇÔöÇÔöÇÔöÇÔöÇÔöÇÔöÇÔöÇÔöÇÔöÇÔöÇÔöÇÔöÇÔöÇÔöÇÔöÇÔöÇÔöÇÔöÇÔöÇÔöÇÔöÇÔöÇÔöÇÔöÇÔöÇÔöÇÔöÇÔöÇÔöÇÔöÇÔöÇÔöÇÔöÇÔöÇÔöÇÔöÇÔöÇÔöÇÔöÇÔöÇÔöÇÔöÇÔöÇÔöÇÔöÇÔöÇÔöÇÔöÇÔöÇÔöÇÔöÇÔöÇÔöÇÔöÇÔöÇÔöÇÔöÇÔöÇÔöÇÔöÇÔöÇÔöÇÔöÇÔöÇÔöÇÔöÇÔöÇÔöÇÔöÇÔöÇÔöÇÔöÇÔöÇÔöÇÔöÇÔöÇÔöÇÔöÇÔöÇÔöÇÔöÇÔöÇÔöÇÔöÇÔöÇÔöÇÔöÇÔöÇÔöÇÔöÇÔöÇÔöÇ

  5) [chromium] ÔÇ║ e2e\app.spec.ts:102:9 ÔÇ║ Core Navigation ÔÇ║ navigates to Process Manager page ÔöÇÔöÇÔöÇÔöÇÔöÇÔöÇ

    Error: page.reload: net::ERR_ABORTED; maybe frame was detached?
    Call log:
    [2m  - waiting for navigation until "load"[22m


       7 |     await page.goto("/");
       8 |     await page.evaluate(() => localStorage.setItem("onboardingComplete", "true"));
    >  9 |     await page.reload();
         |                ^
      10 |     await page.waitForLoadState("networkidle");
      11 | }
      12 |
        at skipOnboarding (F:\WinOpt\WinOptimizerRevamp\e2e\app.spec.ts:9:16)
        at F:\WinOpt\WinOptimizerRevamp\e2e\app.spec.ts:63:43

    attachment #1: screenshot (image/png) ÔöÇÔöÇÔöÇÔöÇÔöÇÔöÇÔöÇÔöÇÔöÇÔöÇÔöÇÔöÇÔöÇÔöÇÔöÇÔöÇÔöÇÔöÇÔöÇÔöÇÔöÇÔöÇÔöÇÔöÇÔöÇÔöÇÔöÇÔöÇÔöÇÔöÇÔöÇÔöÇÔöÇÔöÇÔöÇÔöÇÔöÇÔöÇÔöÇÔöÇÔöÇÔöÇÔöÇÔöÇÔöÇÔöÇÔöÇÔöÇÔöÇÔöÇÔöÇÔöÇÔöÇÔöÇÔöÇÔöÇÔöÇÔöÇ
    test-results\app-Core-Navigation-navigates-to-Process-Manager-page-chromium\test-failed-1.png
    ÔöÇÔöÇÔöÇÔöÇÔöÇÔöÇÔöÇÔöÇÔöÇÔöÇÔöÇÔöÇÔöÇÔöÇÔöÇÔöÇÔöÇÔöÇÔöÇÔöÇÔöÇÔöÇÔöÇÔöÇÔöÇÔöÇÔöÇÔöÇÔöÇÔöÇÔöÇÔöÇÔöÇÔöÇÔöÇÔöÇÔöÇÔöÇÔöÇÔöÇÔöÇÔöÇÔöÇÔöÇÔöÇÔöÇÔöÇÔöÇÔöÇÔöÇÔöÇÔöÇÔöÇÔöÇÔöÇÔöÇÔöÇÔöÇÔöÇÔöÇÔöÇÔöÇÔöÇÔöÇÔöÇÔöÇÔöÇÔöÇÔöÇÔöÇÔöÇÔöÇÔöÇÔöÇÔöÇÔöÇÔöÇÔöÇÔöÇÔöÇÔöÇÔöÇÔöÇÔöÇÔöÇÔöÇÔöÇÔöÇÔöÇÔöÇÔöÇÔöÇÔöÇÔöÇÔöÇÔöÇ

    Error Context: test-results\app-Core-Navigation-navigates-to-Process-Manager-page-chromium\error-context.md

  6) [chromium] ÔÇ║ e2e\app.spec.ts:121:5 ÔÇ║ AC-05: Command Palette ÔÇ║ closes with Escape ÔöÇÔöÇÔöÇÔöÇÔöÇÔöÇÔöÇÔöÇÔöÇÔöÇÔöÇÔöÇÔöÇÔöÇ

    Error: [2mexpect([22m[31mlocator[39m[2m).[22mtoBeVisible[2m([22m[2m)[22m failed

    Locator: getByPlaceholder(/search tweaks/i)
    Expected: visible
    Timeout: 5000ms
    Error: element(s) not found

    Call log:
    [2m  - Expect "toBeVisible" with timeout 5000ms[22m
    [2m  - waiting for getByPlaceholder(/search tweaks/i)[22m
    [2m    - waiting for" http://localhost:1420/" navigation to finish...[22m
    [2m    - navigated to "http://localhost:1420/"[22m


      121 |     test("closes with Escape", async ({ page }) => {
      122 |         await page.keyboard.press("Control+k");
    > 123 |         await expect(page.getByPlaceholder(/search tweaks/i)).toBeVisible();
          |                                                               ^
      124 |         await page.keyboard.press("Escape");
      125 |         await expect(page.getByPlaceholder(/search tweaks/i)).not.toBeVisible();
      126 |     });
        at F:\WinOpt\WinOptimizerRevamp\e2e\app.spec.ts:123:63

    attachment #1: screenshot (image/png) ÔöÇÔöÇÔöÇÔöÇÔöÇÔöÇÔöÇÔöÇÔöÇÔöÇÔöÇÔöÇÔöÇÔöÇÔöÇÔöÇÔöÇÔöÇÔöÇÔöÇÔöÇÔöÇÔöÇÔöÇÔöÇÔöÇÔöÇÔöÇÔöÇÔöÇÔöÇÔöÇÔöÇÔöÇÔöÇÔöÇÔöÇÔöÇÔöÇÔöÇÔöÇÔöÇÔöÇÔöÇÔöÇÔöÇÔöÇÔöÇÔöÇÔöÇÔöÇÔöÇÔöÇÔöÇÔöÇÔöÇÔöÇÔöÇ
    test-results\app-AC-05-Command-Palette-closes-with-Escape-chromium\test-failed-1.png
    ÔöÇÔöÇÔöÇÔöÇÔöÇÔöÇÔöÇÔöÇÔöÇÔöÇÔöÇÔöÇÔöÇÔöÇÔöÇÔöÇÔöÇÔöÇÔöÇÔöÇÔöÇÔöÇÔöÇÔöÇÔöÇÔöÇÔöÇÔöÇÔöÇÔöÇÔöÇÔöÇÔöÇÔöÇÔöÇÔöÇÔöÇÔöÇÔöÇÔöÇÔöÇÔöÇÔöÇÔöÇÔöÇÔöÇÔöÇÔöÇÔöÇÔöÇÔöÇÔöÇÔöÇÔöÇÔöÇÔöÇÔöÇÔöÇÔöÇÔöÇÔöÇÔöÇÔöÇÔöÇÔöÇÔöÇÔöÇÔöÇÔöÇÔöÇÔöÇÔöÇÔöÇÔöÇÔöÇÔöÇÔöÇÔöÇÔöÇÔöÇÔöÇÔöÇÔöÇÔöÇÔöÇÔöÇÔöÇÔöÇÔöÇÔöÇÔöÇÔöÇÔöÇÔöÇÔöÇÔöÇ

    Error Context: test-results\app-AC-05-Command-Palette-closes-with-Escape-chromium\error-context.md

  7) [chromium] ÔÇ║ e2e\app.spec.ts:140:5 ÔÇ║ AC-05: Command Palette ÔÇ║ groups results by category with section headers 

    [31mTest timeout of 30000ms exceeded.[39m

    Error: locator.fill: Test timeout of 30000ms exceeded.
    Call log:
    [2m  - waiting for getByPlaceholder(/search tweaks/i)[22m
    [2m    9 ├ù waiting for" http://localhost:1420/" navigation to finish...[22m
    [2m      - navigated to "http://localhost:1420/"[22m


      140 |     test("groups results by category with section headers", async ({ page }) => {
      141 |         await page.keyboard.press("Control+k");
    > 142 |         await page.getByPlaceholder(/search tweaks/i).fill("disable");
          |                                                       ^
      143 |         // Should see at least one category section header
      144 |         const headers = page.locator("[class*=uppercase][class*=tracking]");
      145 |         await expect(headers.first()).toBeVisible({ timeout: 3000 });
        at F:\WinOpt\WinOptimizerRevamp\e2e\app.spec.ts:142:55

    attachment #1: screenshot (image/png) ÔöÇÔöÇÔöÇÔöÇÔöÇÔöÇÔöÇÔöÇÔöÇÔöÇÔöÇÔöÇÔöÇÔöÇÔöÇÔöÇÔöÇÔöÇÔöÇÔöÇÔöÇÔöÇÔöÇÔöÇÔöÇÔöÇÔöÇÔöÇÔöÇÔöÇÔöÇÔöÇÔöÇÔöÇÔöÇÔöÇÔöÇÔöÇÔöÇÔöÇÔöÇÔöÇÔöÇÔöÇÔöÇÔöÇÔöÇÔöÇÔöÇÔöÇÔöÇÔöÇÔöÇÔöÇÔöÇÔöÇÔöÇÔöÇ
    test-results\app-AC-05-Command-Palette--72bd1-tegory-with-section-headers-chromium\test-failed-1.png
    ÔöÇÔöÇÔöÇÔöÇÔöÇÔöÇÔöÇÔöÇÔöÇÔöÇÔöÇÔöÇÔöÇÔöÇÔöÇÔöÇÔöÇÔöÇÔöÇÔöÇÔöÇÔöÇÔöÇÔöÇÔöÇÔöÇÔöÇÔöÇÔöÇÔöÇÔöÇÔöÇÔöÇÔöÇÔöÇÔöÇÔöÇÔöÇÔöÇÔöÇÔöÇÔöÇÔöÇÔöÇÔöÇÔöÇÔöÇÔöÇÔöÇÔöÇÔöÇÔöÇÔöÇÔöÇÔöÇÔöÇÔöÇÔöÇÔöÇÔöÇÔöÇÔöÇÔöÇÔöÇÔöÇÔöÇÔöÇÔöÇÔöÇÔöÇÔöÇÔöÇÔöÇÔöÇÔöÇÔöÇÔöÇÔöÇÔöÇÔöÇÔöÇÔöÇÔöÇÔöÇÔöÇÔöÇÔöÇÔöÇÔöÇÔöÇÔöÇÔöÇÔöÇÔöÇÔöÇÔöÇ

  8) [chromium] ÔÇ║ e2e\app.spec.ts:240:5 ÔÇ║ AC-02: Risk Filter Chips ÔÇ║ shows All, Green, Yellow filter chips with counts 

    Error: [2mexpect([22m[31mlocator[39m[2m).[22mtoBeVisible[2m([22m[2m)[22m failed

    Locator: getByText('All')
    Expected: visible
    Timeout: 5000ms
    Error: element(s) not found

    Call log:
    [2m  - Expect "toBeVisible" with timeout 5000ms[22m
    [2m  - waiting for getByText('All')[22m
    [2m    - waiting for" http://localhost:1420/" navigation to finish...[22m
    [2m    - navigated to "http://localhost:1420/"[22m


      239 |
      240 |     test("shows All, Green, Yellow filter chips with counts", async ({ page }) => {
    > 241 |         await expect(page.getByText("All")).toBeVisible();
          |                                             ^
      242 |         await expect(page.getByText("Green")).toBeVisible();
      243 |         await expect(page.getByText("Yellow")).toBeVisible();
      244 |     });
        at F:\WinOpt\WinOptimizerRevamp\e2e\app.spec.ts:241:45

    attachment #1: screenshot (image/png) ÔöÇÔöÇÔöÇÔöÇÔöÇÔöÇÔöÇÔöÇÔöÇÔöÇÔöÇÔöÇÔöÇÔöÇÔöÇÔöÇÔöÇÔöÇÔöÇÔöÇÔöÇÔöÇÔöÇÔöÇÔöÇÔöÇÔöÇÔöÇÔöÇÔöÇÔöÇÔöÇÔöÇÔöÇÔöÇÔöÇÔöÇÔöÇÔöÇÔöÇÔöÇÔöÇÔöÇÔöÇÔöÇÔöÇÔöÇÔöÇÔöÇÔöÇÔöÇÔöÇÔöÇÔöÇÔöÇÔöÇÔöÇÔöÇ
    test-results\app-AC-02-Risk-Filter-Chip-629d9-ow-filter-chips-with-counts-chromium\test-failed-1.png
    ÔöÇÔöÇÔöÇÔöÇÔöÇÔöÇÔöÇÔöÇÔöÇÔöÇÔöÇÔöÇÔöÇÔöÇÔöÇÔöÇÔöÇÔöÇÔöÇÔöÇÔöÇÔöÇÔöÇÔöÇÔöÇÔöÇÔöÇÔöÇÔöÇÔöÇÔöÇÔöÇÔöÇÔöÇÔöÇÔöÇÔöÇÔöÇÔöÇÔöÇÔöÇÔöÇÔöÇÔöÇÔöÇÔöÇÔöÇÔöÇÔöÇÔöÇÔöÇÔöÇÔöÇÔöÇÔöÇÔöÇÔöÇÔöÇÔöÇÔöÇÔöÇÔöÇÔöÇÔöÇÔöÇÔöÇÔöÇÔöÇÔöÇÔöÇÔöÇÔöÇÔöÇÔöÇÔöÇÔöÇÔöÇÔöÇÔöÇÔöÇÔöÇÔöÇÔöÇÔöÇÔöÇÔöÇÔöÇÔöÇÔöÇÔöÇÔöÇÔöÇÔöÇÔöÇÔöÇÔöÇ

    Error Context: test-results\app-AC-02-Risk-Filter-Chip-629d9-ow-filter-chips-with-counts-chromium\error-context.md

  9) [chromium] ÔÇ║ e2e\app.spec.ts:246:5 ÔÇ║ AC-02: Risk Filter Chips ÔÇ║ filtering by Green shows only green tweaks 

    [31mTest timeout of 30000ms exceeded.[39m

    Error: locator.click: Test timeout of 30000ms exceeded.
    Call log:
    [2m  - waiting for locator('button').filter({ hasText: 'Green' }).first()[22m
    [2m    8 ├ù waiting for" http://localhost:1420/" navigation to finish...[22m
    [2m      - navigated to "http://localhost:1420/"[22m


      246 |     test("filtering by Green shows only green tweaks", async ({ page }) => {
      247 |         const greenButton = page.locator("button").filter({ hasText: "Green" }).first();
    > 248 |         await greenButton.click();
          |                           ^
      249 |         // All visible risk badges should be green
      250 |         const badges = page.locator(".rounded-full").filter({ hasText: /Green/ });
      251 |         const count = await badges.count();
        at F:\WinOpt\WinOptimizerRevamp\e2e\app.spec.ts:248:27

    attachment #1: screenshot (image/png) ÔöÇÔöÇÔöÇÔöÇÔöÇÔöÇÔöÇÔöÇÔöÇÔöÇÔöÇÔöÇÔöÇÔöÇÔöÇÔöÇÔöÇÔöÇÔöÇÔöÇÔöÇÔöÇÔöÇÔöÇÔöÇÔöÇÔöÇÔöÇÔöÇÔöÇÔöÇÔöÇÔöÇÔöÇÔöÇÔöÇÔöÇÔöÇÔöÇÔöÇÔöÇÔöÇÔöÇÔöÇÔöÇÔöÇÔöÇÔöÇÔöÇÔöÇÔöÇÔöÇÔöÇÔöÇÔöÇÔöÇÔöÇÔöÇ
    test-results\app-AC-02-Risk-Filter-Chip-0f13d-een-shows-only-green-tweaks-chromium\test-failed-1.png
    ÔöÇÔöÇÔöÇÔöÇÔöÇÔöÇÔöÇÔöÇÔöÇÔöÇÔöÇÔöÇÔöÇÔöÇÔöÇÔöÇÔöÇÔöÇÔöÇÔöÇÔöÇÔöÇÔöÇÔöÇÔöÇÔöÇÔöÇÔöÇÔöÇÔöÇÔöÇÔöÇÔöÇÔöÇÔöÇÔöÇÔöÇÔöÇÔöÇÔöÇÔöÇÔöÇÔöÇÔöÇÔöÇÔöÇÔöÇÔöÇÔöÇÔöÇÔöÇÔöÇÔöÇÔöÇÔöÇÔöÇÔöÇÔöÇÔöÇÔöÇÔöÇÔöÇÔöÇÔöÇÔöÇÔöÇÔöÇÔöÇÔöÇÔöÇÔöÇÔöÇÔöÇÔöÇÔöÇÔöÇÔöÇÔöÇÔöÇÔöÇÔöÇÔöÇÔöÇÔöÇÔöÇÔöÇÔöÇÔöÇÔöÇÔöÇÔöÇÔöÇÔöÇÔöÇÔöÇÔöÇ

  10) [chromium] ÔÇ║ e2e\app.spec.ts:341:5 ÔÇ║ AC-06: Settings Page ÔÇ║ displays Appearance section with theme toggles 

    Error: [2mexpect([22m[31mlocator[39m[2m).[22mtoBeVisible[2m([22m[2m)[22m failed

    Locator: getByText(/Appearance/i)
    Expected: visible
    Timeout: 5000ms
    Error: element(s) not found

    Call log:
    [2m  - Expect "toBeVisible" with timeout 5000ms[22m
    [2m  - waiting for getByText(/Appearance/i)[22m


      340 |
      341 |     test("displays Appearance section with theme toggles", async ({ page }) => {
    > 342 |         await expect(page.getByText(/Appearance/i)).toBeVisible();
          |                                                     ^
      343 |         await expect(page.getByText("Dark")).toBeVisible();
      344 |         await expect(page.getByText("Light")).toBeVisible();
      345 |     });
        at F:\WinOpt\WinOptimizerRevamp\e2e\app.spec.ts:342:53

    attachment #1: screenshot (image/png) ÔöÇÔöÇÔöÇÔöÇÔöÇÔöÇÔöÇÔöÇÔöÇÔöÇÔöÇÔöÇÔöÇÔöÇÔöÇÔöÇÔöÇÔöÇÔöÇÔöÇÔöÇÔöÇÔöÇÔöÇÔöÇÔöÇÔöÇÔöÇÔöÇÔöÇÔöÇÔöÇÔöÇÔöÇÔöÇÔöÇÔöÇÔöÇÔöÇÔöÇÔöÇÔöÇÔöÇÔöÇÔöÇÔöÇÔöÇÔöÇÔöÇÔöÇÔöÇÔöÇÔöÇÔöÇÔöÇÔöÇÔöÇÔöÇ
    test-results\app-AC-06-Settings-Page-di-df24d--section-with-theme-toggles-chromium\test-failed-1.png
    ÔöÇÔöÇÔöÇÔöÇÔöÇÔöÇÔöÇÔöÇÔöÇÔöÇÔöÇÔöÇÔöÇÔöÇÔöÇÔöÇÔöÇÔöÇÔöÇÔöÇÔöÇÔöÇÔöÇÔöÇÔöÇÔöÇÔöÇÔöÇÔöÇÔöÇÔöÇÔöÇÔöÇÔöÇÔöÇÔöÇÔöÇÔöÇÔöÇÔöÇÔöÇÔöÇÔöÇÔöÇÔöÇÔöÇÔöÇÔöÇÔöÇÔöÇÔöÇÔöÇÔöÇÔöÇÔöÇÔöÇÔöÇÔöÇÔöÇÔöÇÔöÇÔöÇÔöÇÔöÇÔöÇÔöÇÔöÇÔöÇÔöÇÔöÇÔöÇÔöÇÔöÇÔöÇÔöÇÔöÇÔöÇÔöÇÔöÇÔöÇÔöÇÔöÇÔöÇÔöÇÔöÇÔöÇÔöÇÔöÇÔöÇÔöÇÔöÇÔöÇÔöÇÔöÇÔöÇÔöÇ

    Error Context: test-results\app-AC-06-Settings-Page-di-df24d--section-with-theme-toggles-chromium\error-context.md

  11) [chromium] ÔÇ║ e2e\app.spec.ts:351:5 ÔÇ║ AC-06: Settings Page ÔÇ║ displays System Monitoring settings 

    Error: [2mexpect([22m[31mlocator[39m[2m).[22mtoBeVisible[2m([22m[2m)[22m failed

    Locator: getByText(/System Monitoring/i)
    Expected: visible
    Timeout: 5000ms
    Error: element(s) not found

    Call log:
    [2m  - Expect "toBeVisible" with timeout 5000ms[22m
    [2m  - waiting for getByText(/System Monitoring/i)[22m
    [2m    - waiting for" http://localhost:1420/" navigation to finish...[22m
    [2m    - navigated to "http://localhost:1420/"[22m


      350 |
      351 |     test("displays System Monitoring settings", async ({ page }) => {
    > 352 |         await expect(page.getByText(/System Monitoring/i)).toBeVisible();
          |                                                            ^
      353 |         await expect(page.getByText(/Auto-refresh system vitals/i)).toBeVisible();
      354 |         await expect(page.getByText(/Refresh interval/i)).toBeVisible();
      355 |     });
        at F:\WinOpt\WinOptimizerRevamp\e2e\app.spec.ts:352:60

    attachment #1: screenshot (image/png) ÔöÇÔöÇÔöÇÔöÇÔöÇÔöÇÔöÇÔöÇÔöÇÔöÇÔöÇÔöÇÔöÇÔöÇÔöÇÔöÇÔöÇÔöÇÔöÇÔöÇÔöÇÔöÇÔöÇÔöÇÔöÇÔöÇÔöÇÔöÇÔöÇÔöÇÔöÇÔöÇÔöÇÔöÇÔöÇÔöÇÔöÇÔöÇÔöÇÔöÇÔöÇÔöÇÔöÇÔöÇÔöÇÔöÇÔöÇÔöÇÔöÇÔöÇÔöÇÔöÇÔöÇÔöÇÔöÇÔöÇÔöÇÔöÇ
    test-results\app-AC-06-Settings-Page-displays-System-Monitoring-settings-chromium\test-failed-1.png
    ÔöÇÔöÇÔöÇÔöÇÔöÇÔöÇÔöÇÔöÇÔöÇÔöÇÔöÇÔöÇÔöÇÔöÇÔöÇÔöÇÔöÇÔöÇÔöÇÔöÇÔöÇÔöÇÔöÇÔöÇÔöÇÔöÇÔöÇÔöÇÔöÇÔöÇÔöÇÔöÇÔöÇÔöÇÔöÇÔöÇÔöÇÔöÇÔöÇÔöÇÔöÇÔöÇÔöÇÔöÇÔöÇÔöÇÔöÇÔöÇÔöÇÔöÇÔöÇÔöÇÔöÇÔöÇÔöÇÔöÇÔöÇÔöÇÔöÇÔöÇÔöÇÔöÇÔöÇÔöÇÔöÇÔöÇÔöÇÔöÇÔöÇÔöÇÔöÇÔöÇÔöÇÔöÇÔöÇÔöÇÔöÇÔöÇÔöÇÔöÇÔöÇÔöÇÔöÇÔöÇÔöÇÔöÇÔöÇÔöÇÔöÇÔöÇÔöÇÔöÇÔöÇÔöÇÔöÇÔöÇ

    Error Context: test-results\app-AC-06-Settings-Page-displays-System-Monitoring-settings-chromium\error-context.md

  12) [chromium] ÔÇ║ e2e\app.spec.ts:357:5 ÔÇ║ AC-06: Settings Page ÔÇ║ displays Safety & Execution settings 

    Error: [2mexpect([22m[31mlocator[39m[2m).[22mtoBeVisible[2m([22m[2m)[22m failed

    Locator: getByText(/Safety/i)
    Expected: visible
    Timeout: 5000ms
    Error: element(s) not found

    Call log:
    [2m  - Expect "toBeVisible" with timeout 5000ms[22m
    [2m  - waiting for getByText(/Safety/i)[22m
    [2m    - waiting for" http://localhost:1420/" navigation to finish...[22m
    [2m    - navigated to "http://localhost:1420/"[22m


      356 |
      357 |     test("displays Safety & Execution settings", async ({ page }) => {
    > 358 |         await expect(page.getByText(/Safety/i)).toBeVisible();
          |                                                 ^
      359 |         await expect(page.getByText(/Show confirmation before deploying/i)).toBeVisible();
      360 |     });
      361 |
        at F:\WinOpt\WinOptimizerRevamp\e2e\app.spec.ts:358:49

    attachment #1: screenshot (image/png) ÔöÇÔöÇÔöÇÔöÇÔöÇÔöÇÔöÇÔöÇÔöÇÔöÇÔöÇÔöÇÔöÇÔöÇÔöÇÔöÇÔöÇÔöÇÔöÇÔöÇÔöÇÔöÇÔöÇÔöÇÔöÇÔöÇÔöÇÔöÇÔöÇÔöÇÔöÇÔöÇÔöÇÔöÇÔöÇÔöÇÔöÇÔöÇÔöÇÔöÇÔöÇÔöÇÔöÇÔöÇÔöÇÔöÇÔöÇÔöÇÔöÇÔöÇÔöÇÔöÇÔöÇÔöÇÔöÇÔöÇÔöÇÔöÇ
    test-results\app-AC-06-Settings-Page-displays-Safety-Execution-settings-chromium\test-failed-1.png
    ÔöÇÔöÇÔöÇÔöÇÔöÇÔöÇÔöÇÔöÇÔöÇÔöÇÔöÇÔöÇÔöÇÔöÇÔöÇÔöÇÔöÇÔöÇÔöÇÔöÇÔöÇÔöÇÔöÇÔöÇÔöÇÔöÇÔöÇÔöÇÔöÇÔöÇÔöÇÔöÇÔöÇÔöÇÔöÇÔöÇÔöÇÔöÇÔöÇÔöÇÔöÇÔöÇÔöÇÔöÇÔöÇÔöÇÔöÇÔöÇÔöÇÔöÇÔöÇÔöÇÔöÇÔöÇÔöÇÔöÇÔöÇÔöÇÔöÇÔöÇÔöÇÔöÇÔöÇÔöÇÔöÇÔöÇÔöÇÔöÇÔöÇÔöÇÔöÇÔöÇÔöÇÔöÇÔöÇÔöÇÔöÇÔöÇÔöÇÔöÇÔöÇÔöÇÔöÇÔöÇÔöÇÔöÇÔöÇÔöÇÔöÇÔöÇÔöÇÔöÇÔöÇÔöÇÔöÇÔöÇ

    Error Context: test-results\app-AC-06-Settings-Page-displays-Safety-Execution-settings-chromium\error-context.md

  13) [chromium] ÔÇ║ e2e\app.spec.ts:362:5 ÔÇ║ AC-06: Settings Page ÔÇ║ Reset Defaults button exists ÔöÇÔöÇÔöÇÔöÇÔöÇ

    Error: [2mexpect([22m[31mlocator[39m[2m).[22mtoBeVisible[2m([22m[2m)[22m failed

    Locator: getByText(/Reset Defaults/i)
    Expected: visible
    Timeout: 5000ms
    Error: element(s) not found

    Call log:
    [2m  - Expect "toBeVisible" with timeout 5000ms[22m
    [2m  - waiting for getByText(/Reset Defaults/i)[22m


      361 |
      362 |     test("Reset Defaults button exists", async ({ page }) => {
    > 363 |         await expect(page.getByText(/Reset Defaults/i)).toBeVisible();
          |                                                         ^
      364 |     });
      365 | });
      366 |
        at F:\WinOpt\WinOptimizerRevamp\e2e\app.spec.ts:363:57

    attachment #1: screenshot (image/png) ÔöÇÔöÇÔöÇÔöÇÔöÇÔöÇÔöÇÔöÇÔöÇÔöÇÔöÇÔöÇÔöÇÔöÇÔöÇÔöÇÔöÇÔöÇÔöÇÔöÇÔöÇÔöÇÔöÇÔöÇÔöÇÔöÇÔöÇÔöÇÔöÇÔöÇÔöÇÔöÇÔöÇÔöÇÔöÇÔöÇÔöÇÔöÇÔöÇÔöÇÔöÇÔöÇÔöÇÔöÇÔöÇÔöÇÔöÇÔöÇÔöÇÔöÇÔöÇÔöÇÔöÇÔöÇÔöÇÔöÇÔöÇÔöÇ
    test-results\app-AC-06-Settings-Page-Reset-Defaults-button-exists-chromium\test-failed-1.png
    ÔöÇÔöÇÔöÇÔöÇÔöÇÔöÇÔöÇÔöÇÔöÇÔöÇÔöÇÔöÇÔöÇÔöÇÔöÇÔöÇÔöÇÔöÇÔöÇÔöÇÔöÇÔöÇÔöÇÔöÇÔöÇÔöÇÔöÇÔöÇÔöÇÔöÇÔöÇÔöÇÔöÇÔöÇÔöÇÔöÇÔöÇÔöÇÔöÇÔöÇÔöÇÔöÇÔöÇÔöÇÔöÇÔöÇÔöÇÔöÇÔöÇÔöÇÔöÇÔöÇÔöÇÔöÇÔöÇÔöÇÔöÇÔöÇÔöÇÔöÇÔöÇÔöÇÔöÇÔöÇÔöÇÔöÇÔöÇÔöÇÔöÇÔöÇÔöÇÔöÇÔöÇÔöÇÔöÇÔöÇÔöÇÔöÇÔöÇÔöÇÔöÇÔöÇÔöÇÔöÇÔöÇÔöÇÔöÇÔöÇÔöÇÔöÇÔöÇÔöÇÔöÇÔöÇÔöÇÔöÇ

    Error Context: test-results\app-AC-06-Settings-Page-Reset-Defaults-button-exists-chromium\error-context.md

  14) [chromium] ÔÇ║ e2e\app.spec.ts:378:5 ÔÇ║ AC-04: Tweaks Inspector ÔÇ║ inspector sidebar shows placeholder when no tweak selected 

    Error: [2mexpect([22m[31mlocator[39m[2m).[22mtoBeVisible[2m([22m[2m)[22m failed

    Locator: getByText(/Select a configuration/i)
    Expected: visible
    Timeout: 5000ms
    Error: element(s) not found

    Call log:
    [2m  - Expect "toBeVisible" with timeout 5000ms[22m
    [2m  - waiting for getByText(/Select a configuration/i)[22m
    [2m    - waiting for" http://localhost:1420/" navigation to finish...[22m
    [2m    - navigated to "http://localhost:1420/"[22m


      379 |         await expect(
      380 |             page.getByText(/Select a configuration/i)
    > 381 |         ).toBeVisible({ timeout: 5000 });
          |           ^
      382 |     });
      383 |
      384 |     test("clicking a tweak card shows inspector content", async ({ page }) => {
        at F:\WinOpt\WinOptimizerRevamp\e2e\app.spec.ts:381:11

    attachment #1: screenshot (image/png) ÔöÇÔöÇÔöÇÔöÇÔöÇÔöÇÔöÇÔöÇÔöÇÔöÇÔöÇÔöÇÔöÇÔöÇÔöÇÔöÇÔöÇÔöÇÔöÇÔöÇÔöÇÔöÇÔöÇÔöÇÔöÇÔöÇÔöÇÔöÇÔöÇÔöÇÔöÇÔöÇÔöÇÔöÇÔöÇÔöÇÔöÇÔöÇÔöÇÔöÇÔöÇÔöÇÔöÇÔöÇÔöÇÔöÇÔöÇÔöÇÔöÇÔöÇÔöÇÔöÇÔöÇÔöÇÔöÇÔöÇÔöÇÔöÇ
    test-results\app-AC-04-Tweaks-Inspector-83dac-lder-when-no-tweak-selected-chromium\test-failed-1.png
    ÔöÇÔöÇÔöÇÔöÇÔöÇÔöÇÔöÇÔöÇÔöÇÔöÇÔöÇÔöÇÔöÇÔöÇÔöÇÔöÇÔöÇÔöÇÔöÇÔöÇÔöÇÔöÇÔöÇÔöÇÔöÇÔöÇÔöÇÔöÇÔöÇÔöÇÔöÇÔöÇÔöÇÔöÇÔöÇÔöÇÔöÇÔöÇÔöÇÔöÇÔöÇÔöÇÔöÇÔöÇÔöÇÔöÇÔöÇÔöÇÔöÇÔöÇÔöÇÔöÇÔöÇÔöÇÔöÇÔöÇÔöÇÔöÇÔöÇÔöÇÔöÇÔöÇÔöÇÔöÇÔöÇÔöÇÔöÇÔöÇÔöÇÔöÇÔöÇÔöÇÔöÇÔöÇÔöÇÔöÇÔöÇÔöÇÔöÇÔöÇÔöÇÔöÇÔöÇÔöÇÔöÇÔöÇÔöÇÔöÇÔöÇÔöÇÔöÇÔöÇÔöÇÔöÇÔöÇÔöÇ

    Error Context: test-results\app-AC-04-Tweaks-Inspector-83dac-lder-when-no-tweak-selected-chromium\error-context.md

  15) [chromium] ÔÇ║ e2e\app.spec.ts:407:5 ÔÇ║ History Page ÔÇ║ displays Tweak History heading ÔöÇÔöÇÔöÇÔöÇÔöÇÔöÇÔöÇÔöÇÔöÇÔöÇÔöÇ

    Error: [2mexpect([22m[31mlocator[39m[2m).[22mtoBeVisible[2m([22m[2m)[22m failed

    Locator: getByText(/Tweak/i).first()
    Expected: visible
    Timeout: 5000ms
    Error: element(s) not found

    Call log:
    [2m  - Expect "toBeVisible" with timeout 5000ms[22m
    [2m  - waiting for getByText(/Tweak/i).first()[22m
    [2m    - waiting for" http://localhost:1420/" navigation to finish...[22m
    [2m    - navigated to "http://localhost:1420/"[22m


      406 |
      407 |     test("displays Tweak History heading", async ({ page }) => {
    > 408 |         await expect(page.getByText(/Tweak/i).first()).toBeVisible();
          |                                                        ^
      409 |         await expect(page.getByText(/History/i).first()).toBeVisible();
      410 |     });
      411 |
        at F:\WinOpt\WinOptimizerRevamp\e2e\app.spec.ts:408:56

    attachment #1: screenshot (image/png) ÔöÇÔöÇÔöÇÔöÇÔöÇÔöÇÔöÇÔöÇÔöÇÔöÇÔöÇÔöÇÔöÇÔöÇÔöÇÔöÇÔöÇÔöÇÔöÇÔöÇÔöÇÔöÇÔöÇÔöÇÔöÇÔöÇÔöÇÔöÇÔöÇÔöÇÔöÇÔöÇÔöÇÔöÇÔöÇÔöÇÔöÇÔöÇÔöÇÔöÇÔöÇÔöÇÔöÇÔöÇÔöÇÔöÇÔöÇÔöÇÔöÇÔöÇÔöÇÔöÇÔöÇÔöÇÔöÇÔöÇÔöÇÔöÇ
    test-results\app-History-Page-displays-Tweak-History-heading-chromium\test-failed-1.png
    ÔöÇÔöÇÔöÇÔöÇÔöÇÔöÇÔöÇÔöÇÔöÇÔöÇÔöÇÔöÇÔöÇÔöÇÔöÇÔöÇÔöÇÔöÇÔöÇÔöÇÔöÇÔöÇÔöÇÔöÇÔöÇÔöÇÔöÇÔöÇÔöÇÔöÇÔöÇÔöÇÔöÇÔöÇÔöÇÔöÇÔöÇÔöÇÔöÇÔöÇÔöÇÔöÇÔöÇÔöÇÔöÇÔöÇÔöÇÔöÇÔöÇÔöÇÔöÇÔöÇÔöÇÔöÇÔöÇÔöÇÔöÇÔöÇÔöÇÔöÇÔöÇÔöÇÔöÇÔöÇÔöÇÔöÇÔöÇÔöÇÔöÇÔöÇÔöÇÔöÇÔöÇÔöÇÔöÇÔöÇÔöÇÔöÇÔöÇÔöÇÔöÇÔöÇÔöÇÔöÇÔöÇÔöÇÔöÇÔöÇÔöÇÔöÇÔöÇÔöÇÔöÇÔöÇÔöÇÔöÇ

    Error Context: test-results\app-History-Page-displays-Tweak-History-heading-chromium\error-context.md

  16) [chromium] ÔÇ║ e2e\app.spec.ts:412:5 ÔÇ║ History Page ÔÇ║ shows filter buttons: All, Applied, Reverted, Failed 

    Error: [2mexpect([22m[31mlocator[39m[2m).[22mtoBeVisible[2m([22m[2m)[22m failed

    Locator: getByText('All')
    Expected: visible
    Timeout: 5000ms
    Error: element(s) not found

    Call log:
    [2m  - Expect "toBeVisible" with timeout 5000ms[22m
    [2m  - waiting for getByText('All')[22m
    [2m    - waiting for" http://localhost:1420/" navigation to finish...[22m
    [2m    - navigated to "http://localhost:1420/"[22m


      411 |
      412 |     test("shows filter buttons: All, Applied, Reverted, Failed", async ({ page }) => {
    > 413 |         await expect(page.getByText("All")).toBeVisible();
          |                                             ^
      414 |         await expect(page.getByText("Applied")).toBeVisible();
      415 |         await expect(page.getByText("Reverted")).toBeVisible();
      416 |         await expect(page.getByText("Failed")).toBeVisible();
        at F:\WinOpt\WinOptimizerRevamp\e2e\app.spec.ts:413:45

    attachment #1: screenshot (image/png) ÔöÇÔöÇÔöÇÔöÇÔöÇÔöÇÔöÇÔöÇÔöÇÔöÇÔöÇÔöÇÔöÇÔöÇÔöÇÔöÇÔöÇÔöÇÔöÇÔöÇÔöÇÔöÇÔöÇÔöÇÔöÇÔöÇÔöÇÔöÇÔöÇÔöÇÔöÇÔöÇÔöÇÔöÇÔöÇÔöÇÔöÇÔöÇÔöÇÔöÇÔöÇÔöÇÔöÇÔöÇÔöÇÔöÇÔöÇÔöÇÔöÇÔöÇÔöÇÔöÇÔöÇÔöÇÔöÇÔöÇÔöÇÔöÇ
    test-results\app-History-Page-shows-fil-83689-All-Applied-Reverted-Failed-chromium\test-failed-1.png
    ÔöÇÔöÇÔöÇÔöÇÔöÇÔöÇÔöÇÔöÇÔöÇÔöÇÔöÇÔöÇÔöÇÔöÇÔöÇÔöÇÔöÇÔöÇÔöÇÔöÇÔöÇÔöÇÔöÇÔöÇÔöÇÔöÇÔöÇÔöÇÔöÇÔöÇÔöÇÔöÇÔöÇÔöÇÔöÇÔöÇÔöÇÔöÇÔöÇÔöÇÔöÇÔöÇÔöÇÔöÇÔöÇÔöÇÔöÇÔöÇÔöÇÔöÇÔöÇÔöÇÔöÇÔöÇÔöÇÔöÇÔöÇÔöÇÔöÇÔöÇÔöÇÔöÇÔöÇÔöÇÔöÇÔöÇÔöÇÔöÇÔöÇÔöÇÔöÇÔöÇÔöÇÔöÇÔöÇÔöÇÔöÇÔöÇÔöÇÔöÇÔöÇÔöÇÔöÇÔöÇÔöÇÔöÇÔöÇÔöÇÔöÇÔöÇÔöÇÔöÇÔöÇÔöÇÔöÇÔöÇ

    Error Context: test-results\app-History-Page-shows-fil-83689-All-Applied-Reverted-Failed-chromium\error-context.md

  17) [chromium] ÔÇ║ e2e\app.spec.ts:419:5 ÔÇ║ History Page ÔÇ║ shows empty state or timeline entries ÔöÇÔöÇÔöÇÔöÇ

    Error: [2mexpect([22m[31mreceived[39m[2m).[22mtoBeTruthy[2m()[22m

    Received: [31mfalse[39m

      423 |         const hasEmpty = await emptyState.isVisible().catch(() => false);
      424 |         const hasEntries = (await timeline.count()) > 0;
    > 425 |         expect(hasEmpty || hasEntries).toBeTruthy();
          |                                        ^
      426 |     });
      427 |
      428 |     test("Clear button is present", async ({ page }) => {
        at F:\WinOpt\WinOptimizerRevamp\e2e\app.spec.ts:425:40

    attachment #1: screenshot (image/png) ÔöÇÔöÇÔöÇÔöÇÔöÇÔöÇÔöÇÔöÇÔöÇÔöÇÔöÇÔöÇÔöÇÔöÇÔöÇÔöÇÔöÇÔöÇÔöÇÔöÇÔöÇÔöÇÔöÇÔöÇÔöÇÔöÇÔöÇÔöÇÔöÇÔöÇÔöÇÔöÇÔöÇÔöÇÔöÇÔöÇÔöÇÔöÇÔöÇÔöÇÔöÇÔöÇÔöÇÔöÇÔöÇÔöÇÔöÇÔöÇÔöÇÔöÇÔöÇÔöÇÔöÇÔöÇÔöÇÔöÇÔöÇÔöÇ
    test-results\app-History-Page-shows-empty-state-or-timeline-entries-chromium\test-failed-1.png
    ÔöÇÔöÇÔöÇÔöÇÔöÇÔöÇÔöÇÔöÇÔöÇÔöÇÔöÇÔöÇÔöÇÔöÇÔöÇÔöÇÔöÇÔöÇÔöÇÔöÇÔöÇÔöÇÔöÇÔöÇÔöÇÔöÇÔöÇÔöÇÔöÇÔöÇÔöÇÔöÇÔöÇÔöÇÔöÇÔöÇÔöÇÔöÇÔöÇÔöÇÔöÇÔöÇÔöÇÔöÇÔöÇÔöÇÔöÇÔöÇÔöÇÔöÇÔöÇÔöÇÔöÇÔöÇÔöÇÔöÇÔöÇÔöÇÔöÇÔöÇÔöÇÔöÇÔöÇÔöÇÔöÇÔöÇÔöÇÔöÇÔöÇÔöÇÔöÇÔöÇÔöÇÔöÇÔöÇÔöÇÔöÇÔöÇÔöÇÔöÇÔöÇÔöÇÔöÇÔöÇÔöÇÔöÇÔöÇÔöÇÔöÇÔöÇÔöÇÔöÇÔöÇÔöÇÔöÇÔöÇ

    Error Context: test-results\app-History-Page-shows-empty-state-or-timeline-entries-chromium\error-context.md

  18) [chromium] ÔÇ║ e2e\app.spec.ts:428:5 ÔÇ║ History Page ÔÇ║ Clear button is present ÔöÇÔöÇÔöÇÔöÇÔöÇÔöÇÔöÇÔöÇÔöÇÔöÇÔöÇÔöÇÔöÇÔöÇÔöÇÔöÇÔöÇÔöÇ

    Error: [2mexpect([22m[31mlocator[39m[2m).[22mtoBeVisible[2m([22m[2m)[22m failed

    Locator: getByText('Clear')
    Expected: visible
    Timeout: 5000ms
    Error: element(s) not found

    Call log:
    [2m  - Expect "toBeVisible" with timeout 5000ms[22m
    [2m  - waiting for getByText('Clear')[22m


      427 |
      428 |     test("Clear button is present", async ({ page }) => {
    > 429 |         await expect(page.getByText("Clear")).toBeVisible();
          |                                               ^
      430 |     });
      431 | });
      432 |
        at F:\WinOpt\WinOptimizerRevamp\e2e\app.spec.ts:429:47

    attachment #1: screenshot (image/png) ÔöÇÔöÇÔöÇÔöÇÔöÇÔöÇÔöÇÔöÇÔöÇÔöÇÔöÇÔöÇÔöÇÔöÇÔöÇÔöÇÔöÇÔöÇÔöÇÔöÇÔöÇÔöÇÔöÇÔöÇÔöÇÔöÇÔöÇÔöÇÔöÇÔöÇÔöÇÔöÇÔöÇÔöÇÔöÇÔöÇÔöÇÔöÇÔöÇÔöÇÔöÇÔöÇÔöÇÔöÇÔöÇÔöÇÔöÇÔöÇÔöÇÔöÇÔöÇÔöÇÔöÇÔöÇÔöÇÔöÇÔöÇÔöÇ
    test-results\app-History-Page-Clear-button-is-present-chromium\test-failed-1.png
    ÔöÇÔöÇÔöÇÔöÇÔöÇÔöÇÔöÇÔöÇÔöÇÔöÇÔöÇÔöÇÔöÇÔöÇÔöÇÔöÇÔöÇÔöÇÔöÇÔöÇÔöÇÔöÇÔöÇÔöÇÔöÇÔöÇÔöÇÔöÇÔöÇÔöÇÔöÇÔöÇÔöÇÔöÇÔöÇÔöÇÔöÇÔöÇÔöÇÔöÇÔöÇÔöÇÔöÇÔöÇÔöÇÔöÇÔöÇÔöÇÔöÇÔöÇÔöÇÔöÇÔöÇÔöÇÔöÇÔöÇÔöÇÔöÇÔöÇÔöÇÔöÇÔöÇÔöÇÔöÇÔöÇÔöÇÔöÇÔöÇÔöÇÔöÇÔöÇÔöÇÔöÇÔöÇÔöÇÔöÇÔöÇÔöÇÔöÇÔöÇÔöÇÔöÇÔöÇÔöÇÔöÇÔöÇÔöÇÔöÇÔöÇÔöÇÔöÇÔöÇÔöÇÔöÇÔöÇÔöÇ

    Error Context: test-results\app-History-Page-Clear-button-is-present-chromium\error-context.md

  19) [chromium] ÔÇ║ e2e\app.spec.ts:443:5 ÔÇ║ Profiles Page ÔÇ║ displays all 6 built-in profile cards ÔöÇÔöÇÔöÇ

    Error: [2mexpect([22m[31mlocator[39m[2m).[22mtoBeVisible[2m([22m[2m)[22m failed

    Locator: getByText('Gaming Mode')
    Expected: visible
    Timeout: 5000ms
    Error: element(s) not found

    Call log:
    [2m  - Expect "toBeVisible" with timeout 5000ms[22m
    [2m  - waiting for getByText('Gaming Mode')[22m


      444 |         const profiles = ["Gaming Mode", "Privacy Fortress", "System Speedup", "Network Optimizer", "Clean Windows", "Safe & Minimal"];
      445 |         for (const name of profiles) {
    > 446 |             await expect(page.getByText(name)).toBeVisible({ timeout: 5000 });
          |                                                ^
      447 |         }
      448 |     });
      449 |
        at F:\WinOpt\WinOptimizerRevamp\e2e\app.spec.ts:446:48

    attachment #1: screenshot (image/png) ÔöÇÔöÇÔöÇÔöÇÔöÇÔöÇÔöÇÔöÇÔöÇÔöÇÔöÇÔöÇÔöÇÔöÇÔöÇÔöÇÔöÇÔöÇÔöÇÔöÇÔöÇÔöÇÔöÇÔöÇÔöÇÔöÇÔöÇÔöÇÔöÇÔöÇÔöÇÔöÇÔöÇÔöÇÔöÇÔöÇÔöÇÔöÇÔöÇÔöÇÔöÇÔöÇÔöÇÔöÇÔöÇÔöÇÔöÇÔöÇÔöÇÔöÇÔöÇÔöÇÔöÇÔöÇÔöÇÔöÇÔöÇÔöÇ
    test-results\app-Profiles-Page-displays-all-6-built-in-profile-cards-chromium\test-failed-1.png
    ÔöÇÔöÇÔöÇÔöÇÔöÇÔöÇÔöÇÔöÇÔöÇÔöÇÔöÇÔöÇÔöÇÔöÇÔöÇÔöÇÔöÇÔöÇÔöÇÔöÇÔöÇÔöÇÔöÇÔöÇÔöÇÔöÇÔöÇÔöÇÔöÇÔöÇÔöÇÔöÇÔöÇÔöÇÔöÇÔöÇÔöÇÔöÇÔöÇÔöÇÔöÇÔöÇÔöÇÔöÇÔöÇÔöÇÔöÇÔöÇÔöÇÔöÇÔöÇÔöÇÔöÇÔöÇÔöÇÔöÇÔöÇÔöÇÔöÇÔöÇÔöÇÔöÇÔöÇÔöÇÔöÇÔöÇÔöÇÔöÇÔöÇÔöÇÔöÇÔöÇÔöÇÔöÇÔöÇÔöÇÔöÇÔöÇÔöÇÔöÇÔöÇÔöÇÔöÇÔöÇÔöÇÔöÇÔöÇÔöÇÔöÇÔöÇÔöÇÔöÇÔöÇÔöÇÔöÇÔöÇ

    Error Context: test-results\app-Profiles-Page-displays-all-6-built-in-profile-cards-chromium\error-context.md

  20) [chromium] ÔÇ║ e2e\app.spec.ts:450:5 ÔÇ║ Profiles Page ÔÇ║ profile cards show tweak counts ÔöÇÔöÇÔöÇÔöÇÔöÇÔöÇÔöÇÔöÇÔöÇ

    Error: [2mexpect([22m[31mlocator[39m[2m).[22mtoBeVisible[2m([22m[2m)[22m failed

    Locator: getByText(/tweaks ┬À/i).first()
    Expected: visible
    Timeout: 5000ms
    Error: element(s) not found

    Call log:
    [2m  - Expect "toBeVisible" with timeout 5000ms[22m
    [2m  - waiting for getByText(/tweaks ┬À/i).first()[22m
    [2m    - waiting for" http://localhost:1420/" navigation to finish...[22m
    [2m    - navigated to "http://localhost:1420/"[22m


      451 |         // Each card should show "X tweaks ┬À Y active"
      452 |         const counts = page.getByText(/tweaks ┬À/i);
    > 453 |         await expect(counts.first()).toBeVisible();
          |                                      ^
      454 |     });
      455 |
      456 |     test("clicking a profile expands to show included tweaks", async ({ page }) => {
        at F:\WinOpt\WinOptimizerRevamp\e2e\app.spec.ts:453:38

    attachment #1: screenshot (image/png) ÔöÇÔöÇÔöÇÔöÇÔöÇÔöÇÔöÇÔöÇÔöÇÔöÇÔöÇÔöÇÔöÇÔöÇÔöÇÔöÇÔöÇÔöÇÔöÇÔöÇÔöÇÔöÇÔöÇÔöÇÔöÇÔöÇÔöÇÔöÇÔöÇÔöÇÔöÇÔöÇÔöÇÔöÇÔöÇÔöÇÔöÇÔöÇÔöÇÔöÇÔöÇÔöÇÔöÇÔöÇÔöÇÔöÇÔöÇÔöÇÔöÇÔöÇÔöÇÔöÇÔöÇÔöÇÔöÇÔöÇÔöÇÔöÇ
    test-results\app-Profiles-Page-profile-cards-show-tweak-counts-chromium\test-failed-1.png
    ÔöÇÔöÇÔöÇÔöÇÔöÇÔöÇÔöÇÔöÇÔöÇÔöÇÔöÇÔöÇÔöÇÔöÇÔöÇÔöÇÔöÇÔöÇÔöÇÔöÇÔöÇÔöÇÔöÇÔöÇÔöÇÔöÇÔöÇÔöÇÔöÇÔöÇÔöÇÔöÇÔöÇÔöÇÔöÇÔöÇÔöÇÔöÇÔöÇÔöÇÔöÇÔöÇÔöÇÔöÇÔöÇÔöÇÔöÇÔöÇÔöÇÔöÇÔöÇÔöÇÔöÇÔöÇÔöÇÔöÇÔöÇÔöÇÔöÇÔöÇÔöÇÔöÇÔöÇÔöÇÔöÇÔöÇÔöÇÔöÇÔöÇÔöÇÔöÇÔöÇÔöÇÔöÇÔöÇÔöÇÔöÇÔöÇÔöÇÔöÇÔöÇÔöÇÔöÇÔöÇÔöÇÔöÇÔöÇÔöÇÔöÇÔöÇÔöÇÔöÇÔöÇÔöÇÔöÇÔöÇ

    Error Context: test-results\app-Profiles-Page-profile-cards-show-tweak-counts-chromium\error-context.md

  21) [chromium] ÔÇ║ e2e\app.spec.ts:456:5 ÔÇ║ Profiles Page ÔÇ║ clicking a profile expands to show included tweaks 

    [31mTest timeout of 30000ms exceeded.[39m

    Error: locator.click: Test timeout of 30000ms exceeded.
    Call log:
    [2m  - waiting for getByText('Gaming Mode')[22m
    [2m    4 ├ù waiting for" http://localhost:1420/" navigation to finish...[22m
    [2m      - navigated to "http://localhost:1420/"[22m


      455 |
      456 |     test("clicking a profile expands to show included tweaks", async ({ page }) => {
    > 457 |         await page.getByText("Gaming Mode").click();
          |                                             ^
      458 |         await expect(page.getByText(/Included Tweaks/i)).toBeVisible({ timeout: 3000 });
      459 |     });
      460 |
        at F:\WinOpt\WinOptimizerRevamp\e2e\app.spec.ts:457:45

    attachment #1: screenshot (image/png) ÔöÇÔöÇÔöÇÔöÇÔöÇÔöÇÔöÇÔöÇÔöÇÔöÇÔöÇÔöÇÔöÇÔöÇÔöÇÔöÇÔöÇÔöÇÔöÇÔöÇÔöÇÔöÇÔöÇÔöÇÔöÇÔöÇÔöÇÔöÇÔöÇÔöÇÔöÇÔöÇÔöÇÔöÇÔöÇÔöÇÔöÇÔöÇÔöÇÔöÇÔöÇÔöÇÔöÇÔöÇÔöÇÔöÇÔöÇÔöÇÔöÇÔöÇÔöÇÔöÇÔöÇÔöÇÔöÇÔöÇÔöÇÔöÇ
    test-results\app-Profiles-Page-clicking-fc842-nds-to-show-included-tweaks-chromium\test-failed-1.png
    ÔöÇÔöÇÔöÇÔöÇÔöÇÔöÇÔöÇÔöÇÔöÇÔöÇÔöÇÔöÇÔöÇÔöÇÔöÇÔöÇÔöÇÔöÇÔöÇÔöÇÔöÇÔöÇÔöÇÔöÇÔöÇÔöÇÔöÇÔöÇÔöÇÔöÇÔöÇÔöÇÔöÇÔöÇÔöÇÔöÇÔöÇÔöÇÔöÇÔöÇÔöÇÔöÇÔöÇÔöÇÔöÇÔöÇÔöÇÔöÇÔöÇÔöÇÔöÇÔöÇÔöÇÔöÇÔöÇÔöÇÔöÇÔöÇÔöÇÔöÇÔöÇÔöÇÔöÇÔöÇÔöÇÔöÇÔöÇÔöÇÔöÇÔöÇÔöÇÔöÇÔöÇÔöÇÔöÇÔöÇÔöÇÔöÇÔöÇÔöÇÔöÇÔöÇÔöÇÔöÇÔöÇÔöÇÔöÇÔöÇÔöÇÔöÇÔöÇÔöÇÔöÇÔöÇÔöÇÔöÇ

    Error Context: test-results\app-Profiles-Page-clicking-fc842-nds-to-show-included-tweaks-chromium\error-context.md

  22) [chromium] ÔÇ║ e2e\app.spec.ts:461:5 ÔÇ║ Profiles Page ÔÇ║ expanded profile shows Apply button ÔöÇÔöÇÔöÇÔöÇÔöÇ

    [31mTest timeout of 30000ms exceeded.[39m

    Error: locator.click: Test timeout of 30000ms exceeded.
    Call log:
    [2m  - waiting for getByText('Gaming Mode')[22m
    [2m    12 ├ù waiting for" http://localhost:1420/" navigation to finish...[22m
    [2m       - navigated to "http://localhost:1420/"[22m


      460 |
      461 |     test("expanded profile shows Apply button", async ({ page }) => {
    > 462 |         await page.getByText("Gaming Mode").click();
          |                                             ^
      463 |         await page.waitForTimeout(500);
      464 |         await expect(
      465 |             page.getByText(/Apply|All Applied/i).first()
        at F:\WinOpt\WinOptimizerRevamp\e2e\app.spec.ts:462:45

    attachment #1: screenshot (image/png) ÔöÇÔöÇÔöÇÔöÇÔöÇÔöÇÔöÇÔöÇÔöÇÔöÇÔöÇÔöÇÔöÇÔöÇÔöÇÔöÇÔöÇÔöÇÔöÇÔöÇÔöÇÔöÇÔöÇÔöÇÔöÇÔöÇÔöÇÔöÇÔöÇÔöÇÔöÇÔöÇÔöÇÔöÇÔöÇÔöÇÔöÇÔöÇÔöÇÔöÇÔöÇÔöÇÔöÇÔöÇÔöÇÔöÇÔöÇÔöÇÔöÇÔöÇÔöÇÔöÇÔöÇÔöÇÔöÇÔöÇÔöÇÔöÇ
    test-results\app-Profiles-Page-expanded-profile-shows-Apply-button-chromium\test-failed-1.png
    ÔöÇÔöÇÔöÇÔöÇÔöÇÔöÇÔöÇÔöÇÔöÇÔöÇÔöÇÔöÇÔöÇÔöÇÔöÇÔöÇÔöÇÔöÇÔöÇÔöÇÔöÇÔöÇÔöÇÔöÇÔöÇÔöÇÔöÇÔöÇÔöÇÔöÇÔöÇÔöÇÔöÇÔöÇÔöÇÔöÇÔöÇÔöÇÔöÇÔöÇÔöÇÔöÇÔöÇÔöÇÔöÇÔöÇÔöÇÔöÇÔöÇÔöÇÔöÇÔöÇÔöÇÔöÇÔöÇÔöÇÔöÇÔöÇÔöÇÔöÇÔöÇÔöÇÔöÇÔöÇÔöÇÔöÇÔöÇÔöÇÔöÇÔöÇÔöÇÔöÇÔöÇÔöÇÔöÇÔöÇÔöÇÔöÇÔöÇÔöÇÔöÇÔöÇÔöÇÔöÇÔöÇÔöÇÔöÇÔöÇÔöÇÔöÇÔöÇÔöÇÔöÇÔöÇÔöÇÔöÇ

  23) [chromium] ÔÇ║ e2e\app.spec.ts:485:5 ÔÇ║ Process Manager Page ÔÇ║ shows stat cards: Total Processes, Used by Processes, Total User CPU 

    Error: [2mexpect([22m[31mlocator[39m[2m).[22mtoBeVisible[2m([22m[2m)[22m failed

    Locator: getByText(/Total Processes/i)
    Expected: visible
    Timeout: 10000ms
    Error: element(s) not found

    Call log:
    [2m  - Expect "toBeVisible" with timeout 10000ms[22m
    [2m  - waiting for getByText(/Total Processes/i)[22m
    [2m    - waiting for" http://localhost:1420/" navigation to finish...[22m
    [2m    - navigated to "http://localhost:1420/"[22m


      484 |
      485 |     test("shows stat cards: Total Processes, Used by Processes, Total User CPU", async ({ page }) => {
    > 486 |         await expect(page.getByText(/Total Processes/i)).toBeVisible({ timeout: 10000 });
          |                                                          ^
      487 |         await expect(page.getByText(/Used by Processes/i)).toBeVisible();
      488 |         await expect(page.getByText(/Total User CPU/i)).toBeVisible();
      489 |     });
        at F:\WinOpt\WinOptimizerRevamp\e2e\app.spec.ts:486:58

    attachment #1: screenshot (image/png) ÔöÇÔöÇÔöÇÔöÇÔöÇÔöÇÔöÇÔöÇÔöÇÔöÇÔöÇÔöÇÔöÇÔöÇÔöÇÔöÇÔöÇÔöÇÔöÇÔöÇÔöÇÔöÇÔöÇÔöÇÔöÇÔöÇÔöÇÔöÇÔöÇÔöÇÔöÇÔöÇÔöÇÔöÇÔöÇÔöÇÔöÇÔöÇÔöÇÔöÇÔöÇÔöÇÔöÇÔöÇÔöÇÔöÇÔöÇÔöÇÔöÇÔöÇÔöÇÔöÇÔöÇÔöÇÔöÇÔöÇÔöÇÔöÇ
    test-results\app-Process-Manager-Page-s-755ac-by-Processes-Total-User-CPU-chromium\test-failed-1.png
    ÔöÇÔöÇÔöÇÔöÇÔöÇÔöÇÔöÇÔöÇÔöÇÔöÇÔöÇÔöÇÔöÇÔöÇÔöÇÔöÇÔöÇÔöÇÔöÇÔöÇÔöÇÔöÇÔöÇÔöÇÔöÇÔöÇÔöÇÔöÇÔöÇÔöÇÔöÇÔöÇÔöÇÔöÇÔöÇÔöÇÔöÇÔöÇÔöÇÔöÇÔöÇÔöÇÔöÇÔöÇÔöÇÔöÇÔöÇÔöÇÔöÇÔöÇÔöÇÔöÇÔöÇÔöÇÔöÇÔöÇÔöÇÔöÇÔöÇÔöÇÔöÇÔöÇÔöÇÔöÇÔöÇÔöÇÔöÇÔöÇÔöÇÔöÇÔöÇÔöÇÔöÇÔöÇÔöÇÔöÇÔöÇÔöÇÔöÇÔöÇÔöÇÔöÇÔöÇÔöÇÔöÇÔöÇÔöÇÔöÇÔöÇÔöÇÔöÇÔöÇÔöÇÔöÇÔöÇÔöÇ

    Error Context: test-results\app-Process-Manager-Page-s-755ac-by-Processes-Total-User-CPU-chromium\error-context.md

  24) [chromium] ÔÇ║ e2e\app.spec.ts:491:5 ÔÇ║ Process Manager Page ÔÇ║ shows sortable column headers ÔöÇÔöÇÔöÇÔöÇ

    Error: [2mexpect([22m[31mlocator[39m[2m).[22mtoBeVisible[2m([22m[2m)[22m failed

    Locator: getByText('CPU')
    Expected: visible
    Error: strict mode violation: getByText('CPU') resolved to 2 elements:
        1) <p class="text-[12px] font-bold text-slate-500 uppercase tracking-wider">Total User CPU</p> aka getByText('Total User CPU')
        2) <div class="cursor-pointer hover:text-slate-300 text-right">ÔÇª</div> aka getByText('CPU Ôåò')

    Call log:
    [2m  - Expect "toBeVisible" with timeout 5000ms[22m
    [2m  - waiting for getByText('CPU')[22m


      492 |         await expect(page.getByText("Name")).toBeVisible({ timeout: 10000 });
      493 |         await expect(page.getByText("PID")).toBeVisible();
    > 494 |         await expect(page.getByText("CPU")).toBeVisible();
          |                                             ^
      495 |         await expect(page.getByText("Memory")).toBeVisible();
      496 |     });
      497 |
        at F:\WinOpt\WinOptimizerRevamp\e2e\app.spec.ts:494:45

    attachment #1: screenshot (image/png) ÔöÇÔöÇÔöÇÔöÇÔöÇÔöÇÔöÇÔöÇÔöÇÔöÇÔöÇÔöÇÔöÇÔöÇÔöÇÔöÇÔöÇÔöÇÔöÇÔöÇÔöÇÔöÇÔöÇÔöÇÔöÇÔöÇÔöÇÔöÇÔöÇÔöÇÔöÇÔöÇÔöÇÔöÇÔöÇÔöÇÔöÇÔöÇÔöÇÔöÇÔöÇÔöÇÔöÇÔöÇÔöÇÔöÇÔöÇÔöÇÔöÇÔöÇÔöÇÔöÇÔöÇÔöÇÔöÇÔöÇÔöÇÔöÇ
    test-results\app-Process-Manager-Page-shows-sortable-column-headers-chromium\test-failed-1.png
    ÔöÇÔöÇÔöÇÔöÇÔöÇÔöÇÔöÇÔöÇÔöÇÔöÇÔöÇÔöÇÔöÇÔöÇÔöÇÔöÇÔöÇÔöÇÔöÇÔöÇÔöÇÔöÇÔöÇÔöÇÔöÇÔöÇÔöÇÔöÇÔöÇÔöÇÔöÇÔöÇÔöÇÔöÇÔöÇÔöÇÔöÇÔöÇÔöÇÔöÇÔöÇÔöÇÔöÇÔöÇÔöÇÔöÇÔöÇÔöÇÔöÇÔöÇÔöÇÔöÇÔöÇÔöÇÔöÇÔöÇÔöÇÔöÇÔöÇÔöÇÔöÇÔöÇÔöÇÔöÇÔöÇÔöÇÔöÇÔöÇÔöÇÔöÇÔöÇÔöÇÔöÇÔöÇÔöÇÔöÇÔöÇÔöÇÔöÇÔöÇÔöÇÔöÇÔöÇÔöÇÔöÇÔöÇÔöÇÔöÇÔöÇÔöÇÔöÇÔöÇÔöÇÔöÇÔöÇÔöÇ

    Error Context: test-results\app-Process-Manager-Page-shows-sortable-column-headers-chromium\error-context.md

  25) [chromium] ÔÇ║ e2e\app.spec.ts:503:5 ÔÇ║ Process Manager Page ÔÇ║ shows process list or loading state 

    Error: [2mexpect([22m[31mreceived[39m[2m).[22mtoBeTruthy[2m()[22m

    Received: [31mfalse[39m

      507 |         const hasLoading = await loading.isVisible().catch(() => false);
      508 |         const hasRows = (await rows.count()) > 0;
    > 509 |         expect(hasLoading || hasRows).toBeTruthy();
          |                                       ^
      510 |     });
      511 | });
      512 |
        at F:\WinOpt\WinOptimizerRevamp\e2e\app.spec.ts:509:39

    attachment #1: screenshot (image/png) ÔöÇÔöÇÔöÇÔöÇÔöÇÔöÇÔöÇÔöÇÔöÇÔöÇÔöÇÔöÇÔöÇÔöÇÔöÇÔöÇÔöÇÔöÇÔöÇÔöÇÔöÇÔöÇÔöÇÔöÇÔöÇÔöÇÔöÇÔöÇÔöÇÔöÇÔöÇÔöÇÔöÇÔöÇÔöÇÔöÇÔöÇÔöÇÔöÇÔöÇÔöÇÔöÇÔöÇÔöÇÔöÇÔöÇÔöÇÔöÇÔöÇÔöÇÔöÇÔöÇÔöÇÔöÇÔöÇÔöÇÔöÇÔöÇ
    test-results\app-Process-Manager-Page-shows-process-list-or-loading-state-chromium\test-failed-1.png
    ÔöÇÔöÇÔöÇÔöÇÔöÇÔöÇÔöÇÔöÇÔöÇÔöÇÔöÇÔöÇÔöÇÔöÇÔöÇÔöÇÔöÇÔöÇÔöÇÔöÇÔöÇÔöÇÔöÇÔöÇÔöÇÔöÇÔöÇÔöÇÔöÇÔöÇÔöÇÔöÇÔöÇÔöÇÔöÇÔöÇÔöÇÔöÇÔöÇÔöÇÔöÇÔöÇÔöÇÔöÇÔöÇÔöÇÔöÇÔöÇÔöÇÔöÇÔöÇÔöÇÔöÇÔöÇÔöÇÔöÇÔöÇÔöÇÔöÇÔöÇÔöÇÔöÇÔöÇÔöÇÔöÇÔöÇÔöÇÔöÇÔöÇÔöÇÔöÇÔöÇÔöÇÔöÇÔöÇÔöÇÔöÇÔöÇÔöÇÔöÇÔöÇÔöÇÔöÇÔöÇÔöÇÔöÇÔöÇÔöÇÔöÇÔöÇÔöÇÔöÇÔöÇÔöÇÔöÇÔöÇ

    Error Context: test-results\app-Process-Manager-Page-shows-process-list-or-loading-state-chromium\error-context.md

  26) [chromium] ÔÇ║ e2e\app.spec.ts:538:5 ÔÇ║ Startup Manager Page ÔÇ║ shows items count or loading state 

    Error: [2mexpect([22m[31mreceived[39m[2m).[22mtoBeTruthy[2m()[22m

    Received: [31mfalse[39m

      543 |         const hasScanning = await scanning.isVisible().catch(() => false);
      544 |         const hasNone = await noItems.isVisible().catch(() => false);
    > 545 |         expect(hasCount || hasScanning || hasNone).toBeTruthy();
          |                                                    ^
      546 |     });
      547 | });
      548 |
        at F:\WinOpt\WinOptimizerRevamp\e2e\app.spec.ts:545:52

    attachment #1: screenshot (image/png) ÔöÇÔöÇÔöÇÔöÇÔöÇÔöÇÔöÇÔöÇÔöÇÔöÇÔöÇÔöÇÔöÇÔöÇÔöÇÔöÇÔöÇÔöÇÔöÇÔöÇÔöÇÔöÇÔöÇÔöÇÔöÇÔöÇÔöÇÔöÇÔöÇÔöÇÔöÇÔöÇÔöÇÔöÇÔöÇÔöÇÔöÇÔöÇÔöÇÔöÇÔöÇÔöÇÔöÇÔöÇÔöÇÔöÇÔöÇÔöÇÔöÇÔöÇÔöÇÔöÇÔöÇÔöÇÔöÇÔöÇÔöÇÔöÇ
    test-results\app-Startup-Manager-Page-shows-items-count-or-loading-state-chromium\test-failed-1.png
    ÔöÇÔöÇÔöÇÔöÇÔöÇÔöÇÔöÇÔöÇÔöÇÔöÇÔöÇÔöÇÔöÇÔöÇÔöÇÔöÇÔöÇÔöÇÔöÇÔöÇÔöÇÔöÇÔöÇÔöÇÔöÇÔöÇÔöÇÔöÇÔöÇÔöÇÔöÇÔöÇÔöÇÔöÇÔöÇÔöÇÔöÇÔöÇÔöÇÔöÇÔöÇÔöÇÔöÇÔöÇÔöÇÔöÇÔöÇÔöÇÔöÇÔöÇÔöÇÔöÇÔöÇÔöÇÔöÇÔöÇÔöÇÔöÇÔöÇÔöÇÔöÇÔöÇÔöÇÔöÇÔöÇÔöÇÔöÇÔöÇÔöÇÔöÇÔöÇÔöÇÔöÇÔöÇÔöÇÔöÇÔöÇÔöÇÔöÇÔöÇÔöÇÔöÇÔöÇÔöÇÔöÇÔöÇÔöÇÔöÇÔöÇÔöÇÔöÇÔöÇÔöÇÔöÇÔöÇÔöÇ

    Error Context: test-results\app-Startup-Manager-Page-shows-items-count-or-loading-state-chromium\error-context.md

  27) [chromium] ÔÇ║ e2e\app.spec.ts:564:5 ÔÇ║ Storage Optimizer Page ÔÇ║ shows Potential Savings overview card 

    Error: [2mexpect([22m[31mlocator[39m[2m).[22mtoBeVisible[2m([22m[2m)[22m failed

    Locator: getByText(/Potential Savings/i)
    Expected: visible
    Timeout: 10000ms
    Error: element(s) not found

    Call log:
    [2m  - Expect "toBeVisible" with timeout 10000ms[22m
    [2m  - waiting for getByText(/Potential Savings/i)[22m
    [2m    - waiting for" http://localhost:1420/" navigation to finish...[22m
    [2m    - navigated to "http://localhost:1420/"[22m


      563 |
      564 |     test("shows Potential Savings overview card", async ({ page }) => {
    > 565 |         await expect(page.getByText(/Potential Savings/i)).toBeVisible({ timeout: 10000 });
          |                                                            ^
      566 |     });
      567 |
      568 |     test("has Rescan and Clean Selected buttons", async ({ page }) => {
        at F:\WinOpt\WinOptimizerRevamp\e2e\app.spec.ts:565:60

    attachment #1: screenshot (image/png) ÔöÇÔöÇÔöÇÔöÇÔöÇÔöÇÔöÇÔöÇÔöÇÔöÇÔöÇÔöÇÔöÇÔöÇÔöÇÔöÇÔöÇÔöÇÔöÇÔöÇÔöÇÔöÇÔöÇÔöÇÔöÇÔöÇÔöÇÔöÇÔöÇÔöÇÔöÇÔöÇÔöÇÔöÇÔöÇÔöÇÔöÇÔöÇÔöÇÔöÇÔöÇÔöÇÔöÇÔöÇÔöÇÔöÇÔöÇÔöÇÔöÇÔöÇÔöÇÔöÇÔöÇÔöÇÔöÇÔöÇÔöÇÔöÇ
    test-results\app-Storage-Optimizer-Page-5076e-ntial-Savings-overview-card-chromium\test-failed-1.png
    ÔöÇÔöÇÔöÇÔöÇÔöÇÔöÇÔöÇÔöÇÔöÇÔöÇÔöÇÔöÇÔöÇÔöÇÔöÇÔöÇÔöÇÔöÇÔöÇÔöÇÔöÇÔöÇÔöÇÔöÇÔöÇÔöÇÔöÇÔöÇÔöÇÔöÇÔöÇÔöÇÔöÇÔöÇÔöÇÔöÇÔöÇÔöÇÔöÇÔöÇÔöÇÔöÇÔöÇÔöÇÔöÇÔöÇÔöÇÔöÇÔöÇÔöÇÔöÇÔöÇÔöÇÔöÇÔöÇÔöÇÔöÇÔöÇÔöÇÔöÇÔöÇÔöÇÔöÇÔöÇÔöÇÔöÇÔöÇÔöÇÔöÇÔöÇÔöÇÔöÇÔöÇÔöÇÔöÇÔöÇÔöÇÔöÇÔöÇÔöÇÔöÇÔöÇÔöÇÔöÇÔöÇÔöÇÔöÇÔöÇÔöÇÔöÇÔöÇÔöÇÔöÇÔöÇÔöÇÔöÇ

    Error Context: test-results\app-Storage-Optimizer-Page-5076e-ntial-Savings-overview-card-chromium\error-context.md

  28) [chromium] ÔÇ║ e2e\app.spec.ts:604:5 ÔÇ║ Network Analyzer Page ÔÇ║ PING button exists and is clickable 

    Error: [2mexpect([22m[31mlocator[39m[2m).[22mtoBeVisible[2m([22m[2m)[22m failed

    Locator: getByText('PING')
    Expected: visible
    Timeout: 5000ms
    Error: element(s) not found

    Call log:
    [2m  - Expect "toBeVisible" with timeout 5000ms[22m
    [2m  - waiting for getByText('PING')[22m
    [2m    - waiting for" http://localhost:1420/" navigation to finish...[22m
    [2m    - navigated to "http://localhost:1420/"[22m


      604 |     test("PING button exists and is clickable", async ({ page }) => {
      605 |         const pingBtn = page.getByText("PING");
    > 606 |         await expect(pingBtn).toBeVisible();
          |                               ^
      607 |     });
      608 |
      609 |     test("shows Active Adapters section", async ({ page }) => {
        at F:\WinOpt\WinOptimizerRevamp\e2e\app.spec.ts:606:31

    attachment #1: screenshot (image/png) ÔöÇÔöÇÔöÇÔöÇÔöÇÔöÇÔöÇÔöÇÔöÇÔöÇÔöÇÔöÇÔöÇÔöÇÔöÇÔöÇÔöÇÔöÇÔöÇÔöÇÔöÇÔöÇÔöÇÔöÇÔöÇÔöÇÔöÇÔöÇÔöÇÔöÇÔöÇÔöÇÔöÇÔöÇÔöÇÔöÇÔöÇÔöÇÔöÇÔöÇÔöÇÔöÇÔöÇÔöÇÔöÇÔöÇÔöÇÔöÇÔöÇÔöÇÔöÇÔöÇÔöÇÔöÇÔöÇÔöÇÔöÇÔöÇ
    test-results\app-Network-Analyzer-Page--7a6a6-ton-exists-and-is-clickable-chromium\test-failed-1.png
    ÔöÇÔöÇÔöÇÔöÇÔöÇÔöÇÔöÇÔöÇÔöÇÔöÇÔöÇÔöÇÔöÇÔöÇÔöÇÔöÇÔöÇÔöÇÔöÇÔöÇÔöÇÔöÇÔöÇÔöÇÔöÇÔöÇÔöÇÔöÇÔöÇÔöÇÔöÇÔöÇÔöÇÔöÇÔöÇÔöÇÔöÇÔöÇÔöÇÔöÇÔöÇÔöÇÔöÇÔöÇÔöÇÔöÇÔöÇÔöÇÔöÇÔöÇÔöÇÔöÇÔöÇÔöÇÔöÇÔöÇÔöÇÔöÇÔöÇÔöÇÔöÇÔöÇÔöÇÔöÇÔöÇÔöÇÔöÇÔöÇÔöÇÔöÇÔöÇÔöÇÔöÇÔöÇÔöÇÔöÇÔöÇÔöÇÔöÇÔöÇÔöÇÔöÇÔöÇÔöÇÔöÇÔöÇÔöÇÔöÇÔöÇÔöÇÔöÇÔöÇÔöÇÔöÇÔöÇÔöÇ

    Error Context: test-results\app-Network-Analyzer-Page--7a6a6-ton-exists-and-is-clickable-chromium\error-context.md

  29) [chromium] ÔÇ║ e2e\app.spec.ts:609:5 ÔÇ║ Network Analyzer Page ÔÇ║ shows Active Adapters section ÔöÇÔöÇÔöÇ

    Error: [2mexpect([22m[31mlocator[39m[2m).[22mtoBeVisible[2m([22m[2m)[22m failed

    Locator: getByText(/Active Adapters/i)
    Expected: visible
    Timeout: 5000ms
    Error: element(s) not found

    Call log:
    [2m  - Expect "toBeVisible" with timeout 5000ms[22m
    [2m  - waiting for getByText(/Active Adapters/i)[22m


      608 |
      609 |     test("shows Active Adapters section", async ({ page }) => {
    > 610 |         await expect(page.getByText(/Active Adapters/i)).toBeVisible({ timeout: 5000 });
          |                                                          ^
      611 |     });
      612 |
      613 |     test("adapters show IP and MAC info or loading/empty state", async ({ page }) => {
        at F:\WinOpt\WinOptimizerRevamp\e2e\app.spec.ts:610:58

    attachment #1: screenshot (image/png) ÔöÇÔöÇÔöÇÔöÇÔöÇÔöÇÔöÇÔöÇÔöÇÔöÇÔöÇÔöÇÔöÇÔöÇÔöÇÔöÇÔöÇÔöÇÔöÇÔöÇÔöÇÔöÇÔöÇÔöÇÔöÇÔöÇÔöÇÔöÇÔöÇÔöÇÔöÇÔöÇÔöÇÔöÇÔöÇÔöÇÔöÇÔöÇÔöÇÔöÇÔöÇÔöÇÔöÇÔöÇÔöÇÔöÇÔöÇÔöÇÔöÇÔöÇÔöÇÔöÇÔöÇÔöÇÔöÇÔöÇÔöÇÔöÇ
    test-results\app-Network-Analyzer-Page-shows-Active-Adapters-section-chromium\test-failed-1.png
    ÔöÇÔöÇÔöÇÔöÇÔöÇÔöÇÔöÇÔöÇÔöÇÔöÇÔöÇÔöÇÔöÇÔöÇÔöÇÔöÇÔöÇÔöÇÔöÇÔöÇÔöÇÔöÇÔöÇÔöÇÔöÇÔöÇÔöÇÔöÇÔöÇÔöÇÔöÇÔöÇÔöÇÔöÇÔöÇÔöÇÔöÇÔöÇÔöÇÔöÇÔöÇÔöÇÔöÇÔöÇÔöÇÔöÇÔöÇÔöÇÔöÇÔöÇÔöÇÔöÇÔöÇÔöÇÔöÇÔöÇÔöÇÔöÇÔöÇÔöÇÔöÇÔöÇÔöÇÔöÇÔöÇÔöÇÔöÇÔöÇÔöÇÔöÇÔöÇÔöÇÔöÇÔöÇÔöÇÔöÇÔöÇÔöÇÔöÇÔöÇÔöÇÔöÇÔöÇÔöÇÔöÇÔöÇÔöÇÔöÇÔöÇÔöÇÔöÇÔöÇÔöÇÔöÇÔöÇÔöÇ

    Error Context: test-results\app-Network-Analyzer-Page-shows-Active-Adapters-section-chromium\error-context.md

  30) [chromium] ÔÇ║ e2e\app.spec.ts:613:5 ÔÇ║ Network Analyzer Page ÔÇ║ adapters show IP and MAC info or loading/empty state 

    Error: [2mexpect([22m[31mreceived[39m[2m).[22mtoBeTruthy[2m()[22m

    Received: [31mfalse[39m

      618 |         const hasNone = await noAdapters.isVisible().catch(() => false);
      619 |         const hasAdapter = await adapterRow.isVisible().catch(() => false);
    > 620 |         expect(hasLoading || hasNone || hasAdapter).toBeTruthy();
          |                                                     ^
      621 |     });
      622 | });
      623 |
        at F:\WinOpt\WinOptimizerRevamp\e2e\app.spec.ts:620:53

    attachment #1: screenshot (image/png) ÔöÇÔöÇÔöÇÔöÇÔöÇÔöÇÔöÇÔöÇÔöÇÔöÇÔöÇÔöÇÔöÇÔöÇÔöÇÔöÇÔöÇÔöÇÔöÇÔöÇÔöÇÔöÇÔöÇÔöÇÔöÇÔöÇÔöÇÔöÇÔöÇÔöÇÔöÇÔöÇÔöÇÔöÇÔöÇÔöÇÔöÇÔöÇÔöÇÔöÇÔöÇÔöÇÔöÇÔöÇÔöÇÔöÇÔöÇÔöÇÔöÇÔöÇÔöÇÔöÇÔöÇÔöÇÔöÇÔöÇÔöÇÔöÇ
    test-results\app-Network-Analyzer-Page--385cc-info-or-loading-empty-state-chromium\test-failed-1.png
    ÔöÇÔöÇÔöÇÔöÇÔöÇÔöÇÔöÇÔöÇÔöÇÔöÇÔöÇÔöÇÔöÇÔöÇÔöÇÔöÇÔöÇÔöÇÔöÇÔöÇÔöÇÔöÇÔöÇÔöÇÔöÇÔöÇÔöÇÔöÇÔöÇÔöÇÔöÇÔöÇÔöÇÔöÇÔöÇÔöÇÔöÇÔöÇÔöÇÔöÇÔöÇÔöÇÔöÇÔöÇÔöÇÔöÇÔöÇÔöÇÔöÇÔöÇÔöÇÔöÇÔöÇÔöÇÔöÇÔöÇÔöÇÔöÇÔöÇÔöÇÔöÇÔöÇÔöÇÔöÇÔöÇÔöÇÔöÇÔöÇÔöÇÔöÇÔöÇÔöÇÔöÇÔöÇÔöÇÔöÇÔöÇÔöÇÔöÇÔöÇÔöÇÔöÇÔöÇÔöÇÔöÇÔöÇÔöÇÔöÇÔöÇÔöÇÔöÇÔöÇÔöÇÔöÇÔöÇÔöÇ

  31) [chromium] ÔÇ║ e2e\app.spec.ts:640:5 ÔÇ║ Apps Page ÔÇ║ shows category tabs ÔöÇÔöÇÔöÇÔöÇÔöÇÔöÇÔöÇÔöÇÔöÇÔöÇÔöÇÔöÇÔöÇÔöÇÔöÇÔöÇÔöÇÔöÇÔöÇÔöÇÔöÇÔöÇÔöÇÔöÇÔöÇ

    Error: [2mexpect([22m[31mlocator[39m[2m).[22mtoBeVisible[2m([22m[2m)[22m failed

    Locator: getByText('All').first()
    Expected: visible
    Timeout: 5000ms
    Error: element(s) not found

    Call log:
    [2m  - Expect "toBeVisible" with timeout 5000ms[22m
    [2m  - waiting for getByText('All').first()[22m


      640 |     test("shows category tabs", async ({ page }) => {
      641 |         // Should have at least "All" and some categories
    > 642 |         await expect(page.getByText("All").first()).toBeVisible({ timeout: 5000 });
          |                                                     ^
      643 |     });
      644 |
      645 |     test("has search input", async ({ page }) => {
        at F:\WinOpt\WinOptimizerRevamp\e2e\app.spec.ts:642:53

    attachment #1: screenshot (image/png) ÔöÇÔöÇÔöÇÔöÇÔöÇÔöÇÔöÇÔöÇÔöÇÔöÇÔöÇÔöÇÔöÇÔöÇÔöÇÔöÇÔöÇÔöÇÔöÇÔöÇÔöÇÔöÇÔöÇÔöÇÔöÇÔöÇÔöÇÔöÇÔöÇÔöÇÔöÇÔöÇÔöÇÔöÇÔöÇÔöÇÔöÇÔöÇÔöÇÔöÇÔöÇÔöÇÔöÇÔöÇÔöÇÔöÇÔöÇÔöÇÔöÇÔöÇÔöÇÔöÇÔöÇÔöÇÔöÇÔöÇÔöÇÔöÇ
    test-results\app-Apps-Page-shows-category-tabs-chromium\test-failed-1.png
    ÔöÇÔöÇÔöÇÔöÇÔöÇÔöÇÔöÇÔöÇÔöÇÔöÇÔöÇÔöÇÔöÇÔöÇÔöÇÔöÇÔöÇÔöÇÔöÇÔöÇÔöÇÔöÇÔöÇÔöÇÔöÇÔöÇÔöÇÔöÇÔöÇÔöÇÔöÇÔöÇÔöÇÔöÇÔöÇÔöÇÔöÇÔöÇÔöÇÔöÇÔöÇÔöÇÔöÇÔöÇÔöÇÔöÇÔöÇÔöÇÔöÇÔöÇÔöÇÔöÇÔöÇÔöÇÔöÇÔöÇÔöÇÔöÇÔöÇÔöÇÔöÇÔöÇÔöÇÔöÇÔöÇÔöÇÔöÇÔöÇÔöÇÔöÇÔöÇÔöÇÔöÇÔöÇÔöÇÔöÇÔöÇÔöÇÔöÇÔöÇÔöÇÔöÇÔöÇÔöÇÔöÇÔöÇÔöÇÔöÇÔöÇÔöÇÔöÇÔöÇÔöÇÔöÇÔöÇÔöÇ

    Error Context: test-results\app-Apps-Page-shows-category-tabs-chromium\error-context.md

  32) [chromium] ÔÇ║ e2e\app.spec.ts:645:5 ÔÇ║ Apps Page ÔÇ║ has search input ÔöÇÔöÇÔöÇÔöÇÔöÇÔöÇÔöÇÔöÇÔöÇÔöÇÔöÇÔöÇÔöÇÔöÇÔöÇÔöÇÔöÇÔöÇÔöÇÔöÇÔöÇÔöÇÔöÇÔöÇÔöÇÔöÇÔöÇÔöÇ

    Error: [2mexpect([22m[31mlocator[39m[2m).[22mtoBeVisible[2m([22m[2m)[22m failed

    Locator: getByPlaceholder(/Search/i)
    Expected: visible
    Timeout: 5000ms
    Error: element(s) not found

    Call log:
    [2m  - Expect "toBeVisible" with timeout 5000ms[22m
    [2m  - waiting for getByPlaceholder(/Search/i)[22m


      646 |         await expect(
      647 |             page.getByPlaceholder(/Search/i)
    > 648 |         ).toBeVisible({ timeout: 5000 });
          |           ^
      649 |     });
      650 |
      651 |     test("shows app cards", async ({ page }) => {
        at F:\WinOpt\WinOptimizerRevamp\e2e\app.spec.ts:648:11

    attachment #1: screenshot (image/png) ÔöÇÔöÇÔöÇÔöÇÔöÇÔöÇÔöÇÔöÇÔöÇÔöÇÔöÇÔöÇÔöÇÔöÇÔöÇÔöÇÔöÇÔöÇÔöÇÔöÇÔöÇÔöÇÔöÇÔöÇÔöÇÔöÇÔöÇÔöÇÔöÇÔöÇÔöÇÔöÇÔöÇÔöÇÔöÇÔöÇÔöÇÔöÇÔöÇÔöÇÔöÇÔöÇÔöÇÔöÇÔöÇÔöÇÔöÇÔöÇÔöÇÔöÇÔöÇÔöÇÔöÇÔöÇÔöÇÔöÇÔöÇÔöÇ
    test-results\app-Apps-Page-has-search-input-chromium\test-failed-1.png
    ÔöÇÔöÇÔöÇÔöÇÔöÇÔöÇÔöÇÔöÇÔöÇÔöÇÔöÇÔöÇÔöÇÔöÇÔöÇÔöÇÔöÇÔöÇÔöÇÔöÇÔöÇÔöÇÔöÇÔöÇÔöÇÔöÇÔöÇÔöÇÔöÇÔöÇÔöÇÔöÇÔöÇÔöÇÔöÇÔöÇÔöÇÔöÇÔöÇÔöÇÔöÇÔöÇÔöÇÔöÇÔöÇÔöÇÔöÇÔöÇÔöÇÔöÇÔöÇÔöÇÔöÇÔöÇÔöÇÔöÇÔöÇÔöÇÔöÇÔöÇÔöÇÔöÇÔöÇÔöÇÔöÇÔöÇÔöÇÔöÇÔöÇÔöÇÔöÇÔöÇÔöÇÔöÇÔöÇÔöÇÔöÇÔöÇÔöÇÔöÇÔöÇÔöÇÔöÇÔöÇÔöÇÔöÇÔöÇÔöÇÔöÇÔöÇÔöÇÔöÇÔöÇÔöÇÔöÇÔöÇ

    Error Context: test-results\app-Apps-Page-has-search-input-chromium\error-context.md

  33) [chromium] ÔÇ║ e2e\app.spec.ts:651:5 ÔÇ║ Apps Page ÔÇ║ shows app cards ÔöÇÔöÇÔöÇÔöÇÔöÇÔöÇÔöÇÔöÇÔöÇÔöÇÔöÇÔöÇÔöÇÔöÇÔöÇÔöÇÔöÇÔöÇÔöÇÔöÇÔöÇÔöÇÔöÇÔöÇÔöÇÔöÇÔöÇÔöÇÔöÇ

    Error: [2mexpect([22m[31mlocator[39m[2m).[22mtoBeVisible[2m([22m[2m)[22m failed

    Locator: getByText(/Install/i).first()
    Expected: visible
    Timeout: 8000ms
    Error: element(s) not found

    Call log:
    [2m  - Expect "toBeVisible" with timeout 8000ms[22m
    [2m  - waiting for getByText(/Install/i).first()[22m


      652 |         // App cards should have Install buttons
      653 |         const installBtns = page.getByText(/Install/i);
    > 654 |         await expect(installBtns.first()).toBeVisible({ timeout: 8000 });
          |                                           ^
      655 |     });
      656 | });
      657 |
        at F:\WinOpt\WinOptimizerRevamp\e2e\app.spec.ts:654:43

    attachment #1: screenshot (image/png) ÔöÇÔöÇÔöÇÔöÇÔöÇÔöÇÔöÇÔöÇÔöÇÔöÇÔöÇÔöÇÔöÇÔöÇÔöÇÔöÇÔöÇÔöÇÔöÇÔöÇÔöÇÔöÇÔöÇÔöÇÔöÇÔöÇÔöÇÔöÇÔöÇÔöÇÔöÇÔöÇÔöÇÔöÇÔöÇÔöÇÔöÇÔöÇÔöÇÔöÇÔöÇÔöÇÔöÇÔöÇÔöÇÔöÇÔöÇÔöÇÔöÇÔöÇÔöÇÔöÇÔöÇÔöÇÔöÇÔöÇÔöÇÔöÇ
    test-results\app-Apps-Page-shows-app-cards-chromium\test-failed-1.png
    ÔöÇÔöÇÔöÇÔöÇÔöÇÔöÇÔöÇÔöÇÔöÇÔöÇÔöÇÔöÇÔöÇÔöÇÔöÇÔöÇÔöÇÔöÇÔöÇÔöÇÔöÇÔöÇÔöÇÔöÇÔöÇÔöÇÔöÇÔöÇÔöÇÔöÇÔöÇÔöÇÔöÇÔöÇÔöÇÔöÇÔöÇÔöÇÔöÇÔöÇÔöÇÔöÇÔöÇÔöÇÔöÇÔöÇÔöÇÔöÇÔöÇÔöÇÔöÇÔöÇÔöÇÔöÇÔöÇÔöÇÔöÇÔöÇÔöÇÔöÇÔöÇÔöÇÔöÇÔöÇÔöÇÔöÇÔöÇÔöÇÔöÇÔöÇÔöÇÔöÇÔöÇÔöÇÔöÇÔöÇÔöÇÔöÇÔöÇÔöÇÔöÇÔöÇÔöÇÔöÇÔöÇÔöÇÔöÇÔöÇÔöÇÔöÇÔöÇÔöÇÔöÇÔöÇÔöÇÔöÇ

    Error Context: test-results\app-Apps-Page-shows-app-cards-chromium\error-context.md

  34) [chromium] ÔÇ║ e2e\app.spec.ts:694:5 ÔÇ║ AC-11: Tweak Validation Skeleton ÔÇ║ shows skeleton loading on tweak page mount then transitions to real state 

    Error: [2mexpect([22m[31mreceived[39m[2m).[22mtoBeGreaterThanOrEqual[2m([22m[32mexpected[39m[2m)[22m

    Expected: >= [32m1[39m
    Received:    [31m0[39m

      700 |         const tweakCards = page.locator(".bento-card");
      701 |         const count = await tweakCards.count();
    > 702 |         expect(count).toBeGreaterThanOrEqual(1);
          |                       ^
      703 |     });
      704 | });
      705 |
        at F:\WinOpt\WinOptimizerRevamp\e2e\app.spec.ts:702:23

    attachment #1: screenshot (image/png) ÔöÇÔöÇÔöÇÔöÇÔöÇÔöÇÔöÇÔöÇÔöÇÔöÇÔöÇÔöÇÔöÇÔöÇÔöÇÔöÇÔöÇÔöÇÔöÇÔöÇÔöÇÔöÇÔöÇÔöÇÔöÇÔöÇÔöÇÔöÇÔöÇÔöÇÔöÇÔöÇÔöÇÔöÇÔöÇÔöÇÔöÇÔöÇÔöÇÔöÇÔöÇÔöÇÔöÇÔöÇÔöÇÔöÇÔöÇÔöÇÔöÇÔöÇÔöÇÔöÇÔöÇÔöÇÔöÇÔöÇÔöÇÔöÇ
    test-results\app-AC-11-Tweak-Validation-cef76-n-transitions-to-real-state-chromium\test-failed-1.png
    ÔöÇÔöÇÔöÇÔöÇÔöÇÔöÇÔöÇÔöÇÔöÇÔöÇÔöÇÔöÇÔöÇÔöÇÔöÇÔöÇÔöÇÔöÇÔöÇÔöÇÔöÇÔöÇÔöÇÔöÇÔöÇÔöÇÔöÇÔöÇÔöÇÔöÇÔöÇÔöÇÔöÇÔöÇÔöÇÔöÇÔöÇÔöÇÔöÇÔöÇÔöÇÔöÇÔöÇÔöÇÔöÇÔöÇÔöÇÔöÇÔöÇÔöÇÔöÇÔöÇÔöÇÔöÇÔöÇÔöÇÔöÇÔöÇÔöÇÔöÇÔöÇÔöÇÔöÇÔöÇÔöÇÔöÇÔöÇÔöÇÔöÇÔöÇÔöÇÔöÇÔöÇÔöÇÔöÇÔöÇÔöÇÔöÇÔöÇÔöÇÔöÇÔöÇÔöÇÔöÇÔöÇÔöÇÔöÇÔöÇÔöÇÔöÇÔöÇÔöÇÔöÇÔöÇÔöÇÔöÇ

    Error Context: test-results\app-AC-11-Tweak-Validation-cef76-n-transitions-to-real-state-chromium\error-context.md

  35) [firefox] ÔÇ║ e2e\app.spec.ts:24:5 ÔÇ║ AC-01: Onboarding Modal ÔÇ║ shows onboarding modal on first visit 

    Error: browserType.launch: Executable doesn't exist at C:\Users\User\AppData\Local\ms-playwright\firefox-1509\firefox\firefox.exe
    ÔòöÔòÉÔòÉÔòÉÔòÉÔòÉÔòÉÔòÉÔòÉÔòÉÔòÉÔòÉÔòÉÔòÉÔòÉÔòÉÔòÉÔòÉÔòÉÔòÉÔòÉÔòÉÔòÉÔòÉÔòÉÔòÉÔòÉÔòÉÔòÉÔòÉÔòÉÔòÉÔòÉÔòÉÔòÉÔòÉÔòÉÔòÉÔòÉÔòÉÔòÉÔòÉÔòÉÔòÉÔòÉÔòÉÔòÉÔòÉÔòÉÔòÉÔòÉÔòÉÔòÉÔòÉÔòÉÔòÉÔòÉÔòÉÔòÉÔòÉÔòÉÔòÉÔòÉÔòÉÔòÉÔòÉÔòÉÔòÉÔòÉÔòÉÔòÉÔòÉÔòÉÔòÉÔòù
    Ôòæ Looks like Playwright Test or Playwright was just installed or updated. Ôòæ
    Ôòæ Please run the following command to download new browsers:              Ôòæ
    Ôòæ                                                                         Ôòæ
    Ôòæ     npx playwright install                                              Ôòæ
    Ôòæ                                                                         Ôòæ
    Ôòæ <3 Playwright Team                                                      Ôòæ
    ÔòÜÔòÉÔòÉÔòÉÔòÉÔòÉÔòÉÔòÉÔòÉÔòÉÔòÉÔòÉÔòÉÔòÉÔòÉÔòÉÔòÉÔòÉÔòÉÔòÉÔòÉÔòÉÔòÉÔòÉÔòÉÔòÉÔòÉÔòÉÔòÉÔòÉÔòÉÔòÉÔòÉÔòÉÔòÉÔòÉÔòÉÔòÉÔòÉÔòÉÔòÉÔòÉÔòÉÔòÉÔòÉÔòÉÔòÉÔòÉÔòÉÔòÉÔòÉÔòÉÔòÉÔòÉÔòÉÔòÉÔòÉÔòÉÔòÉÔòÉÔòÉÔòÉÔòÉÔòÉÔòÉÔòÉÔòÉÔòÉÔòÉÔòÉÔòÉÔòÉÔòÉÔòÉÔòØ

  36) [firefox] ÔÇ║ e2e\app.spec.ts:29:5 ÔÇ║ AC-01: Onboarding Modal ÔÇ║ advances through all 3 steps and closes 

    Error: browserType.launch: Executable doesn't exist at C:\Users\User\AppData\Local\ms-playwright\firefox-1509\firefox\firefox.exe
    ÔòöÔòÉÔòÉÔòÉÔòÉÔòÉÔòÉÔòÉÔòÉÔòÉÔòÉÔòÉÔòÉÔòÉÔòÉÔòÉÔòÉÔòÉÔòÉÔòÉÔòÉÔòÉÔòÉÔòÉÔòÉÔòÉÔòÉÔòÉÔòÉÔòÉÔòÉÔòÉÔòÉÔòÉÔòÉÔòÉÔòÉÔòÉÔòÉÔòÉÔòÉÔòÉÔòÉÔòÉÔòÉÔòÉÔòÉÔòÉÔòÉÔòÉÔòÉÔòÉÔòÉÔòÉÔòÉÔòÉÔòÉÔòÉÔòÉÔòÉÔòÉÔòÉÔòÉÔòÉÔòÉÔòÉÔòÉÔòÉÔòÉÔòÉÔòÉÔòÉÔòÉÔòÉÔòù
    Ôòæ Looks like Playwright Test or Playwright was just installed or updated. Ôòæ
    Ôòæ Please run the following command to download new browsers:              Ôòæ
    Ôòæ                                                                         Ôòæ
    Ôòæ     npx playwright install                                              Ôòæ
    Ôòæ                                                                         Ôòæ
    Ôòæ <3 Playwright Team                                                      Ôòæ
    ÔòÜÔòÉÔòÉÔòÉÔòÉÔòÉÔòÉÔòÉÔòÉÔòÉÔòÉÔòÉÔòÉÔòÉÔòÉÔòÉÔòÉÔòÉÔòÉÔòÉÔòÉÔòÉÔòÉÔòÉÔòÉÔòÉÔòÉÔòÉÔòÉÔòÉÔòÉÔòÉÔòÉÔòÉÔòÉÔòÉÔòÉÔòÉÔòÉÔòÉÔòÉÔòÉÔòÉÔòÉÔòÉÔòÉÔòÉÔòÉÔòÉÔòÉÔòÉÔòÉÔòÉÔòÉÔòÉÔòÉÔòÉÔòÉÔòÉÔòÉÔòÉÔòÉÔòÉÔòÉÔòÉÔòÉÔòÉÔòÉÔòÉÔòÉÔòÉÔòÉÔòÉÔòÉÔòØ

  37) [firefox] ÔÇ║ e2e\app.spec.ts:43:5 ÔÇ║ AC-01: Onboarding Modal ÔÇ║ sets localStorage flag on completion 

    Error: browserType.launch: Executable doesn't exist at C:\Users\User\AppData\Local\ms-playwright\firefox-1509\firefox\firefox.exe
    ÔòöÔòÉÔòÉÔòÉÔòÉÔòÉÔòÉÔòÉÔòÉÔòÉÔòÉÔòÉÔòÉÔòÉÔòÉÔòÉÔòÉÔòÉÔòÉÔòÉÔòÉÔòÉÔòÉÔòÉÔòÉÔòÉÔòÉÔòÉÔòÉÔòÉÔòÉÔòÉÔòÉÔòÉÔòÉÔòÉÔòÉÔòÉÔòÉÔòÉÔòÉÔòÉÔòÉÔòÉÔòÉÔòÉÔòÉÔòÉÔòÉÔòÉÔòÉÔòÉÔòÉÔòÉÔòÉÔòÉÔòÉÔòÉÔòÉÔòÉÔòÉÔòÉÔòÉÔòÉÔòÉÔòÉÔòÉÔòÉÔòÉÔòÉÔòÉÔòÉÔòÉÔòÉÔòù
    Ôòæ Looks like Playwright Test or Playwright was just installed or updated. Ôòæ
    Ôòæ Please run the following command to download new browsers:              Ôòæ
    Ôòæ                                                                         Ôòæ
    Ôòæ     npx playwright install                                              Ôòæ
    Ôòæ                                                                         Ôòæ
    Ôòæ <3 Playwright Team                                                      Ôòæ
    ÔòÜÔòÉÔòÉÔòÉÔòÉÔòÉÔòÉÔòÉÔòÉÔòÉÔòÉÔòÉÔòÉÔòÉÔòÉÔòÉÔòÉÔòÉÔòÉÔòÉÔòÉÔòÉÔòÉÔòÉÔòÉÔòÉÔòÉÔòÉÔòÉÔòÉÔòÉÔòÉÔòÉÔòÉÔòÉÔòÉÔòÉÔòÉÔòÉÔòÉÔòÉÔòÉÔòÉÔòÉÔòÉÔòÉÔòÉÔòÉÔòÉÔòÉÔòÉÔòÉÔòÉÔòÉÔòÉÔòÉÔòÉÔòÉÔòÉÔòÉÔòÉÔòÉÔòÉÔòÉÔòÉÔòÉÔòÉÔòÉÔòÉÔòÉÔòÉÔòÉÔòÉÔòÉÔòØ

  38) [firefox] ÔÇ║ e2e\app.spec.ts:52:5 ÔÇ║ AC-01: Onboarding Modal ÔÇ║ does not show onboarding on subsequent visits 

    Error: browserType.launch: Executable doesn't exist at C:\Users\User\AppData\Local\ms-playwright\firefox-1509\firefox\firefox.exe
    ÔòöÔòÉÔòÉÔòÉÔòÉÔòÉÔòÉÔòÉÔòÉÔòÉÔòÉÔòÉÔòÉÔòÉÔòÉÔòÉÔòÉÔòÉÔòÉÔòÉÔòÉÔòÉÔòÉÔòÉÔòÉÔòÉÔòÉÔòÉÔòÉÔòÉÔòÉÔòÉÔòÉÔòÉÔòÉÔòÉÔòÉÔòÉÔòÉÔòÉÔòÉÔòÉÔòÉÔòÉÔòÉÔòÉÔòÉÔòÉÔòÉÔòÉÔòÉÔòÉÔòÉÔòÉÔòÉÔòÉÔòÉÔòÉÔòÉÔòÉÔòÉÔòÉÔòÉÔòÉÔòÉÔòÉÔòÉÔòÉÔòÉÔòÉÔòÉÔòÉÔòÉÔòÉÔòù
    Ôòæ Looks like Playwright Test or Playwright was just installed or updated. Ôòæ
    Ôòæ Please run the following command to download new browsers:              Ôòæ
    Ôòæ                                                                         Ôòæ
    Ôòæ     npx playwright install                                              Ôòæ
    Ôòæ                                                                         Ôòæ
    Ôòæ <3 Playwright Team                                                      Ôòæ
    ÔòÜÔòÉÔòÉÔòÉÔòÉÔòÉÔòÉÔòÉÔòÉÔòÉÔòÉÔòÉÔòÉÔòÉÔòÉÔòÉÔòÉÔòÉÔòÉÔòÉÔòÉÔòÉÔòÉÔòÉÔòÉÔòÉÔòÉÔòÉÔòÉÔòÉÔòÉÔòÉÔòÉÔòÉÔòÉÔòÉÔòÉÔòÉÔòÉÔòÉÔòÉÔòÉÔòÉÔòÉÔòÉÔòÉÔòÉÔòÉÔòÉÔòÉÔòÉÔòÉÔòÉÔòÉÔòÉÔòÉÔòÉÔòÉÔòÉÔòÉÔòÉÔòÉÔòÉÔòÉÔòÉÔòÉÔòÉÔòÉÔòÉÔòÉÔòÉÔòÉÔòÉÔòÉÔòØ

  39) [firefox] ÔÇ║ e2e\app.spec.ts:65:5 ÔÇ║ Core Navigation ÔÇ║ loads the dashboard view by default ÔöÇÔöÇÔöÇÔöÇÔöÇ

    Error: browserType.launch: Executable doesn't exist at C:\Users\User\AppData\Local\ms-playwright\firefox-1509\firefox\firefox.exe
    ÔòöÔòÉÔòÉÔòÉÔòÉÔòÉÔòÉÔòÉÔòÉÔòÉÔòÉÔòÉÔòÉÔòÉÔòÉÔòÉÔòÉÔòÉÔòÉÔòÉÔòÉÔòÉÔòÉÔòÉÔòÉÔòÉÔòÉÔòÉÔòÉÔòÉÔòÉÔòÉÔòÉÔòÉÔòÉÔòÉÔòÉÔòÉÔòÉÔòÉÔòÉÔòÉÔòÉÔòÉÔòÉÔòÉÔòÉÔòÉÔòÉÔòÉÔòÉÔòÉÔòÉÔòÉÔòÉÔòÉÔòÉÔòÉÔòÉÔòÉÔòÉÔòÉÔòÉÔòÉÔòÉÔòÉÔòÉÔòÉÔòÉÔòÉÔòÉÔòÉÔòÉÔòÉÔòù
    Ôòæ Looks like Playwright Test or Playwright was just installed or updated. Ôòæ
    Ôòæ Please run the following command to download new browsers:              Ôòæ
    Ôòæ                                                                         Ôòæ
    Ôòæ     npx playwright install                                              Ôòæ
    Ôòæ                                                                         Ôòæ
    Ôòæ <3 Playwright Team                                                      Ôòæ
    ÔòÜÔòÉÔòÉÔòÉÔòÉÔòÉÔòÉÔòÉÔòÉÔòÉÔòÉÔòÉÔòÉÔòÉÔòÉÔòÉÔòÉÔòÉÔòÉÔòÉÔòÉÔòÉÔòÉÔòÉÔòÉÔòÉÔòÉÔòÉÔòÉÔòÉÔòÉÔòÉÔòÉÔòÉÔòÉÔòÉÔòÉÔòÉÔòÉÔòÉÔòÉÔòÉÔòÉÔòÉÔòÉÔòÉÔòÉÔòÉÔòÉÔòÉÔòÉÔòÉÔòÉÔòÉÔòÉÔòÉÔòÉÔòÉÔòÉÔòÉÔòÉÔòÉÔòÉÔòÉÔòÉÔòÉÔòÉÔòÉÔòÉÔòÉÔòÉÔòÉÔòÉÔòÉÔòØ

  40) [firefox] ÔÇ║ e2e\app.spec.ts:69:5 ÔÇ║ Core Navigation ÔÇ║ navigates to Performance view via sidebar 

    Error: browserType.launch: Executable doesn't exist at C:\Users\User\AppData\Local\ms-playwright\firefox-1509\firefox\firefox.exe
    ÔòöÔòÉÔòÉÔòÉÔòÉÔòÉÔòÉÔòÉÔòÉÔòÉÔòÉÔòÉÔòÉÔòÉÔòÉÔòÉÔòÉÔòÉÔòÉÔòÉÔòÉÔòÉÔòÉÔòÉÔòÉÔòÉÔòÉÔòÉÔòÉÔòÉÔòÉÔòÉÔòÉÔòÉÔòÉÔòÉÔòÉÔòÉÔòÉÔòÉÔòÉÔòÉÔòÉÔòÉÔòÉÔòÉÔòÉÔòÉÔòÉÔòÉÔòÉÔòÉÔòÉÔòÉÔòÉÔòÉÔòÉÔòÉÔòÉÔòÉÔòÉÔòÉÔòÉÔòÉÔòÉÔòÉÔòÉÔòÉÔòÉÔòÉÔòÉÔòÉÔòÉÔòÉÔòù
    Ôòæ Looks like Playwright Test or Playwright was just installed or updated. Ôòæ
    Ôòæ Please run the following command to download new browsers:              Ôòæ
    Ôòæ                                                                         Ôòæ
    Ôòæ     npx playwright install                                              Ôòæ
    Ôòæ                                                                         Ôòæ
    Ôòæ <3 Playwright Team                                                      Ôòæ
    ÔòÜÔòÉÔòÉÔòÉÔòÉÔòÉÔòÉÔòÉÔòÉÔòÉÔòÉÔòÉÔòÉÔòÉÔòÉÔòÉÔòÉÔòÉÔòÉÔòÉÔòÉÔòÉÔòÉÔòÉÔòÉÔòÉÔòÉÔòÉÔòÉÔòÉÔòÉÔòÉÔòÉÔòÉÔòÉÔòÉÔòÉÔòÉÔòÉÔòÉÔòÉÔòÉÔòÉÔòÉÔòÉÔòÉÔòÉÔòÉÔòÉÔòÉÔòÉÔòÉÔòÉÔòÉÔòÉÔòÉÔòÉÔòÉÔòÉÔòÉÔòÉÔòÉÔòÉÔòÉÔòÉÔòÉÔòÉÔòÉÔòÉÔòÉÔòÉÔòÉÔòÉÔòÉÔòØ

  41) [firefox] ÔÇ║ e2e\app.spec.ts:75:5 ÔÇ║ Core Navigation ÔÇ║ navigates to Privacy view via sidebar ÔöÇÔöÇÔöÇ

    Error: browserType.launch: Executable doesn't exist at C:\Users\User\AppData\Local\ms-playwright\firefox-1509\firefox\firefox.exe
    ÔòöÔòÉÔòÉÔòÉÔòÉÔòÉÔòÉÔòÉÔòÉÔòÉÔòÉÔòÉÔòÉÔòÉÔòÉÔòÉÔòÉÔòÉÔòÉÔòÉÔòÉÔòÉÔòÉÔòÉÔòÉÔòÉÔòÉÔòÉÔòÉÔòÉÔòÉÔòÉÔòÉÔòÉÔòÉÔòÉÔòÉÔòÉÔòÉÔòÉÔòÉÔòÉÔòÉÔòÉÔòÉÔòÉÔòÉÔòÉÔòÉÔòÉÔòÉÔòÉÔòÉÔòÉÔòÉÔòÉÔòÉÔòÉÔòÉÔòÉÔòÉÔòÉÔòÉÔòÉÔòÉÔòÉÔòÉÔòÉÔòÉÔòÉÔòÉÔòÉÔòÉÔòÉÔòù
    Ôòæ Looks like Playwright Test or Playwright was just installed or updated. Ôòæ
    Ôòæ Please run the following command to download new browsers:              Ôòæ
    Ôòæ                                                                         Ôòæ
    Ôòæ     npx playwright install                                              Ôòæ
    Ôòæ                                                                         Ôòæ
    Ôòæ <3 Playwright Team                                                      Ôòæ
    ÔòÜÔòÉÔòÉÔòÉÔòÉÔòÉÔòÉÔòÉÔòÉÔòÉÔòÉÔòÉÔòÉÔòÉÔòÉÔòÉÔòÉÔòÉÔòÉÔòÉÔòÉÔòÉÔòÉÔòÉÔòÉÔòÉÔòÉÔòÉÔòÉÔòÉÔòÉÔòÉÔòÉÔòÉÔòÉÔòÉÔòÉÔòÉÔòÉÔòÉÔòÉÔòÉÔòÉÔòÉÔòÉÔòÉÔòÉÔòÉÔòÉÔòÉÔòÉÔòÉÔòÉÔòÉÔòÉÔòÉÔòÉÔòÉÔòÉÔòÉÔòÉÔòÉÔòÉÔòÉÔòÉÔòÉÔòÉÔòÉÔòÉÔòÉÔòÉÔòÉÔòÉÔòÉÔòØ

  42) [firefox] ÔÇ║ e2e\app.spec.ts:80:5 ÔÇ║ Core Navigation ÔÇ║ navigates to Gaming view via sidebar ÔöÇÔöÇÔöÇÔöÇ

    Error: browserType.launch: Executable doesn't exist at C:\Users\User\AppData\Local\ms-playwright\firefox-1509\firefox\firefox.exe
    ÔòöÔòÉÔòÉÔòÉÔòÉÔòÉÔòÉÔòÉÔòÉÔòÉÔòÉÔòÉÔòÉÔòÉÔòÉÔòÉÔòÉÔòÉÔòÉÔòÉÔòÉÔòÉÔòÉÔòÉÔòÉÔòÉÔòÉÔòÉÔòÉÔòÉÔòÉÔòÉÔòÉÔòÉÔòÉÔòÉÔòÉÔòÉÔòÉÔòÉÔòÉÔòÉÔòÉÔòÉÔòÉÔòÉÔòÉÔòÉÔòÉÔòÉÔòÉÔòÉÔòÉÔòÉÔòÉÔòÉÔòÉÔòÉÔòÉÔòÉÔòÉÔòÉÔòÉÔòÉÔòÉÔòÉÔòÉÔòÉÔòÉÔòÉÔòÉÔòÉÔòÉÔòÉÔòù
    Ôòæ Looks like Playwright Test or Playwright was just installed or updated. Ôòæ
    Ôòæ Please run the following command to download new browsers:              Ôòæ
    Ôòæ                                                                         Ôòæ
    Ôòæ     npx playwright install                                              Ôòæ
    Ôòæ                                                                         Ôòæ
    Ôòæ <3 Playwright Team                                                      Ôòæ
    ÔòÜÔòÉÔòÉÔòÉÔòÉÔòÉÔòÉÔòÉÔòÉÔòÉÔòÉÔòÉÔòÉÔòÉÔòÉÔòÉÔòÉÔòÉÔòÉÔòÉÔòÉÔòÉÔòÉÔòÉÔòÉÔòÉÔòÉÔòÉÔòÉÔòÉÔòÉÔòÉÔòÉÔòÉÔòÉÔòÉÔòÉÔòÉÔòÉÔòÉÔòÉÔòÉÔòÉÔòÉÔòÉÔòÉÔòÉÔòÉÔòÉÔòÉÔòÉÔòÉÔòÉÔòÉÔòÉÔòÉÔòÉÔòÉÔòÉÔòÉÔòÉÔòÉÔòÉÔòÉÔòÉÔòÉÔòÉÔòÉÔòÉÔòÉÔòÉÔòÉÔòÉÔòÉÔòØ

  43) [firefox] ÔÇ║ e2e\app.spec.ts:85:5 ÔÇ║ Core Navigation ÔÇ║ navigates to Network Tweaks view via sidebar 

    Error: browserType.launch: Executable doesn't exist at C:\Users\User\AppData\Local\ms-playwright\firefox-1509\firefox\firefox.exe
    ÔòöÔòÉÔòÉÔòÉÔòÉÔòÉÔòÉÔòÉÔòÉÔòÉÔòÉÔòÉÔòÉÔòÉÔòÉÔòÉÔòÉÔòÉÔòÉÔòÉÔòÉÔòÉÔòÉÔòÉÔòÉÔòÉÔòÉÔòÉÔòÉÔòÉÔòÉÔòÉÔòÉÔòÉÔòÉÔòÉÔòÉÔòÉÔòÉÔòÉÔòÉÔòÉÔòÉÔòÉÔòÉÔòÉÔòÉÔòÉÔòÉÔòÉÔòÉÔòÉÔòÉÔòÉÔòÉÔòÉÔòÉÔòÉÔòÉÔòÉÔòÉÔòÉÔòÉÔòÉÔòÉÔòÉÔòÉÔòÉÔòÉÔòÉÔòÉÔòÉÔòÉÔòÉÔòù
    Ôòæ Looks like Playwright Test or Playwright was just installed or updated. Ôòæ
    Ôòæ Please run the following command to download new browsers:              Ôòæ
    Ôòæ                                                                         Ôòæ
    Ôòæ     npx playwright install                                              Ôòæ
    Ôòæ                                                                         Ôòæ
    Ôòæ <3 Playwright Team                                                      Ôòæ
    ÔòÜÔòÉÔòÉÔòÉÔòÉÔòÉÔòÉÔòÉÔòÉÔòÉÔòÉÔòÉÔòÉÔòÉÔòÉÔòÉÔòÉÔòÉÔòÉÔòÉÔòÉÔòÉÔòÉÔòÉÔòÉÔòÉÔòÉÔòÉÔòÉÔòÉÔòÉÔòÉÔòÉÔòÉÔòÉÔòÉÔòÉÔòÉÔòÉÔòÉÔòÉÔòÉÔòÉÔòÉÔòÉÔòÉÔòÉÔòÉÔòÉÔòÉÔòÉÔòÉÔòÉÔòÉÔòÉÔòÉÔòÉÔòÉÔòÉÔòÉÔòÉÔòÉÔòÉÔòÉÔòÉÔòÉÔòÉÔòÉÔòÉÔòÉÔòÉÔòÉÔòÉÔòÉÔòØ

  44) [firefox] ÔÇ║ e2e\app.spec.ts:102:9 ÔÇ║ Core Navigation ÔÇ║ navigates to Process Manager page ÔöÇÔöÇÔöÇÔöÇÔöÇÔöÇ

    Error: browserType.launch: Executable doesn't exist at C:\Users\User\AppData\Local\ms-playwright\firefox-1509\firefox\firefox.exe
    ÔòöÔòÉÔòÉÔòÉÔòÉÔòÉÔòÉÔòÉÔòÉÔòÉÔòÉÔòÉÔòÉÔòÉÔòÉÔòÉÔòÉÔòÉÔòÉÔòÉÔòÉÔòÉÔòÉÔòÉÔòÉÔòÉÔòÉÔòÉÔòÉÔòÉÔòÉÔòÉÔòÉÔòÉÔòÉÔòÉÔòÉÔòÉÔòÉÔòÉÔòÉÔòÉÔòÉÔòÉÔòÉÔòÉÔòÉÔòÉÔòÉÔòÉÔòÉÔòÉÔòÉÔòÉÔòÉÔòÉÔòÉÔòÉÔòÉÔòÉÔòÉÔòÉÔòÉÔòÉÔòÉÔòÉÔòÉÔòÉÔòÉÔòÉÔòÉÔòÉÔòÉÔòÉÔòù
    Ôòæ Looks like Playwright Test or Playwright was just installed or updated. Ôòæ
    Ôòæ Please run the following command to download new browsers:              Ôòæ
    Ôòæ                                                                         Ôòæ
    Ôòæ     npx playwright install                                              Ôòæ
    Ôòæ                                                                         Ôòæ
    Ôòæ <3 Playwright Team                                                      Ôòæ
    ÔòÜÔòÉÔòÉÔòÉÔòÉÔòÉÔòÉÔòÉÔòÉÔòÉÔòÉÔòÉÔòÉÔòÉÔòÉÔòÉÔòÉÔòÉÔòÉÔòÉÔòÉÔòÉÔòÉÔòÉÔòÉÔòÉÔòÉÔòÉÔòÉÔòÉÔòÉÔòÉÔòÉÔòÉÔòÉÔòÉÔòÉÔòÉÔòÉÔòÉÔòÉÔòÉÔòÉÔòÉÔòÉÔòÉÔòÉÔòÉÔòÉÔòÉÔòÉÔòÉÔòÉÔòÉÔòÉÔòÉÔòÉÔòÉÔòÉÔòÉÔòÉÔòÉÔòÉÔòÉÔòÉÔòÉÔòÉÔòÉÔòÉÔòÉÔòÉÔòÉÔòÉÔòÉÔòØ

  45) [firefox] ÔÇ║ e2e\app.spec.ts:102:9 ÔÇ║ Core Navigation ÔÇ║ navigates to Network Analyzer page ÔöÇÔöÇÔöÇÔöÇÔöÇ

    Error: browserType.launch: Executable doesn't exist at C:\Users\User\AppData\Local\ms-playwright\firefox-1509\firefox\firefox.exe
    ÔòöÔòÉÔòÉÔòÉÔòÉÔòÉÔòÉÔòÉÔòÉÔòÉÔòÉÔòÉÔòÉÔòÉÔòÉÔòÉÔòÉÔòÉÔòÉÔòÉÔòÉÔòÉÔòÉÔòÉÔòÉÔòÉÔòÉÔòÉÔòÉÔòÉÔòÉÔòÉÔòÉÔòÉÔòÉÔòÉÔòÉÔòÉÔòÉÔòÉÔòÉÔòÉÔòÉÔòÉÔòÉÔòÉÔòÉÔòÉÔòÉÔòÉÔòÉÔòÉÔòÉÔòÉÔòÉÔòÉÔòÉÔòÉÔòÉÔòÉÔòÉÔòÉÔòÉÔòÉÔòÉÔòÉÔòÉÔòÉÔòÉÔòÉÔòÉÔòÉÔòÉÔòÉÔòù
    Ôòæ Looks like Playwright Test or Playwright was just installed or updated. Ôòæ
    Ôòæ Please run the following command to download new browsers:              Ôòæ
    Ôòæ                                                                         Ôòæ
    Ôòæ     npx playwright install                                              Ôòæ
    Ôòæ                                                                         Ôòæ
    Ôòæ <3 Playwright Team                                                      Ôòæ
    ÔòÜÔòÉÔòÉÔòÉÔòÉÔòÉÔòÉÔòÉÔòÉÔòÉÔòÉÔòÉÔòÉÔòÉÔòÉÔòÉÔòÉÔòÉÔòÉÔòÉÔòÉÔòÉÔòÉÔòÉÔòÉÔòÉÔòÉÔòÉÔòÉÔòÉÔòÉÔòÉÔòÉÔòÉÔòÉÔòÉÔòÉÔòÉÔòÉÔòÉÔòÉÔòÉÔòÉÔòÉÔòÉÔòÉÔòÉÔòÉÔòÉÔòÉÔòÉÔòÉÔòÉÔòÉÔòÉÔòÉÔòÉÔòÉÔòÉÔòÉÔòÉÔòÉÔòÉÔòÉÔòÉÔòÉÔòÉÔòÉÔòÉÔòÉÔòÉÔòÉÔòÉÔòÉÔòØ

  46) [firefox] ÔÇ║ e2e\app.spec.ts:102:9 ÔÇ║ Core Navigation ÔÇ║ navigates to Startup Apps page ÔöÇÔöÇÔöÇÔöÇÔöÇÔöÇÔöÇÔöÇÔöÇ

    Error: browserType.launch: Executable doesn't exist at C:\Users\User\AppData\Local\ms-playwright\firefox-1509\firefox\firefox.exe
    ÔòöÔòÉÔòÉÔòÉÔòÉÔòÉÔòÉÔòÉÔòÉÔòÉÔòÉÔòÉÔòÉÔòÉÔòÉÔòÉÔòÉÔòÉÔòÉÔòÉÔòÉÔòÉÔòÉÔòÉÔòÉÔòÉÔòÉÔòÉÔòÉÔòÉÔòÉÔòÉÔòÉÔòÉÔòÉÔòÉÔòÉÔòÉÔòÉÔòÉÔòÉÔòÉÔòÉÔòÉÔòÉÔòÉÔòÉÔòÉÔòÉÔòÉÔòÉÔòÉÔòÉÔòÉÔòÉÔòÉÔòÉÔòÉÔòÉÔòÉÔòÉÔòÉÔòÉÔòÉÔòÉÔòÉÔòÉÔòÉÔòÉÔòÉÔòÉÔòÉÔòÉÔòÉÔòù
    Ôòæ Looks like Playwright Test or Playwright was just installed or updated. Ôòæ
    Ôòæ Please run the following command to download new browsers:              Ôòæ
    Ôòæ                                                                         Ôòæ
    Ôòæ     npx playwright install                                              Ôòæ
    Ôòæ                                                                         Ôòæ
    Ôòæ <3 Playwright Team                                                      Ôòæ
    ÔòÜÔòÉÔòÉÔòÉÔòÉÔòÉÔòÉÔòÉÔòÉÔòÉÔòÉÔòÉÔòÉÔòÉÔòÉÔòÉÔòÉÔòÉÔòÉÔòÉÔòÉÔòÉÔòÉÔòÉÔòÉÔòÉÔòÉÔòÉÔòÉÔòÉÔòÉÔòÉÔòÉÔòÉÔòÉÔòÉÔòÉÔòÉÔòÉÔòÉÔòÉÔòÉÔòÉÔòÉÔòÉÔòÉÔòÉÔòÉÔòÉÔòÉÔòÉÔòÉÔòÉÔòÉÔòÉÔòÉÔòÉÔòÉÔòÉÔòÉÔòÉÔòÉÔòÉÔòÉÔòÉÔòÉÔòÉÔòÉÔòÉÔòÉÔòÉÔòÉÔòÉÔòÉÔòØ

  47) [firefox] ÔÇ║ e2e\app.spec.ts:102:9 ÔÇ║ Core Navigation ÔÇ║ navigates to Storage Optimizer page ÔöÇÔöÇÔöÇÔöÇ

    Error: browserType.launch: Executable doesn't exist at C:\Users\User\AppData\Local\ms-playwright\firefox-1509\firefox\firefox.exe
    ÔòöÔòÉÔòÉÔòÉÔòÉÔòÉÔòÉÔòÉÔòÉÔòÉÔòÉÔòÉÔòÉÔòÉÔòÉÔòÉÔòÉÔòÉÔòÉÔòÉÔòÉÔòÉÔòÉÔòÉÔòÉÔòÉÔòÉÔòÉÔòÉÔòÉÔòÉÔòÉÔòÉÔòÉÔòÉÔòÉÔòÉÔòÉÔòÉÔòÉÔòÉÔòÉÔòÉÔòÉÔòÉÔòÉÔòÉÔòÉÔòÉÔòÉÔòÉÔòÉÔòÉÔòÉÔòÉÔòÉÔòÉÔòÉÔòÉÔòÉÔòÉÔòÉÔòÉÔòÉÔòÉÔòÉÔòÉÔòÉÔòÉÔòÉÔòÉÔòÉÔòÉÔòÉÔòù
    Ôòæ Looks like Playwright Test or Playwright was just installed or updated. Ôòæ
    Ôòæ Please run the following command to download new browsers:              Ôòæ
    Ôòæ                                                                         Ôòæ
    Ôòæ     npx playwright install                                              Ôòæ
    Ôòæ                                                                         Ôòæ
    Ôòæ <3 Playwright Team                                                      Ôòæ
    ÔòÜÔòÉÔòÉÔòÉÔòÉÔòÉÔòÉÔòÉÔòÉÔòÉÔòÉÔòÉÔòÉÔòÉÔòÉÔòÉÔòÉÔòÉÔòÉÔòÉÔòÉÔòÉÔòÉÔòÉÔòÉÔòÉÔòÉÔòÉÔòÉÔòÉÔòÉÔòÉÔòÉÔòÉÔòÉÔòÉÔòÉÔòÉÔòÉÔòÉÔòÉÔòÉÔòÉÔòÉÔòÉÔòÉÔòÉÔòÉÔòÉÔòÉÔòÉÔòÉÔòÉÔòÉÔòÉÔòÉÔòÉÔòÉÔòÉÔòÉÔòÉÔòÉÔòÉÔòÉÔòÉÔòÉÔòÉÔòÉÔòÉÔòÉÔòÉÔòÉÔòÉÔòÉÔòØ

  48) [firefox] ÔÇ║ e2e\app.spec.ts:102:9 ÔÇ║ Core Navigation ÔÇ║ navigates to Recommended Apps page ÔöÇÔöÇÔöÇÔöÇÔöÇ

    Error: browserType.launch: Executable doesn't exist at C:\Users\User\AppData\Local\ms-playwright\firefox-1509\firefox\firefox.exe
    ÔòöÔòÉÔòÉÔòÉÔòÉÔòÉÔòÉÔòÉÔòÉÔòÉÔòÉÔòÉÔòÉÔòÉÔòÉÔòÉÔòÉÔòÉÔòÉÔòÉÔòÉÔòÉÔòÉÔòÉÔòÉÔòÉÔòÉÔòÉÔòÉÔòÉÔòÉÔòÉÔòÉÔòÉÔòÉÔòÉÔòÉÔòÉÔòÉÔòÉÔòÉÔòÉÔòÉÔòÉÔòÉÔòÉÔòÉÔòÉÔòÉÔòÉÔòÉÔòÉÔòÉÔòÉÔòÉÔòÉÔòÉÔòÉÔòÉÔòÉÔòÉÔòÉÔòÉÔòÉÔòÉÔòÉÔòÉÔòÉÔòÉÔòÉÔòÉÔòÉÔòÉÔòÉÔòù
    Ôòæ Looks like Playwright Test or Playwright was just installed or updated. Ôòæ
    Ôòæ Please run the following command to download new browsers:              Ôòæ
    Ôòæ                                                                         Ôòæ
    Ôòæ     npx playwright install                                              Ôòæ
    Ôòæ                                                                         Ôòæ
    Ôòæ <3 Playwright Team                                                      Ôòæ
    ÔòÜÔòÉÔòÉÔòÉÔòÉÔòÉÔòÉÔòÉÔòÉÔòÉÔòÉÔòÉÔòÉÔòÉÔòÉÔòÉÔòÉÔòÉÔòÉÔòÉÔòÉÔòÉÔòÉÔòÉÔòÉÔòÉÔòÉÔòÉÔòÉÔòÉÔòÉÔòÉÔòÉÔòÉÔòÉÔòÉÔòÉÔòÉÔòÉÔòÉÔòÉÔòÉÔòÉÔòÉÔòÉÔòÉÔòÉÔòÉÔòÉÔòÉÔòÉÔòÉÔòÉÔòÉÔòÉÔòÉÔòÉÔòÉÔòÉÔòÉÔòÉÔòÉÔòÉÔòÉÔòÉÔòÉÔòÉÔòÉÔòÉÔòÉÔòÉÔòÉÔòÉÔòÉÔòØ

  49) [firefox] ÔÇ║ e2e\app.spec.ts:102:9 ÔÇ║ Core Navigation ÔÇ║ navigates to Profiles page ÔöÇÔöÇÔöÇÔöÇÔöÇÔöÇÔöÇÔöÇÔöÇÔöÇÔöÇÔöÇÔöÇ

    Error: browserType.launch: Executable doesn't exist at C:\Users\User\AppData\Local\ms-playwright\firefox-1509\firefox\firefox.exe
    ÔòöÔòÉÔòÉÔòÉÔòÉÔòÉÔòÉÔòÉÔòÉÔòÉÔòÉÔòÉÔòÉÔòÉÔòÉÔòÉÔòÉÔòÉÔòÉÔòÉÔòÉÔòÉÔòÉÔòÉÔòÉÔòÉÔòÉÔòÉÔòÉÔòÉÔòÉÔòÉÔòÉÔòÉÔòÉÔòÉÔòÉÔòÉÔòÉÔòÉÔòÉÔòÉÔòÉÔòÉÔòÉÔòÉÔòÉÔòÉÔòÉÔòÉÔòÉÔòÉÔòÉÔòÉÔòÉÔòÉÔòÉÔòÉÔòÉÔòÉÔòÉÔòÉÔòÉÔòÉÔòÉÔòÉÔòÉÔòÉÔòÉÔòÉÔòÉÔòÉÔòÉÔòÉÔòù
    Ôòæ Looks like Playwright Test or Playwright was just installed or updated. Ôòæ
    Ôòæ Please run the following command to download new browsers:              Ôòæ
    Ôòæ                                                                         Ôòæ
    Ôòæ     npx playwright install                                              Ôòæ
    Ôòæ                                                                         Ôòæ
    Ôòæ <3 Playwright Team                                                      Ôòæ
    ÔòÜÔòÉÔòÉÔòÉÔòÉÔòÉÔòÉÔòÉÔòÉÔòÉÔòÉÔòÉÔòÉÔòÉÔòÉÔòÉÔòÉÔòÉÔòÉÔòÉÔòÉÔòÉÔòÉÔòÉÔòÉÔòÉÔòÉÔòÉÔòÉÔòÉÔòÉÔòÉÔòÉÔòÉÔòÉÔòÉÔòÉÔòÉÔòÉÔòÉÔòÉÔòÉÔòÉÔòÉÔòÉÔòÉÔòÉÔòÉÔòÉÔòÉÔòÉÔòÉÔòÉÔòÉÔòÉÔòÉÔòÉÔòÉÔòÉÔòÉÔòÉÔòÉÔòÉÔòÉÔòÉÔòÉÔòÉÔòÉÔòÉÔòÉÔòÉÔòÉÔòÉÔòÉÔòØ

  50) [firefox] ÔÇ║ e2e\app.spec.ts:102:9 ÔÇ║ Core Navigation ÔÇ║ navigates to History page ÔöÇÔöÇÔöÇÔöÇÔöÇÔöÇÔöÇÔöÇÔöÇÔöÇÔöÇÔöÇÔöÇÔöÇ

    Error: browserType.launch: Executable doesn't exist at C:\Users\User\AppData\Local\ms-playwright\firefox-1509\firefox\firefox.exe
    ÔòöÔòÉÔòÉÔòÉÔòÉÔòÉÔòÉÔòÉÔòÉÔòÉÔòÉÔòÉÔòÉÔòÉÔòÉÔòÉÔòÉÔòÉÔòÉÔòÉÔòÉÔòÉÔòÉÔòÉÔòÉÔòÉÔòÉÔòÉÔòÉÔòÉÔòÉÔòÉÔòÉÔòÉÔòÉÔòÉÔòÉÔòÉÔòÉÔòÉÔòÉÔòÉÔòÉÔòÉÔòÉÔòÉÔòÉÔòÉÔòÉÔòÉÔòÉÔòÉÔòÉÔòÉÔòÉÔòÉÔòÉÔòÉÔòÉÔòÉÔòÉÔòÉÔòÉÔòÉÔòÉÔòÉÔòÉÔòÉÔòÉÔòÉÔòÉÔòÉÔòÉÔòÉÔòù
    Ôòæ Looks like Playwright Test or Playwright was just installed or updated. Ôòæ
    Ôòæ Please run the following command to download new browsers:              Ôòæ
    Ôòæ                                                                         Ôòæ
    Ôòæ     npx playwright install                                              Ôòæ
    Ôòæ                                                                         Ôòæ
    Ôòæ <3 Playwright Team                                                      Ôòæ
    ÔòÜÔòÉÔòÉÔòÉÔòÉÔòÉÔòÉÔòÉÔòÉÔòÉÔòÉÔòÉÔòÉÔòÉÔòÉÔòÉÔòÉÔòÉÔòÉÔòÉÔòÉÔòÉÔòÉÔòÉÔòÉÔòÉÔòÉÔòÉÔòÉÔòÉÔòÉÔòÉÔòÉÔòÉÔòÉÔòÉÔòÉÔòÉÔòÉÔòÉÔòÉÔòÉÔòÉÔòÉÔòÉÔòÉÔòÉÔòÉÔòÉÔòÉÔòÉÔòÉÔòÉÔòÉÔòÉÔòÉÔòÉÔòÉÔòÉÔòÉÔòÉÔòÉÔòÉÔòÉÔòÉÔòÉÔòÉÔòÉÔòÉÔòÉÔòÉÔòÉÔòÉÔòÉÔòØ

  51) [firefox] ÔÇ║ e2e\app.spec.ts:102:9 ÔÇ║ Core Navigation ÔÇ║ navigates to Settings page ÔöÇÔöÇÔöÇÔöÇÔöÇÔöÇÔöÇÔöÇÔöÇÔöÇÔöÇÔöÇÔöÇ

    Error: browserType.launch: Executable doesn't exist at C:\Users\User\AppData\Local\ms-playwright\firefox-1509\firefox\firefox.exe
    ÔòöÔòÉÔòÉÔòÉÔòÉÔòÉÔòÉÔòÉÔòÉÔòÉÔòÉÔòÉÔòÉÔòÉÔòÉÔòÉÔòÉÔòÉÔòÉÔòÉÔòÉÔòÉÔòÉÔòÉÔòÉÔòÉÔòÉÔòÉÔòÉÔòÉÔòÉÔòÉÔòÉÔòÉÔòÉÔòÉÔòÉÔòÉÔòÉÔòÉÔòÉÔòÉÔòÉÔòÉÔòÉÔòÉÔòÉÔòÉÔòÉÔòÉÔòÉÔòÉÔòÉÔòÉÔòÉÔòÉÔòÉÔòÉÔòÉÔòÉÔòÉÔòÉÔòÉÔòÉÔòÉÔòÉÔòÉÔòÉÔòÉÔòÉÔòÉÔòÉÔòÉÔòÉÔòù
    Ôòæ Looks like Playwright Test or Playwright was just installed or updated. Ôòæ
    Ôòæ Please run the following command to download new browsers:              Ôòæ
    Ôòæ                                                                         Ôòæ
    Ôòæ     npx playwright install                                              Ôòæ
    Ôòæ                                                                         Ôòæ
    Ôòæ <3 Playwright Team                                                      Ôòæ
    ÔòÜÔòÉÔòÉÔòÉÔòÉÔòÉÔòÉÔòÉÔòÉÔòÉÔòÉÔòÉÔòÉÔòÉÔòÉÔòÉÔòÉÔòÉÔòÉÔòÉÔòÉÔòÉÔòÉÔòÉÔòÉÔòÉÔòÉÔòÉÔòÉÔòÉÔòÉÔòÉÔòÉÔòÉÔòÉÔòÉÔòÉÔòÉÔòÉÔòÉÔòÉÔòÉÔòÉÔòÉÔòÉÔòÉÔòÉÔòÉÔòÉÔòÉÔòÉÔòÉÔòÉÔòÉÔòÉÔòÉÔòÉÔòÉÔòÉÔòÉÔòÉÔòÉÔòÉÔòÉÔòÉÔòÉÔòÉÔòÉÔòÉÔòÉÔòÉÔòÉÔòÉÔòÉÔòØ

  52) [firefox] ÔÇ║ e2e\app.spec.ts:116:5 ÔÇ║ AC-05: Command Palette ÔÇ║ opens with Ctrl+K ÔöÇÔöÇÔöÇÔöÇÔöÇÔöÇÔöÇÔöÇÔöÇÔöÇÔöÇÔöÇÔöÇÔöÇÔöÇ

    Error: browserType.launch: Executable doesn't exist at C:\Users\User\AppData\Local\ms-playwright\firefox-1509\firefox\firefox.exe
    ÔòöÔòÉÔòÉÔòÉÔòÉÔòÉÔòÉÔòÉÔòÉÔòÉÔòÉÔòÉÔòÉÔòÉÔòÉÔòÉÔòÉÔòÉÔòÉÔòÉÔòÉÔòÉÔòÉÔòÉÔòÉÔòÉÔòÉÔòÉÔòÉÔòÉÔòÉÔòÉÔòÉÔòÉÔòÉÔòÉÔòÉÔòÉÔòÉÔòÉÔòÉÔòÉÔòÉÔòÉÔòÉÔòÉÔòÉÔòÉÔòÉÔòÉÔòÉÔòÉÔòÉÔòÉÔòÉÔòÉÔòÉÔòÉÔòÉÔòÉÔòÉÔòÉÔòÉÔòÉÔòÉÔòÉÔòÉÔòÉÔòÉÔòÉÔòÉÔòÉÔòÉÔòÉÔòù
    Ôòæ Looks like Playwright Test or Playwright was just installed or updated. Ôòæ
    Ôòæ Please run the following command to download new browsers:              Ôòæ
    Ôòæ                                                                         Ôòæ
    Ôòæ     npx playwright install                                              Ôòæ
    Ôòæ                                                                         Ôòæ
    Ôòæ <3 Playwright Team                                                      Ôòæ
    ÔòÜÔòÉÔòÉÔòÉÔòÉÔòÉÔòÉÔòÉÔòÉÔòÉÔòÉÔòÉÔòÉÔòÉÔòÉÔòÉÔòÉÔòÉÔòÉÔòÉÔòÉÔòÉÔòÉÔòÉÔòÉÔòÉÔòÉÔòÉÔòÉÔòÉÔòÉÔòÉÔòÉÔòÉÔòÉÔòÉÔòÉÔòÉÔòÉÔòÉÔòÉÔòÉÔòÉÔòÉÔòÉÔòÉÔòÉÔòÉÔòÉÔòÉÔòÉÔòÉÔòÉÔòÉÔòÉÔòÉÔòÉÔòÉÔòÉÔòÉÔòÉÔòÉÔòÉÔòÉÔòÉÔòÉÔòÉÔòÉÔòÉÔòÉÔòÉÔòÉÔòÉÔòÉÔòØ

  53) [firefox] ÔÇ║ e2e\app.spec.ts:121:5 ÔÇ║ AC-05: Command Palette ÔÇ║ closes with Escape ÔöÇÔöÇÔöÇÔöÇÔöÇÔöÇÔöÇÔöÇÔöÇÔöÇÔöÇÔöÇÔöÇÔöÇ

    Error: browserType.launch: Executable doesn't exist at C:\Users\User\AppData\Local\ms-playwright\firefox-1509\firefox\firefox.exe
    ÔòöÔòÉÔòÉÔòÉÔòÉÔòÉÔòÉÔòÉÔòÉÔòÉÔòÉÔòÉÔòÉÔòÉÔòÉÔòÉÔòÉÔòÉÔòÉÔòÉÔòÉÔòÉÔòÉÔòÉÔòÉÔòÉÔòÉÔòÉÔòÉÔòÉÔòÉÔòÉÔòÉÔòÉÔòÉÔòÉÔòÉÔòÉÔòÉÔòÉÔòÉÔòÉÔòÉÔòÉÔòÉÔòÉÔòÉÔòÉÔòÉÔòÉÔòÉÔòÉÔòÉÔòÉÔòÉÔòÉÔòÉÔòÉÔòÉÔòÉÔòÉÔòÉÔòÉÔòÉÔòÉÔòÉÔòÉÔòÉÔòÉÔòÉÔòÉÔòÉÔòÉÔòÉÔòù
    Ôòæ Looks like Playwright Test or Playwright was just installed or updated. Ôòæ
    Ôòæ Please run the following command to download new browsers:              Ôòæ
    Ôòæ                                                                         Ôòæ
    Ôòæ     npx playwright install                                              Ôòæ
    Ôòæ                                                                         Ôòæ
    Ôòæ <3 Playwright Team                                                      Ôòæ
    ÔòÜÔòÉÔòÉÔòÉÔòÉÔòÉÔòÉÔòÉÔòÉÔòÉÔòÉÔòÉÔòÉÔòÉÔòÉÔòÉÔòÉÔòÉÔòÉÔòÉÔòÉÔòÉÔòÉÔòÉÔòÉÔòÉÔòÉÔòÉÔòÉÔòÉÔòÉÔòÉÔòÉÔòÉÔòÉÔòÉÔòÉÔòÉÔòÉÔòÉÔòÉÔòÉÔòÉÔòÉÔòÉÔòÉÔòÉÔòÉÔòÉÔòÉÔòÉÔòÉÔòÉÔòÉÔòÉÔòÉÔòÉÔòÉÔòÉÔòÉÔòÉÔòÉÔòÉÔòÉÔòÉÔòÉÔòÉÔòÉÔòÉÔòÉÔòÉÔòÉÔòÉÔòÉÔòØ

  54) [firefox] ÔÇ║ e2e\app.spec.ts:128:5 ÔÇ║ AC-05: Command Palette ÔÇ║ filters tweaks by search query ÔöÇÔöÇ

    Error: browserType.launch: Executable doesn't exist at C:\Users\User\AppData\Local\ms-playwright\firefox-1509\firefox\firefox.exe
    ÔòöÔòÉÔòÉÔòÉÔòÉÔòÉÔòÉÔòÉÔòÉÔòÉÔòÉÔòÉÔòÉÔòÉÔòÉÔòÉÔòÉÔòÉÔòÉÔòÉÔòÉÔòÉÔòÉÔòÉÔòÉÔòÉÔòÉÔòÉÔòÉÔòÉÔòÉÔòÉÔòÉÔòÉÔòÉÔòÉÔòÉÔòÉÔòÉÔòÉÔòÉÔòÉÔòÉÔòÉÔòÉÔòÉÔòÉÔòÉÔòÉÔòÉÔòÉÔòÉÔòÉÔòÉÔòÉÔòÉÔòÉÔòÉÔòÉÔòÉÔòÉÔòÉÔòÉÔòÉÔòÉÔòÉÔòÉÔòÉÔòÉÔòÉÔòÉÔòÉÔòÉÔòÉÔòù
    Ôòæ Looks like Playwright Test or Playwright was just installed or updated. Ôòæ
    Ôòæ Please run the following command to download new browsers:              Ôòæ
    Ôòæ                                                                         Ôòæ
    Ôòæ     npx playwright install                                              Ôòæ
    Ôòæ                                                                         Ôòæ
    Ôòæ <3 Playwright Team                                                      Ôòæ
    ÔòÜÔòÉÔòÉÔòÉÔòÉÔòÉÔòÉÔòÉÔòÉÔòÉÔòÉÔòÉÔòÉÔòÉÔòÉÔòÉÔòÉÔòÉÔòÉÔòÉÔòÉÔòÉÔòÉÔòÉÔòÉÔòÉÔòÉÔòÉÔòÉÔòÉÔòÉÔòÉÔòÉÔòÉÔòÉÔòÉÔòÉÔòÉÔòÉÔòÉÔòÉÔòÉÔòÉÔòÉÔòÉÔòÉÔòÉÔòÉÔòÉÔòÉÔòÉÔòÉÔòÉÔòÉÔòÉÔòÉÔòÉÔòÉÔòÉÔòÉÔòÉÔòÉÔòÉÔòÉÔòÉÔòÉÔòÉÔòÉÔòÉÔòÉÔòÉÔòÉÔòÉÔòÉÔòØ

  55) [firefox] ÔÇ║ e2e\app.spec.ts:134:5 ÔÇ║ AC-05: Command Palette ÔÇ║ shows empty state for unmatched query 

    Error: browserType.launch: Executable doesn't exist at C:\Users\User\AppData\Local\ms-playwright\firefox-1509\firefox\firefox.exe
    ÔòöÔòÉÔòÉÔòÉÔòÉÔòÉÔòÉÔòÉÔòÉÔòÉÔòÉÔòÉÔòÉÔòÉÔòÉÔòÉÔòÉÔòÉÔòÉÔòÉÔòÉÔòÉÔòÉÔòÉÔòÉÔòÉÔòÉÔòÉÔòÉÔòÉÔòÉÔòÉÔòÉÔòÉÔòÉÔòÉÔòÉÔòÉÔòÉÔòÉÔòÉÔòÉÔòÉÔòÉÔòÉÔòÉÔòÉÔòÉÔòÉÔòÉÔòÉÔòÉÔòÉÔòÉÔòÉÔòÉÔòÉÔòÉÔòÉÔòÉÔòÉÔòÉÔòÉÔòÉÔòÉÔòÉÔòÉÔòÉÔòÉÔòÉÔòÉÔòÉÔòÉÔòÉÔòù
    Ôòæ Looks like Playwright Test or Playwright was just installed or updated. Ôòæ
    Ôòæ Please run the following command to download new browsers:              Ôòæ
    Ôòæ                                                                         Ôòæ
    Ôòæ     npx playwright install                                              Ôòæ
    Ôòæ                                                                         Ôòæ
    Ôòæ <3 Playwright Team                                                      Ôòæ
    ÔòÜÔòÉÔòÉÔòÉÔòÉÔòÉÔòÉÔòÉÔòÉÔòÉÔòÉÔòÉÔòÉÔòÉÔòÉÔòÉÔòÉÔòÉÔòÉÔòÉÔòÉÔòÉÔòÉÔòÉÔòÉÔòÉÔòÉÔòÉÔòÉÔòÉÔòÉÔòÉÔòÉÔòÉÔòÉÔòÉÔòÉÔòÉÔòÉÔòÉÔòÉÔòÉÔòÉÔòÉÔòÉÔòÉÔòÉÔòÉÔòÉÔòÉÔòÉÔòÉÔòÉÔòÉÔòÉÔòÉÔòÉÔòÉÔòÉÔòÉÔòÉÔòÉÔòÉÔòÉÔòÉÔòÉÔòÉÔòÉÔòÉÔòÉÔòÉÔòÉÔòÉÔòÉÔòØ

  56) [firefox] ÔÇ║ e2e\app.spec.ts:140:5 ÔÇ║ AC-05: Command Palette ÔÇ║ groups results by category with section headers 

    Error: browserType.launch: Executable doesn't exist at C:\Users\User\AppData\Local\ms-playwright\firefox-1509\firefox\firefox.exe
    ÔòöÔòÉÔòÉÔòÉÔòÉÔòÉÔòÉÔòÉÔòÉÔòÉÔòÉÔòÉÔòÉÔòÉÔòÉÔòÉÔòÉÔòÉÔòÉÔòÉÔòÉÔòÉÔòÉÔòÉÔòÉÔòÉÔòÉÔòÉÔòÉÔòÉÔòÉÔòÉÔòÉÔòÉÔòÉÔòÉÔòÉÔòÉÔòÉÔòÉÔòÉÔòÉÔòÉÔòÉÔòÉÔòÉÔòÉÔòÉÔòÉÔòÉÔòÉÔòÉÔòÉÔòÉÔòÉÔòÉÔòÉÔòÉÔòÉÔòÉÔòÉÔòÉÔòÉÔòÉÔòÉÔòÉÔòÉÔòÉÔòÉÔòÉÔòÉÔòÉÔòÉÔòÉÔòù
    Ôòæ Looks like Playwright Test or Playwright was just installed or updated. Ôòæ
    Ôòæ Please run the following command to download new browsers:              Ôòæ
    Ôòæ                                                                         Ôòæ
    Ôòæ     npx playwright install                                              Ôòæ
    Ôòæ                                                                         Ôòæ
    Ôòæ <3 Playwright Team                                                      Ôòæ
    ÔòÜÔòÉÔòÉÔòÉÔòÉÔòÉÔòÉÔòÉÔòÉÔòÉÔòÉÔòÉÔòÉÔòÉÔòÉÔòÉÔòÉÔòÉÔòÉÔòÉÔòÉÔòÉÔòÉÔòÉÔòÉÔòÉÔòÉÔòÉÔòÉÔòÉÔòÉÔòÉÔòÉÔòÉÔòÉÔòÉÔòÉÔòÉÔòÉÔòÉÔòÉÔòÉÔòÉÔòÉÔòÉÔòÉÔòÉÔòÉÔòÉÔòÉÔòÉÔòÉÔòÉÔòÉÔòÉÔòÉÔòÉÔòÉÔòÉÔòÉÔòÉÔòÉÔòÉÔòÉÔòÉÔòÉÔòÉÔòÉÔòÉÔòÉÔòÉÔòÉÔòÉÔòÉÔòØ

  57) [firefox] ÔÇ║ e2e\app.spec.ts:148:5 ÔÇ║ AC-05: Command Palette ÔÇ║ semantic synonym: 'lag' shows Network tweaks 

    Error: browserType.launch: Executable doesn't exist at C:\Users\User\AppData\Local\ms-playwright\firefox-1509\firefox\firefox.exe
    ÔòöÔòÉÔòÉÔòÉÔòÉÔòÉÔòÉÔòÉÔòÉÔòÉÔòÉÔòÉÔòÉÔòÉÔòÉÔòÉÔòÉÔòÉÔòÉÔòÉÔòÉÔòÉÔòÉÔòÉÔòÉÔòÉÔòÉÔòÉÔòÉÔòÉÔòÉÔòÉÔòÉÔòÉÔòÉÔòÉÔòÉÔòÉÔòÉÔòÉÔòÉÔòÉÔòÉÔòÉÔòÉÔòÉÔòÉÔòÉÔòÉÔòÉÔòÉÔòÉÔòÉÔòÉÔòÉÔòÉÔòÉÔòÉÔòÉÔòÉÔòÉÔòÉÔòÉÔòÉÔòÉÔòÉÔòÉÔòÉÔòÉÔòÉÔòÉÔòÉÔòÉÔòÉÔòù
    Ôòæ Looks like Playwright Test or Playwright was just installed or updated. Ôòæ
    Ôòæ Please run the following command to download new browsers:              Ôòæ
    Ôòæ                                                                         Ôòæ
    Ôòæ     npx playwright install                                              Ôòæ
    Ôòæ                                                                         Ôòæ
    Ôòæ <3 Playwright Team                                                      Ôòæ
    ÔòÜÔòÉÔòÉÔòÉÔòÉÔòÉÔòÉÔòÉÔòÉÔòÉÔòÉÔòÉÔòÉÔòÉÔòÉÔòÉÔòÉÔòÉÔòÉÔòÉÔòÉÔòÉÔòÉÔòÉÔòÉÔòÉÔòÉÔòÉÔòÉÔòÉÔòÉÔòÉÔòÉÔòÉÔòÉÔòÉÔòÉÔòÉÔòÉÔòÉÔòÉÔòÉÔòÉÔòÉÔòÉÔòÉÔòÉÔòÉÔòÉÔòÉÔòÉÔòÉÔòÉÔòÉÔòÉÔòÉÔòÉÔòÉÔòÉÔòÉÔòÉÔòÉÔòÉÔòÉÔòÉÔòÉÔòÉÔòÉÔòÉÔòÉÔòÉÔòÉÔòÉÔòÉÔòØ

  58) [firefox] ÔÇ║ e2e\app.spec.ts:162:5 ÔÇ║ AC-13: Dashboard ÔÇö System Vitals ÔÇ║ shows Live Telemetry status indicator 

    Error: browserType.launch: Executable doesn't exist at C:\Users\User\AppData\Local\ms-playwright\firefox-1509\firefox\firefox.exe
    ÔòöÔòÉÔòÉÔòÉÔòÉÔòÉÔòÉÔòÉÔòÉÔòÉÔòÉÔòÉÔòÉÔòÉÔòÉÔòÉÔòÉÔòÉÔòÉÔòÉÔòÉÔòÉÔòÉÔòÉÔòÉÔòÉÔòÉÔòÉÔòÉÔòÉÔòÉÔòÉÔòÉÔòÉÔòÉÔòÉÔòÉÔòÉÔòÉÔòÉÔòÉÔòÉÔòÉÔòÉÔòÉÔòÉÔòÉÔòÉÔòÉÔòÉÔòÉÔòÉÔòÉÔòÉÔòÉÔòÉÔòÉÔòÉÔòÉÔòÉÔòÉÔòÉÔòÉÔòÉÔòÉÔòÉÔòÉÔòÉÔòÉÔòÉÔòÉÔòÉÔòÉÔòÉÔòù
    Ôòæ Looks like Playwright Test or Playwright was just installed or updated. Ôòæ
    Ôòæ Please run the following command to download new browsers:              Ôòæ
    Ôòæ                                                                         Ôòæ
    Ôòæ     npx playwright install                                              Ôòæ
    Ôòæ                                                                         Ôòæ
    Ôòæ <3 Playwright Team                                                      Ôòæ
    ÔòÜÔòÉÔòÉÔòÉÔòÉÔòÉÔòÉÔòÉÔòÉÔòÉÔòÉÔòÉÔòÉÔòÉÔòÉÔòÉÔòÉÔòÉÔòÉÔòÉÔòÉÔòÉÔòÉÔòÉÔòÉÔòÉÔòÉÔòÉÔòÉÔòÉÔòÉÔòÉÔòÉÔòÉÔòÉÔòÉÔòÉÔòÉÔòÉÔòÉÔòÉÔòÉÔòÉÔòÉÔòÉÔòÉÔòÉÔòÉÔòÉÔòÉÔòÉÔòÉÔòÉÔòÉÔòÉÔòÉÔòÉÔòÉÔòÉÔòÉÔòÉÔòÉÔòÉÔòÉÔòÉÔòÉÔòÉÔòÉÔòÉÔòÉÔòÉÔòÉÔòÉÔòÉÔòØ

  59) [firefox] ÔÇ║ e2e\app.spec.ts:169:5 ÔÇ║ AC-13: Dashboard ÔÇö System Vitals ÔÇ║ displays System Health Score widget 

    Error: browserType.launch: Executable doesn't exist at C:\Users\User\AppData\Local\ms-playwright\firefox-1509\firefox\firefox.exe
    ÔòöÔòÉÔòÉÔòÉÔòÉÔòÉÔòÉÔòÉÔòÉÔòÉÔòÉÔòÉÔòÉÔòÉÔòÉÔòÉÔòÉÔòÉÔòÉÔòÉÔòÉÔòÉÔòÉÔòÉÔòÉÔòÉÔòÉÔòÉÔòÉÔòÉÔòÉÔòÉÔòÉÔòÉÔòÉÔòÉÔòÉÔòÉÔòÉÔòÉÔòÉÔòÉÔòÉÔòÉÔòÉÔòÉÔòÉÔòÉÔòÉÔòÉÔòÉÔòÉÔòÉÔòÉÔòÉÔòÉÔòÉÔòÉÔòÉÔòÉÔòÉÔòÉÔòÉÔòÉÔòÉÔòÉÔòÉÔòÉÔòÉÔòÉÔòÉÔòÉÔòÉÔòÉÔòù
    Ôòæ Looks like Playwright Test or Playwright was just installed or updated. Ôòæ
    Ôòæ Please run the following command to download new browsers:              Ôòæ
    Ôòæ                                                                         Ôòæ
    Ôòæ     npx playwright install                                              Ôòæ
    Ôòæ                                                                         Ôòæ
    Ôòæ <3 Playwright Team                                                      Ôòæ
    ÔòÜÔòÉÔòÉÔòÉÔòÉÔòÉÔòÉÔòÉÔòÉÔòÉÔòÉÔòÉÔòÉÔòÉÔòÉÔòÉÔòÉÔòÉÔòÉÔòÉÔòÉÔòÉÔòÉÔòÉÔòÉÔòÉÔòÉÔòÉÔòÉÔòÉÔòÉÔòÉÔòÉÔòÉÔòÉÔòÉÔòÉÔòÉÔòÉÔòÉÔòÉÔòÉÔòÉÔòÉÔòÉÔòÉÔòÉÔòÉÔòÉÔòÉÔòÉÔòÉÔòÉÔòÉÔòÉÔòÉÔòÉÔòÉÔòÉÔòÉÔòÉÔòÉÔòÉÔòÉÔòÉÔòÉÔòÉÔòÉÔòÉÔòÉÔòÉÔòÉÔòÉÔòÉÔòØ

  60) [firefox] ÔÇ║ e2e\app.spec.ts:174:5 ÔÇ║ AC-13: Dashboard ÔÇö System Vitals ÔÇ║ shows CPU card with temperature or loading placeholder 

    Error: browserType.launch: Executable doesn't exist at C:\Users\User\AppData\Local\ms-playwright\firefox-1509\firefox\firefox.exe
    ÔòöÔòÉÔòÉÔòÉÔòÉÔòÉÔòÉÔòÉÔòÉÔòÉÔòÉÔòÉÔòÉÔòÉÔòÉÔòÉÔòÉÔòÉÔòÉÔòÉÔòÉÔòÉÔòÉÔòÉÔòÉÔòÉÔòÉÔòÉÔòÉÔòÉÔòÉÔòÉÔòÉÔòÉÔòÉÔòÉÔòÉÔòÉÔòÉÔòÉÔòÉÔòÉÔòÉÔòÉÔòÉÔòÉÔòÉÔòÉÔòÉÔòÉÔòÉÔòÉÔòÉÔòÉÔòÉÔòÉÔòÉÔòÉÔòÉÔòÉÔòÉÔòÉÔòÉÔòÉÔòÉÔòÉÔòÉÔòÉÔòÉÔòÉÔòÉÔòÉÔòÉÔòÉÔòù
    Ôòæ Looks like Playwright Test or Playwright was just installed or updated. Ôòæ
    Ôòæ Please run the following command to download new browsers:              Ôòæ
    Ôòæ                                                                         Ôòæ
    Ôòæ     npx playwright install                                              Ôòæ
    Ôòæ                                                                         Ôòæ
    Ôòæ <3 Playwright Team                                                      Ôòæ
    ÔòÜÔòÉÔòÉÔòÉÔòÉÔòÉÔòÉÔòÉÔòÉÔòÉÔòÉÔòÉÔòÉÔòÉÔòÉÔòÉÔòÉÔòÉÔòÉÔòÉÔòÉÔòÉÔòÉÔòÉÔòÉÔòÉÔòÉÔòÉÔòÉÔòÉÔòÉÔòÉÔòÉÔòÉÔòÉÔòÉÔòÉÔòÉÔòÉÔòÉÔòÉÔòÉÔòÉÔòÉÔòÉÔòÉÔòÉÔòÉÔòÉÔòÉÔòÉÔòÉÔòÉÔòÉÔòÉÔòÉÔòÉÔòÉÔòÉÔòÉÔòÉÔòÉÔòÉÔòÉÔòÉÔòÉÔòÉÔòÉÔòÉÔòÉÔòÉÔòÉÔòÉÔòÉÔòØ

  61) [firefox] ÔÇ║ e2e\app.spec.ts:178:5 ÔÇ║ AC-13: Dashboard ÔÇö System Vitals ÔÇ║ shows RAM card with usage percentage 

    Error: browserType.launch: Executable doesn't exist at C:\Users\User\AppData\Local\ms-playwright\firefox-1509\firefox\firefox.exe
    ÔòöÔòÉÔòÉÔòÉÔòÉÔòÉÔòÉÔòÉÔòÉÔòÉÔòÉÔòÉÔòÉÔòÉÔòÉÔòÉÔòÉÔòÉÔòÉÔòÉÔòÉÔòÉÔòÉÔòÉÔòÉÔòÉÔòÉÔòÉÔòÉÔòÉÔòÉÔòÉÔòÉÔòÉÔòÉÔòÉÔòÉÔòÉÔòÉÔòÉÔòÉÔòÉÔòÉÔòÉÔòÉÔòÉÔòÉÔòÉÔòÉÔòÉÔòÉÔòÉÔòÉÔòÉÔòÉÔòÉÔòÉÔòÉÔòÉÔòÉÔòÉÔòÉÔòÉÔòÉÔòÉÔòÉÔòÉÔòÉÔòÉÔòÉÔòÉÔòÉÔòÉÔòÉÔòù
    Ôòæ Looks like Playwright Test or Playwright was just installed or updated. Ôòæ
    Ôòæ Please run the following command to download new browsers:              Ôòæ
    Ôòæ                                                                         Ôòæ
    Ôòæ     npx playwright install                                              Ôòæ
    Ôòæ                                                                         Ôòæ
    Ôòæ <3 Playwright Team                                                      Ôòæ
    ÔòÜÔòÉÔòÉÔòÉÔòÉÔòÉÔòÉÔòÉÔòÉÔòÉÔòÉÔòÉÔòÉÔòÉÔòÉÔòÉÔòÉÔòÉÔòÉÔòÉÔòÉÔòÉÔòÉÔòÉÔòÉÔòÉÔòÉÔòÉÔòÉÔòÉÔòÉÔòÉÔòÉÔòÉÔòÉÔòÉÔòÉÔòÉÔòÉÔòÉÔòÉÔòÉÔòÉÔòÉÔòÉÔòÉÔòÉÔòÉÔòÉÔòÉÔòÉÔòÉÔòÉÔòÉÔòÉÔòÉÔòÉÔòÉÔòÉÔòÉÔòÉÔòÉÔòÉÔòÉÔòÉÔòÉÔòÉÔòÉÔòÉÔòÉÔòÉÔòÉÔòÉÔòÉÔòØ

  62) [firefox] ÔÇ║ e2e\app.spec.ts:182:5 ÔÇ║ AC-13: Dashboard ÔÇö System Vitals ÔÇ║ shows Primary Drive card 

    Error: browserType.launch: Executable doesn't exist at C:\Users\User\AppData\Local\ms-playwright\firefox-1509\firefox\firefox.exe
    ÔòöÔòÉÔòÉÔòÉÔòÉÔòÉÔòÉÔòÉÔòÉÔòÉÔòÉÔòÉÔòÉÔòÉÔòÉÔòÉÔòÉÔòÉÔòÉÔòÉÔòÉÔòÉÔòÉÔòÉÔòÉÔòÉÔòÉÔòÉÔòÉÔòÉÔòÉÔòÉÔòÉÔòÉÔòÉÔòÉÔòÉÔòÉÔòÉÔòÉÔòÉÔòÉÔòÉÔòÉÔòÉÔòÉÔòÉÔòÉÔòÉÔòÉÔòÉÔòÉÔòÉÔòÉÔòÉÔòÉÔòÉÔòÉÔòÉÔòÉÔòÉÔòÉÔòÉÔòÉÔòÉÔòÉÔòÉÔòÉÔòÉÔòÉÔòÉÔòÉÔòÉÔòÉÔòù
    Ôòæ Looks like Playwright Test or Playwright was just installed or updated. Ôòæ
    Ôòæ Please run the following command to download new browsers:              Ôòæ
    Ôòæ                                                                         Ôòæ
    Ôòæ     npx playwright install                                              Ôòæ
    Ôòæ                                                                         Ôòæ
    Ôòæ <3 Playwright Team                                                      Ôòæ
    ÔòÜÔòÉÔòÉÔòÉÔòÉÔòÉÔòÉÔòÉÔòÉÔòÉÔòÉÔòÉÔòÉÔòÉÔòÉÔòÉÔòÉÔòÉÔòÉÔòÉÔòÉÔòÉÔòÉÔòÉÔòÉÔòÉÔòÉÔòÉÔòÉÔòÉÔòÉÔòÉÔòÉÔòÉÔòÉÔòÉÔòÉÔòÉÔòÉÔòÉÔòÉÔòÉÔòÉÔòÉÔòÉÔòÉÔòÉÔòÉÔòÉÔòÉÔòÉÔòÉÔòÉÔòÉÔòÉÔòÉÔòÉÔòÉÔòÉÔòÉÔòÉÔòÉÔòÉÔòÉÔòÉÔòÉÔòÉÔòÉÔòÉÔòÉÔòÉÔòÉÔòÉÔòÉÔòØ

  63) [firefox] ÔÇ║ e2e\app.spec.ts:186:5 ÔÇ║ AC-13: Dashboard ÔÇö System Vitals ÔÇ║ shows Network Adapter card 

    Error: browserType.launch: Executable doesn't exist at C:\Users\User\AppData\Local\ms-playwright\firefox-1509\firefox\firefox.exe
    ÔòöÔòÉÔòÉÔòÉÔòÉÔòÉÔòÉÔòÉÔòÉÔòÉÔòÉÔòÉÔòÉÔòÉÔòÉÔòÉÔòÉÔòÉÔòÉÔòÉÔòÉÔòÉÔòÉÔòÉÔòÉÔòÉÔòÉÔòÉÔòÉÔòÉÔòÉÔòÉÔòÉÔòÉÔòÉÔòÉÔòÉÔòÉÔòÉÔòÉÔòÉÔòÉÔòÉÔòÉÔòÉÔòÉÔòÉÔòÉÔòÉÔòÉÔòÉÔòÉÔòÉÔòÉÔòÉÔòÉÔòÉÔòÉÔòÉÔòÉÔòÉÔòÉÔòÉÔòÉÔòÉÔòÉÔòÉÔòÉÔòÉÔòÉÔòÉÔòÉÔòÉÔòÉÔòù
    Ôòæ Looks like Playwright Test or Playwright was just installed or updated. Ôòæ
    Ôòæ Please run the following command to download new browsers:              Ôòæ
    Ôòæ                                                                         Ôòæ
    Ôòæ     npx playwright install                                              Ôòæ
    Ôòæ                                                                         Ôòæ
    Ôòæ <3 Playwright Team                                                      Ôòæ
    ÔòÜÔòÉÔòÉÔòÉÔòÉÔòÉÔòÉÔòÉÔòÉÔòÉÔòÉÔòÉÔòÉÔòÉÔòÉÔòÉÔòÉÔòÉÔòÉÔòÉÔòÉÔòÉÔòÉÔòÉÔòÉÔòÉÔòÉÔòÉÔòÉÔòÉÔòÉÔòÉÔòÉÔòÉÔòÉÔòÉÔòÉÔòÉÔòÉÔòÉÔòÉÔòÉÔòÉÔòÉÔòÉÔòÉÔòÉÔòÉÔòÉÔòÉÔòÉÔòÉÔòÉÔòÉÔòÉÔòÉÔòÉÔòÉÔòÉÔòÉÔòÉÔòÉÔòÉÔòÉÔòÉÔòÉÔòÉÔòÉÔòÉÔòÉÔòÉÔòÉÔòÉÔòÉÔòØ

  64) [firefox] ÔÇ║ e2e\app.spec.ts:190:5 ÔÇ║ AC-13: Dashboard ÔÇö System Vitals ÔÇ║ displays OS version text 

    Error: browserType.launch: Executable doesn't exist at C:\Users\User\AppData\Local\ms-playwright\firefox-1509\firefox\firefox.exe
    ÔòöÔòÉÔòÉÔòÉÔòÉÔòÉÔòÉÔòÉÔòÉÔòÉÔòÉÔòÉÔòÉÔòÉÔòÉÔòÉÔòÉÔòÉÔòÉÔòÉÔòÉÔòÉÔòÉÔòÉÔòÉÔòÉÔòÉÔòÉÔòÉÔòÉÔòÉÔòÉÔòÉÔòÉÔòÉÔòÉÔòÉÔòÉÔòÉÔòÉÔòÉÔòÉÔòÉÔòÉÔòÉÔòÉÔòÉÔòÉÔòÉÔòÉÔòÉÔòÉÔòÉÔòÉÔòÉÔòÉÔòÉÔòÉÔòÉÔòÉÔòÉÔòÉÔòÉÔòÉÔòÉÔòÉÔòÉÔòÉÔòÉÔòÉÔòÉÔòÉÔòÉÔòÉÔòù
    Ôòæ Looks like Playwright Test or Playwright was just installed or updated. Ôòæ
    Ôòæ Please run the following command to download new browsers:              Ôòæ
    Ôòæ                                                                         Ôòæ
    Ôòæ     npx playwright install                                              Ôòæ
    Ôòæ                                                                         Ôòæ
    Ôòæ <3 Playwright Team                                                      Ôòæ
    ÔòÜÔòÉÔòÉÔòÉÔòÉÔòÉÔòÉÔòÉÔòÉÔòÉÔòÉÔòÉÔòÉÔòÉÔòÉÔòÉÔòÉÔòÉÔòÉÔòÉÔòÉÔòÉÔòÉÔòÉÔòÉÔòÉÔòÉÔòÉÔòÉÔòÉÔòÉÔòÉÔòÉÔòÉÔòÉÔòÉÔòÉÔòÉÔòÉÔòÉÔòÉÔòÉÔòÉÔòÉÔòÉÔòÉÔòÉÔòÉÔòÉÔòÉÔòÉÔòÉÔòÉÔòÉÔòÉÔòÉÔòÉÔòÉÔòÉÔòÉÔòÉÔòÉÔòÉÔòÉÔòÉÔòÉÔòÉÔòÉÔòÉÔòÉÔòÉÔòÉÔòÉÔòÉÔòØ

  65) [firefox] ÔÇ║ e2e\app.spec.ts:197:5 ÔÇ║ AC-13: Dashboard ÔÇö System Vitals ÔÇ║ Quick Scan button visible 

    Error: browserType.launch: Executable doesn't exist at C:\Users\User\AppData\Local\ms-playwright\firefox-1509\firefox\firefox.exe
    ÔòöÔòÉÔòÉÔòÉÔòÉÔòÉÔòÉÔòÉÔòÉÔòÉÔòÉÔòÉÔòÉÔòÉÔòÉÔòÉÔòÉÔòÉÔòÉÔòÉÔòÉÔòÉÔòÉÔòÉÔòÉÔòÉÔòÉÔòÉÔòÉÔòÉÔòÉÔòÉÔòÉÔòÉÔòÉÔòÉÔòÉÔòÉÔòÉÔòÉÔòÉÔòÉÔòÉÔòÉÔòÉÔòÉÔòÉÔòÉÔòÉÔòÉÔòÉÔòÉÔòÉÔòÉÔòÉÔòÉÔòÉÔòÉÔòÉÔòÉÔòÉÔòÉÔòÉÔòÉÔòÉÔòÉÔòÉÔòÉÔòÉÔòÉÔòÉÔòÉÔòÉÔòÉÔòù
    Ôòæ Looks like Playwright Test or Playwright was just installed or updated. Ôòæ
    Ôòæ Please run the following command to download new browsers:              Ôòæ
    Ôòæ                                                                         Ôòæ
    Ôòæ     npx playwright install                                              Ôòæ
    Ôòæ                                                                         Ôòæ
    Ôòæ <3 Playwright Team                                                      Ôòæ
    ÔòÜÔòÉÔòÉÔòÉÔòÉÔòÉÔòÉÔòÉÔòÉÔòÉÔòÉÔòÉÔòÉÔòÉÔòÉÔòÉÔòÉÔòÉÔòÉÔòÉÔòÉÔòÉÔòÉÔòÉÔòÉÔòÉÔòÉÔòÉÔòÉÔòÉÔòÉÔòÉÔòÉÔòÉÔòÉÔòÉÔòÉÔòÉÔòÉÔòÉÔòÉÔòÉÔòÉÔòÉÔòÉÔòÉÔòÉÔòÉÔòÉÔòÉÔòÉÔòÉÔòÉÔòÉÔòÉÔòÉÔòÉÔòÉÔòÉÔòÉÔòÉÔòÉÔòÉÔòÉÔòÉÔòÉÔòÉÔòÉÔòÉÔòÉÔòÉÔòÉÔòÉÔòÉÔòØ

  66) [firefox] ÔÇ║ e2e\app.spec.ts:203:5 ÔÇ║ AC-13: Dashboard ÔÇö System Vitals ÔÇ║ health score badge displays tier text 

    Error: browserType.launch: Executable doesn't exist at C:\Users\User\AppData\Local\ms-playwright\firefox-1509\firefox\firefox.exe
    ÔòöÔòÉÔòÉÔòÉÔòÉÔòÉÔòÉÔòÉÔòÉÔòÉÔòÉÔòÉÔòÉÔòÉÔòÉÔòÉÔòÉÔòÉÔòÉÔòÉÔòÉÔòÉÔòÉÔòÉÔòÉÔòÉÔòÉÔòÉÔòÉÔòÉÔòÉÔòÉÔòÉÔòÉÔòÉÔòÉÔòÉÔòÉÔòÉÔòÉÔòÉÔòÉÔòÉÔòÉÔòÉÔòÉÔòÉÔòÉÔòÉÔòÉÔòÉÔòÉÔòÉÔòÉÔòÉÔòÉÔòÉÔòÉÔòÉÔòÉÔòÉÔòÉÔòÉÔòÉÔòÉÔòÉÔòÉÔòÉÔòÉÔòÉÔòÉÔòÉÔòÉÔòÉÔòù
    Ôòæ Looks like Playwright Test or Playwright was just installed or updated. Ôòæ
    Ôòæ Please run the following command to download new browsers:              Ôòæ
    Ôòæ                                                                         Ôòæ
    Ôòæ     npx playwright install                                              Ôòæ
    Ôòæ                                                                         Ôòæ
    Ôòæ <3 Playwright Team                                                      Ôòæ
    ÔòÜÔòÉÔòÉÔòÉÔòÉÔòÉÔòÉÔòÉÔòÉÔòÉÔòÉÔòÉÔòÉÔòÉÔòÉÔòÉÔòÉÔòÉÔòÉÔòÉÔòÉÔòÉÔòÉÔòÉÔòÉÔòÉÔòÉÔòÉÔòÉÔòÉÔòÉÔòÉÔòÉÔòÉÔòÉÔòÉÔòÉÔòÉÔòÉÔòÉÔòÉÔòÉÔòÉÔòÉÔòÉÔòÉÔòÉÔòÉÔòÉÔòÉÔòÉÔòÉÔòÉÔòÉÔòÉÔòÉÔòÉÔòÉÔòÉÔòÉÔòÉÔòÉÔòÉÔòÉÔòÉÔòÉÔòÉÔòÉÔòÉÔòÉÔòÉÔòÉÔòÉÔòÉÔòØ

  67) [firefox] ÔÇ║ e2e\app.spec.ts:217:5 ÔÇ║ AC-07: Dashboard Alert Banner ÔÇ║ privacy alert banner is visible on dashboard 

    Error: browserType.launch: Executable doesn't exist at C:\Users\User\AppData\Local\ms-playwright\firefox-1509\firefox\firefox.exe
    ÔòöÔòÉÔòÉÔòÉÔòÉÔòÉÔòÉÔòÉÔòÉÔòÉÔòÉÔòÉÔòÉÔòÉÔòÉÔòÉÔòÉÔòÉÔòÉÔòÉÔòÉÔòÉÔòÉÔòÉÔòÉÔòÉÔòÉÔòÉÔòÉÔòÉÔòÉÔòÉÔòÉÔòÉÔòÉÔòÉÔòÉÔòÉÔòÉÔòÉÔòÉÔòÉÔòÉÔòÉÔòÉÔòÉÔòÉÔòÉÔòÉÔòÉÔòÉÔòÉÔòÉÔòÉÔòÉÔòÉÔòÉÔòÉÔòÉÔòÉÔòÉÔòÉÔòÉÔòÉÔòÉÔòÉÔòÉÔòÉÔòÉÔòÉÔòÉÔòÉÔòÉÔòÉÔòù
    Ôòæ Looks like Playwright Test or Playwright was just installed or updated. Ôòæ
    Ôòæ Please run the following command to download new browsers:              Ôòæ
    Ôòæ                                                                         Ôòæ
    Ôòæ     npx playwright install                                              Ôòæ
    Ôòæ                                                                         Ôòæ
    Ôòæ <3 Playwright Team                                                      Ôòæ
    ÔòÜÔòÉÔòÉÔòÉÔòÉÔòÉÔòÉÔòÉÔòÉÔòÉÔòÉÔòÉÔòÉÔòÉÔòÉÔòÉÔòÉÔòÉÔòÉÔòÉÔòÉÔòÉÔòÉÔòÉÔòÉÔòÉÔòÉÔòÉÔòÉÔòÉÔòÉÔòÉÔòÉÔòÉÔòÉÔòÉÔòÉÔòÉÔòÉÔòÉÔòÉÔòÉÔòÉÔòÉÔòÉÔòÉÔòÉÔòÉÔòÉÔòÉÔòÉÔòÉÔòÉÔòÉÔòÉÔòÉÔòÉÔòÉÔòÉÔòÉÔòÉÔòÉÔòÉÔòÉÔòÉÔòÉÔòÉÔòÉÔòÉÔòÉÔòÉÔòÉÔòÉÔòÉÔòØ

  68) [firefox] ÔÇ║ e2e\app.spec.ts:223:5 ÔÇ║ AC-07: Dashboard Alert Banner ÔÇ║ clicking banner navigates to privacy page 

    Error: browserType.launch: Executable doesn't exist at C:\Users\User\AppData\Local\ms-playwright\firefox-1509\firefox\firefox.exe
    ÔòöÔòÉÔòÉÔòÉÔòÉÔòÉÔòÉÔòÉÔòÉÔòÉÔòÉÔòÉÔòÉÔòÉÔòÉÔòÉÔòÉÔòÉÔòÉÔòÉÔòÉÔòÉÔòÉÔòÉÔòÉÔòÉÔòÉÔòÉÔòÉÔòÉÔòÉÔòÉÔòÉÔòÉÔòÉÔòÉÔòÉÔòÉÔòÉÔòÉÔòÉÔòÉÔòÉÔòÉÔòÉÔòÉÔòÉÔòÉÔòÉÔòÉÔòÉÔòÉÔòÉÔòÉÔòÉÔòÉÔòÉÔòÉÔòÉÔòÉÔòÉÔòÉÔòÉÔòÉÔòÉÔòÉÔòÉÔòÉÔòÉÔòÉÔòÉÔòÉÔòÉÔòÉÔòù
    Ôòæ Looks like Playwright Test or Playwright was just installed or updated. Ôòæ
    Ôòæ Please run the following command to download new browsers:              Ôòæ
    Ôòæ                                                                         Ôòæ
    Ôòæ     npx playwright install                                              Ôòæ
    Ôòæ                                                                         Ôòæ
    Ôòæ <3 Playwright Team                                                      Ôòæ
    ÔòÜÔòÉÔòÉÔòÉÔòÉÔòÉÔòÉÔòÉÔòÉÔòÉÔòÉÔòÉÔòÉÔòÉÔòÉÔòÉÔòÉÔòÉÔòÉÔòÉÔòÉÔòÉÔòÉÔòÉÔòÉÔòÉÔòÉÔòÉÔòÉÔòÉÔòÉÔòÉÔòÉÔòÉÔòÉÔòÉÔòÉÔòÉÔòÉÔòÉÔòÉÔòÉÔòÉÔòÉÔòÉÔòÉÔòÉÔòÉÔòÉÔòÉÔòÉÔòÉÔòÉÔòÉÔòÉÔòÉÔòÉÔòÉÔòÉÔòÉÔòÉÔòÉÔòÉÔòÉÔòÉÔòÉÔòÉÔòÉÔòÉÔòÉÔòÉÔòÉÔòÉÔòÉÔòØ

  69) [firefox] ÔÇ║ e2e\app.spec.ts:240:5 ÔÇ║ AC-02: Risk Filter Chips ÔÇ║ shows All, Green, Yellow filter chips with counts 

    Error: browserType.launch: Executable doesn't exist at C:\Users\User\AppData\Local\ms-playwright\firefox-1509\firefox\firefox.exe
    ÔòöÔòÉÔòÉÔòÉÔòÉÔòÉÔòÉÔòÉÔòÉÔòÉÔòÉÔòÉÔòÉÔòÉÔòÉÔòÉÔòÉÔòÉÔòÉÔòÉÔòÉÔòÉÔòÉÔòÉÔòÉÔòÉÔòÉÔòÉÔòÉÔòÉÔòÉÔòÉÔòÉÔòÉÔòÉÔòÉÔòÉÔòÉÔòÉÔòÉÔòÉÔòÉÔòÉÔòÉÔòÉÔòÉÔòÉÔòÉÔòÉÔòÉÔòÉÔòÉÔòÉÔòÉÔòÉÔòÉÔòÉÔòÉÔòÉÔòÉÔòÉÔòÉÔòÉÔòÉÔòÉÔòÉÔòÉÔòÉÔòÉÔòÉÔòÉÔòÉÔòÉÔòÉÔòù
    Ôòæ Looks like Playwright Test or Playwright was just installed or updated. Ôòæ
    Ôòæ Please run the following command to download new browsers:              Ôòæ
    Ôòæ                                                                         Ôòæ
    Ôòæ     npx playwright install                                              Ôòæ
    Ôòæ                                                                         Ôòæ
    Ôòæ <3 Playwright Team                                                      Ôòæ
    ÔòÜÔòÉÔòÉÔòÉÔòÉÔòÉÔòÉÔòÉÔòÉÔòÉÔòÉÔòÉÔòÉÔòÉÔòÉÔòÉÔòÉÔòÉÔòÉÔòÉÔòÉÔòÉÔòÉÔòÉÔòÉÔòÉÔòÉÔòÉÔòÉÔòÉÔòÉÔòÉÔòÉÔòÉÔòÉÔòÉÔòÉÔòÉÔòÉÔòÉÔòÉÔòÉÔòÉÔòÉÔòÉÔòÉÔòÉÔòÉÔòÉÔòÉÔòÉÔòÉÔòÉÔòÉÔòÉÔòÉÔòÉÔòÉÔòÉÔòÉÔòÉÔòÉÔòÉÔòÉÔòÉÔòÉÔòÉÔòÉÔòÉÔòÉÔòÉÔòÉÔòÉÔòÉÔòØ

  70) [firefox] ÔÇ║ e2e\app.spec.ts:246:5 ÔÇ║ AC-02: Risk Filter Chips ÔÇ║ filtering by Green shows only green tweaks 

    Error: browserType.launch: Executable doesn't exist at C:\Users\User\AppData\Local\ms-playwright\firefox-1509\firefox\firefox.exe
    ÔòöÔòÉÔòÉÔòÉÔòÉÔòÉÔòÉÔòÉÔòÉÔòÉÔòÉÔòÉÔòÉÔòÉÔòÉÔòÉÔòÉÔòÉÔòÉÔòÉÔòÉÔòÉÔòÉÔòÉÔòÉÔòÉÔòÉÔòÉÔòÉÔòÉÔòÉÔòÉÔòÉÔòÉÔòÉÔòÉÔòÉÔòÉÔòÉÔòÉÔòÉÔòÉÔòÉÔòÉÔòÉÔòÉÔòÉÔòÉÔòÉÔòÉÔòÉÔòÉÔòÉÔòÉÔòÉÔòÉÔòÉÔòÉÔòÉÔòÉÔòÉÔòÉÔòÉÔòÉÔòÉÔòÉÔòÉÔòÉÔòÉÔòÉÔòÉÔòÉÔòÉÔòÉÔòù
    Ôòæ Looks like Playwright Test or Playwright was just installed or updated. Ôòæ
    Ôòæ Please run the following command to download new browsers:              Ôòæ
    Ôòæ                                                                         Ôòæ
    Ôòæ     npx playwright install                                              Ôòæ
    Ôòæ                                                                         Ôòæ
    Ôòæ <3 Playwright Team                                                      Ôòæ
    ÔòÜÔòÉÔòÉÔòÉÔòÉÔòÉÔòÉÔòÉÔòÉÔòÉÔòÉÔòÉÔòÉÔòÉÔòÉÔòÉÔòÉÔòÉÔòÉÔòÉÔòÉÔòÉÔòÉÔòÉÔòÉÔòÉÔòÉÔòÉÔòÉÔòÉÔòÉÔòÉÔòÉÔòÉÔòÉÔòÉÔòÉÔòÉÔòÉÔòÉÔòÉÔòÉÔòÉÔòÉÔòÉÔòÉÔòÉÔòÉÔòÉÔòÉÔòÉÔòÉÔòÉÔòÉÔòÉÔòÉÔòÉÔòÉÔòÉÔòÉÔòÉÔòÉÔòÉÔòÉÔòÉÔòÉÔòÉÔòÉÔòÉÔòÉÔòÉÔòÉÔòÉÔòÉÔòØ

  71) [firefox] ÔÇ║ e2e\app.spec.ts:255:5 ÔÇ║ AC-02: Risk Filter Chips ÔÇ║ filtering with zero results shows empty state 

    Error: browserType.launch: Executable doesn't exist at C:\Users\User\AppData\Local\ms-playwright\firefox-1509\firefox\firefox.exe
    ÔòöÔòÉÔòÉÔòÉÔòÉÔòÉÔòÉÔòÉÔòÉÔòÉÔòÉÔòÉÔòÉÔòÉÔòÉÔòÉÔòÉÔòÉÔòÉÔòÉÔòÉÔòÉÔòÉÔòÉÔòÉÔòÉÔòÉÔòÉÔòÉÔòÉÔòÉÔòÉÔòÉÔòÉÔòÉÔòÉÔòÉÔòÉÔòÉÔòÉÔòÉÔòÉÔòÉÔòÉÔòÉÔòÉÔòÉÔòÉÔòÉÔòÉÔòÉÔòÉÔòÉÔòÉÔòÉÔòÉÔòÉÔòÉÔòÉÔòÉÔòÉÔòÉÔòÉÔòÉÔòÉÔòÉÔòÉÔòÉÔòÉÔòÉÔòÉÔòÉÔòÉÔòÉÔòù
    Ôòæ Looks like Playwright Test or Playwright was just installed or updated. Ôòæ
    Ôòæ Please run the following command to download new browsers:              Ôòæ
    Ôòæ                                                                         Ôòæ
    Ôòæ     npx playwright install                                              Ôòæ
    Ôòæ                                                                         Ôòæ
    Ôòæ <3 Playwright Team                                                      Ôòæ
    ÔòÜÔòÉÔòÉÔòÉÔòÉÔòÉÔòÉÔòÉÔòÉÔòÉÔòÉÔòÉÔòÉÔòÉÔòÉÔòÉÔòÉÔòÉÔòÉÔòÉÔòÉÔòÉÔòÉÔòÉÔòÉÔòÉÔòÉÔòÉÔòÉÔòÉÔòÉÔòÉÔòÉÔòÉÔòÉÔòÉÔòÉÔòÉÔòÉÔòÉÔòÉÔòÉÔòÉÔòÉÔòÉÔòÉÔòÉÔòÉÔòÉÔòÉÔòÉÔòÉÔòÉÔòÉÔòÉÔòÉÔòÉÔòÉÔòÉÔòÉÔòÉÔòÉÔòÉÔòÉÔòÉÔòÉÔòÉÔòÉÔòÉÔòÉÔòÉÔòÉÔòÉÔòÉÔòØ

  72) [firefox] ÔÇ║ e2e\app.spec.ts:282:5 ÔÇ║ AC-03: Floating Batch Selection Bar ÔÇ║ floating bar is hidden when no tweaks selected 

    Error: browserType.launch: Executable doesn't exist at C:\Users\User\AppData\Local\ms-playwright\firefox-1509\firefox\firefox.exe
    ÔòöÔòÉÔòÉÔòÉÔòÉÔòÉÔòÉÔòÉÔòÉÔòÉÔòÉÔòÉÔòÉÔòÉÔòÉÔòÉÔòÉÔòÉÔòÉÔòÉÔòÉÔòÉÔòÉÔòÉÔòÉÔòÉÔòÉÔòÉÔòÉÔòÉÔòÉÔòÉÔòÉÔòÉÔòÉÔòÉÔòÉÔòÉÔòÉÔòÉÔòÉÔòÉÔòÉÔòÉÔòÉÔòÉÔòÉÔòÉÔòÉÔòÉÔòÉÔòÉÔòÉÔòÉÔòÉÔòÉÔòÉÔòÉÔòÉÔòÉÔòÉÔòÉÔòÉÔòÉÔòÉÔòÉÔòÉÔòÉÔòÉÔòÉÔòÉÔòÉÔòÉÔòÉÔòù
    Ôòæ Looks like Playwright Test or Playwright was just installed or updated. Ôòæ
    Ôòæ Please run the following command to download new browsers:              Ôòæ
    Ôòæ                                                                         Ôòæ
    Ôòæ     npx playwright install                                              Ôòæ
    Ôòæ                                                                         Ôòæ
    Ôòæ <3 Playwright Team                                                      Ôòæ
    ÔòÜÔòÉÔòÉÔòÉÔòÉÔòÉÔòÉÔòÉÔòÉÔòÉÔòÉÔòÉÔòÉÔòÉÔòÉÔòÉÔòÉÔòÉÔòÉÔòÉÔòÉÔòÉÔòÉÔòÉÔòÉÔòÉÔòÉÔòÉÔòÉÔòÉÔòÉÔòÉÔòÉÔòÉÔòÉÔòÉÔòÉÔòÉÔòÉÔòÉÔòÉÔòÉÔòÉÔòÉÔòÉÔòÉÔòÉÔòÉÔòÉÔòÉÔòÉÔòÉÔòÉÔòÉÔòÉÔòÉÔòÉÔòÉÔòÉÔòÉÔòÉÔòÉÔòÉÔòÉÔòÉÔòÉÔòÉÔòÉÔòÉÔòÉÔòÉÔòÉÔòÉÔòÉÔòØ

  73) [firefox] ÔÇ║ e2e\app.spec.ts:286:5 ÔÇ║ AC-03: Floating Batch Selection Bar ÔÇ║ Deploy button in header is disabled with no selection 

    Error: browserType.launch: Executable doesn't exist at C:\Users\User\AppData\Local\ms-playwright\firefox-1509\firefox\firefox.exe
    ÔòöÔòÉÔòÉÔòÉÔòÉÔòÉÔòÉÔòÉÔòÉÔòÉÔòÉÔòÉÔòÉÔòÉÔòÉÔòÉÔòÉÔòÉÔòÉÔòÉÔòÉÔòÉÔòÉÔòÉÔòÉÔòÉÔòÉÔòÉÔòÉÔòÉÔòÉÔòÉÔòÉÔòÉÔòÉÔòÉÔòÉÔòÉÔòÉÔòÉÔòÉÔòÉÔòÉÔòÉÔòÉÔòÉÔòÉÔòÉÔòÉÔòÉÔòÉÔòÉÔòÉÔòÉÔòÉÔòÉÔòÉÔòÉÔòÉÔòÉÔòÉÔòÉÔòÉÔòÉÔòÉÔòÉÔòÉÔòÉÔòÉÔòÉÔòÉÔòÉÔòÉÔòÉÔòù
    Ôòæ Looks like Playwright Test or Playwright was just installed or updated. Ôòæ
    Ôòæ Please run the following command to download new browsers:              Ôòæ
    Ôòæ                                                                         Ôòæ
    Ôòæ     npx playwright install                                              Ôòæ
    Ôòæ                                                                         Ôòæ
    Ôòæ <3 Playwright Team                                                      Ôòæ
    ÔòÜÔòÉÔòÉÔòÉÔòÉÔòÉÔòÉÔòÉÔòÉÔòÉÔòÉÔòÉÔòÉÔòÉÔòÉÔòÉÔòÉÔòÉÔòÉÔòÉÔòÉÔòÉÔòÉÔòÉÔòÉÔòÉÔòÉÔòÉÔòÉÔòÉÔòÉÔòÉÔòÉÔòÉÔòÉÔòÉÔòÉÔòÉÔòÉÔòÉÔòÉÔòÉÔòÉÔòÉÔòÉÔòÉÔòÉÔòÉÔòÉÔòÉÔòÉÔòÉÔòÉÔòÉÔòÉÔòÉÔòÉÔòÉÔòÉÔòÉÔòÉÔòÉÔòÉÔòÉÔòÉÔòÉÔòÉÔòÉÔòÉÔòÉÔòÉÔòÉÔòÉÔòÉÔòØ

  74) [firefox] ÔÇ║ e2e\app.spec.ts:301:5 ÔÇ║ AC-12: Expert Mode ÔÇ║ expert mode is OFF by default ÔöÇÔöÇÔöÇÔöÇÔöÇÔöÇÔöÇ

    Error: browserType.launch: Executable doesn't exist at C:\Users\User\AppData\Local\ms-playwright\firefox-1509\firefox\firefox.exe
    ÔòöÔòÉÔòÉÔòÉÔòÉÔòÉÔòÉÔòÉÔòÉÔòÉÔòÉÔòÉÔòÉÔòÉÔòÉÔòÉÔòÉÔòÉÔòÉÔòÉÔòÉÔòÉÔòÉÔòÉÔòÉÔòÉÔòÉÔòÉÔòÉÔòÉÔòÉÔòÉÔòÉÔòÉÔòÉÔòÉÔòÉÔòÉÔòÉÔòÉÔòÉÔòÉÔòÉÔòÉÔòÉÔòÉÔòÉÔòÉÔòÉÔòÉÔòÉÔòÉÔòÉÔòÉÔòÉÔòÉÔòÉÔòÉÔòÉÔòÉÔòÉÔòÉÔòÉÔòÉÔòÉÔòÉÔòÉÔòÉÔòÉÔòÉÔòÉÔòÉÔòÉÔòÉÔòù
    Ôòæ Looks like Playwright Test or Playwright was just installed or updated. Ôòæ
    Ôòæ Please run the following command to download new browsers:              Ôòæ
    Ôòæ                                                                         Ôòæ
    Ôòæ     npx playwright install                                              Ôòæ
    Ôòæ                                                                         Ôòæ
    Ôòæ <3 Playwright Team                                                      Ôòæ
    ÔòÜÔòÉÔòÉÔòÉÔòÉÔòÉÔòÉÔòÉÔòÉÔòÉÔòÉÔòÉÔòÉÔòÉÔòÉÔòÉÔòÉÔòÉÔòÉÔòÉÔòÉÔòÉÔòÉÔòÉÔòÉÔòÉÔòÉÔòÉÔòÉÔòÉÔòÉÔòÉÔòÉÔòÉÔòÉÔòÉÔòÉÔòÉÔòÉÔòÉÔòÉÔòÉÔòÉÔòÉÔòÉÔòÉÔòÉÔòÉÔòÉÔòÉÔòÉÔòÉÔòÉÔòÉÔòÉÔòÉÔòÉÔòÉÔòÉÔòÉÔòÉÔòÉÔòÉÔòÉÔòÉÔòÉÔòÉÔòÉÔòÉÔòÉÔòÉÔòÉÔòÉÔòÉÔòØ

  75) [firefox] ÔÇ║ e2e\app.spec.ts:307:5 ÔÇ║ AC-12: Expert Mode ÔÇ║ enabling expert mode shows warning dialog 

    Error: browserType.launch: Executable doesn't exist at C:\Users\User\AppData\Local\ms-playwright\firefox-1509\firefox\firefox.exe
    ÔòöÔòÉÔòÉÔòÉÔòÉÔòÉÔòÉÔòÉÔòÉÔòÉÔòÉÔòÉÔòÉÔòÉÔòÉÔòÉÔòÉÔòÉÔòÉÔòÉÔòÉÔòÉÔòÉÔòÉÔòÉÔòÉÔòÉÔòÉÔòÉÔòÉÔòÉÔòÉÔòÉÔòÉÔòÉÔòÉÔòÉÔòÉÔòÉÔòÉÔòÉÔòÉÔòÉÔòÉÔòÉÔòÉÔòÉÔòÉÔòÉÔòÉÔòÉÔòÉÔòÉÔòÉÔòÉÔòÉÔòÉÔòÉÔòÉÔòÉÔòÉÔòÉÔòÉÔòÉÔòÉÔòÉÔòÉÔòÉÔòÉÔòÉÔòÉÔòÉÔòÉÔòÉÔòù
    Ôòæ Looks like Playwright Test or Playwright was just installed or updated. Ôòæ
    Ôòæ Please run the following command to download new browsers:              Ôòæ
    Ôòæ                                                                         Ôòæ
    Ôòæ     npx playwright install                                              Ôòæ
    Ôòæ                                                                         Ôòæ
    Ôòæ <3 Playwright Team                                                      Ôòæ
    ÔòÜÔòÉÔòÉÔòÉÔòÉÔòÉÔòÉÔòÉÔòÉÔòÉÔòÉÔòÉÔòÉÔòÉÔòÉÔòÉÔòÉÔòÉÔòÉÔòÉÔòÉÔòÉÔòÉÔòÉÔòÉÔòÉÔòÉÔòÉÔòÉÔòÉÔòÉÔòÉÔòÉÔòÉÔòÉÔòÉÔòÉÔòÉÔòÉÔòÉÔòÉÔòÉÔòÉÔòÉÔòÉÔòÉÔòÉÔòÉÔòÉÔòÉÔòÉÔòÉÔòÉÔòÉÔòÉÔòÉÔòÉÔòÉÔòÉÔòÉÔòÉÔòÉÔòÉÔòÉÔòÉÔòÉÔòÉÔòÉÔòÉÔòÉÔòÉÔòÉÔòÉÔòÉÔòØ

  76) [firefox] ÔÇ║ e2e\app.spec.ts:319:5 ÔÇ║ AC-12: Expert Mode ÔÇ║ expert mode banner shows hidden count on Power page 

    Error: browserType.launch: Executable doesn't exist at C:\Users\User\AppData\Local\ms-playwright\firefox-1509\firefox\firefox.exe
    ÔòöÔòÉÔòÉÔòÉÔòÉÔòÉÔòÉÔòÉÔòÉÔòÉÔòÉÔòÉÔòÉÔòÉÔòÉÔòÉÔòÉÔòÉÔòÉÔòÉÔòÉÔòÉÔòÉÔòÉÔòÉÔòÉÔòÉÔòÉÔòÉÔòÉÔòÉÔòÉÔòÉÔòÉÔòÉÔòÉÔòÉÔòÉÔòÉÔòÉÔòÉÔòÉÔòÉÔòÉÔòÉÔòÉÔòÉÔòÉÔòÉÔòÉÔòÉÔòÉÔòÉÔòÉÔòÉÔòÉÔòÉÔòÉÔòÉÔòÉÔòÉÔòÉÔòÉÔòÉÔòÉÔòÉÔòÉÔòÉÔòÉÔòÉÔòÉÔòÉÔòÉÔòÉÔòù
    Ôòæ Looks like Playwright Test or Playwright was just installed or updated. Ôòæ
    Ôòæ Please run the following command to download new browsers:              Ôòæ
    Ôòæ                                                                         Ôòæ
    Ôòæ     npx playwright install                                              Ôòæ
    Ôòæ                                                                         Ôòæ
    Ôòæ <3 Playwright Team                                                      Ôòæ
    ÔòÜÔòÉÔòÉÔòÉÔòÉÔòÉÔòÉÔòÉÔòÉÔòÉÔòÉÔòÉÔòÉÔòÉÔòÉÔòÉÔòÉÔòÉÔòÉÔòÉÔòÉÔòÉÔòÉÔòÉÔòÉÔòÉÔòÉÔòÉÔòÉÔòÉÔòÉÔòÉÔòÉÔòÉÔòÉÔòÉÔòÉÔòÉÔòÉÔòÉÔòÉÔòÉÔòÉÔòÉÔòÉÔòÉÔòÉÔòÉÔòÉÔòÉÔòÉÔòÉÔòÉÔòÉÔòÉÔòÉÔòÉÔòÉÔòÉÔòÉÔòÉÔòÉÔòÉÔòÉÔòÉÔòÉÔòÉÔòÉÔòÉÔòÉÔòÉÔòÉÔòÉÔòÉÔòØ

  77) [firefox] ÔÇ║ e2e\app.spec.ts:341:5 ÔÇ║ AC-06: Settings Page ÔÇ║ displays Appearance section with theme toggles 

    Error: browserType.launch: Executable doesn't exist at C:\Users\User\AppData\Local\ms-playwright\firefox-1509\firefox\firefox.exe
    ÔòöÔòÉÔòÉÔòÉÔòÉÔòÉÔòÉÔòÉÔòÉÔòÉÔòÉÔòÉÔòÉÔòÉÔòÉÔòÉÔòÉÔòÉÔòÉÔòÉÔòÉÔòÉÔòÉÔòÉÔòÉÔòÉÔòÉÔòÉÔòÉÔòÉÔòÉÔòÉÔòÉÔòÉÔòÉÔòÉÔòÉÔòÉÔòÉÔòÉÔòÉÔòÉÔòÉÔòÉÔòÉÔòÉÔòÉÔòÉÔòÉÔòÉÔòÉÔòÉÔòÉÔòÉÔòÉÔòÉÔòÉÔòÉÔòÉÔòÉÔòÉÔòÉÔòÉÔòÉÔòÉÔòÉÔòÉÔòÉÔòÉÔòÉÔòÉÔòÉÔòÉÔòÉÔòù
    Ôòæ Looks like Playwright Test or Playwright was just installed or updated. Ôòæ
    Ôòæ Please run the following command to download new browsers:              Ôòæ
    Ôòæ                                                                         Ôòæ
    Ôòæ     npx playwright install                                              Ôòæ
    Ôòæ                                                                         Ôòæ
    Ôòæ <3 Playwright Team                                                      Ôòæ
    ÔòÜÔòÉÔòÉÔòÉÔòÉÔòÉÔòÉÔòÉÔòÉÔòÉÔòÉÔòÉÔòÉÔòÉÔòÉÔòÉÔòÉÔòÉÔòÉÔòÉÔòÉÔòÉÔòÉÔòÉÔòÉÔòÉÔòÉÔòÉÔòÉÔòÉÔòÉÔòÉÔòÉÔòÉÔòÉÔòÉÔòÉÔòÉÔòÉÔòÉÔòÉÔòÉÔòÉÔòÉÔòÉÔòÉÔòÉÔòÉÔòÉÔòÉÔòÉÔòÉÔòÉÔòÉÔòÉÔòÉÔòÉÔòÉÔòÉÔòÉÔòÉÔòÉÔòÉÔòÉÔòÉÔòÉÔòÉÔòÉÔòÉÔòÉÔòÉÔòÉÔòÉÔòÉÔòØ

  78) [firefox] ÔÇ║ e2e\app.spec.ts:347:5 ÔÇ║ AC-06: Settings Page ÔÇ║ displays Accent Color swatches ÔöÇÔöÇÔöÇÔöÇ

    Error: browserType.launch: Executable doesn't exist at C:\Users\User\AppData\Local\ms-playwright\firefox-1509\firefox\firefox.exe
    ÔòöÔòÉÔòÉÔòÉÔòÉÔòÉÔòÉÔòÉÔòÉÔòÉÔòÉÔòÉÔòÉÔòÉÔòÉÔòÉÔòÉÔòÉÔòÉÔòÉÔòÉÔòÉÔòÉÔòÉÔòÉÔòÉÔòÉÔòÉÔòÉÔòÉÔòÉÔòÉÔòÉÔòÉÔòÉÔòÉÔòÉÔòÉÔòÉÔòÉÔòÉÔòÉÔòÉÔòÉÔòÉÔòÉÔòÉÔòÉÔòÉÔòÉÔòÉÔòÉÔòÉÔòÉÔòÉÔòÉÔòÉÔòÉÔòÉÔòÉÔòÉÔòÉÔòÉÔòÉÔòÉÔòÉÔòÉÔòÉÔòÉÔòÉÔòÉÔòÉÔòÉÔòÉÔòù
    Ôòæ Looks like Playwright Test or Playwright was just installed or updated. Ôòæ
    Ôòæ Please run the following command to download new browsers:              Ôòæ
    Ôòæ                                                                         Ôòæ
    Ôòæ     npx playwright install                                              Ôòæ
    Ôòæ                                                                         Ôòæ
    Ôòæ <3 Playwright Team                                                      Ôòæ
    ÔòÜÔòÉÔòÉÔòÉÔòÉÔòÉÔòÉÔòÉÔòÉÔòÉÔòÉÔòÉÔòÉÔòÉÔòÉÔòÉÔòÉÔòÉÔòÉÔòÉÔòÉÔòÉÔòÉÔòÉÔòÉÔòÉÔòÉÔòÉÔòÉÔòÉÔòÉÔòÉÔòÉÔòÉÔòÉÔòÉÔòÉÔòÉÔòÉÔòÉÔòÉÔòÉÔòÉÔòÉÔòÉÔòÉÔòÉÔòÉÔòÉÔòÉÔòÉÔòÉÔòÉÔòÉÔòÉÔòÉÔòÉÔòÉÔòÉÔòÉÔòÉÔòÉÔòÉÔòÉÔòÉÔòÉÔòÉÔòÉÔòÉÔòÉÔòÉÔòÉÔòÉÔòÉÔòØ

  79) [firefox] ÔÇ║ e2e\app.spec.ts:351:5 ÔÇ║ AC-06: Settings Page ÔÇ║ displays System Monitoring settings 

    Error: browserType.launch: Executable doesn't exist at C:\Users\User\AppData\Local\ms-playwright\firefox-1509\firefox\firefox.exe
    ÔòöÔòÉÔòÉÔòÉÔòÉÔòÉÔòÉÔòÉÔòÉÔòÉÔòÉÔòÉÔòÉÔòÉÔòÉÔòÉÔòÉÔòÉÔòÉÔòÉÔòÉÔòÉÔòÉÔòÉÔòÉÔòÉÔòÉÔòÉÔòÉÔòÉÔòÉÔòÉÔòÉÔòÉÔòÉÔòÉÔòÉÔòÉÔòÉÔòÉÔòÉÔòÉÔòÉÔòÉÔòÉÔòÉÔòÉÔòÉÔòÉÔòÉÔòÉÔòÉÔòÉÔòÉÔòÉÔòÉÔòÉÔòÉÔòÉÔòÉÔòÉÔòÉÔòÉÔòÉÔòÉÔòÉÔòÉÔòÉÔòÉÔòÉÔòÉÔòÉÔòÉÔòÉÔòù
    Ôòæ Looks like Playwright Test or Playwright was just installed or updated. Ôòæ
    Ôòæ Please run the following command to download new browsers:              Ôòæ
    Ôòæ                                                                         Ôòæ
    Ôòæ     npx playwright install                                              Ôòæ
    Ôòæ                                                                         Ôòæ
    Ôòæ <3 Playwright Team                                                      Ôòæ
    ÔòÜÔòÉÔòÉÔòÉÔòÉÔòÉÔòÉÔòÉÔòÉÔòÉÔòÉÔòÉÔòÉÔòÉÔòÉÔòÉÔòÉÔòÉÔòÉÔòÉÔòÉÔòÉÔòÉÔòÉÔòÉÔòÉÔòÉÔòÉÔòÉÔòÉÔòÉÔòÉÔòÉÔòÉÔòÉÔòÉÔòÉÔòÉÔòÉÔòÉÔòÉÔòÉÔòÉÔòÉÔòÉÔòÉÔòÉÔòÉÔòÉÔòÉÔòÉÔòÉÔòÉÔòÉÔòÉÔòÉÔòÉÔòÉÔòÉÔòÉÔòÉÔòÉÔòÉÔòÉÔòÉÔòÉÔòÉÔòÉÔòÉÔòÉÔòÉÔòÉÔòÉÔòÉÔòØ

  80) [firefox] ÔÇ║ e2e\app.spec.ts:357:5 ÔÇ║ AC-06: Settings Page ÔÇ║ displays Safety & Execution settings 

    Error: browserType.launch: Executable doesn't exist at C:\Users\User\AppData\Local\ms-playwright\firefox-1509\firefox\firefox.exe
    ÔòöÔòÉÔòÉÔòÉÔòÉÔòÉÔòÉÔòÉÔòÉÔòÉÔòÉÔòÉÔòÉÔòÉÔòÉÔòÉÔòÉÔòÉÔòÉÔòÉÔòÉÔòÉÔòÉÔòÉÔòÉÔòÉÔòÉÔòÉÔòÉÔòÉÔòÉÔòÉÔòÉÔòÉÔòÉÔòÉÔòÉÔòÉÔòÉÔòÉÔòÉÔòÉÔòÉÔòÉÔòÉÔòÉÔòÉÔòÉÔòÉÔòÉÔòÉÔòÉÔòÉÔòÉÔòÉÔòÉÔòÉÔòÉÔòÉÔòÉÔòÉÔòÉÔòÉÔòÉÔòÉÔòÉÔòÉÔòÉÔòÉÔòÉÔòÉÔòÉÔòÉÔòÉÔòù
    Ôòæ Looks like Playwright Test or Playwright was just installed or updated. Ôòæ
    Ôòæ Please run the following command to download new browsers:              Ôòæ
    Ôòæ                                                                         Ôòæ
    Ôòæ     npx playwright install                                              Ôòæ
    Ôòæ                                                                         Ôòæ
    Ôòæ <3 Playwright Team                                                      Ôòæ
    ÔòÜÔòÉÔòÉÔòÉÔòÉÔòÉÔòÉÔòÉÔòÉÔòÉÔòÉÔòÉÔòÉÔòÉÔòÉÔòÉÔòÉÔòÉÔòÉÔòÉÔòÉÔòÉÔòÉÔòÉÔòÉÔòÉÔòÉÔòÉÔòÉÔòÉÔòÉÔòÉÔòÉÔòÉÔòÉÔòÉÔòÉÔòÉÔòÉÔòÉÔòÉÔòÉÔòÉÔòÉÔòÉÔòÉÔòÉÔòÉÔòÉÔòÉÔòÉÔòÉÔòÉÔòÉÔòÉÔòÉÔòÉÔòÉÔòÉÔòÉÔòÉÔòÉÔòÉÔòÉÔòÉÔòÉÔòÉÔòÉÔòÉÔòÉÔòÉÔòÉÔòÉÔòÉÔòØ

  81) [firefox] ÔÇ║ e2e\app.spec.ts:362:5 ÔÇ║ AC-06: Settings Page ÔÇ║ Reset Defaults button exists ÔöÇÔöÇÔöÇÔöÇÔöÇÔöÇ

    Error: browserType.launch: Executable doesn't exist at C:\Users\User\AppData\Local\ms-playwright\firefox-1509\firefox\firefox.exe
    ÔòöÔòÉÔòÉÔòÉÔòÉÔòÉÔòÉÔòÉÔòÉÔòÉÔòÉÔòÉÔòÉÔòÉÔòÉÔòÉÔòÉÔòÉÔòÉÔòÉÔòÉÔòÉÔòÉÔòÉÔòÉÔòÉÔòÉÔòÉÔòÉÔòÉÔòÉÔòÉÔòÉÔòÉÔòÉÔòÉÔòÉÔòÉÔòÉÔòÉÔòÉÔòÉÔòÉÔòÉÔòÉÔòÉÔòÉÔòÉÔòÉÔòÉÔòÉÔòÉÔòÉÔòÉÔòÉÔòÉÔòÉÔòÉÔòÉÔòÉÔòÉÔòÉÔòÉÔòÉÔòÉÔòÉÔòÉÔòÉÔòÉÔòÉÔòÉÔòÉÔòÉÔòÉÔòù
    Ôòæ Looks like Playwright Test or Playwright was just installed or updated. Ôòæ
    Ôòæ Please run the following command to download new browsers:              Ôòæ
    Ôòæ                                                                         Ôòæ
    Ôòæ     npx playwright install                                              Ôòæ
    Ôòæ                                                                         Ôòæ
    Ôòæ <3 Playwright Team                                                      Ôòæ
    ÔòÜÔòÉÔòÉÔòÉÔòÉÔòÉÔòÉÔòÉÔòÉÔòÉÔòÉÔòÉÔòÉÔòÉÔòÉÔòÉÔòÉÔòÉÔòÉÔòÉÔòÉÔòÉÔòÉÔòÉÔòÉÔòÉÔòÉÔòÉÔòÉÔòÉÔòÉÔòÉÔòÉÔòÉÔòÉÔòÉÔòÉÔòÉÔòÉÔòÉÔòÉÔòÉÔòÉÔòÉÔòÉÔòÉÔòÉÔòÉÔòÉÔòÉÔòÉÔòÉÔòÉÔòÉÔòÉÔòÉÔòÉÔòÉÔòÉÔòÉÔòÉÔòÉÔòÉÔòÉÔòÉÔòÉÔòÉÔòÉÔòÉÔòÉÔòÉÔòÉÔòÉÔòÉÔòØ

  82) [firefox] ÔÇ║ e2e\app.spec.ts:378:5 ÔÇ║ AC-04: Tweaks Inspector ÔÇ║ inspector sidebar shows placeholder when no tweak selected 

    Error: browserType.launch: Executable doesn't exist at C:\Users\User\AppData\Local\ms-playwright\firefox-1509\firefox\firefox.exe
    ÔòöÔòÉÔòÉÔòÉÔòÉÔòÉÔòÉÔòÉÔòÉÔòÉÔòÉÔòÉÔòÉÔòÉÔòÉÔòÉÔòÉÔòÉÔòÉÔòÉÔòÉÔòÉÔòÉÔòÉÔòÉÔòÉÔòÉÔòÉÔòÉÔòÉÔòÉÔòÉÔòÉÔòÉÔòÉÔòÉÔòÉÔòÉÔòÉÔòÉÔòÉÔòÉÔòÉÔòÉÔòÉÔòÉÔòÉÔòÉÔòÉÔòÉÔòÉÔòÉÔòÉÔòÉÔòÉÔòÉÔòÉÔòÉÔòÉÔòÉÔòÉÔòÉÔòÉÔòÉÔòÉÔòÉÔòÉÔòÉÔòÉÔòÉÔòÉÔòÉÔòÉÔòÉÔòù
    Ôòæ Looks like Playwright Test or Playwright was just installed or updated. Ôòæ
    Ôòæ Please run the following command to download new browsers:              Ôòæ
    Ôòæ                                                                         Ôòæ
    Ôòæ     npx playwright install                                              Ôòæ
    Ôòæ                                                                         Ôòæ
    Ôòæ <3 Playwright Team                                                      Ôòæ
    ÔòÜÔòÉÔòÉÔòÉÔòÉÔòÉÔòÉÔòÉÔòÉÔòÉÔòÉÔòÉÔòÉÔòÉÔòÉÔòÉÔòÉÔòÉÔòÉÔòÉÔòÉÔòÉÔòÉÔòÉÔòÉÔòÉÔòÉÔòÉÔòÉÔòÉÔòÉÔòÉÔòÉÔòÉÔòÉÔòÉÔòÉÔòÉÔòÉÔòÉÔòÉÔòÉÔòÉÔòÉÔòÉÔòÉÔòÉÔòÉÔòÉÔòÉÔòÉÔòÉÔòÉÔòÉÔòÉÔòÉÔòÉÔòÉÔòÉÔòÉÔòÉÔòÉÔòÉÔòÉÔòÉÔòÉÔòÉÔòÉÔòÉÔòÉÔòÉÔòÉÔòÉÔòÉÔòØ

  83) [firefox] ÔÇ║ e2e\app.spec.ts:384:5 ÔÇ║ AC-04: Tweaks Inspector ÔÇ║ clicking a tweak card shows inspector content 

    Error: browserType.launch: Executable doesn't exist at C:\Users\User\AppData\Local\ms-playwright\firefox-1509\firefox\firefox.exe
    ÔòöÔòÉÔòÉÔòÉÔòÉÔòÉÔòÉÔòÉÔòÉÔòÉÔòÉÔòÉÔòÉÔòÉÔòÉÔòÉÔòÉÔòÉÔòÉÔòÉÔòÉÔòÉÔòÉÔòÉÔòÉÔòÉÔòÉÔòÉÔòÉÔòÉÔòÉÔòÉÔòÉÔòÉÔòÉÔòÉÔòÉÔòÉÔòÉÔòÉÔòÉÔòÉÔòÉÔòÉÔòÉÔòÉÔòÉÔòÉÔòÉÔòÉÔòÉÔòÉÔòÉÔòÉÔòÉÔòÉÔòÉÔòÉÔòÉÔòÉÔòÉÔòÉÔòÉÔòÉÔòÉÔòÉÔòÉÔòÉÔòÉÔòÉÔòÉÔòÉÔòÉÔòÉÔòù
    Ôòæ Looks like Playwright Test or Playwright was just installed or updated. Ôòæ
    Ôòæ Please run the following command to download new browsers:              Ôòæ
    Ôòæ                                                                         Ôòæ
    Ôòæ     npx playwright install                                              Ôòæ
    Ôòæ                                                                         Ôòæ
    Ôòæ <3 Playwright Team                                                      Ôòæ
    ÔòÜÔòÉÔòÉÔòÉÔòÉÔòÉÔòÉÔòÉÔòÉÔòÉÔòÉÔòÉÔòÉÔòÉÔòÉÔòÉÔòÉÔòÉÔòÉÔòÉÔòÉÔòÉÔòÉÔòÉÔòÉÔòÉÔòÉÔòÉÔòÉÔòÉÔòÉÔòÉÔòÉÔòÉÔòÉÔòÉÔòÉÔòÉÔòÉÔòÉÔòÉÔòÉÔòÉÔòÉÔòÉÔòÉÔòÉÔòÉÔòÉÔòÉÔòÉÔòÉÔòÉÔòÉÔòÉÔòÉÔòÉÔòÉÔòÉÔòÉÔòÉÔòÉÔòÉÔòÉÔòÉÔòÉÔòÉÔòÉÔòÉÔòÉÔòÉÔòÉÔòÉÔòÉÔòØ

  84) [firefox] ÔÇ║ e2e\app.spec.ts:407:5 ÔÇ║ History Page ÔÇ║ displays Tweak History heading ÔöÇÔöÇÔöÇÔöÇÔöÇÔöÇÔöÇÔöÇÔöÇÔöÇÔöÇÔöÇ

    Error: browserType.launch: Executable doesn't exist at C:\Users\User\AppData\Local\ms-playwright\firefox-1509\firefox\firefox.exe
    ÔòöÔòÉÔòÉÔòÉÔòÉÔòÉÔòÉÔòÉÔòÉÔòÉÔòÉÔòÉÔòÉÔòÉÔòÉÔòÉÔòÉÔòÉÔòÉÔòÉÔòÉÔòÉÔòÉÔòÉÔòÉÔòÉÔòÉÔòÉÔòÉÔòÉÔòÉÔòÉÔòÉÔòÉÔòÉÔòÉÔòÉÔòÉÔòÉÔòÉÔòÉÔòÉÔòÉÔòÉÔòÉÔòÉÔòÉÔòÉÔòÉÔòÉÔòÉÔòÉÔòÉÔòÉÔòÉÔòÉÔòÉÔòÉÔòÉÔòÉÔòÉÔòÉÔòÉÔòÉÔòÉÔòÉÔòÉÔòÉÔòÉÔòÉÔòÉÔòÉÔòÉÔòÉÔòù
    Ôòæ Looks like Playwright Test or Playwright was just installed or updated. Ôòæ
    Ôòæ Please run the following command to download new browsers:              Ôòæ
    Ôòæ                                                                         Ôòæ
    Ôòæ     npx playwright install                                              Ôòæ
    Ôòæ                                                                         Ôòæ
    Ôòæ <3 Playwright Team                                                      Ôòæ
    ÔòÜÔòÉÔòÉÔòÉÔòÉÔòÉÔòÉÔòÉÔòÉÔòÉÔòÉÔòÉÔòÉÔòÉÔòÉÔòÉÔòÉÔòÉÔòÉÔòÉÔòÉÔòÉÔòÉÔòÉÔòÉÔòÉÔòÉÔòÉÔòÉÔòÉÔòÉÔòÉÔòÉÔòÉÔòÉÔòÉÔòÉÔòÉÔòÉÔòÉÔòÉÔòÉÔòÉÔòÉÔòÉÔòÉÔòÉÔòÉÔòÉÔòÉÔòÉÔòÉÔòÉÔòÉÔòÉÔòÉÔòÉÔòÉÔòÉÔòÉÔòÉÔòÉÔòÉÔòÉÔòÉÔòÉÔòÉÔòÉÔòÉÔòÉÔòÉÔòÉÔòÉÔòÉÔòØ

  85) [firefox] ÔÇ║ e2e\app.spec.ts:412:5 ÔÇ║ History Page ÔÇ║ shows filter buttons: All, Applied, Reverted, Failed 

    Error: browserType.launch: Executable doesn't exist at C:\Users\User\AppData\Local\ms-playwright\firefox-1509\firefox\firefox.exe
    ÔòöÔòÉÔòÉÔòÉÔòÉÔòÉÔòÉÔòÉÔòÉÔòÉÔòÉÔòÉÔòÉÔòÉÔòÉÔòÉÔòÉÔòÉÔòÉÔòÉÔòÉÔòÉÔòÉÔòÉÔòÉÔòÉÔòÉÔòÉÔòÉÔòÉÔòÉÔòÉÔòÉÔòÉÔòÉÔòÉÔòÉÔòÉÔòÉÔòÉÔòÉÔòÉÔòÉÔòÉÔòÉÔòÉÔòÉÔòÉÔòÉÔòÉÔòÉÔòÉÔòÉÔòÉÔòÉÔòÉÔòÉÔòÉÔòÉÔòÉÔòÉÔòÉÔòÉÔòÉÔòÉÔòÉÔòÉÔòÉÔòÉÔòÉÔòÉÔòÉÔòÉÔòÉÔòù
    Ôòæ Looks like Playwright Test or Playwright was just installed or updated. Ôòæ
    Ôòæ Please run the following command to download new browsers:              Ôòæ
    Ôòæ                                                                         Ôòæ
    Ôòæ     npx playwright install                                              Ôòæ
    Ôòæ                                                                         Ôòæ
    Ôòæ <3 Playwright Team                                                      Ôòæ
    ÔòÜÔòÉÔòÉÔòÉÔòÉÔòÉÔòÉÔòÉÔòÉÔòÉÔòÉÔòÉÔòÉÔòÉÔòÉÔòÉÔòÉÔòÉÔòÉÔòÉÔòÉÔòÉÔòÉÔòÉÔòÉÔòÉÔòÉÔòÉÔòÉÔòÉÔòÉÔòÉÔòÉÔòÉÔòÉÔòÉÔòÉÔòÉÔòÉÔòÉÔòÉÔòÉÔòÉÔòÉÔòÉÔòÉÔòÉÔòÉÔòÉÔòÉÔòÉÔòÉÔòÉÔòÉÔòÉÔòÉÔòÉÔòÉÔòÉÔòÉÔòÉÔòÉÔòÉÔòÉÔòÉÔòÉÔòÉÔòÉÔòÉÔòÉÔòÉÔòÉÔòÉÔòÉÔòØ

  86) [firefox] ÔÇ║ e2e\app.spec.ts:419:5 ÔÇ║ History Page ÔÇ║ shows empty state or timeline entries ÔöÇÔöÇÔöÇÔöÇÔöÇ

    Error: browserType.launch: Executable doesn't exist at C:\Users\User\AppData\Local\ms-playwright\firefox-1509\firefox\firefox.exe
    ÔòöÔòÉÔòÉÔòÉÔòÉÔòÉÔòÉÔòÉÔòÉÔòÉÔòÉÔòÉÔòÉÔòÉÔòÉÔòÉÔòÉÔòÉÔòÉÔòÉÔòÉÔòÉÔòÉÔòÉÔòÉÔòÉÔòÉÔòÉÔòÉÔòÉÔòÉÔòÉÔòÉÔòÉÔòÉÔòÉÔòÉÔòÉÔòÉÔòÉÔòÉÔòÉÔòÉÔòÉÔòÉÔòÉÔòÉÔòÉÔòÉÔòÉÔòÉÔòÉÔòÉÔòÉÔòÉÔòÉÔòÉÔòÉÔòÉÔòÉÔòÉÔòÉÔòÉÔòÉÔòÉÔòÉÔòÉÔòÉÔòÉÔòÉÔòÉÔòÉÔòÉÔòÉÔòù
    Ôòæ Looks like Playwright Test or Playwright was just installed or updated. Ôòæ
    Ôòæ Please run the following command to download new browsers:              Ôòæ
    Ôòæ                                                                         Ôòæ
    Ôòæ     npx playwright install                                              Ôòæ
    Ôòæ                                                                         Ôòæ
    Ôòæ <3 Playwright Team                                                      Ôòæ
    ÔòÜÔòÉÔòÉÔòÉÔòÉÔòÉÔòÉÔòÉÔòÉÔòÉÔòÉÔòÉÔòÉÔòÉÔòÉÔòÉÔòÉÔòÉÔòÉÔòÉÔòÉÔòÉÔòÉÔòÉÔòÉÔòÉÔòÉÔòÉÔòÉÔòÉÔòÉÔòÉÔòÉÔòÉÔòÉÔòÉÔòÉÔòÉÔòÉÔòÉÔòÉÔòÉÔòÉÔòÉÔòÉÔòÉÔòÉÔòÉÔòÉÔòÉÔòÉÔòÉÔòÉÔòÉÔòÉÔòÉÔòÉÔòÉÔòÉÔòÉÔòÉÔòÉÔòÉÔòÉÔòÉÔòÉÔòÉÔòÉÔòÉÔòÉÔòÉÔòÉÔòÉÔòÉÔòØ

  87) [firefox] ÔÇ║ e2e\app.spec.ts:428:5 ÔÇ║ History Page ÔÇ║ Clear button is present ÔöÇÔöÇÔöÇÔöÇÔöÇÔöÇÔöÇÔöÇÔöÇÔöÇÔöÇÔöÇÔöÇÔöÇÔöÇÔöÇÔöÇÔöÇÔöÇ

    Error: browserType.launch: Executable doesn't exist at C:\Users\User\AppData\Local\ms-playwright\firefox-1509\firefox\firefox.exe
    ÔòöÔòÉÔòÉÔòÉÔòÉÔòÉÔòÉÔòÉÔòÉÔòÉÔòÉÔòÉÔòÉÔòÉÔòÉÔòÉÔòÉÔòÉÔòÉÔòÉÔòÉÔòÉÔòÉÔòÉÔòÉÔòÉÔòÉÔòÉÔòÉÔòÉÔòÉÔòÉÔòÉÔòÉÔòÉÔòÉÔòÉÔòÉÔòÉÔòÉÔòÉÔòÉÔòÉÔòÉÔòÉÔòÉÔòÉÔòÉÔòÉÔòÉÔòÉÔòÉÔòÉÔòÉÔòÉÔòÉÔòÉÔòÉÔòÉÔòÉÔòÉÔòÉÔòÉÔòÉÔòÉÔòÉÔòÉÔòÉÔòÉÔòÉÔòÉÔòÉÔòÉÔòÉÔòù
    Ôòæ Looks like Playwright Test or Playwright was just installed or updated. Ôòæ
    Ôòæ Please run the following command to download new browsers:              Ôòæ
    Ôòæ                                                                         Ôòæ
    Ôòæ     npx playwright install                                              Ôòæ
    Ôòæ                                                                         Ôòæ
    Ôòæ <3 Playwright Team                                                      Ôòæ
    ÔòÜÔòÉÔòÉÔòÉÔòÉÔòÉÔòÉÔòÉÔòÉÔòÉÔòÉÔòÉÔòÉÔòÉÔòÉÔòÉÔòÉÔòÉÔòÉÔòÉÔòÉÔòÉÔòÉÔòÉÔòÉÔòÉÔòÉÔòÉÔòÉÔòÉÔòÉÔòÉÔòÉÔòÉÔòÉÔòÉÔòÉÔòÉÔòÉÔòÉÔòÉÔòÉÔòÉÔòÉÔòÉÔòÉÔòÉÔòÉÔòÉÔòÉÔòÉÔòÉÔòÉÔòÉÔòÉÔòÉÔòÉÔòÉÔòÉÔòÉÔòÉÔòÉÔòÉÔòÉÔòÉÔòÉÔòÉÔòÉÔòÉÔòÉÔòÉÔòÉÔòÉÔòÉÔòØ

  88) [firefox] ÔÇ║ e2e\app.spec.ts:443:5 ÔÇ║ Profiles Page ÔÇ║ displays all 6 built-in profile cards ÔöÇÔöÇÔöÇÔöÇ

    Error: browserType.launch: Executable doesn't exist at C:\Users\User\AppData\Local\ms-playwright\firefox-1509\firefox\firefox.exe
    ÔòöÔòÉÔòÉÔòÉÔòÉÔòÉÔòÉÔòÉÔòÉÔòÉÔòÉÔòÉÔòÉÔòÉÔòÉÔòÉÔòÉÔòÉÔòÉÔòÉÔòÉÔòÉÔòÉÔòÉÔòÉÔòÉÔòÉÔòÉÔòÉÔòÉÔòÉÔòÉÔòÉÔòÉÔòÉÔòÉÔòÉÔòÉÔòÉÔòÉÔòÉÔòÉÔòÉÔòÉÔòÉÔòÉÔòÉÔòÉÔòÉÔòÉÔòÉÔòÉÔòÉÔòÉÔòÉÔòÉÔòÉÔòÉÔòÉÔòÉÔòÉÔòÉÔòÉÔòÉÔòÉÔòÉÔòÉÔòÉÔòÉÔòÉÔòÉÔòÉÔòÉÔòÉÔòù
    Ôòæ Looks like Playwright Test or Playwright was just installed or updated. Ôòæ
    Ôòæ Please run the following command to download new browsers:              Ôòæ
    Ôòæ                                                                         Ôòæ
    Ôòæ     npx playwright install                                              Ôòæ
    Ôòæ                                                                         Ôòæ
    Ôòæ <3 Playwright Team                                                      Ôòæ
    ÔòÜÔòÉÔòÉÔòÉÔòÉÔòÉÔòÉÔòÉÔòÉÔòÉÔòÉÔòÉÔòÉÔòÉÔòÉÔòÉÔòÉÔòÉÔòÉÔòÉÔòÉÔòÉÔòÉÔòÉÔòÉÔòÉÔòÉÔòÉÔòÉÔòÉÔòÉÔòÉÔòÉÔòÉÔòÉÔòÉÔòÉÔòÉÔòÉÔòÉÔòÉÔòÉÔòÉÔòÉÔòÉÔòÉÔòÉÔòÉÔòÉÔòÉÔòÉÔòÉÔòÉÔòÉÔòÉÔòÉÔòÉÔòÉÔòÉÔòÉÔòÉÔòÉÔòÉÔòÉÔòÉÔòÉÔòÉÔòÉÔòÉÔòÉÔòÉÔòÉÔòÉÔòÉÔòØ

  89) [firefox] ÔÇ║ e2e\app.spec.ts:450:5 ÔÇ║ Profiles Page ÔÇ║ profile cards show tweak counts ÔöÇÔöÇÔöÇÔöÇÔöÇÔöÇÔöÇÔöÇÔöÇÔöÇ

    Error: browserType.launch: Executable doesn't exist at C:\Users\User\AppData\Local\ms-playwright\firefox-1509\firefox\firefox.exe
    ÔòöÔòÉÔòÉÔòÉÔòÉÔòÉÔòÉÔòÉÔòÉÔòÉÔòÉÔòÉÔòÉÔòÉÔòÉÔòÉÔòÉÔòÉÔòÉÔòÉÔòÉÔòÉÔòÉÔòÉÔòÉÔòÉÔòÉÔòÉÔòÉÔòÉÔòÉÔòÉÔòÉÔòÉÔòÉÔòÉÔòÉÔòÉÔòÉÔòÉÔòÉÔòÉÔòÉÔòÉÔòÉÔòÉÔòÉÔòÉÔòÉÔòÉÔòÉÔòÉÔòÉÔòÉÔòÉÔòÉÔòÉÔòÉÔòÉÔòÉÔòÉÔòÉÔòÉÔòÉÔòÉÔòÉÔòÉÔòÉÔòÉÔòÉÔòÉÔòÉÔòÉÔòÉÔòù
    Ôòæ Looks like Playwright Test or Playwright was just installed or updated. Ôòæ
    Ôòæ Please run the following command to download new browsers:              Ôòæ
    Ôòæ                                                                         Ôòæ
    Ôòæ     npx playwright install                                              Ôòæ
    Ôòæ                                                                         Ôòæ
    Ôòæ <3 Playwright Team                                                      Ôòæ
    ÔòÜÔòÉÔòÉÔòÉÔòÉÔòÉÔòÉÔòÉÔòÉÔòÉÔòÉÔòÉÔòÉÔòÉÔòÉÔòÉÔòÉÔòÉÔòÉÔòÉÔòÉÔòÉÔòÉÔòÉÔòÉÔòÉÔòÉÔòÉÔòÉÔòÉÔòÉÔòÉÔòÉÔòÉÔòÉÔòÉÔòÉÔòÉÔòÉÔòÉÔòÉÔòÉÔòÉÔòÉÔòÉÔòÉÔòÉÔòÉÔòÉÔòÉÔòÉÔòÉÔòÉÔòÉÔòÉÔòÉÔòÉÔòÉÔòÉÔòÉÔòÉÔòÉÔòÉÔòÉÔòÉÔòÉÔòÉÔòÉÔòÉÔòÉÔòÉÔòÉÔòÉÔòÉÔòØ

  90) [firefox] ÔÇ║ e2e\app.spec.ts:456:5 ÔÇ║ Profiles Page ÔÇ║ clicking a profile expands to show included tweaks 

    Error: browserType.launch: Executable doesn't exist at C:\Users\User\AppData\Local\ms-playwright\firefox-1509\firefox\firefox.exe
    ÔòöÔòÉÔòÉÔòÉÔòÉÔòÉÔòÉÔòÉÔòÉÔòÉÔòÉÔòÉÔòÉÔòÉÔòÉÔòÉÔòÉÔòÉÔòÉÔòÉÔòÉÔòÉÔòÉÔòÉÔòÉÔòÉÔòÉÔòÉÔòÉÔòÉÔòÉÔòÉÔòÉÔòÉÔòÉÔòÉÔòÉÔòÉÔòÉÔòÉÔòÉÔòÉÔòÉÔòÉÔòÉÔòÉÔòÉÔòÉÔòÉÔòÉÔòÉÔòÉÔòÉÔòÉÔòÉÔòÉÔòÉÔòÉÔòÉÔòÉÔòÉÔòÉÔòÉÔòÉÔòÉÔòÉÔòÉÔòÉÔòÉÔòÉÔòÉÔòÉÔòÉÔòÉÔòù
    Ôòæ Looks like Playwright Test or Playwright was just installed or updated. Ôòæ
    Ôòæ Please run the following command to download new browsers:              Ôòæ
    Ôòæ                                                                         Ôòæ
    Ôòæ     npx playwright install                                              Ôòæ
    Ôòæ                                                                         Ôòæ
    Ôòæ <3 Playwright Team                                                      Ôòæ
    ÔòÜÔòÉÔòÉÔòÉÔòÉÔòÉÔòÉÔòÉÔòÉÔòÉÔòÉÔòÉÔòÉÔòÉÔòÉÔòÉÔòÉÔòÉÔòÉÔòÉÔòÉÔòÉÔòÉÔòÉÔòÉÔòÉÔòÉÔòÉÔòÉÔòÉÔòÉÔòÉÔòÉÔòÉÔòÉÔòÉÔòÉÔòÉÔòÉÔòÉÔòÉÔòÉÔòÉÔòÉÔòÉÔòÉÔòÉÔòÉÔòÉÔòÉÔòÉÔòÉÔòÉÔòÉÔòÉÔòÉÔòÉÔòÉÔòÉÔòÉÔòÉÔòÉÔòÉÔòÉÔòÉÔòÉÔòÉÔòÉÔòÉÔòÉÔòÉÔòÉÔòÉÔòÉÔòØ

  91) [firefox] ÔÇ║ e2e\app.spec.ts:461:5 ÔÇ║ Profiles Page ÔÇ║ expanded profile shows Apply button ÔöÇÔöÇÔöÇÔöÇÔöÇÔöÇ

    Error: browserType.launch: Executable doesn't exist at C:\Users\User\AppData\Local\ms-playwright\firefox-1509\firefox\firefox.exe
    ÔòöÔòÉÔòÉÔòÉÔòÉÔòÉÔòÉÔòÉÔòÉÔòÉÔòÉÔòÉÔòÉÔòÉÔòÉÔòÉÔòÉÔòÉÔòÉÔòÉÔòÉÔòÉÔòÉÔòÉÔòÉÔòÉÔòÉÔòÉÔòÉÔòÉÔòÉÔòÉÔòÉÔòÉÔòÉÔòÉÔòÉÔòÉÔòÉÔòÉÔòÉÔòÉÔòÉÔòÉÔòÉÔòÉÔòÉÔòÉÔòÉÔòÉÔòÉÔòÉÔòÉÔòÉÔòÉÔòÉÔòÉÔòÉÔòÉÔòÉÔòÉÔòÉÔòÉÔòÉÔòÉÔòÉÔòÉÔòÉÔòÉÔòÉÔòÉÔòÉÔòÉÔòÉÔòù
    Ôòæ Looks like Playwright Test or Playwright was just installed or updated. Ôòæ
    Ôòæ Please run the following command to download new browsers:              Ôòæ
    Ôòæ                                                                         Ôòæ
    Ôòæ     npx playwright install                                              Ôòæ
    Ôòæ                                                                         Ôòæ
    Ôòæ <3 Playwright Team                                                      Ôòæ
    ÔòÜÔòÉÔòÉÔòÉÔòÉÔòÉÔòÉÔòÉÔòÉÔòÉÔòÉÔòÉÔòÉÔòÉÔòÉÔòÉÔòÉÔòÉÔòÉÔòÉÔòÉÔòÉÔòÉÔòÉÔòÉÔòÉÔòÉÔòÉÔòÉÔòÉÔòÉÔòÉÔòÉÔòÉÔòÉÔòÉÔòÉÔòÉÔòÉÔòÉÔòÉÔòÉÔòÉÔòÉÔòÉÔòÉÔòÉÔòÉÔòÉÔòÉÔòÉÔòÉÔòÉÔòÉÔòÉÔòÉÔòÉÔòÉÔòÉÔòÉÔòÉÔòÉÔòÉÔòÉÔòÉÔòÉÔòÉÔòÉÔòÉÔòÉÔòÉÔòÉÔòÉÔòÉÔòØ

  92) [firefox] ÔÇ║ e2e\app.spec.ts:480:5 ÔÇ║ Process Manager Page ÔÇ║ displays Process Manager heading ÔöÇÔöÇ

    Error: browserType.launch: Executable doesn't exist at C:\Users\User\AppData\Local\ms-playwright\firefox-1509\firefox\firefox.exe
    ÔòöÔòÉÔòÉÔòÉÔòÉÔòÉÔòÉÔòÉÔòÉÔòÉÔòÉÔòÉÔòÉÔòÉÔòÉÔòÉÔòÉÔòÉÔòÉÔòÉÔòÉÔòÉÔòÉÔòÉÔòÉÔòÉÔòÉÔòÉÔòÉÔòÉÔòÉÔòÉÔòÉÔòÉÔòÉÔòÉÔòÉÔòÉÔòÉÔòÉÔòÉÔòÉÔòÉÔòÉÔòÉÔòÉÔòÉÔòÉÔòÉÔòÉÔòÉÔòÉÔòÉÔòÉÔòÉÔòÉÔòÉÔòÉÔòÉÔòÉÔòÉÔòÉÔòÉÔòÉÔòÉÔòÉÔòÉÔòÉÔòÉÔòÉÔòÉÔòÉÔòÉÔòÉÔòù
    Ôòæ Looks like Playwright Test or Playwright was just installed or updated. Ôòæ
    Ôòæ Please run the following command to download new browsers:              Ôòæ
    Ôòæ                                                                         Ôòæ
    Ôòæ     npx playwright install                                              Ôòæ
    Ôòæ                                                                         Ôòæ
    Ôòæ <3 Playwright Team                                                      Ôòæ
    ÔòÜÔòÉÔòÉÔòÉÔòÉÔòÉÔòÉÔòÉÔòÉÔòÉÔòÉÔòÉÔòÉÔòÉÔòÉÔòÉÔòÉÔòÉÔòÉÔòÉÔòÉÔòÉÔòÉÔòÉÔòÉÔòÉÔòÉÔòÉÔòÉÔòÉÔòÉÔòÉÔòÉÔòÉÔòÉÔòÉÔòÉÔòÉÔòÉÔòÉÔòÉÔòÉÔòÉÔòÉÔòÉÔòÉÔòÉÔòÉÔòÉÔòÉÔòÉÔòÉÔòÉÔòÉÔòÉÔòÉÔòÉÔòÉÔòÉÔòÉÔòÉÔòÉÔòÉÔòÉÔòÉÔòÉÔòÉÔòÉÔòÉÔòÉÔòÉÔòÉÔòÉÔòÉÔòØ

  93) [firefox] ÔÇ║ e2e\app.spec.ts:485:5 ÔÇ║ Process Manager Page ÔÇ║ shows stat cards: Total Processes, Used by Processes, Total User CPU 

    Error: browserType.launch: Executable doesn't exist at C:\Users\User\AppData\Local\ms-playwright\firefox-1509\firefox\firefox.exe
    ÔòöÔòÉÔòÉÔòÉÔòÉÔòÉÔòÉÔòÉÔòÉÔòÉÔòÉÔòÉÔòÉÔòÉÔòÉÔòÉÔòÉÔòÉÔòÉÔòÉÔòÉÔòÉÔòÉÔòÉÔòÉÔòÉÔòÉÔòÉÔòÉÔòÉÔòÉÔòÉÔòÉÔòÉÔòÉÔòÉÔòÉÔòÉÔòÉÔòÉÔòÉÔòÉÔòÉÔòÉÔòÉÔòÉÔòÉÔòÉÔòÉÔòÉÔòÉÔòÉÔòÉÔòÉÔòÉÔòÉÔòÉÔòÉÔòÉÔòÉÔòÉÔòÉÔòÉÔòÉÔòÉÔòÉÔòÉÔòÉÔòÉÔòÉÔòÉÔòÉÔòÉÔòÉÔòù
    Ôòæ Looks like Playwright Test or Playwright was just installed or updated. Ôòæ
    Ôòæ Please run the following command to download new browsers:              Ôòæ
    Ôòæ                                                                         Ôòæ
    Ôòæ     npx playwright install                                              Ôòæ
    Ôòæ                                                                         Ôòæ
    Ôòæ <3 Playwright Team                                                      Ôòæ
    ÔòÜÔòÉÔòÉÔòÉÔòÉÔòÉÔòÉÔòÉÔòÉÔòÉÔòÉÔòÉÔòÉÔòÉÔòÉÔòÉÔòÉÔòÉÔòÉÔòÉÔòÉÔòÉÔòÉÔòÉÔòÉÔòÉÔòÉÔòÉÔòÉÔòÉÔòÉÔòÉÔòÉÔòÉÔòÉÔòÉÔòÉÔòÉÔòÉÔòÉÔòÉÔòÉÔòÉÔòÉÔòÉÔòÉÔòÉÔòÉÔòÉÔòÉÔòÉÔòÉÔòÉÔòÉÔòÉÔòÉÔòÉÔòÉÔòÉÔòÉÔòÉÔòÉÔòÉÔòÉÔòÉÔòÉÔòÉÔòÉÔòÉÔòÉÔòÉÔòÉÔòÉÔòÉÔòØ

  94) [firefox] ÔÇ║ e2e\app.spec.ts:491:5 ÔÇ║ Process Manager Page ÔÇ║ shows sortable column headers ÔöÇÔöÇÔöÇÔöÇÔöÇ

    Error: browserType.launch: Executable doesn't exist at C:\Users\User\AppData\Local\ms-playwright\firefox-1509\firefox\firefox.exe
    ÔòöÔòÉÔòÉÔòÉÔòÉÔòÉÔòÉÔòÉÔòÉÔòÉÔòÉÔòÉÔòÉÔòÉÔòÉÔòÉÔòÉÔòÉÔòÉÔòÉÔòÉÔòÉÔòÉÔòÉÔòÉÔòÉÔòÉÔòÉÔòÉÔòÉÔòÉÔòÉÔòÉÔòÉÔòÉÔòÉÔòÉÔòÉÔòÉÔòÉÔòÉÔòÉÔòÉÔòÉÔòÉÔòÉÔòÉÔòÉÔòÉÔòÉÔòÉÔòÉÔòÉÔòÉÔòÉÔòÉÔòÉÔòÉÔòÉÔòÉÔòÉÔòÉÔòÉÔòÉÔòÉÔòÉÔòÉÔòÉÔòÉÔòÉÔòÉÔòÉÔòÉÔòÉÔòù
    Ôòæ Looks like Playwright Test or Playwright was just installed or updated. Ôòæ
    Ôòæ Please run the following command to download new browsers:              Ôòæ
    Ôòæ                                                                         Ôòæ
    Ôòæ     npx playwright install                                              Ôòæ
    Ôòæ                                                                         Ôòæ
    Ôòæ <3 Playwright Team                                                      Ôòæ
    ÔòÜÔòÉÔòÉÔòÉÔòÉÔòÉÔòÉÔòÉÔòÉÔòÉÔòÉÔòÉÔòÉÔòÉÔòÉÔòÉÔòÉÔòÉÔòÉÔòÉÔòÉÔòÉÔòÉÔòÉÔòÉÔòÉÔòÉÔòÉÔòÉÔòÉÔòÉÔòÉÔòÉÔòÉÔòÉÔòÉÔòÉÔòÉÔòÉÔòÉÔòÉÔòÉÔòÉÔòÉÔòÉÔòÉÔòÉÔòÉÔòÉÔòÉÔòÉÔòÉÔòÉÔòÉÔòÉÔòÉÔòÉÔòÉÔòÉÔòÉÔòÉÔòÉÔòÉÔòÉÔòÉÔòÉÔòÉÔòÉÔòÉÔòÉÔòÉÔòÉÔòÉÔòÉÔòØ

  95) [firefox] ÔÇ║ e2e\app.spec.ts:498:5 ÔÇ║ Process Manager Page ÔÇ║ search filter works ÔöÇÔöÇÔöÇÔöÇÔöÇÔöÇÔöÇÔöÇÔöÇÔöÇÔöÇÔöÇÔöÇÔöÇÔöÇ

    Error: browserType.launch: Executable doesn't exist at C:\Users\User\AppData\Local\ms-playwright\firefox-1509\firefox\firefox.exe
    ÔòöÔòÉÔòÉÔòÉÔòÉÔòÉÔòÉÔòÉÔòÉÔòÉÔòÉÔòÉÔòÉÔòÉÔòÉÔòÉÔòÉÔòÉÔòÉÔòÉÔòÉÔòÉÔòÉÔòÉÔòÉÔòÉÔòÉÔòÉÔòÉÔòÉÔòÉÔòÉÔòÉÔòÉÔòÉÔòÉÔòÉÔòÉÔòÉÔòÉÔòÉÔòÉÔòÉÔòÉÔòÉÔòÉÔòÉÔòÉÔòÉÔòÉÔòÉÔòÉÔòÉÔòÉÔòÉÔòÉÔòÉÔòÉÔòÉÔòÉÔòÉÔòÉÔòÉÔòÉÔòÉÔòÉÔòÉÔòÉÔòÉÔòÉÔòÉÔòÉÔòÉÔòÉÔòù
    Ôòæ Looks like Playwright Test or Playwright was just installed or updated. Ôòæ
    Ôòæ Please run the following command to download new browsers:              Ôòæ
    Ôòæ                                                                         Ôòæ
    Ôòæ     npx playwright install                                              Ôòæ
    Ôòæ                                                                         Ôòæ
    Ôòæ <3 Playwright Team                                                      Ôòæ
    ÔòÜÔòÉÔòÉÔòÉÔòÉÔòÉÔòÉÔòÉÔòÉÔòÉÔòÉÔòÉÔòÉÔòÉÔòÉÔòÉÔòÉÔòÉÔòÉÔòÉÔòÉÔòÉÔòÉÔòÉÔòÉÔòÉÔòÉÔòÉÔòÉÔòÉÔòÉÔòÉÔòÉÔòÉÔòÉÔòÉÔòÉÔòÉÔòÉÔòÉÔòÉÔòÉÔòÉÔòÉÔòÉÔòÉÔòÉÔòÉÔòÉÔòÉÔòÉÔòÉÔòÉÔòÉÔòÉÔòÉÔòÉÔòÉÔòÉÔòÉÔòÉÔòÉÔòÉÔòÉÔòÉÔòÉÔòÉÔòÉÔòÉÔòÉÔòÉÔòÉÔòÉÔòÉÔòØ

  96) [firefox] ÔÇ║ e2e\app.spec.ts:503:5 ÔÇ║ Process Manager Page ÔÇ║ shows process list or loading state 

    Error: browserType.launch: Executable doesn't exist at C:\Users\User\AppData\Local\ms-playwright\firefox-1509\firefox\firefox.exe
    ÔòöÔòÉÔòÉÔòÉÔòÉÔòÉÔòÉÔòÉÔòÉÔòÉÔòÉÔòÉÔòÉÔòÉÔòÉÔòÉÔòÉÔòÉÔòÉÔòÉÔòÉÔòÉÔòÉÔòÉÔòÉÔòÉÔòÉÔòÉÔòÉÔòÉÔòÉÔòÉÔòÉÔòÉÔòÉÔòÉÔòÉÔòÉÔòÉÔòÉÔòÉÔòÉÔòÉÔòÉÔòÉÔòÉÔòÉÔòÉÔòÉÔòÉÔòÉÔòÉÔòÉÔòÉÔòÉÔòÉÔòÉÔòÉÔòÉÔòÉÔòÉÔòÉÔòÉÔòÉÔòÉÔòÉÔòÉÔòÉÔòÉÔòÉÔòÉÔòÉÔòÉÔòÉÔòù
    Ôòæ Looks like Playwright Test or Playwright was just installed or updated. Ôòæ
    Ôòæ Please run the following command to download new browsers:              Ôòæ
    Ôòæ                                                                         Ôòæ
    Ôòæ     npx playwright install                                              Ôòæ
    Ôòæ                                                                         Ôòæ
    Ôòæ <3 Playwright Team                                                      Ôòæ
    ÔòÜÔòÉÔòÉÔòÉÔòÉÔòÉÔòÉÔòÉÔòÉÔòÉÔòÉÔòÉÔòÉÔòÉÔòÉÔòÉÔòÉÔòÉÔòÉÔòÉÔòÉÔòÉÔòÉÔòÉÔòÉÔòÉÔòÉÔòÉÔòÉÔòÉÔòÉÔòÉÔòÉÔòÉÔòÉÔòÉÔòÉÔòÉÔòÉÔòÉÔòÉÔòÉÔòÉÔòÉÔòÉÔòÉÔòÉÔòÉÔòÉÔòÉÔòÉÔòÉÔòÉÔòÉÔòÉÔòÉÔòÉÔòÉÔòÉÔòÉÔòÉÔòÉÔòÉÔòÉÔòÉÔòÉÔòÉÔòÉÔòÉÔòÉÔòÉÔòÉÔòÉÔòÉÔòØ

  97) [firefox] ÔÇ║ e2e\app.spec.ts:523:5 ÔÇ║ Startup Manager Page ÔÇ║ displays Startup Manager heading ÔöÇÔöÇ

    Error: browserType.launch: Executable doesn't exist at C:\Users\User\AppData\Local\ms-playwright\firefox-1509\firefox\firefox.exe
    ÔòöÔòÉÔòÉÔòÉÔòÉÔòÉÔòÉÔòÉÔòÉÔòÉÔòÉÔòÉÔòÉÔòÉÔòÉÔòÉÔòÉÔòÉÔòÉÔòÉÔòÉÔòÉÔòÉÔòÉÔòÉÔòÉÔòÉÔòÉÔòÉÔòÉÔòÉÔòÉÔòÉÔòÉÔòÉÔòÉÔòÉÔòÉÔòÉÔòÉÔòÉÔòÉÔòÉÔòÉÔòÉÔòÉÔòÉÔòÉÔòÉÔòÉÔòÉÔòÉÔòÉÔòÉÔòÉÔòÉÔòÉÔòÉÔòÉÔòÉÔòÉÔòÉÔòÉÔòÉÔòÉÔòÉÔòÉÔòÉÔòÉÔòÉÔòÉÔòÉÔòÉÔòÉÔòù
    Ôòæ Looks like Playwright Test or Playwright was just installed or updated. Ôòæ
    Ôòæ Please run the following command to download new browsers:              Ôòæ
    Ôòæ                                                                         Ôòæ
    Ôòæ     npx playwright install                                              Ôòæ
    Ôòæ                                                                         Ôòæ
    Ôòæ <3 Playwright Team                                                      Ôòæ
    ÔòÜÔòÉÔòÉÔòÉÔòÉÔòÉÔòÉÔòÉÔòÉÔòÉÔòÉÔòÉÔòÉÔòÉÔòÉÔòÉÔòÉÔòÉÔòÉÔòÉÔòÉÔòÉÔòÉÔòÉÔòÉÔòÉÔòÉÔòÉÔòÉÔòÉÔòÉÔòÉÔòÉÔòÉÔòÉÔòÉÔòÉÔòÉÔòÉÔòÉÔòÉÔòÉÔòÉÔòÉÔòÉÔòÉÔòÉÔòÉÔòÉÔòÉÔòÉÔòÉÔòÉÔòÉÔòÉÔòÉÔòÉÔòÉÔòÉÔòÉÔòÉÔòÉÔòÉÔòÉÔòÉÔòÉÔòÉÔòÉÔòÉÔòÉÔòÉÔòÉÔòÉÔòÉÔòØ

  98) [firefox] ÔÇ║ e2e\app.spec.ts:528:5 ÔÇ║ Startup Manager Page ÔÇ║ shows refresh button ÔöÇÔöÇÔöÇÔöÇÔöÇÔöÇÔöÇÔöÇÔöÇÔöÇÔöÇÔöÇÔöÇÔöÇ

    Error: browserType.launch: Executable doesn't exist at C:\Users\User\AppData\Local\ms-playwright\firefox-1509\firefox\firefox.exe
    ÔòöÔòÉÔòÉÔòÉÔòÉÔòÉÔòÉÔòÉÔòÉÔòÉÔòÉÔòÉÔòÉÔòÉÔòÉÔòÉÔòÉÔòÉÔòÉÔòÉÔòÉÔòÉÔòÉÔòÉÔòÉÔòÉÔòÉÔòÉÔòÉÔòÉÔòÉÔòÉÔòÉÔòÉÔòÉÔòÉÔòÉÔòÉÔòÉÔòÉÔòÉÔòÉÔòÉÔòÉÔòÉÔòÉÔòÉÔòÉÔòÉÔòÉÔòÉÔòÉÔòÉÔòÉÔòÉÔòÉÔòÉÔòÉÔòÉÔòÉÔòÉÔòÉÔòÉÔòÉÔòÉÔòÉÔòÉÔòÉÔòÉÔòÉÔòÉÔòÉÔòÉÔòÉÔòù
    Ôòæ Looks like Playwright Test or Playwright was just installed or updated. Ôòæ
    Ôòæ Please run the following command to download new browsers:              Ôòæ
    Ôòæ                                                                         Ôòæ
    Ôòæ     npx playwright install                                              Ôòæ
    Ôòæ                                                                         Ôòæ
    Ôòæ <3 Playwright Team                                                      Ôòæ
    ÔòÜÔòÉÔòÉÔòÉÔòÉÔòÉÔòÉÔòÉÔòÉÔòÉÔòÉÔòÉÔòÉÔòÉÔòÉÔòÉÔòÉÔòÉÔòÉÔòÉÔòÉÔòÉÔòÉÔòÉÔòÉÔòÉÔòÉÔòÉÔòÉÔòÉÔòÉÔòÉÔòÉÔòÉÔòÉÔòÉÔòÉÔòÉÔòÉÔòÉÔòÉÔòÉÔòÉÔòÉÔòÉÔòÉÔòÉÔòÉÔòÉÔòÉÔòÉÔòÉÔòÉÔòÉÔòÉÔòÉÔòÉÔòÉÔòÉÔòÉÔòÉÔòÉÔòÉÔòÉÔòÉÔòÉÔòÉÔòÉÔòÉÔòÉÔòÉÔòÉÔòÉÔòÉÔòØ

  99) [firefox] ÔÇ║ e2e\app.spec.ts:532:5 ÔÇ║ Startup Manager Page ÔÇ║ has search input ÔöÇÔöÇÔöÇÔöÇÔöÇÔöÇÔöÇÔöÇÔöÇÔöÇÔöÇÔöÇÔöÇÔöÇÔöÇÔöÇÔöÇÔöÇ

    Error: browserType.launch: Executable doesn't exist at C:\Users\User\AppData\Local\ms-playwright\firefox-1509\firefox\firefox.exe
    ÔòöÔòÉÔòÉÔòÉÔòÉÔòÉÔòÉÔòÉÔòÉÔòÉÔòÉÔòÉÔòÉÔòÉÔòÉÔòÉÔòÉÔòÉÔòÉÔòÉÔòÉÔòÉÔòÉÔòÉÔòÉÔòÉÔòÉÔòÉÔòÉÔòÉÔòÉÔòÉÔòÉÔòÉÔòÉÔòÉÔòÉÔòÉÔòÉÔòÉÔòÉÔòÉÔòÉÔòÉÔòÉÔòÉÔòÉÔòÉÔòÉÔòÉÔòÉÔòÉÔòÉÔòÉÔòÉÔòÉÔòÉÔòÉÔòÉÔòÉÔòÉÔòÉÔòÉÔòÉÔòÉÔòÉÔòÉÔòÉÔòÉÔòÉÔòÉÔòÉÔòÉÔòÉÔòù
    Ôòæ Looks like Playwright Test or Playwright was just installed or updated. Ôòæ
    Ôòæ Please run the following command to download new browsers:              Ôòæ
    Ôòæ                                                                         Ôòæ
    Ôòæ     npx playwright install                                              Ôòæ
    Ôòæ                                                                         Ôòæ
    Ôòæ <3 Playwright Team                                                      Ôòæ
    ÔòÜÔòÉÔòÉÔòÉÔòÉÔòÉÔòÉÔòÉÔòÉÔòÉÔòÉÔòÉÔòÉÔòÉÔòÉÔòÉÔòÉÔòÉÔòÉÔòÉÔòÉÔòÉÔòÉÔòÉÔòÉÔòÉÔòÉÔòÉÔòÉÔòÉÔòÉÔòÉÔòÉÔòÉÔòÉÔòÉÔòÉÔòÉÔòÉÔòÉÔòÉÔòÉÔòÉÔòÉÔòÉÔòÉÔòÉÔòÉÔòÉÔòÉÔòÉÔòÉÔòÉÔòÉÔòÉÔòÉÔòÉÔòÉÔòÉÔòÉÔòÉÔòÉÔòÉÔòÉÔòÉÔòÉÔòÉÔòÉÔòÉÔòÉÔòÉÔòÉÔòÉÔòÉÔòØ

  100) [firefox] ÔÇ║ e2e\app.spec.ts:538:5 ÔÇ║ Startup Manager Page ÔÇ║ shows items count or loading state 

    Error: browserType.launch: Executable doesn't exist at C:\Users\User\AppData\Local\ms-playwright\firefox-1509\firefox\firefox.exe
    ÔòöÔòÉÔòÉÔòÉÔòÉÔòÉÔòÉÔòÉÔòÉÔòÉÔòÉÔòÉÔòÉÔòÉÔòÉÔòÉÔòÉÔòÉÔòÉÔòÉÔòÉÔòÉÔòÉÔòÉÔòÉÔòÉÔòÉÔòÉÔòÉÔòÉÔòÉÔòÉÔòÉÔòÉÔòÉÔòÉÔòÉÔòÉÔòÉÔòÉÔòÉÔòÉÔòÉÔòÉÔòÉÔòÉÔòÉÔòÉÔòÉÔòÉÔòÉÔòÉÔòÉÔòÉÔòÉÔòÉÔòÉÔòÉÔòÉÔòÉÔòÉÔòÉÔòÉÔòÉÔòÉÔòÉÔòÉÔòÉÔòÉÔòÉÔòÉÔòÉÔòÉÔòÉÔòù
    Ôòæ Looks like Playwright Test or Playwright was just installed or updated. Ôòæ
    Ôòæ Please run the following command to download new browsers:              Ôòæ
    Ôòæ                                                                         Ôòæ
    Ôòæ     npx playwright install                                              Ôòæ
    Ôòæ                                                                         Ôòæ
    Ôòæ <3 Playwright Team                                                      Ôòæ
    ÔòÜÔòÉÔòÉÔòÉÔòÉÔòÉÔòÉÔòÉÔòÉÔòÉÔòÉÔòÉÔòÉÔòÉÔòÉÔòÉÔòÉÔòÉÔòÉÔòÉÔòÉÔòÉÔòÉÔòÉÔòÉÔòÉÔòÉÔòÉÔòÉÔòÉÔòÉÔòÉÔòÉÔòÉÔòÉÔòÉÔòÉÔòÉÔòÉÔòÉÔòÉÔòÉÔòÉÔòÉÔòÉÔòÉÔòÉÔòÉÔòÉÔòÉÔòÉÔòÉÔòÉÔòÉÔòÉÔòÉÔòÉÔòÉÔòÉÔòÉÔòÉÔòÉÔòÉÔòÉÔòÉÔòÉÔòÉÔòÉÔòÉÔòÉÔòÉÔòÉÔòÉÔòÉÔòØ

  101) [firefox] ÔÇ║ e2e\app.spec.ts:559:5 ÔÇ║ Storage Optimizer Page ÔÇ║ displays Storage Optimizer heading 

    Error: browserType.launch: Executable doesn't exist at C:\Users\User\AppData\Local\ms-playwright\firefox-1509\firefox\firefox.exe
    ÔòöÔòÉÔòÉÔòÉÔòÉÔòÉÔòÉÔòÉÔòÉÔòÉÔòÉÔòÉÔòÉÔòÉÔòÉÔòÉÔòÉÔòÉÔòÉÔòÉÔòÉÔòÉÔòÉÔòÉÔòÉÔòÉÔòÉÔòÉÔòÉÔòÉÔòÉÔòÉÔòÉÔòÉÔòÉÔòÉÔòÉÔòÉÔòÉÔòÉÔòÉÔòÉÔòÉÔòÉÔòÉÔòÉÔòÉÔòÉÔòÉÔòÉÔòÉÔòÉÔòÉÔòÉÔòÉÔòÉÔòÉÔòÉÔòÉÔòÉÔòÉÔòÉÔòÉÔòÉÔòÉÔòÉÔòÉÔòÉÔòÉÔòÉÔòÉÔòÉÔòÉÔòÉÔòù
    Ôòæ Looks like Playwright Test or Playwright was just installed or updated. Ôòæ
    Ôòæ Please run the following command to download new browsers:              Ôòæ
    Ôòæ                                                                         Ôòæ
    Ôòæ     npx playwright install                                              Ôòæ
    Ôòæ                                                                         Ôòæ
    Ôòæ <3 Playwright Team                                                      Ôòæ
    ÔòÜÔòÉÔòÉÔòÉÔòÉÔòÉÔòÉÔòÉÔòÉÔòÉÔòÉÔòÉÔòÉÔòÉÔòÉÔòÉÔòÉÔòÉÔòÉÔòÉÔòÉÔòÉÔòÉÔòÉÔòÉÔòÉÔòÉÔòÉÔòÉÔòÉÔòÉÔòÉÔòÉÔòÉÔòÉÔòÉÔòÉÔòÉÔòÉÔòÉÔòÉÔòÉÔòÉÔòÉÔòÉÔòÉÔòÉÔòÉÔòÉÔòÉÔòÉÔòÉÔòÉÔòÉÔòÉÔòÉÔòÉÔòÉÔòÉÔòÉÔòÉÔòÉÔòÉÔòÉÔòÉÔòÉÔòÉÔòÉÔòÉÔòÉÔòÉÔòÉÔòÉÔòÉÔòØ

  102) [firefox] ÔÇ║ e2e\app.spec.ts:564:5 ÔÇ║ Storage Optimizer Page ÔÇ║ shows Potential Savings overview card 

    Error: browserType.launch: Executable doesn't exist at C:\Users\User\AppData\Local\ms-playwright\firefox-1509\firefox\firefox.exe
    ÔòöÔòÉÔòÉÔòÉÔòÉÔòÉÔòÉÔòÉÔòÉÔòÉÔòÉÔòÉÔòÉÔòÉÔòÉÔòÉÔòÉÔòÉÔòÉÔòÉÔòÉÔòÉÔòÉÔòÉÔòÉÔòÉÔòÉÔòÉÔòÉÔòÉÔòÉÔòÉÔòÉÔòÉÔòÉÔòÉÔòÉÔòÉÔòÉÔòÉÔòÉÔòÉÔòÉÔòÉÔòÉÔòÉÔòÉÔòÉÔòÉÔòÉÔòÉÔòÉÔòÉÔòÉÔòÉÔòÉÔòÉÔòÉÔòÉÔòÉÔòÉÔòÉÔòÉÔòÉÔòÉÔòÉÔòÉÔòÉÔòÉÔòÉÔòÉÔòÉÔòÉÔòÉÔòù
    Ôòæ Looks like Playwright Test or Playwright was just installed or updated. Ôòæ
    Ôòæ Please run the following command to download new browsers:              Ôòæ
    Ôòæ                                                                         Ôòæ
    Ôòæ     npx playwright install                                              Ôòæ
    Ôòæ                                                                         Ôòæ
    Ôòæ <3 Playwright Team                                                      Ôòæ
    ÔòÜÔòÉÔòÉÔòÉÔòÉÔòÉÔòÉÔòÉÔòÉÔòÉÔòÉÔòÉÔòÉÔòÉÔòÉÔòÉÔòÉÔòÉÔòÉÔòÉÔòÉÔòÉÔòÉÔòÉÔòÉÔòÉÔòÉÔòÉÔòÉÔòÉÔòÉÔòÉÔòÉÔòÉÔòÉÔòÉÔòÉÔòÉÔòÉÔòÉÔòÉÔòÉÔòÉÔòÉÔòÉÔòÉÔòÉÔòÉÔòÉÔòÉÔòÉÔòÉÔòÉÔòÉÔòÉÔòÉÔòÉÔòÉÔòÉÔòÉÔòÉÔòÉÔòÉÔòÉÔòÉÔòÉÔòÉÔòÉÔòÉÔòÉÔòÉÔòÉÔòÉÔòÉÔòØ

  103) [firefox] ÔÇ║ e2e\app.spec.ts:568:5 ÔÇ║ Storage Optimizer Page ÔÇ║ has Rescan and Clean Selected buttons 

    Error: browserType.launch: Executable doesn't exist at C:\Users\User\AppData\Local\ms-playwright\firefox-1509\firefox\firefox.exe
    ÔòöÔòÉÔòÉÔòÉÔòÉÔòÉÔòÉÔòÉÔòÉÔòÉÔòÉÔòÉÔòÉÔòÉÔòÉÔòÉÔòÉÔòÉÔòÉÔòÉÔòÉÔòÉÔòÉÔòÉÔòÉÔòÉÔòÉÔòÉÔòÉÔòÉÔòÉÔòÉÔòÉÔòÉÔòÉÔòÉÔòÉÔòÉÔòÉÔòÉÔòÉÔòÉÔòÉÔòÉÔòÉÔòÉÔòÉÔòÉÔòÉÔòÉÔòÉÔòÉÔòÉÔòÉÔòÉÔòÉÔòÉÔòÉÔòÉÔòÉÔòÉÔòÉÔòÉÔòÉÔòÉÔòÉÔòÉÔòÉÔòÉÔòÉÔòÉÔòÉÔòÉÔòÉÔòù
    Ôòæ Looks like Playwright Test or Playwright was just installed or updated. Ôòæ
    Ôòæ Please run the following command to download new browsers:              Ôòæ
    Ôòæ                                                                         Ôòæ
    Ôòæ     npx playwright install                                              Ôòæ
    Ôòæ                                                                         Ôòæ
    Ôòæ <3 Playwright Team                                                      Ôòæ
    ÔòÜÔòÉÔòÉÔòÉÔòÉÔòÉÔòÉÔòÉÔòÉÔòÉÔòÉÔòÉÔòÉÔòÉÔòÉÔòÉÔòÉÔòÉÔòÉÔòÉÔòÉÔòÉÔòÉÔòÉÔòÉÔòÉÔòÉÔòÉÔòÉÔòÉÔòÉÔòÉÔòÉÔòÉÔòÉÔòÉÔòÉÔòÉÔòÉÔòÉÔòÉÔòÉÔòÉÔòÉÔòÉÔòÉÔòÉÔòÉÔòÉÔòÉÔòÉÔòÉÔòÉÔòÉÔòÉÔòÉÔòÉÔòÉÔòÉÔòÉÔòÉÔòÉÔòÉÔòÉÔòÉÔòÉÔòÉÔòÉÔòÉÔòÉÔòÉÔòÉÔòÉÔòÉÔòØ

  104) [firefox] ÔÇ║ e2e\app.spec.ts:573:5 ÔÇ║ Storage Optimizer Page ÔÇ║ shows categories or scanning/clean state 

    Error: browserType.launch: Executable doesn't exist at C:\Users\User\AppData\Local\ms-playwright\firefox-1509\firefox\firefox.exe
    ÔòöÔòÉÔòÉÔòÉÔòÉÔòÉÔòÉÔòÉÔòÉÔòÉÔòÉÔòÉÔòÉÔòÉÔòÉÔòÉÔòÉÔòÉÔòÉÔòÉÔòÉÔòÉÔòÉÔòÉÔòÉÔòÉÔòÉÔòÉÔòÉÔòÉÔòÉÔòÉÔòÉÔòÉÔòÉÔòÉÔòÉÔòÉÔòÉÔòÉÔòÉÔòÉÔòÉÔòÉÔòÉÔòÉÔòÉÔòÉÔòÉÔòÉÔòÉÔòÉÔòÉÔòÉÔòÉÔòÉÔòÉÔòÉÔòÉÔòÉÔòÉÔòÉÔòÉÔòÉÔòÉÔòÉÔòÉÔòÉÔòÉÔòÉÔòÉÔòÉÔòÉÔòÉÔòù
    Ôòæ Looks like Playwright Test or Playwright was just installed or updated. Ôòæ
    Ôòæ Please run the following command to download new browsers:              Ôòæ
    Ôòæ                                                                         Ôòæ
    Ôòæ     npx playwright install                                              Ôòæ
    Ôòæ                                                                         Ôòæ
    Ôòæ <3 Playwright Team                                                      Ôòæ
    ÔòÜÔòÉÔòÉÔòÉÔòÉÔòÉÔòÉÔòÉÔòÉÔòÉÔòÉÔòÉÔòÉÔòÉÔòÉÔòÉÔòÉÔòÉÔòÉÔòÉÔòÉÔòÉÔòÉÔòÉÔòÉÔòÉÔòÉÔòÉÔòÉÔòÉÔòÉÔòÉÔòÉÔòÉÔòÉÔòÉÔòÉÔòÉÔòÉÔòÉÔòÉÔòÉÔòÉÔòÉÔòÉÔòÉÔòÉÔòÉÔòÉÔòÉÔòÉÔòÉÔòÉÔòÉÔòÉÔòÉÔòÉÔòÉÔòÉÔòÉÔòÉÔòÉÔòÉÔòÉÔòÉÔòÉÔòÉÔòÉÔòÉÔòÉÔòÉÔòÉÔòÉÔòÉÔòØ

  105) [firefox] ÔÇ║ e2e\app.spec.ts:594:5 ÔÇ║ Network Analyzer Page ÔÇ║ displays Network Analyzer heading 

    Error: browserType.launch: Executable doesn't exist at C:\Users\User\AppData\Local\ms-playwright\firefox-1509\firefox\firefox.exe
    ÔòöÔòÉÔòÉÔòÉÔòÉÔòÉÔòÉÔòÉÔòÉÔòÉÔòÉÔòÉÔòÉÔòÉÔòÉÔòÉÔòÉÔòÉÔòÉÔòÉÔòÉÔòÉÔòÉÔòÉÔòÉÔòÉÔòÉÔòÉÔòÉÔòÉÔòÉÔòÉÔòÉÔòÉÔòÉÔòÉÔòÉÔòÉÔòÉÔòÉÔòÉÔòÉÔòÉÔòÉÔòÉÔòÉÔòÉÔòÉÔòÉÔòÉÔòÉÔòÉÔòÉÔòÉÔòÉÔòÉÔòÉÔòÉÔòÉÔòÉÔòÉÔòÉÔòÉÔòÉÔòÉÔòÉÔòÉÔòÉÔòÉÔòÉÔòÉÔòÉÔòÉÔòÉÔòù
    Ôòæ Looks like Playwright Test or Playwright was just installed or updated. Ôòæ
    Ôòæ Please run the following command to download new browsers:              Ôòæ
    Ôòæ                                                                         Ôòæ
    Ôòæ     npx playwright install                                              Ôòæ
    Ôòæ                                                                         Ôòæ
    Ôòæ <3 Playwright Team                                                      Ôòæ
    ÔòÜÔòÉÔòÉÔòÉÔòÉÔòÉÔòÉÔòÉÔòÉÔòÉÔòÉÔòÉÔòÉÔòÉÔòÉÔòÉÔòÉÔòÉÔòÉÔòÉÔòÉÔòÉÔòÉÔòÉÔòÉÔòÉÔòÉÔòÉÔòÉÔòÉÔòÉÔòÉÔòÉÔòÉÔòÉÔòÉÔòÉÔòÉÔòÉÔòÉÔòÉÔòÉÔòÉÔòÉÔòÉÔòÉÔòÉÔòÉÔòÉÔòÉÔòÉÔòÉÔòÉÔòÉÔòÉÔòÉÔòÉÔòÉÔòÉÔòÉÔòÉÔòÉÔòÉÔòÉÔòÉÔòÉÔòÉÔòÉÔòÉÔòÉÔòÉÔòÉÔòÉÔòÉÔòØ

  106) [firefox] ÔÇ║ e2e\app.spec.ts:599:5 ÔÇ║ Network Analyzer Page ÔÇ║ shows Latency Test panel with ping input 

    Error: browserType.launch: Executable doesn't exist at C:\Users\User\AppData\Local\ms-playwright\firefox-1509\firefox\firefox.exe
    ÔòöÔòÉÔòÉÔòÉÔòÉÔòÉÔòÉÔòÉÔòÉÔòÉÔòÉÔòÉÔòÉÔòÉÔòÉÔòÉÔòÉÔòÉÔòÉÔòÉÔòÉÔòÉÔòÉÔòÉÔòÉÔòÉÔòÉÔòÉÔòÉÔòÉÔòÉÔòÉÔòÉÔòÉÔòÉÔòÉÔòÉÔòÉÔòÉÔòÉÔòÉÔòÉÔòÉÔòÉÔòÉÔòÉÔòÉÔòÉÔòÉÔòÉÔòÉÔòÉÔòÉÔòÉÔòÉÔòÉÔòÉÔòÉÔòÉÔòÉÔòÉÔòÉÔòÉÔòÉÔòÉÔòÉÔòÉÔòÉÔòÉÔòÉÔòÉÔòÉÔòÉÔòÉÔòù
    Ôòæ Looks like Playwright Test or Playwright was just installed or updated. Ôòæ
    Ôòæ Please run the following command to download new browsers:              Ôòæ
    Ôòæ                                                                         Ôòæ
    Ôòæ     npx playwright install                                              Ôòæ
    Ôòæ                                                                         Ôòæ
    Ôòæ <3 Playwright Team                                                      Ôòæ
    ÔòÜÔòÉÔòÉÔòÉÔòÉÔòÉÔòÉÔòÉÔòÉÔòÉÔòÉÔòÉÔòÉÔòÉÔòÉÔòÉÔòÉÔòÉÔòÉÔòÉÔòÉÔòÉÔòÉÔòÉÔòÉÔòÉÔòÉÔòÉÔòÉÔòÉÔòÉÔòÉÔòÉÔòÉÔòÉÔòÉÔòÉÔòÉÔòÉÔòÉÔòÉÔòÉÔòÉÔòÉÔòÉÔòÉÔòÉÔòÉÔòÉÔòÉÔòÉÔòÉÔòÉÔòÉÔòÉÔòÉÔòÉÔòÉÔòÉÔòÉÔòÉÔòÉÔòÉÔòÉÔòÉÔòÉÔòÉÔòÉÔòÉÔòÉÔòÉÔòÉÔòÉÔòÉÔòØ

  107) [firefox] ÔÇ║ e2e\app.spec.ts:604:5 ÔÇ║ Network Analyzer Page ÔÇ║ PING button exists and is clickable 

    Error: browserType.launch: Executable doesn't exist at C:\Users\User\AppData\Local\ms-playwright\firefox-1509\firefox\firefox.exe
    ÔòöÔòÉÔòÉÔòÉÔòÉÔòÉÔòÉÔòÉÔòÉÔòÉÔòÉÔòÉÔòÉÔòÉÔòÉÔòÉÔòÉÔòÉÔòÉÔòÉÔòÉÔòÉÔòÉÔòÉÔòÉÔòÉÔòÉÔòÉÔòÉÔòÉÔòÉÔòÉÔòÉÔòÉÔòÉÔòÉÔòÉÔòÉÔòÉÔòÉÔòÉÔòÉÔòÉÔòÉÔòÉÔòÉÔòÉÔòÉÔòÉÔòÉÔòÉÔòÉÔòÉÔòÉÔòÉÔòÉÔòÉÔòÉÔòÉÔòÉÔòÉÔòÉÔòÉÔòÉÔòÉÔòÉÔòÉÔòÉÔòÉÔòÉÔòÉÔòÉÔòÉÔòÉÔòù
    Ôòæ Looks like Playwright Test or Playwright was just installed or updated. Ôòæ
    Ôòæ Please run the following command to download new browsers:              Ôòæ
    Ôòæ                                                                         Ôòæ
    Ôòæ     npx playwright install                                              Ôòæ
    Ôòæ                                                                         Ôòæ
    Ôòæ <3 Playwright Team                                                      Ôòæ
    ÔòÜÔòÉÔòÉÔòÉÔòÉÔòÉÔòÉÔòÉÔòÉÔòÉÔòÉÔòÉÔòÉÔòÉÔòÉÔòÉÔòÉÔòÉÔòÉÔòÉÔòÉÔòÉÔòÉÔòÉÔòÉÔòÉÔòÉÔòÉÔòÉÔòÉÔòÉÔòÉÔòÉÔòÉÔòÉÔòÉÔòÉÔòÉÔòÉÔòÉÔòÉÔòÉÔòÉÔòÉÔòÉÔòÉÔòÉÔòÉÔòÉÔòÉÔòÉÔòÉÔòÉÔòÉÔòÉÔòÉÔòÉÔòÉÔòÉÔòÉÔòÉÔòÉÔòÉÔòÉÔòÉÔòÉÔòÉÔòÉÔòÉÔòÉÔòÉÔòÉÔòÉÔòÉÔòØ

  108) [firefox] ÔÇ║ e2e\app.spec.ts:609:5 ÔÇ║ Network Analyzer Page ÔÇ║ shows Active Adapters section ÔöÇÔöÇÔöÇ

    Error: browserType.launch: Executable doesn't exist at C:\Users\User\AppData\Local\ms-playwright\firefox-1509\firefox\firefox.exe
    ÔòöÔòÉÔòÉÔòÉÔòÉÔòÉÔòÉÔòÉÔòÉÔòÉÔòÉÔòÉÔòÉÔòÉÔòÉÔòÉÔòÉÔòÉÔòÉÔòÉÔòÉÔòÉÔòÉÔòÉÔòÉÔòÉÔòÉÔòÉÔòÉÔòÉÔòÉÔòÉÔòÉÔòÉÔòÉÔòÉÔòÉÔòÉÔòÉÔòÉÔòÉÔòÉÔòÉÔòÉÔòÉÔòÉÔòÉÔòÉÔòÉÔòÉÔòÉÔòÉÔòÉÔòÉÔòÉÔòÉÔòÉÔòÉÔòÉÔòÉÔòÉÔòÉÔòÉÔòÉÔòÉÔòÉÔòÉÔòÉÔòÉÔòÉÔòÉÔòÉÔòÉÔòÉÔòù
    Ôòæ Looks like Playwright Test or Playwright was just installed or updated. Ôòæ
    Ôòæ Please run the following command to download new browsers:              Ôòæ
    Ôòæ                                                                         Ôòæ
    Ôòæ     npx playwright install                                              Ôòæ
    Ôòæ                                                                         Ôòæ
    Ôòæ <3 Playwright Team                                                      Ôòæ
    ÔòÜÔòÉÔòÉÔòÉÔòÉÔòÉÔòÉÔòÉÔòÉÔòÉÔòÉÔòÉÔòÉÔòÉÔòÉÔòÉÔòÉÔòÉÔòÉÔòÉÔòÉÔòÉÔòÉÔòÉÔòÉÔòÉÔòÉÔòÉÔòÉÔòÉÔòÉÔòÉÔòÉÔòÉÔòÉÔòÉÔòÉÔòÉÔòÉÔòÉÔòÉÔòÉÔòÉÔòÉÔòÉÔòÉÔòÉÔòÉÔòÉÔòÉÔòÉÔòÉÔòÉÔòÉÔòÉÔòÉÔòÉÔòÉÔòÉÔòÉÔòÉÔòÉÔòÉÔòÉÔòÉÔòÉÔòÉÔòÉÔòÉÔòÉÔòÉÔòÉÔòÉÔòÉÔòØ

  109) [firefox] ÔÇ║ e2e\app.spec.ts:613:5 ÔÇ║ Network Analyzer Page ÔÇ║ adapters show IP and MAC info or loading/empty state 

    Error: browserType.launch: Executable doesn't exist at C:\Users\User\AppData\Local\ms-playwright\firefox-1509\firefox\firefox.exe
    ÔòöÔòÉÔòÉÔòÉÔòÉÔòÉÔòÉÔòÉÔòÉÔòÉÔòÉÔòÉÔòÉÔòÉÔòÉÔòÉÔòÉÔòÉÔòÉÔòÉÔòÉÔòÉÔòÉÔòÉÔòÉÔòÉÔòÉÔòÉÔòÉÔòÉÔòÉÔòÉÔòÉÔòÉÔòÉÔòÉÔòÉÔòÉÔòÉÔòÉÔòÉÔòÉÔòÉÔòÉÔòÉÔòÉÔòÉÔòÉÔòÉÔòÉÔòÉÔòÉÔòÉÔòÉÔòÉÔòÉÔòÉÔòÉÔòÉÔòÉÔòÉÔòÉÔòÉÔòÉÔòÉÔòÉÔòÉÔòÉÔòÉÔòÉÔòÉÔòÉÔòÉÔòÉÔòù
    Ôòæ Looks like Playwright Test or Playwright was just installed or updated. Ôòæ
    Ôòæ Please run the following command to download new browsers:              Ôòæ
    Ôòæ                                                                         Ôòæ
    Ôòæ     npx playwright install                                              Ôòæ
    Ôòæ                                                                         Ôòæ
    Ôòæ <3 Playwright Team                                                      Ôòæ
    ÔòÜÔòÉÔòÉÔòÉÔòÉÔòÉÔòÉÔòÉÔòÉÔòÉÔòÉÔòÉÔòÉÔòÉÔòÉÔòÉÔòÉÔòÉÔòÉÔòÉÔòÉÔòÉÔòÉÔòÉÔòÉÔòÉÔòÉÔòÉÔòÉÔòÉÔòÉÔòÉÔòÉÔòÉÔòÉÔòÉÔòÉÔòÉÔòÉÔòÉÔòÉÔòÉÔòÉÔòÉÔòÉÔòÉÔòÉÔòÉÔòÉÔòÉÔòÉÔòÉÔòÉÔòÉÔòÉÔòÉÔòÉÔòÉÔòÉÔòÉÔòÉÔòÉÔòÉÔòÉÔòÉÔòÉÔòÉÔòÉÔòÉÔòÉÔòÉÔòÉÔòÉÔòÉÔòØ

  110) [firefox] ÔÇ║ e2e\app.spec.ts:634:5 ÔÇ║ Apps Page ÔÇ║ displays Recommended Apps heading ÔöÇÔöÇÔöÇÔöÇÔöÇÔöÇÔöÇÔöÇÔöÇÔöÇÔöÇ

    Error: browserType.launch: Executable doesn't exist at C:\Users\User\AppData\Local\ms-playwright\firefox-1509\firefox\firefox.exe
    ÔòöÔòÉÔòÉÔòÉÔòÉÔòÉÔòÉÔòÉÔòÉÔòÉÔòÉÔòÉÔòÉÔòÉÔòÉÔòÉÔòÉÔòÉÔòÉÔòÉÔòÉÔòÉÔòÉÔòÉÔòÉÔòÉÔòÉÔòÉÔòÉÔòÉÔòÉÔòÉÔòÉÔòÉÔòÉÔòÉÔòÉÔòÉÔòÉÔòÉÔòÉÔòÉÔòÉÔòÉÔòÉÔòÉÔòÉÔòÉÔòÉÔòÉÔòÉÔòÉÔòÉÔòÉÔòÉÔòÉÔòÉÔòÉÔòÉÔòÉÔòÉÔòÉÔòÉÔòÉÔòÉÔòÉÔòÉÔòÉÔòÉÔòÉÔòÉÔòÉÔòÉÔòÉÔòù
    Ôòæ Looks like Playwright Test or Playwright was just installed or updated. Ôòæ
    Ôòæ Please run the following command to download new browsers:              Ôòæ
    Ôòæ                                                                         Ôòæ
    Ôòæ     npx playwright install                                              Ôòæ
    Ôòæ                                                                         Ôòæ
    Ôòæ <3 Playwright Team                                                      Ôòæ
    ÔòÜÔòÉÔòÉÔòÉÔòÉÔòÉÔòÉÔòÉÔòÉÔòÉÔòÉÔòÉÔòÉÔòÉÔòÉÔòÉÔòÉÔòÉÔòÉÔòÉÔòÉÔòÉÔòÉÔòÉÔòÉÔòÉÔòÉÔòÉÔòÉÔòÉÔòÉÔòÉÔòÉÔòÉÔòÉÔòÉÔòÉÔòÉÔòÉÔòÉÔòÉÔòÉÔòÉÔòÉÔòÉÔòÉÔòÉÔòÉÔòÉÔòÉÔòÉÔòÉÔòÉÔòÉÔòÉÔòÉÔòÉÔòÉÔòÉÔòÉÔòÉÔòÉÔòÉÔòÉÔòÉÔòÉÔòÉÔòÉÔòÉÔòÉÔòÉÔòÉÔòÉÔòÉÔòØ

  111) [firefox] ÔÇ║ e2e\app.spec.ts:640:5 ÔÇ║ Apps Page ÔÇ║ shows category tabs ÔöÇÔöÇÔöÇÔöÇÔöÇÔöÇÔöÇÔöÇÔöÇÔöÇÔöÇÔöÇÔöÇÔöÇÔöÇÔöÇÔöÇÔöÇÔöÇÔöÇÔöÇÔöÇÔöÇÔöÇÔöÇ

    Error: browserType.launch: Executable doesn't exist at C:\Users\User\AppData\Local\ms-playwright\firefox-1509\firefox\firefox.exe
    ÔòöÔòÉÔòÉÔòÉÔòÉÔòÉÔòÉÔòÉÔòÉÔòÉÔòÉÔòÉÔòÉÔòÉÔòÉÔòÉÔòÉÔòÉÔòÉÔòÉÔòÉÔòÉÔòÉÔòÉÔòÉÔòÉÔòÉÔòÉÔòÉÔòÉÔòÉÔòÉÔòÉÔòÉÔòÉÔòÉÔòÉÔòÉÔòÉÔòÉÔòÉÔòÉÔòÉÔòÉÔòÉÔòÉÔòÉÔòÉÔòÉÔòÉÔòÉÔòÉÔòÉÔòÉÔòÉÔòÉÔòÉÔòÉÔòÉÔòÉÔòÉÔòÉÔòÉÔòÉÔòÉÔòÉÔòÉÔòÉÔòÉÔòÉÔòÉÔòÉÔòÉÔòÉÔòù
    Ôòæ Looks like Playwright Test or Playwright was just installed or updated. Ôòæ
    Ôòæ Please run the following command to download new browsers:              Ôòæ
    Ôòæ                                                                         Ôòæ
    Ôòæ     npx playwright install                                              Ôòæ
    Ôòæ                                                                         Ôòæ
    Ôòæ <3 Playwright Team                                                      Ôòæ
    ÔòÜÔòÉÔòÉÔòÉÔòÉÔòÉÔòÉÔòÉÔòÉÔòÉÔòÉÔòÉÔòÉÔòÉÔòÉÔòÉÔòÉÔòÉÔòÉÔòÉÔòÉÔòÉÔòÉÔòÉÔòÉÔòÉÔòÉÔòÉÔòÉÔòÉÔòÉÔòÉÔòÉÔòÉÔòÉÔòÉÔòÉÔòÉÔòÉÔòÉÔòÉÔòÉÔòÉÔòÉÔòÉÔòÉÔòÉÔòÉÔòÉÔòÉÔòÉÔòÉÔòÉÔòÉÔòÉÔòÉÔòÉÔòÉÔòÉÔòÉÔòÉÔòÉÔòÉÔòÉÔòÉÔòÉÔòÉÔòÉÔòÉÔòÉÔòÉÔòÉÔòÉÔòÉÔòØ

  112) [firefox] ÔÇ║ e2e\app.spec.ts:645:5 ÔÇ║ Apps Page ÔÇ║ has search input ÔöÇÔöÇÔöÇÔöÇÔöÇÔöÇÔöÇÔöÇÔöÇÔöÇÔöÇÔöÇÔöÇÔöÇÔöÇÔöÇÔöÇÔöÇÔöÇÔöÇÔöÇÔöÇÔöÇÔöÇÔöÇÔöÇÔöÇÔöÇ

    Error: browserType.launch: Executable doesn't exist at C:\Users\User\AppData\Local\ms-playwright\firefox-1509\firefox\firefox.exe
    ÔòöÔòÉÔòÉÔòÉÔòÉÔòÉÔòÉÔòÉÔòÉÔòÉÔòÉÔòÉÔòÉÔòÉÔòÉÔòÉÔòÉÔòÉÔòÉÔòÉÔòÉÔòÉÔòÉÔòÉÔòÉÔòÉÔòÉÔòÉÔòÉÔòÉÔòÉÔòÉÔòÉÔòÉÔòÉÔòÉÔòÉÔòÉÔòÉÔòÉÔòÉÔòÉÔòÉÔòÉÔòÉÔòÉÔòÉÔòÉÔòÉÔòÉÔòÉÔòÉÔòÉÔòÉÔòÉÔòÉÔòÉÔòÉÔòÉÔòÉÔòÉÔòÉÔòÉÔòÉÔòÉÔòÉÔòÉÔòÉÔòÉÔòÉÔòÉÔòÉÔòÉÔòÉÔòù
    Ôòæ Looks like Playwright Test or Playwright was just installed or updated. Ôòæ
    Ôòæ Please run the following command to download new browsers:              Ôòæ
    Ôòæ                                                                         Ôòæ
    Ôòæ     npx playwright install                                              Ôòæ
    Ôòæ                                                                         Ôòæ
    Ôòæ <3 Playwright Team                                                      Ôòæ
    ÔòÜÔòÉÔòÉÔòÉÔòÉÔòÉÔòÉÔòÉÔòÉÔòÉÔòÉÔòÉÔòÉÔòÉÔòÉÔòÉÔòÉÔòÉÔòÉÔòÉÔòÉÔòÉÔòÉÔòÉÔòÉÔòÉÔòÉÔòÉÔòÉÔòÉÔòÉÔòÉÔòÉÔòÉÔòÉÔòÉÔòÉÔòÉÔòÉÔòÉÔòÉÔòÉÔòÉÔòÉÔòÉÔòÉÔòÉÔòÉÔòÉÔòÉÔòÉÔòÉÔòÉÔòÉÔòÉÔòÉÔòÉÔòÉÔòÉÔòÉÔòÉÔòÉÔòÉÔòÉÔòÉÔòÉÔòÉÔòÉÔòÉÔòÉÔòÉÔòÉÔòÉÔòÉÔòØ

  113) [firefox] ÔÇ║ e2e\app.spec.ts:651:5 ÔÇ║ Apps Page ÔÇ║ shows app cards ÔöÇÔöÇÔöÇÔöÇÔöÇÔöÇÔöÇÔöÇÔöÇÔöÇÔöÇÔöÇÔöÇÔöÇÔöÇÔöÇÔöÇÔöÇÔöÇÔöÇÔöÇÔöÇÔöÇÔöÇÔöÇÔöÇÔöÇÔöÇÔöÇ

    Error: browserType.launch: Executable doesn't exist at C:\Users\User\AppData\Local\ms-playwright\firefox-1509\firefox\firefox.exe
    ÔòöÔòÉÔòÉÔòÉÔòÉÔòÉÔòÉÔòÉÔòÉÔòÉÔòÉÔòÉÔòÉÔòÉÔòÉÔòÉÔòÉÔòÉÔòÉÔòÉÔòÉÔòÉÔòÉÔòÉÔòÉÔòÉÔòÉÔòÉÔòÉÔòÉÔòÉÔòÉÔòÉÔòÉÔòÉÔòÉÔòÉÔòÉÔòÉÔòÉÔòÉÔòÉÔòÉÔòÉÔòÉÔòÉÔòÉÔòÉÔòÉÔòÉÔòÉÔòÉÔòÉÔòÉÔòÉÔòÉÔòÉÔòÉÔòÉÔòÉÔòÉÔòÉÔòÉÔòÉÔòÉÔòÉÔòÉÔòÉÔòÉÔòÉÔòÉÔòÉÔòÉÔòÉÔòù
    Ôòæ Looks like Playwright Test or Playwright was just installed or updated. Ôòæ
    Ôòæ Please run the following command to download new browsers:              Ôòæ
    Ôòæ                                                                         Ôòæ
    Ôòæ     npx playwright install                                              Ôòæ
    Ôòæ                                                                         Ôòæ
    Ôòæ <3 Playwright Team                                                      Ôòæ
    ÔòÜÔòÉÔòÉÔòÉÔòÉÔòÉÔòÉÔòÉÔòÉÔòÉÔòÉÔòÉÔòÉÔòÉÔòÉÔòÉÔòÉÔòÉÔòÉÔòÉÔòÉÔòÉÔòÉÔòÉÔòÉÔòÉÔòÉÔòÉÔòÉÔòÉÔòÉÔòÉÔòÉÔòÉÔòÉÔòÉÔòÉÔòÉÔòÉÔòÉÔòÉÔòÉÔòÉÔòÉÔòÉÔòÉÔòÉÔòÉÔòÉÔòÉÔòÉÔòÉÔòÉÔòÉÔòÉÔòÉÔòÉÔòÉÔòÉÔòÉÔòÉÔòÉÔòÉÔòÉÔòÉÔòÉÔòÉÔòÉÔòÉÔòÉÔòÉÔòÉÔòÉÔòÉÔòØ

  114) [firefox] ÔÇ║ e2e\app.spec.ts:665:5 ÔÇ║ AC-14: Empty States ÔÇ║ unknown route shows Module Under Development 

    Error: browserType.launch: Executable doesn't exist at C:\Users\User\AppData\Local\ms-playwright\firefox-1509\firefox\firefox.exe
    ÔòöÔòÉÔòÉÔòÉÔòÉÔòÉÔòÉÔòÉÔòÉÔòÉÔòÉÔòÉÔòÉÔòÉÔòÉÔòÉÔòÉÔòÉÔòÉÔòÉÔòÉÔòÉÔòÉÔòÉÔòÉÔòÉÔòÉÔòÉÔòÉÔòÉÔòÉÔòÉÔòÉÔòÉÔòÉÔòÉÔòÉÔòÉÔòÉÔòÉÔòÉÔòÉÔòÉÔòÉÔòÉÔòÉÔòÉÔòÉÔòÉÔòÉÔòÉÔòÉÔòÉÔòÉÔòÉÔòÉÔòÉÔòÉÔòÉÔòÉÔòÉÔòÉÔòÉÔòÉÔòÉÔòÉÔòÉÔòÉÔòÉÔòÉÔòÉÔòÉÔòÉÔòÉÔòù
    Ôòæ Looks like Playwright Test or Playwright was just installed or updated. Ôòæ
    Ôòæ Please run the following command to download new browsers:              Ôòæ
    Ôòæ                                                                         Ôòæ
    Ôòæ     npx playwright install                                              Ôòæ
    Ôòæ                                                                         Ôòæ
    Ôòæ <3 Playwright Team                                                      Ôòæ
    ÔòÜÔòÉÔòÉÔòÉÔòÉÔòÉÔòÉÔòÉÔòÉÔòÉÔòÉÔòÉÔòÉÔòÉÔòÉÔòÉÔòÉÔòÉÔòÉÔòÉÔòÉÔòÉÔòÉÔòÉÔòÉÔòÉÔòÉÔòÉÔòÉÔòÉÔòÉÔòÉÔòÉÔòÉÔòÉÔòÉÔòÉÔòÉÔòÉÔòÉÔòÉÔòÉÔòÉÔòÉÔòÉÔòÉÔòÉÔòÉÔòÉÔòÉÔòÉÔòÉÔòÉÔòÉÔòÉÔòÉÔòÉÔòÉÔòÉÔòÉÔòÉÔòÉÔòÉÔòÉÔòÉÔòÉÔòÉÔòÉÔòÉÔòÉÔòÉÔòÉÔòÉÔòÉÔòØ

  115) [firefox] ÔÇ║ e2e\app.spec.ts:675:5 ÔÇ║ AC-14: Empty States ÔÇ║ category with no tweaks shows appropriate empty state 

    Error: browserType.launch: Executable doesn't exist at C:\Users\User\AppData\Local\ms-playwright\firefox-1509\firefox\firefox.exe
    ÔòöÔòÉÔòÉÔòÉÔòÉÔòÉÔòÉÔòÉÔòÉÔòÉÔòÉÔòÉÔòÉÔòÉÔòÉÔòÉÔòÉÔòÉÔòÉÔòÉÔòÉÔòÉÔòÉÔòÉÔòÉÔòÉÔòÉÔòÉÔòÉÔòÉÔòÉÔòÉÔòÉÔòÉÔòÉÔòÉÔòÉÔòÉÔòÉÔòÉÔòÉÔòÉÔòÉÔòÉÔòÉÔòÉÔòÉÔòÉÔòÉÔòÉÔòÉÔòÉÔòÉÔòÉÔòÉÔòÉÔòÉÔòÉÔòÉÔòÉÔòÉÔòÉÔòÉÔòÉÔòÉÔòÉÔòÉÔòÉÔòÉÔòÉÔòÉÔòÉÔòÉÔòÉÔòù
    Ôòæ Looks like Playwright Test or Playwright was just installed or updated. Ôòæ
    Ôòæ Please run the following command to download new browsers:              Ôòæ
    Ôòæ                                                                         Ôòæ
    Ôòæ     npx playwright install                                              Ôòæ
    Ôòæ                                                                         Ôòæ
    Ôòæ <3 Playwright Team                                                      Ôòæ
    ÔòÜÔòÉÔòÉÔòÉÔòÉÔòÉÔòÉÔòÉÔòÉÔòÉÔòÉÔòÉÔòÉÔòÉÔòÉÔòÉÔòÉÔòÉÔòÉÔòÉÔòÉÔòÉÔòÉÔòÉÔòÉÔòÉÔòÉÔòÉÔòÉÔòÉÔòÉÔòÉÔòÉÔòÉÔòÉÔòÉÔòÉÔòÉÔòÉÔòÉÔòÉÔòÉÔòÉÔòÉÔòÉÔòÉÔòÉÔòÉÔòÉÔòÉÔòÉÔòÉÔòÉÔòÉÔòÉÔòÉÔòÉÔòÉÔòÉÔòÉÔòÉÔòÉÔòÉÔòÉÔòÉÔòÉÔòÉÔòÉÔòÉÔòÉÔòÉÔòÉÔòÉÔòÉÔòØ

  116) [firefox] ÔÇ║ e2e\app.spec.ts:694:5 ÔÇ║ AC-11: Tweak Validation Skeleton ÔÇ║ shows skeleton loading on tweak page mount then transitions to real state 

    Error: browserType.launch: Executable doesn't exist at C:\Users\User\AppData\Local\ms-playwright\firefox-1509\firefox\firefox.exe
    ÔòöÔòÉÔòÉÔòÉÔòÉÔòÉÔòÉÔòÉÔòÉÔòÉÔòÉÔòÉÔòÉÔòÉÔòÉÔòÉÔòÉÔòÉÔòÉÔòÉÔòÉÔòÉÔòÉÔòÉÔòÉÔòÉÔòÉÔòÉÔòÉÔòÉÔòÉÔòÉÔòÉÔòÉÔòÉÔòÉÔòÉÔòÉÔòÉÔòÉÔòÉÔòÉÔòÉÔòÉÔòÉÔòÉÔòÉÔòÉÔòÉÔòÉÔòÉÔòÉÔòÉÔòÉÔòÉÔòÉÔòÉÔòÉÔòÉÔòÉÔòÉÔòÉÔòÉÔòÉÔòÉÔòÉÔòÉÔòÉÔòÉÔòÉÔòÉÔòÉÔòÉÔòÉÔòù
    Ôòæ Looks like Playwright Test or Playwright was just installed or updated. Ôòæ
    Ôòæ Please run the following command to download new browsers:              Ôòæ
    Ôòæ                                                                         Ôòæ
    Ôòæ     npx playwright install                                              Ôòæ
    Ôòæ                                                                         Ôòæ
    Ôòæ <3 Playwright Team                                                      Ôòæ
    ÔòÜÔòÉÔòÉÔòÉÔòÉÔòÉÔòÉÔòÉÔòÉÔòÉÔòÉÔòÉÔòÉÔòÉÔòÉÔòÉÔòÉÔòÉÔòÉÔòÉÔòÉÔòÉÔòÉÔòÉÔòÉÔòÉÔòÉÔòÉÔòÉÔòÉÔòÉÔòÉÔòÉÔòÉÔòÉÔòÉÔòÉÔòÉÔòÉÔòÉÔòÉÔòÉÔòÉÔòÉÔòÉÔòÉÔòÉÔòÉÔòÉÔòÉÔòÉÔòÉÔòÉÔòÉÔòÉÔòÉÔòÉÔòÉÔòÉÔòÉÔòÉÔòÉÔòÉÔòÉÔòÉÔòÉÔòÉÔòÉÔòÉÔòÉÔòÉÔòÉÔòÉÔòÉÔòØ

  116 failed
    [chromium] ÔÇ║ e2e\app.spec.ts:24:5 ÔÇ║ AC-01: Onboarding Modal ÔÇ║ shows onboarding modal on first visit 
    [chromium] ÔÇ║ e2e\app.spec.ts:29:5 ÔÇ║ AC-01: Onboarding Modal ÔÇ║ advances through all 3 steps and closes 
    [chromium] ÔÇ║ e2e\app.spec.ts:43:5 ÔÇ║ AC-01: Onboarding Modal ÔÇ║ sets localStorage flag on completion 
    [chromium] ÔÇ║ e2e\app.spec.ts:75:5 ÔÇ║ Core Navigation ÔÇ║ navigates to Privacy view via sidebar ÔöÇÔöÇÔöÇÔöÇ
    [chromium] ÔÇ║ e2e\app.spec.ts:102:9 ÔÇ║ Core Navigation ÔÇ║ navigates to Process Manager page ÔöÇÔöÇÔöÇÔöÇÔöÇÔöÇÔöÇ
    [chromium] ÔÇ║ e2e\app.spec.ts:121:5 ÔÇ║ AC-05: Command Palette ÔÇ║ closes with Escape ÔöÇÔöÇÔöÇÔöÇÔöÇÔöÇÔöÇÔöÇÔöÇÔöÇÔöÇÔöÇÔöÇÔöÇÔöÇ
    [chromium] ÔÇ║ e2e\app.spec.ts:140:5 ÔÇ║ AC-05: Command Palette ÔÇ║ groups results by category with section headers 
    [chromium] ÔÇ║ e2e\app.spec.ts:240:5 ÔÇ║ AC-02: Risk Filter Chips ÔÇ║ shows All, Green, Yellow filter chips with counts 
    [chromium] ÔÇ║ e2e\app.spec.ts:246:5 ÔÇ║ AC-02: Risk Filter Chips ÔÇ║ filtering by Green shows only green tweaks 
    [chromium] ÔÇ║ e2e\app.spec.ts:341:5 ÔÇ║ AC-06: Settings Page ÔÇ║ displays Appearance section with theme toggles 
    [chromium] ÔÇ║ e2e\app.spec.ts:351:5 ÔÇ║ AC-06: Settings Page ÔÇ║ displays System Monitoring settings 
    [chromium] ÔÇ║ e2e\app.spec.ts:357:5 ÔÇ║ AC-06: Settings Page ÔÇ║ displays Safety & Execution settings 
    [chromium] ÔÇ║ e2e\app.spec.ts:362:5 ÔÇ║ AC-06: Settings Page ÔÇ║ Reset Defaults button exists ÔöÇÔöÇÔöÇÔöÇÔöÇÔöÇÔöÇ
    [chromium] ÔÇ║ e2e\app.spec.ts:378:5 ÔÇ║ AC-04: Tweaks Inspector ÔÇ║ inspector sidebar shows placeholder when no tweak selected 
    [chromium] ÔÇ║ e2e\app.spec.ts:407:5 ÔÇ║ History Page ÔÇ║ displays Tweak History heading ÔöÇÔöÇÔöÇÔöÇÔöÇÔöÇÔöÇÔöÇÔöÇÔöÇÔöÇÔöÇÔöÇ
    [chromium] ÔÇ║ e2e\app.spec.ts:412:5 ÔÇ║ History Page ÔÇ║ shows filter buttons: All, Applied, Reverted, Failed 
    [chromium] ÔÇ║ e2e\app.spec.ts:419:5 ÔÇ║ History Page ÔÇ║ shows empty state or timeline entries ÔöÇÔöÇÔöÇÔöÇÔöÇÔöÇ
    [chromium] ÔÇ║ e2e\app.spec.ts:428:5 ÔÇ║ History Page ÔÇ║ Clear button is present ÔöÇÔöÇÔöÇÔöÇÔöÇÔöÇÔöÇÔöÇÔöÇÔöÇÔöÇÔöÇÔöÇÔöÇÔöÇÔöÇÔöÇÔöÇÔöÇÔöÇ
    [chromium] ÔÇ║ e2e\app.spec.ts:443:5 ÔÇ║ Profiles Page ÔÇ║ displays all 6 built-in profile cards ÔöÇÔöÇÔöÇÔöÇÔöÇ
    [chromium] ÔÇ║ e2e\app.spec.ts:450:5 ÔÇ║ Profiles Page ÔÇ║ profile cards show tweak counts ÔöÇÔöÇÔöÇÔöÇÔöÇÔöÇÔöÇÔöÇÔöÇÔöÇÔöÇ
    [chromium] ÔÇ║ e2e\app.spec.ts:456:5 ÔÇ║ Profiles Page ÔÇ║ clicking a profile expands to show included tweaks 
    [chromium] ÔÇ║ e2e\app.spec.ts:461:5 ÔÇ║ Profiles Page ÔÇ║ expanded profile shows Apply button ÔöÇÔöÇÔöÇÔöÇÔöÇÔöÇÔöÇ
    [chromium] ÔÇ║ e2e\app.spec.ts:485:5 ÔÇ║ Process Manager Page ÔÇ║ shows stat cards: Total Processes, Used by Processes, Total User CPU 
    [chromium] ÔÇ║ e2e\app.spec.ts:491:5 ÔÇ║ Process Manager Page ÔÇ║ shows sortable column headers ÔöÇÔöÇÔöÇÔöÇÔöÇÔöÇ
    [chromium] ÔÇ║ e2e\app.spec.ts:503:5 ÔÇ║ Process Manager Page ÔÇ║ shows process list or loading state 
    [chromium] ÔÇ║ e2e\app.spec.ts:538:5 ÔÇ║ Startup Manager Page ÔÇ║ shows items count or loading state ÔöÇ
    [chromium] ÔÇ║ e2e\app.spec.ts:564:5 ÔÇ║ Storage Optimizer Page ÔÇ║ shows Potential Savings overview card 
    [chromium] ÔÇ║ e2e\app.spec.ts:604:5 ÔÇ║ Network Analyzer Page ÔÇ║ PING button exists and is clickable 
    [chromium] ÔÇ║ e2e\app.spec.ts:609:5 ÔÇ║ Network Analyzer Page ÔÇ║ shows Active Adapters section ÔöÇÔöÇÔöÇÔöÇÔöÇ
    [chromium] ÔÇ║ e2e\app.spec.ts:613:5 ÔÇ║ Network Analyzer Page ÔÇ║ adapters show IP and MAC info or loading/empty state 
    [chromium] ÔÇ║ e2e\app.spec.ts:640:5 ÔÇ║ Apps Page ÔÇ║ shows category tabs ÔöÇÔöÇÔöÇÔöÇÔöÇÔöÇÔöÇÔöÇÔöÇÔöÇÔöÇÔöÇÔöÇÔöÇÔöÇÔöÇÔöÇÔöÇÔöÇÔöÇÔöÇÔöÇÔöÇÔöÇÔöÇÔöÇÔöÇ
    [chromium] ÔÇ║ e2e\app.spec.ts:645:5 ÔÇ║ Apps Page ÔÇ║ has search input ÔöÇÔöÇÔöÇÔöÇÔöÇÔöÇÔöÇÔöÇÔöÇÔöÇÔöÇÔöÇÔöÇÔöÇÔöÇÔöÇÔöÇÔöÇÔöÇÔöÇÔöÇÔöÇÔöÇÔöÇÔöÇÔöÇÔöÇÔöÇÔöÇÔöÇ
    [chromium] ÔÇ║ e2e\app.spec.ts:651:5 ÔÇ║ Apps Page ÔÇ║ shows app cards ÔöÇÔöÇÔöÇÔöÇÔöÇÔöÇÔöÇÔöÇÔöÇÔöÇÔöÇÔöÇÔöÇÔöÇÔöÇÔöÇÔöÇÔöÇÔöÇÔöÇÔöÇÔöÇÔöÇÔöÇÔöÇÔöÇÔöÇÔöÇÔöÇÔöÇÔöÇ
    [chromium] ÔÇ║ e2e\app.spec.ts:694:5 ÔÇ║ AC-11: Tweak Validation Skeleton ÔÇ║ shows skeleton loading on tweak page mount then transitions to real state 
    [firefox] ÔÇ║ e2e\app.spec.ts:24:5 ÔÇ║ AC-01: Onboarding Modal ÔÇ║ shows onboarding modal on first visit 
    [firefox] ÔÇ║ e2e\app.spec.ts:29:5 ÔÇ║ AC-01: Onboarding Modal ÔÇ║ advances through all 3 steps and closes 
    [firefox] ÔÇ║ e2e\app.spec.ts:43:5 ÔÇ║ AC-01: Onboarding Modal ÔÇ║ sets localStorage flag on completion 
    [firefox] ÔÇ║ e2e\app.spec.ts:52:5 ÔÇ║ AC-01: Onboarding Modal ÔÇ║ does not show onboarding on subsequent visits 
    [firefox] ÔÇ║ e2e\app.spec.ts:65:5 ÔÇ║ Core Navigation ÔÇ║ loads the dashboard view by default ÔöÇÔöÇÔöÇÔöÇÔöÇÔöÇÔöÇ
    [firefox] ÔÇ║ e2e\app.spec.ts:69:5 ÔÇ║ Core Navigation ÔÇ║ navigates to Performance view via sidebar ÔöÇ
    [firefox] ÔÇ║ e2e\app.spec.ts:75:5 ÔÇ║ Core Navigation ÔÇ║ navigates to Privacy view via sidebar ÔöÇÔöÇÔöÇÔöÇÔöÇ
    [firefox] ÔÇ║ e2e\app.spec.ts:80:5 ÔÇ║ Core Navigation ÔÇ║ navigates to Gaming view via sidebar ÔöÇÔöÇÔöÇÔöÇÔöÇÔöÇ
    [firefox] ÔÇ║ e2e\app.spec.ts:85:5 ÔÇ║ Core Navigation ÔÇ║ navigates to Network Tweaks view via sidebar 
    [firefox] ÔÇ║ e2e\app.spec.ts:102:9 ÔÇ║ Core Navigation ÔÇ║ navigates to Process Manager page ÔöÇÔöÇÔöÇÔöÇÔöÇÔöÇÔöÇÔöÇ
    [firefox] ÔÇ║ e2e\app.spec.ts:102:9 ÔÇ║ Core Navigation ÔÇ║ navigates to Network Analyzer page ÔöÇÔöÇÔöÇÔöÇÔöÇÔöÇÔöÇ
    [firefox] ÔÇ║ e2e\app.spec.ts:102:9 ÔÇ║ Core Navigation ÔÇ║ navigates to Startup Apps page ÔöÇÔöÇÔöÇÔöÇÔöÇÔöÇÔöÇÔöÇÔöÇÔöÇÔöÇ
    [firefox] ÔÇ║ e2e\app.spec.ts:102:9 ÔÇ║ Core Navigation ÔÇ║ navigates to Storage Optimizer page ÔöÇÔöÇÔöÇÔöÇÔöÇÔöÇ
    [firefox] ÔÇ║ e2e\app.spec.ts:102:9 ÔÇ║ Core Navigation ÔÇ║ navigates to Recommended Apps page ÔöÇÔöÇÔöÇÔöÇÔöÇÔöÇÔöÇ
    [firefox] ÔÇ║ e2e\app.spec.ts:102:9 ÔÇ║ Core Navigation ÔÇ║ navigates to Profiles page ÔöÇÔöÇÔöÇÔöÇÔöÇÔöÇÔöÇÔöÇÔöÇÔöÇÔöÇÔöÇÔöÇÔöÇÔöÇ
    [firefox] ÔÇ║ e2e\app.spec.ts:102:9 ÔÇ║ Core Navigation ÔÇ║ navigates to History page ÔöÇÔöÇÔöÇÔöÇÔöÇÔöÇÔöÇÔöÇÔöÇÔöÇÔöÇÔöÇÔöÇÔöÇÔöÇÔöÇ
    [firefox] ÔÇ║ e2e\app.spec.ts:102:9 ÔÇ║ Core Navigation ÔÇ║ navigates to Settings page ÔöÇÔöÇÔöÇÔöÇÔöÇÔöÇÔöÇÔöÇÔöÇÔöÇÔöÇÔöÇÔöÇÔöÇÔöÇ
    [firefox] ÔÇ║ e2e\app.spec.ts:116:5 ÔÇ║ AC-05: Command Palette ÔÇ║ opens with Ctrl+K ÔöÇÔöÇÔöÇÔöÇÔöÇÔöÇÔöÇÔöÇÔöÇÔöÇÔöÇÔöÇÔöÇÔöÇÔöÇÔöÇÔöÇ
    [firefox] ÔÇ║ e2e\app.spec.ts:121:5 ÔÇ║ AC-05: Command Palette ÔÇ║ closes with Escape ÔöÇÔöÇÔöÇÔöÇÔöÇÔöÇÔöÇÔöÇÔöÇÔöÇÔöÇÔöÇÔöÇÔöÇÔöÇÔöÇ
    [firefox] ÔÇ║ e2e\app.spec.ts:128:5 ÔÇ║ AC-05: Command Palette ÔÇ║ filters tweaks by search query ÔöÇÔöÇÔöÇÔöÇ
    [firefox] ÔÇ║ e2e\app.spec.ts:134:5 ÔÇ║ AC-05: Command Palette ÔÇ║ shows empty state for unmatched query 
    [firefox] ÔÇ║ e2e\app.spec.ts:140:5 ÔÇ║ AC-05: Command Palette ÔÇ║ groups results by category with section headers 
    [firefox] ÔÇ║ e2e\app.spec.ts:148:5 ÔÇ║ AC-05: Command Palette ÔÇ║ semantic synonym: 'lag' shows Network tweaks 
    [firefox] ÔÇ║ e2e\app.spec.ts:162:5 ÔÇ║ AC-13: Dashboard ÔÇö System Vitals ÔÇ║ shows Live Telemetry status indicator 
    [firefox] ÔÇ║ e2e\app.spec.ts:169:5 ÔÇ║ AC-13: Dashboard ÔÇö System Vitals ÔÇ║ displays System Health Score widget 
    [firefox] ÔÇ║ e2e\app.spec.ts:174:5 ÔÇ║ AC-13: Dashboard ÔÇö System Vitals ÔÇ║ shows CPU card with temperature or loading placeholder 
    [firefox] ÔÇ║ e2e\app.spec.ts:178:5 ÔÇ║ AC-13: Dashboard ÔÇö System Vitals ÔÇ║ shows RAM card with usage percentage 
    [firefox] ÔÇ║ e2e\app.spec.ts:182:5 ÔÇ║ AC-13: Dashboard ÔÇö System Vitals ÔÇ║ shows Primary Drive card 
    [firefox] ÔÇ║ e2e\app.spec.ts:186:5 ÔÇ║ AC-13: Dashboard ÔÇö System Vitals ÔÇ║ shows Network Adapter card 
    [firefox] ÔÇ║ e2e\app.spec.ts:190:5 ÔÇ║ AC-13: Dashboard ÔÇö System Vitals ÔÇ║ displays OS version text 
    [firefox] ÔÇ║ e2e\app.spec.ts:197:5 ÔÇ║ AC-13: Dashboard ÔÇö System Vitals ÔÇ║ Quick Scan button visible 
    [firefox] ÔÇ║ e2e\app.spec.ts:203:5 ÔÇ║ AC-13: Dashboard ÔÇö System Vitals ÔÇ║ health score badge displays tier text 
    [firefox] ÔÇ║ e2e\app.spec.ts:217:5 ÔÇ║ AC-07: Dashboard Alert Banner ÔÇ║ privacy alert banner is visible on dashboard 
    [firefox] ÔÇ║ e2e\app.spec.ts:223:5 ÔÇ║ AC-07: Dashboard Alert Banner ÔÇ║ clicking banner navigates to privacy page 
    [firefox] ÔÇ║ e2e\app.spec.ts:240:5 ÔÇ║ AC-02: Risk Filter Chips ÔÇ║ shows All, Green, Yellow filter chips with counts 
    [firefox] ÔÇ║ e2e\app.spec.ts:246:5 ÔÇ║ AC-02: Risk Filter Chips ÔÇ║ filtering by Green shows only green tweaks 
    [firefox] ÔÇ║ e2e\app.spec.ts:255:5 ÔÇ║ AC-02: Risk Filter Chips ÔÇ║ filtering with zero results shows empty state 
    [firefox] ÔÇ║ e2e\app.spec.ts:282:5 ÔÇ║ AC-03: Floating Batch Selection Bar ÔÇ║ floating bar is hidden when no tweaks selected 
    [firefox] ÔÇ║ e2e\app.spec.ts:286:5 ÔÇ║ AC-03: Floating Batch Selection Bar ÔÇ║ Deploy button in header is disabled with no selection 
    [firefox] ÔÇ║ e2e\app.spec.ts:301:5 ÔÇ║ AC-12: Expert Mode ÔÇ║ expert mode is OFF by default ÔöÇÔöÇÔöÇÔöÇÔöÇÔöÇÔöÇÔöÇÔöÇ
    [firefox] ÔÇ║ e2e\app.spec.ts:307:5 ÔÇ║ AC-12: Expert Mode ÔÇ║ enabling expert mode shows warning dialog 
    [firefox] ÔÇ║ e2e\app.spec.ts:319:5 ÔÇ║ AC-12: Expert Mode ÔÇ║ expert mode banner shows hidden count on Power page 
    [firefox] ÔÇ║ e2e\app.spec.ts:341:5 ÔÇ║ AC-06: Settings Page ÔÇ║ displays Appearance section with theme toggles 
    [firefox] ÔÇ║ e2e\app.spec.ts:347:5 ÔÇ║ AC-06: Settings Page ÔÇ║ displays Accent Color swatches ÔöÇÔöÇÔöÇÔöÇÔöÇÔöÇ
    [firefox] ÔÇ║ e2e\app.spec.ts:351:5 ÔÇ║ AC-06: Settings Page ÔÇ║ displays System Monitoring settings ÔöÇ
    [firefox] ÔÇ║ e2e\app.spec.ts:357:5 ÔÇ║ AC-06: Settings Page ÔÇ║ displays Safety & Execution settings 
    [firefox] ÔÇ║ e2e\app.spec.ts:362:5 ÔÇ║ AC-06: Settings Page ÔÇ║ Reset Defaults button exists ÔöÇÔöÇÔöÇÔöÇÔöÇÔöÇÔöÇÔöÇ
    [firefox] ÔÇ║ e2e\app.spec.ts:378:5 ÔÇ║ AC-04: Tweaks Inspector ÔÇ║ inspector sidebar shows placeholder when no tweak selected 
    [firefox] ÔÇ║ e2e\app.spec.ts:384:5 ÔÇ║ AC-04: Tweaks Inspector ÔÇ║ clicking a tweak card shows inspector content 
    [firefox] ÔÇ║ e2e\app.spec.ts:407:5 ÔÇ║ History Page ÔÇ║ displays Tweak History heading ÔöÇÔöÇÔöÇÔöÇÔöÇÔöÇÔöÇÔöÇÔöÇÔöÇÔöÇÔöÇÔöÇÔöÇ
    [firefox] ÔÇ║ e2e\app.spec.ts:412:5 ÔÇ║ History Page ÔÇ║ shows filter buttons: All, Applied, Reverted, Failed 
    [firefox] ÔÇ║ e2e\app.spec.ts:419:5 ÔÇ║ History Page ÔÇ║ shows empty state or timeline entries ÔöÇÔöÇÔöÇÔöÇÔöÇÔöÇÔöÇ
    [firefox] ÔÇ║ e2e\app.spec.ts:428:5 ÔÇ║ History Page ÔÇ║ Clear button is present ÔöÇÔöÇÔöÇÔöÇÔöÇÔöÇÔöÇÔöÇÔöÇÔöÇÔöÇÔöÇÔöÇÔöÇÔöÇÔöÇÔöÇÔöÇÔöÇÔöÇÔöÇ
    [firefox] ÔÇ║ e2e\app.spec.ts:443:5 ÔÇ║ Profiles Page ÔÇ║ displays all 6 built-in profile cards ÔöÇÔöÇÔöÇÔöÇÔöÇÔöÇ
    [firefox] ÔÇ║ e2e\app.spec.ts:450:5 ÔÇ║ Profiles Page ÔÇ║ profile cards show tweak counts ÔöÇÔöÇÔöÇÔöÇÔöÇÔöÇÔöÇÔöÇÔöÇÔöÇÔöÇÔöÇ
    [firefox] ÔÇ║ e2e\app.spec.ts:456:5 ÔÇ║ Profiles Page ÔÇ║ clicking a profile expands to show included tweaks 
    [firefox] ÔÇ║ e2e\app.spec.ts:461:5 ÔÇ║ Profiles Page ÔÇ║ expanded profile shows Apply button ÔöÇÔöÇÔöÇÔöÇÔöÇÔöÇÔöÇÔöÇ
    [firefox] ÔÇ║ e2e\app.spec.ts:480:5 ÔÇ║ Process Manager Page ÔÇ║ displays Process Manager heading ÔöÇÔöÇÔöÇÔöÇ
    [firefox] ÔÇ║ e2e\app.spec.ts:485:5 ÔÇ║ Process Manager Page ÔÇ║ shows stat cards: Total Processes, Used by Processes, Total User CPU 
    [firefox] ÔÇ║ e2e\app.spec.ts:491:5 ÔÇ║ Process Manager Page ÔÇ║ shows sortable column headers ÔöÇÔöÇÔöÇÔöÇÔöÇÔöÇÔöÇ
    [firefox] ÔÇ║ e2e\app.spec.ts:498:5 ÔÇ║ Process Manager Page ÔÇ║ search filter works ÔöÇÔöÇÔöÇÔöÇÔöÇÔöÇÔöÇÔöÇÔöÇÔöÇÔöÇÔöÇÔöÇÔöÇÔöÇÔöÇÔöÇ
    [firefox] ÔÇ║ e2e\app.spec.ts:503:5 ÔÇ║ Process Manager Page ÔÇ║ shows process list or loading state ÔöÇ
    [firefox] ÔÇ║ e2e\app.spec.ts:523:5 ÔÇ║ Startup Manager Page ÔÇ║ displays Startup Manager heading ÔöÇÔöÇÔöÇÔöÇ
    [firefox] ÔÇ║ e2e\app.spec.ts:528:5 ÔÇ║ Startup Manager Page ÔÇ║ shows refresh button ÔöÇÔöÇÔöÇÔöÇÔöÇÔöÇÔöÇÔöÇÔöÇÔöÇÔöÇÔöÇÔöÇÔöÇÔöÇÔöÇ
    [firefox] ÔÇ║ e2e\app.spec.ts:532:5 ÔÇ║ Startup Manager Page ÔÇ║ has search input ÔöÇÔöÇÔöÇÔöÇÔöÇÔöÇÔöÇÔöÇÔöÇÔöÇÔöÇÔöÇÔöÇÔöÇÔöÇÔöÇÔöÇÔöÇÔöÇÔöÇ
    [firefox] ÔÇ║ e2e\app.spec.ts:538:5 ÔÇ║ Startup Manager Page ÔÇ║ shows items count or loading state ÔöÇÔöÇ
    [firefox] ÔÇ║ e2e\app.spec.ts:559:5 ÔÇ║ Storage Optimizer Page ÔÇ║ displays Storage Optimizer heading 
    [firefox] ÔÇ║ e2e\app.spec.ts:564:5 ÔÇ║ Storage Optimizer Page ÔÇ║ shows Potential Savings overview card 
    [firefox] ÔÇ║ e2e\app.spec.ts:568:5 ÔÇ║ Storage Optimizer Page ÔÇ║ has Rescan and Clean Selected buttons 
    [firefox] ÔÇ║ e2e\app.spec.ts:573:5 ÔÇ║ Storage Optimizer Page ÔÇ║ shows categories or scanning/clean state 
    [firefox] ÔÇ║ e2e\app.spec.ts:594:5 ÔÇ║ Network Analyzer Page ÔÇ║ displays Network Analyzer heading ÔöÇÔöÇ
    [firefox] ÔÇ║ e2e\app.spec.ts:599:5 ÔÇ║ Network Analyzer Page ÔÇ║ shows Latency Test panel with ping input 
    [firefox] ÔÇ║ e2e\app.spec.ts:604:5 ÔÇ║ Network Analyzer Page ÔÇ║ PING button exists and is clickable 
    [firefox] ÔÇ║ e2e\app.spec.ts:609:5 ÔÇ║ Network Analyzer Page ÔÇ║ shows Active Adapters section ÔöÇÔöÇÔöÇÔöÇÔöÇÔöÇ
    [firefox] ÔÇ║ e2e\app.spec.ts:613:5 ÔÇ║ Network Analyzer Page ÔÇ║ adapters show IP and MAC info or loading/empty state 
    [firefox] ÔÇ║ e2e\app.spec.ts:634:5 ÔÇ║ Apps Page ÔÇ║ displays Recommended Apps heading ÔöÇÔöÇÔöÇÔöÇÔöÇÔöÇÔöÇÔöÇÔöÇÔöÇÔöÇÔöÇÔöÇÔöÇ
    [firefox] ÔÇ║ e2e\app.spec.ts:640:5 ÔÇ║ Apps Page ÔÇ║ shows category tabs ÔöÇÔöÇÔöÇÔöÇÔöÇÔöÇÔöÇÔöÇÔöÇÔöÇÔöÇÔöÇÔöÇÔöÇÔöÇÔöÇÔöÇÔöÇÔöÇÔöÇÔöÇÔöÇÔöÇÔöÇÔöÇÔöÇÔöÇÔöÇ
    [firefox] ÔÇ║ e2e\app.spec.ts:645:5 ÔÇ║ Apps Page ÔÇ║ has search input ÔöÇÔöÇÔöÇÔöÇÔöÇÔöÇÔöÇÔöÇÔöÇÔöÇÔöÇÔöÇÔöÇÔöÇÔöÇÔöÇÔöÇÔöÇÔöÇÔöÇÔöÇÔöÇÔöÇÔöÇÔöÇÔöÇÔöÇÔöÇÔöÇÔöÇÔöÇ
    [firefox] ÔÇ║ e2e\app.spec.ts:651:5 ÔÇ║ Apps Page ÔÇ║ shows app cards ÔöÇÔöÇÔöÇÔöÇÔöÇÔöÇÔöÇÔöÇÔöÇÔöÇÔöÇÔöÇÔöÇÔöÇÔöÇÔöÇÔöÇÔöÇÔöÇÔöÇÔöÇÔöÇÔöÇÔöÇÔöÇÔöÇÔöÇÔöÇÔöÇÔöÇÔöÇÔöÇ
    [firefox] ÔÇ║ e2e\app.spec.ts:665:5 ÔÇ║ AC-14: Empty States ÔÇ║ unknown route shows Module Under Development 
    [firefox] ÔÇ║ e2e\app.spec.ts:675:5 ÔÇ║ AC-14: Empty States ÔÇ║ category with no tweaks shows appropriate empty state 
    [firefox] ÔÇ║ e2e\app.spec.ts:694:5 ÔÇ║ AC-11: Tweak Validation Skeleton ÔÇ║ shows skeleton loading on tweak page mount then transitions to real state 
  48 passed (1.7m)

[36m  Serving HTML report at http://localhost:49984. Press Ctrl+C to quit.[39m
