src/__tests__/pages/AppsPage.test.tsx(59,13): error TS2561: Object literal may only specify known properties, but 'getAppInfo' does not exist in type '{ isSearching: boolean; searchResults: WingetSearchResult[]; searchError: string | null; searchApps: (query: string, smartSearch?: boolean) => Promise<WingetSearchResult[]>; isLoadingInfo: boolean; appInfo: WingetAppInfo | null; scrapeMeta: AppScrapeMetadata | null; getAppDetails: (id: string, name: string) => Promi...'. Did you mean to write 'appInfo'?
src/__tests__/pages/AppsPage.test.tsx(156,13): error TS2561: Object literal may only specify known properties, but 'getAppInfo' does not exist in type '{ isSearching: boolean; searchResults: WingetSearchResult[]; searchError: string | null; searchApps: (query: string, smartSearch?: boolean) => Promise<WingetSearchResult[]>; isLoadingInfo: boolean; appInfo: WingetAppInfo | null; scrapeMeta: AppScrapeMetadata | null; getAppDetails: (id: string, name: string) => Promi...'. Did you mean to write 'appInfo'?
src/__tests__/pages/AppsPage.test.tsx(171,13): error TS2561: Object literal may only specify known properties, but 'getAppInfo' does not exist in type '{ isSearching: boolean; searchResults: WingetSearchResult[]; searchError: string | null; searchApps: (query: string, smartSearch?: boolean) => Promise<WingetSearchResult[]>; isLoadingInfo: boolean; appInfo: WingetAppInfo | null; scrapeMeta: AppScrapeMetadata | null; getAppDetails: (id: string, name: string) => Promi...'. Did you mean to write 'appInfo'?
src/pages/AppDetailsPage.tsx(5,37): error TS6133: 'MessageSquare' is declared but its value is never read.
src/pages/AppDetailsPage.tsx(5,80): error TS6133: 'Twitter' is declared but its value is never read.
src/pages/AppDetailsPage.tsx(128,92): error TS2322: Type '{ className: string; title: string; }' is not assignable to type 'IntrinsicAttributes & Omit<LucideProps, "ref"> & RefAttributes<SVGSVGElement>'.
  Property 'title' does not exist on type 'IntrinsicAttributes & Omit<LucideProps, "ref"> & RefAttributes<SVGSVGElement>'.
