src/test/mocks/tauri.ts(21,24): error TS2348: Value of type 'Mock<Procedure | Constructable>' is not callable. Did you mean to include 'new'?
src/test/setup.ts(30,1): error TS2304: Cannot find name 'beforeEach'.
